2026-02-15 22:57:40 [WARNING] 102.568 root  /Users/v-korovin/Projects/multi_mount/src/tests/test_splitter_hw.py:441 sc: 
================ FIXTURE START ================
BUILD HW SPLITTER STAND
===============================================
2026-02-15 22:57:40 [  INFO] 103.561 splitter  /Users/v-korovin/Projects/multi_mount/src/lx200/splitter.py:13 __init__: RA: <skywatcher.skywatcher_lx200.SkyWatcherLX200 object at 0x106a54980>; DEC: <tmc2209.tmc2209_lx200.TMC2209LX200 object at 0x106a54d70>
2026-02-15 22:57:40 [  INFO] 103.710 SkyWatcherLX200  /Users/v-korovin/Projects/multi_mount/src/skywatcher/skywatcher_lx200.py:192 connect: Connect SkyWatcher LX200
2026-02-15 22:57:40 [  INFO] 112.566 serial.sw  /Users/v-korovin/Projects/multi_mount/src/serial_wrapper/wrapper.py:76 connect: Connected to /dev/cu.PL2303G-USBtoUART21230:115200 (timeout=0)
2026-02-15 22:57:40 [  INFO] 112.744 skywatcher  /Users/v-korovin/Projects/multi_mount/src/skywatcher/skywatcher.py:241 _do_initialise: Wait until mount is initialized...
2026-02-15 22:57:40 [  INFO] 114.213 skywatcher  /Users/v-korovin/Projects/multi_mount/src/skywatcher/skywatcher.py:274 get_status: Mount status initial: SkyWatcherStatus(raw=3223856, running=False, initialized=True, slew_mode=<SlewMode.SLEW: 0>, direction=<Direction.FORWARD: 1>, speed_mode=<SpeedMode.LOWSPEED: 0>)
2026-02-15 22:57:40 [  INFO] 114.345 skywatcher  /Users/v-korovin/Projects/multi_mount/src/skywatcher/skywatcher.py:251 _do_initialise: Mount initialized
2026-02-15 22:57:40 [  INFO] 114.386 skywatcher  /Users/v-korovin/Projects/multi_mount/src/skywatcher/skywatcher.py:253 _do_initialise: Get rate values
2026-02-15 22:57:40 [  INFO] 119.418 SkyWatcherLX200  /Users/v-korovin/Projects/multi_mount/src/skywatcher/skywatcher_lx200.py:208 sync_telescope_ra: Sync RA to 00:00:00
2026-02-15 22:57:40 [  INFO] 121.650 skywatcher  /Users/v-korovin/Projects/multi_mount/src/skywatcher/skywatcher.py:467 start_tracking: Start tracking request: rate=1.0
2026-02-15 22:57:40 [  INFO] 124.171 skywatcher  /Users/v-korovin/Projects/multi_mount/src/skywatcher/skywatcher.py:459 set_ra_rate: Set RA rate: 1.0 * 1 (highspeed=False) mode=0 // period=110359
2026-02-15 22:57:40 [  INFO] 124.292 skywatcher  /Users/v-korovin/Projects/multi_mount/src/skywatcher/skywatcher.py:332 gracefully_stop_motor: Stop motor
2026-02-15 22:57:40 [  INFO] 127.200 skywatcher  /Users/v-korovin/Projects/multi_mount/src/skywatcher/skywatcher.py:371 _set_motion: Set motion mode: SkyWatcherStatus(raw=3223856, running=False, initialized=True, slew_mode=<SlewMode.SLEW: 0>, direction=<Direction.FORWARD: 1>, speed_mode=<SpeedMode.LOWSPEED: 0>)
2026-02-15 22:57:40 [  INFO] 131.593 skywatcher  /Users/v-korovin/Projects/multi_mount/src/skywatcher/skywatcher.py:384 _start_motor: Start motor
2026-02-15 22:57:40 [  INFO] 133.510 skywatcher  /Users/v-korovin/Projects/multi_mount/src/skywatcher/skywatcher.py:475 start_tracking: Start tracking applied: rate=1.0
2026-02-15 22:57:40 [  INFO] 133.598 SkyWatcherLX200  /Users/v-korovin/Projects/multi_mount/src/skywatcher/skywatcher_lx200.py:198 connect: SkyWatcher LX200 connected
2026-02-15 22:57:40 [  INFO] 133.663 TMC2209LX200  /Users/v-korovin/Projects/multi_mount/src/tmc2209/tmc2209_lx200.py:114 connect: Connect TMC2209 LX200
2026-02-15 22:57:40 [  INFO] 141.348 serial.tmc  /Users/v-korovin/Projects/multi_mount/src/serial_wrapper/wrapper.py:76 connect: Connected to /dev/tty.usbserial-21220:115200 (timeout=2)
2026-02-15 22:57:41 [  INFO] 1253.184 skywatcher  /Users/v-korovin/Projects/multi_mount/src/skywatcher/skywatcher.py:277 get_status: Mount status changed: raw 313130 -> 313131 running False -> True initialized True -> True slew_mode 0 -> 0 direction 1 -> 1 speed_mode 0 -> 0
2026-02-15 22:57:41 [  INFO] 1260.304 SkyWatcherLX200.telemetry  /Users/v-korovin/Projects/multi_mount/src/skywatcher/skywatcher_lx200.py:61 _do_log_telemetry: RA=00:00:00 running=True mode=0 direction=1 speed=0 goto_active=False
2026-02-15 22:57:42 [  INFO] 1644.156 tmc2209.adapter  /Users/v-korovin/Projects/multi_mount/src/tmc2209/tmc2209_adapter.py:181 connect: Connected
2026-02-15 22:57:42 [  INFO] 1819.004 tmc2209.adapter  /Users/v-korovin/Projects/multi_mount/src/tmc2209/tmc2209_adapter.py:197 status: Status initial: initialised=True enabled=False phase=idle target_set=False
2026-02-15 22:57:42 [  INFO] 1830.892 TMC2209LX200  /Users/v-korovin/Projects/multi_mount/src/tmc2209/tmc2209_lx200.py:295 _apply_profile: Apply profile: microsteps=8 speed=1000 accel=2
2026-02-15 22:57:42 [  INFO] 1849.477 tmc2209.adapter  /Users/v-korovin/Projects/multi_mount/src/tmc2209/tmc2209_adapter.py:275 set_speed_sps: Set speed request: speed_sps=1000
2026-02-15 22:57:42 [  INFO] 1900.242 tmc2209.adapter  /Users/v-korovin/Projects/multi_mount/src/tmc2209/tmc2209_adapter.py:278 set_speed_sps: Set speed applied: speed_sps=1000.0
2026-02-15 22:57:42 [  INFO] 1906.427 tmc2209.adapter  /Users/v-korovin/Projects/multi_mount/src/tmc2209/tmc2209_adapter.py:286 set_acceleration_steps_per_ms: Set acceleration request: accel_steps_per_ms=2
2026-02-15 22:57:42 [  INFO] 1937.247 tmc2209.adapter  /Users/v-korovin/Projects/multi_mount/src/tmc2209/tmc2209_adapter.py:289 set_acceleration_steps_per_ms: Set acceleration applied: accel_steps_per_ms=2.0
2026-02-15 22:57:42 [  INFO] 1943.739 TMC2209LX200  /Users/v-korovin/Projects/multi_mount/src/tmc2209/tmc2209_lx200.py:111 _initialize: Status: TMC2209Status(initialised=True, enabled=False, position=0, phase=<Phase.IDLE: 'idle'>, target=0, target_set=False, speed_sps=500.0, actual_speed_sps=0.0, accel_steps_per_s=1000.0)
2026-02-15 22:57:42 [  INFO] 1950.280 TMC2209LX200  /Users/v-korovin/Projects/multi_mount/src/tmc2209/tmc2209_lx200.py:118 connect: TMC2209 LX200 connected
2026-02-15 22:57:42 [WARNING] 1963.023 root  /Users/v-korovin/Projects/multi_mount/src/tests/test_splitter_hw.py:458 sc: 
================ FIXTURE READY ================
HW SPLITTER CONNECTED
===============================================
2026-02-15 22:57:42 [WARNING] 1969.620 root  /Users/v-korovin/Projects/multi_mount/src/tests/test_splitter_hw.py:507 _ensure_halted: 
================ TEST PREP START ==============
ENSURE BOTH AXES HALTED
===============================================
2026-02-15 22:57:42 [  INFO] 1982.432 lx200  /Users/v-korovin/Projects/multi_mount/src/lx200/base.py:370 handle: Get command Q HALT_ALL()
2026-02-15 22:57:42 [  INFO] 1988.890 SkyWatcherLX200  /Users/v-korovin/Projects/multi_mount/src/skywatcher/skywatcher_lx200.py:217 halt_all: Halt all RA movements
2026-02-15 22:57:42 [  INFO] 2007.973 skywatcher  /Users/v-korovin/Projects/multi_mount/src/skywatcher/skywatcher.py:332 gracefully_stop_motor: Stop motor
2026-02-15 22:57:42 [ ERROR] 2235.458 skywatcher  /Users/v-korovin/Projects/multi_mount/src/skywatcher/skywatcher.py:225 _transact: While quering, 3 last
Traceback (most recent call last):
  File "/Users/v-korovin/Projects/multi_mount/src/skywatcher/skywatcher.py", line 210, in _transact
    raise SkyWatcherWrongResponce(response)
skywatcher.skywatcher.SkyWatcherWrongResponce: =10
2026-02-15 22:57:43 [  INFO] 2396.582 skywatcher  /Users/v-korovin/Projects/multi_mount/src/skywatcher/skywatcher.py:277 get_status: Mount status changed: raw 313131 -> 313130 running True -> False initialized True -> True slew_mode 0 -> 0 direction 1 -> 1 speed_mode 0 -> 0
2026-02-15 22:57:43 [  INFO] 2422.659 skywatcher  /Users/v-korovin/Projects/multi_mount/src/skywatcher/skywatcher.py:479 resume_tracking: Resume tracking with last rate=1.0
2026-02-15 22:57:43 [  INFO] 2440.674 SkyWatcherLX200.telemetry  /Users/v-korovin/Projects/multi_mount/src/skywatcher/skywatcher_lx200.py:61 _do_log_telemetry: RA=00:00:00 running=False mode=0 direction=1 speed=0 goto_active=False
2026-02-15 22:57:43 [  INFO] 2447.128 skywatcher  /Users/v-korovin/Projects/multi_mount/src/skywatcher/skywatcher.py:467 start_tracking: Start tracking request: rate=1.0
2026-02-15 22:57:43 [  INFO] 2599.795 skywatcher  /Users/v-korovin/Projects/multi_mount/src/skywatcher/skywatcher.py:459 set_ra_rate: Set RA rate: 1.0 * 1 (highspeed=False) mode=0 // period=110359
2026-02-15 22:57:43 [  INFO] 2618.974 skywatcher  /Users/v-korovin/Projects/multi_mount/src/skywatcher/skywatcher.py:332 gracefully_stop_motor: Stop motor
2026-02-15 22:57:43 [  INFO] 2810.999 skywatcher  /Users/v-korovin/Projects/multi_mount/src/skywatcher/skywatcher.py:371 _set_motion: Set motion mode: SkyWatcherStatus(raw=3223856, running=False, initialized=True, slew_mode=<SlewMode.SLEW: 0>, direction=<Direction.FORWARD: 1>, speed_mode=<SpeedMode.LOWSPEED: 0>)
2026-02-15 22:57:43 [  INFO] 2817.558 TMC2209LX200.telemetry  /Users/v-korovin/Projects/multi_mount/src/tmc2209/tmc2209_lx200.py:146 _do_log_telemetry: DEC=+00*00:00 raw_steps=0 phase=idle target_set=False enabled=False
2026-02-15 22:57:43 [  INFO] 2943.389 skywatcher  /Users/v-korovin/Projects/multi_mount/src/skywatcher/skywatcher.py:384 _start_motor: Start motor
2026-02-15 22:57:43 [ ERROR] 3042.559 skywatcher  /Users/v-korovin/Projects/multi_mount/src/skywatcher/skywatcher.py:225 _transact: While quering, 3 last
Traceback (most recent call last):
  File "/Users/v-korovin/Projects/multi_mount/src/skywatcher/skywatcher.py", line 210, in _transact
    raise SkyWatcherWrongResponce(response)
skywatcher.skywatcher.SkyWatcherWrongResponce: =6B
2026-02-15 22:57:43 [  INFO] 3067.325 skywatcher  /Users/v-korovin/Projects/multi_mount/src/skywatcher/skywatcher.py:475 start_tracking: Start tracking applied: rate=1.0
2026-02-15 22:57:43 [  INFO] 3122.519 SkyWatcherLX200  /Users/v-korovin/Projects/multi_mount/src/skywatcher/skywatcher_lx200.py:221 halt_all: Halt all RA movements done
2026-02-15 22:57:43 [ ERROR] 3160.385 skywatcher  /Users/v-korovin/Projects/multi_mount/src/skywatcher/skywatcher.py:225 _transact: While quering, 2 last
Traceback (most recent call last):
  File "/Users/v-korovin/Projects/multi_mount/src/skywatcher/skywatcher.py", line 210, in _transact
    raise SkyWatcherWrongResponce(response)
skywatcher.skywatcher.SkyWatcherWrongResponce: =
2026-02-15 22:57:43 [  INFO] 3160.504 TMC2209LX200  /Users/v-korovin/Projects/multi_mount/src/tmc2209/tmc2209_lx200.py:181 halt_all: Halt all DEC movements
2026-02-15 22:57:43 [  INFO] 3240.895 tmc2209.adapter  /Users/v-korovin/Projects/multi_mount/src/tmc2209/tmc2209_adapter.py:308 halt: Halt request
2026-02-15 22:57:43 [  INFO] 3315.718 tmc2209.adapter  /Users/v-korovin/Projects/multi_mount/src/tmc2209/tmc2209_adapter.py:311 halt: Halt applied: stopping=True
2026-02-15 22:57:44 [  INFO] 3328.520 TMC2209LX200  /Users/v-korovin/Projects/multi_mount/src/tmc2209/tmc2209_lx200.py:183 halt_all: Halt all DEC movements done
2026-02-15 22:57:44 [WARNING] 3360.115 lx200  /Users/v-korovin/Projects/multi_mount/src/lx200/base.py:381 handle: Empty responce: Q HALT_ALL() -> ∅
2026-02-15 22:57:44 [  INFO] 3612.129 skywatcher  /Users/v-korovin/Projects/multi_mount/src/skywatcher/skywatcher.py:277 get_status: Mount status changed: raw 313130 -> 313131 running False -> True initialized True -> True slew_mode 0 -> 0 direction 1 -> 1 speed_mode 0 -> 0
2026-02-15 22:57:44 [  INFO] 3631.183 SkyWatcherLX200.telemetry  /Users/v-korovin/Projects/multi_mount/src/skywatcher/skywatcher_lx200.py:61 _do_log_telemetry: RA=00:00:01 running=True mode=0 direction=1 speed=0 goto_active=False
2026-02-15 22:57:44 [WARNING] 3870.709 root  /Users/v-korovin/Projects/multi_mount/src/tests/test_splitter_hw.py:517 _ensure_halted: 
================ TEST PREP END ================
AXES HALTED BEFORE TEST
===============================================
2026-02-15 22:57:44 [WARNING] 3987.340 root  /Users/v-korovin/Projects/multi_mount/src/tests/test_splitter_hw.py:682 test_hw_splitter_slew_to_target_reaches_goal: 
================ TEST START ===================
SLEW TO TARGET REACHES GOAL
RA DELTA: 1000.00s
DEC DELTA: 0.000deg
===============================================
2026-02-15 22:57:44 [WARNING] 4006.329 root  /Users/v-korovin/Projects/multi_mount/src/tests/test_splitter_hw.py:201 sync_known_position: 
================ SYNC START ===================
TARGET RA: 12:00:00
TARGET DEC: +25*00:00
===============================================
2026-02-15 22:57:44 [  INFO] 4018.535 lx200  /Users/v-korovin/Projects/multi_mount/src/lx200/base.py:370 handle: Get command Q HALT_ALL()
2026-02-15 22:57:44 [  INFO] 4025.017 SkyWatcherLX200  /Users/v-korovin/Projects/multi_mount/src/skywatcher/skywatcher_lx200.py:217 halt_all: Halt all RA movements
2026-02-15 22:57:44 [  INFO] 4056.114 skywatcher  /Users/v-korovin/Projects/multi_mount/src/skywatcher/skywatcher.py:332 gracefully_stop_motor: Stop motor
2026-02-15 22:57:44 [  INFO] 4327.047 skywatcher  /Users/v-korovin/Projects/multi_mount/src/skywatcher/skywatcher.py:277 get_status: Mount status changed: raw 313131 -> 313130 running True -> False initialized True -> True slew_mode 0 -> 0 direction 1 -> 1 speed_mode 0 -> 0
2026-02-15 22:57:45 [  INFO] 4358.775 skywatcher  /Users/v-korovin/Projects/multi_mount/src/skywatcher/skywatcher.py:479 resume_tracking: Resume tracking with last rate=1.0
2026-02-15 22:57:45 [  INFO] 4402.944 skywatcher  /Users/v-korovin/Projects/multi_mount/src/skywatcher/skywatcher.py:467 start_tracking: Start tracking request: rate=1.0
2026-02-15 22:57:45 [  INFO] 4452.061 skywatcher  /Users/v-korovin/Projects/multi_mount/src/skywatcher/skywatcher.py:459 set_ra_rate: Set RA rate: 1.0 * 1 (highspeed=False) mode=0 // period=110359
2026-02-15 22:57:45 [  INFO] 4452.363 skywatcher  /Users/v-korovin/Projects/multi_mount/src/skywatcher/skywatcher.py:332 gracefully_stop_motor: Stop motor
2026-02-15 22:57:45 [  INFO] 4589.753 TMC2209LX200.telemetry  /Users/v-korovin/Projects/multi_mount/src/tmc2209/tmc2209_lx200.py:146 _do_log_telemetry: DEC=+00*00:00 raw_steps=0 phase=idle target_set=False enabled=False
2026-02-15 22:57:45 [  INFO] 4633.262 skywatcher  /Users/v-korovin/Projects/multi_mount/src/skywatcher/skywatcher.py:371 _set_motion: Set motion mode: SkyWatcherStatus(raw=3223856, running=False, initialized=True, slew_mode=<SlewMode.SLEW: 0>, direction=<Direction.FORWARD: 1>, speed_mode=<SpeedMode.LOWSPEED: 0>)
2026-02-15 22:57:45 [  INFO] 4768.652 SkyWatcherLX200.telemetry  /Users/v-korovin/Projects/multi_mount/src/skywatcher/skywatcher_lx200.py:61 _do_log_telemetry: RA=00:00:01 running=False mode=0 direction=1 speed=0 goto_active=False
2026-02-15 22:57:45 [  INFO] 4889.181 skywatcher  /Users/v-korovin/Projects/multi_mount/src/skywatcher/skywatcher.py:384 _start_motor: Start motor
2026-02-15 22:57:45 [  INFO] 4933.960 skywatcher  /Users/v-korovin/Projects/multi_mount/src/skywatcher/skywatcher.py:475 start_tracking: Start tracking applied: rate=1.0
2026-02-15 22:57:45 [  INFO] 4946.337 SkyWatcherLX200  /Users/v-korovin/Projects/multi_mount/src/skywatcher/skywatcher_lx200.py:221 halt_all: Halt all RA movements done
2026-02-15 22:57:45 [  INFO] 4977.955 TMC2209LX200  /Users/v-korovin/Projects/multi_mount/src/tmc2209/tmc2209_lx200.py:181 halt_all: Halt all DEC movements
2026-02-15 22:57:45 [  INFO] 4990.629 tmc2209.adapter  /Users/v-korovin/Projects/multi_mount/src/tmc2209/tmc2209_adapter.py:308 halt: Halt request
2026-02-15 22:57:45 [ ERROR] 4997.029 skywatcher  /Users/v-korovin/Projects/multi_mount/src/skywatcher/skywatcher.py:225 _transact: While quering, 3 last
Traceback (most recent call last):
  File "/Users/v-korovin/Projects/multi_mount/src/skywatcher/skywatcher.py", line 210, in _transact
    raise SkyWatcherWrongResponce(response)
skywatcher.skywatcher.SkyWatcherWrongResponce: =029B20
2026-02-15 22:57:45 [  INFO] 5071.398 tmc2209.adapter  /Users/v-korovin/Projects/multi_mount/src/tmc2209/tmc2209_adapter.py:311 halt: Halt applied: stopping=True
2026-02-15 22:57:45 [  INFO] 5121.086 TMC2209LX200  /Users/v-korovin/Projects/multi_mount/src/tmc2209/tmc2209_lx200.py:183 halt_all: Halt all DEC movements done
2026-02-15 22:57:45 [WARNING] 5176.921 lx200  /Users/v-korovin/Projects/multi_mount/src/lx200/base.py:381 handle: Empty responce: Q HALT_ALL() -> ∅
2026-02-15 22:57:45 [  INFO] 5194.909 lx200  /Users/v-korovin/Projects/multi_mount/src/lx200/base.py:370 handle: Get command GR GET_TELECOPE_RA()
2026-02-15 22:57:45 [  INFO] 5225.795 lx200  /Users/v-korovin/Projects/multi_mount/src/lx200/base.py:379 handle: Answer command GR GET_TELECOPE_RA() -> 00:00:02
2026-02-15 22:57:46 [ ERROR] 5859.902 skywatcher  /Users/v-korovin/Projects/multi_mount/src/skywatcher/skywatcher.py:225 _transact: While quering, 3 last
Traceback (most recent call last):
  File "/Users/v-korovin/Projects/multi_mount/src/skywatcher/skywatcher.py", line 210, in _transact
    raise SkyWatcherWrongResponce(response)
skywatcher.skywatcher.SkyWatcherWrongResponce: =7E9B2
2026-02-15 22:57:46 [  INFO] 6021.772 TMC2209LX200.telemetry  /Users/v-korovin/Projects/multi_mount/src/tmc2209/tmc2209_lx200.py:146 _do_log_telemetry: DEC=+00*00:00 raw_steps=0 phase=idle target_set=False enabled=False
2026-02-15 22:57:46 [  INFO] 6034.649 skywatcher  /Users/v-korovin/Projects/multi_mount/src/skywatcher/skywatcher.py:277 get_status: Mount status changed: raw 313130 -> 313131 running False -> True initialized True -> True slew_mode 0 -> 0 direction 1 -> 1 speed_mode 0 -> 0
2026-02-15 22:57:46 [  INFO] 6070.580 SkyWatcherLX200.telemetry  /Users/v-korovin/Projects/multi_mount/src/skywatcher/skywatcher_lx200.py:61 _do_log_telemetry: RA=00:00:02 running=True mode=0 direction=1 speed=0 goto_active=False
2026-02-15 22:57:47 [  INFO] 6767.487 lx200  /Users/v-korovin/Projects/multi_mount/src/lx200/base.py:370 handle: Get command GR GET_TELECOPE_RA()
2026-02-15 22:57:47 [  INFO] 6780.273 lx200  /Users/v-korovin/Projects/multi_mount/src/lx200/base.py:379 handle: Answer command GR GET_TELECOPE_RA() -> 00:00:02
2026-02-15 22:57:47 [ ERROR] 6972.898 skywatcher  /Users/v-korovin/Projects/multi_mount/src/skywatcher/skywatcher.py:225 _transact: While quering, 3 last
Traceback (most recent call last):
  File "/Users/v-korovin/Projects/multi_mount/src/skywatcher/skywatcher.py", line 210, in _transact
    raise SkyWatcherWrongResponce(response)
skywatcher.skywatcher.SkyWatcherWrongResponce: =179C
2026-02-15 22:57:47 [WARNING] 7115.712 root  /Users/v-korovin/Projects/multi_mount/src/tests/test_splitter_hw.py:131 _wait_until: 
================ POLLING START ================
TIMEOUT: 12.0s
CONDITION: DEC did not stop in time: phase=idle target_set=False speed=0.0
===============================================
2026-02-15 22:57:47 [  INFO] 7159.128 TMC2209LX200.telemetry  /Users/v-korovin/Projects/multi_mount/src/tmc2209/tmc2209_lx200.py:146 _do_log_telemetry: DEC=+00*00:00 raw_steps=0 phase=idle target_set=False enabled=False
2026-02-15 22:57:48 [  INFO] 7376.809 SkyWatcherLX200.telemetry  /Users/v-korovin/Projects/multi_mount/src/skywatcher/skywatcher_lx200.py:61 _do_log_telemetry: RA=00:00:02 running=True mode=0 direction=1 speed=0 goto_active=False
2026-02-15 22:57:48 [ ERROR] 7492.412 skywatcher  /Users/v-korovin/Projects/multi_mount/src/skywatcher/skywatcher.py:225 _transact: While quering, 3 last
Traceback (most recent call last):
  File "/Users/v-korovin/Projects/multi_mount/src/skywatcher/skywatcher.py", line 210, in _transact
    raise SkyWatcherWrongResponce(response)
skywatcher.skywatcher.SkyWatcherWrongResponce: =669C
2026-02-15 22:57:48 [WARNING] 7662.240 root  /Users/v-korovin/Projects/multi_mount/src/tests/test_splitter_hw.py:143 _wait_until: 
================ POLLING END ==================
RESULT: SUCCESS
ELAPSED: 0.54s
===============================================
2026-02-15 22:57:48 [  INFO] 7710.161 lx200  /Users/v-korovin/Projects/multi_mount/src/lx200/base.py:370 handle: Get command GD GET_TELESCOPE_DEC()
2026-02-15 22:57:48 [  INFO] 7801.054 lx200  /Users/v-korovin/Projects/multi_mount/src/lx200/base.py:379 handle: Answer command GD GET_TELESCOPE_DEC() -> +00*00:00
2026-02-15 22:57:48 [ ERROR] 7916.154 skywatcher  /Users/v-korovin/Projects/multi_mount/src/skywatcher/skywatcher.py:225 _transact: While quering, 3 last
Traceback (most recent call last):
  File "/Users/v-korovin/Projects/multi_mount/src/skywatcher/skywatcher.py", line 210, in _transact
    raise SkyWatcherWrongResponce(response)
skywatcher.skywatcher.SkyWatcherWrongResponce: =A69C2
2026-02-15 22:57:49 [  INFO] 8390.612 TMC2209LX200.telemetry  /Users/v-korovin/Projects/multi_mount/src/tmc2209/tmc2209_lx200.py:146 _do_log_telemetry: DEC=+00*00:00 raw_steps=0 phase=idle target_set=False enabled=False
2026-02-15 22:57:49 [  INFO] 8679.815 SkyWatcherLX200.telemetry  /Users/v-korovin/Projects/multi_mount/src/skywatcher/skywatcher_lx200.py:61 _do_log_telemetry: RA=00:00:02 running=True mode=0 direction=1 speed=0 goto_active=False
2026-02-15 22:57:49 [  INFO] 9318.596 lx200  /Users/v-korovin/Projects/multi_mount/src/lx200/base.py:370 handle: Get command GD GET_TELESCOPE_DEC()
2026-02-15 22:57:50 [ ERROR] 9337.668 skywatcher  /Users/v-korovin/Projects/multi_mount/src/skywatcher/skywatcher.py:225 _transact: While quering, 3 last
Traceback (most recent call last):
  File "/Users/v-korovin/Projects/multi_mount/src/skywatcher/skywatcher.py", line 210, in _transact
    raise SkyWatcherWrongResponce(response)
skywatcher.skywatcher.SkyWatcherWrongResponce: =7A9D
2026-02-15 22:57:50 [  INFO] 9828.785 SkyWatcherLX200.telemetry  /Users/v-korovin/Projects/multi_mount/src/skywatcher/skywatcher_lx200.py:61 _do_log_telemetry: RA=00:00:02 running=True mode=0 direction=1 speed=0 goto_active=False
2026-02-15 22:57:50 [  INFO] 9848.041 lx200  /Users/v-korovin/Projects/multi_mount/src/lx200/base.py:379 handle: Answer command GD GET_TELESCOPE_DEC() -> +00*00:00
2026-02-15 22:57:50 [  INFO] 10082.613 TMC2209LX200.telemetry  /Users/v-korovin/Projects/multi_mount/src/tmc2209/tmc2209_lx200.py:146 _do_log_telemetry: DEC=+00*00:00 raw_steps=0 phase=idle target_set=False enabled=False
2026-02-15 22:57:51 [  INFO] 10363.122 lx200  /Users/v-korovin/Projects/multi_mount/src/lx200/base.py:370 handle: Get command Sr SET_TELESCOPE_RA(12:00:00)
2026-02-15 22:57:51 [  INFO] 10363.349 lx200  /Users/v-korovin/Projects/multi_mount/src/lx200/base.py:379 handle: Answer command Sr SET_TELESCOPE_RA(12:00:00) -> True
2026-02-15 22:57:51 [  INFO] 10382.240 lx200  /Users/v-korovin/Projects/multi_mount/src/lx200/base.py:370 handle: Get command Sd SET_TELESCOPE_DEC(+25*00:00)
2026-02-15 22:57:51 [  INFO] 10413.355 lx200  /Users/v-korovin/Projects/multi_mount/src/lx200/base.py:379 handle: Answer command Sd SET_TELESCOPE_DEC(+25*00:00) -> True
2026-02-15 22:57:51 [ ERROR] 10426.029 skywatcher  /Users/v-korovin/Projects/multi_mount/src/skywatcher/skywatcher.py:225 _transact: While quering, 3 last
Traceback (most recent call last):
  File "/Users/v-korovin/Projects/multi_mount/src/skywatcher/skywatcher.py", line 210, in _transact
    raise SkyWatcherWrongResponce(response)
skywatcher.skywatcher.SkyWatcherWrongResponce: =149E2
2026-02-15 22:57:51 [  INFO] 10457.881 lx200  /Users/v-korovin/Projects/multi_mount/src/lx200/base.py:370 handle: Get command CM SYNC()
2026-02-15 22:57:51 [  INFO] 10526.762 SkyWatcherLX200  /Users/v-korovin/Projects/multi_mount/src/skywatcher/skywatcher_lx200.py:208 sync_telescope_ra: Sync RA to 12:00:00
2026-02-15 22:57:51 [ ERROR] 10576.855 skywatcher  /Users/v-korovin/Projects/multi_mount/src/skywatcher/skywatcher.py:225 _transact: While quering, 2 last
Traceback (most recent call last):
  File "/Users/v-korovin/Projects/multi_mount/src/skywatcher/skywatcher.py", line 210, in _transact
    raise SkyWatcherWrongResponce(response)
skywatcher.skywatcher.SkyWatcherWrongResponce: =279E2
2026-02-15 22:57:51 [ ERROR] 10701.769 skywatcher  /Users/v-korovin/Projects/multi_mount/src/skywatcher/skywatcher.py:225 _transact: While quering, 1 last
Traceback (most recent call last):
  File "/Users/v-korovin/Projects/multi_mount/src/skywatcher/skywatcher.py", line 210, in _transact
    raise SkyWatcherWrongResponce(response)
skywatcher.skywatcher.SkyWatcherWrongResponce: =3B9E
2026-02-15 22:57:51 [  INFO] 10786.350 TMC2209LX200  /Users/v-korovin/Projects/multi_mount/src/tmc2209/tmc2209_lx200.py:174 sync_telescope_dec: Sync DEC to +25*00:00
2026-02-15 22:57:51 [  INFO] 10799.210 tmc2209.adapter  /Users/v-korovin/Projects/multi_mount/src/tmc2209/tmc2209_adapter.py:250 set_position: Set position request: position=6250
2026-02-15 22:57:51 [  INFO] 10866.772 tmc2209.adapter  /Users/v-korovin/Projects/multi_mount/src/tmc2209/tmc2209_adapter.py:253 set_position: Set position applied: position=6250
2026-02-15 22:57:51 [  INFO] 10879.388 TMC2209LX200  /Users/v-korovin/Projects/multi_mount/src/tmc2209/tmc2209_lx200.py:177 sync_telescope_dec: Sync DEC applied: steps=6250
2026-02-15 22:57:51 [  INFO] 10915.397 lx200  /Users/v-korovin/Projects/multi_mount/src/lx200/base.py:379 handle: Answer command CM SYNC() -> OK
2026-02-15 22:57:51 [  INFO] 10940.692 lx200  /Users/v-korovin/Projects/multi_mount/src/lx200/base.py:370 handle: Get command GR GET_TELECOPE_RA()
2026-02-15 22:57:51 [  INFO] 10966.420 lx200  /Users/v-korovin/Projects/multi_mount/src/lx200/base.py:379 handle: Answer command GR GET_TELECOPE_RA() -> 12:00:00
2026-02-15 22:57:51 [WARNING] 10979.154 root  /Users/v-korovin/Projects/multi_mount/src/tests/test_splitter_hw.py:131 _wait_until: 
================ POLLING START ================
TIMEOUT: 10.0s
CONDITION: RA did not reach target in time: current=12:00:00 target=12:00:00 distance=0.00s
===============================================
2026-02-15 22:57:51 [  INFO] 10991.884 lx200  /Users/v-korovin/Projects/multi_mount/src/lx200/base.py:370 handle: Get command GR GET_TELECOPE_RA()
2026-02-15 22:57:51 [  INFO] 11016.410 lx200  /Users/v-korovin/Projects/multi_mount/src/lx200/base.py:379 handle: Answer command GR GET_TELECOPE_RA() -> 12:00:00
2026-02-15 22:57:51 [WARNING] 11028.290 root  /Users/v-korovin/Projects/multi_mount/src/tests/test_splitter_hw.py:143 _wait_until: 
================ POLLING END ==================
RESULT: SUCCESS
ELAPSED: 0.04s
===============================================
2026-02-15 22:57:51 [  INFO] 11046.308 lx200  /Users/v-korovin/Projects/multi_mount/src/lx200/base.py:370 handle: Get command GD GET_TELESCOPE_DEC()
2026-02-15 22:57:51 [ ERROR] 11207.011 skywatcher  /Users/v-korovin/Projects/multi_mount/src/skywatcher/skywatcher.py:225 _transact: While quering, 3 last
Traceback (most recent call last):
  File "/Users/v-korovin/Projects/multi_mount/src/skywatcher/skywatcher.py", line 210, in _transact
    raise SkyWatcherWrongResponce(response)
skywatcher.skywatcher.SkyWatcherWrongResponce: =111
2026-02-15 22:57:51 [  INFO] 11306.525 SkyWatcherLX200.telemetry  /Users/v-korovin/Projects/multi_mount/src/skywatcher/skywatcher_lx200.py:61 _do_log_telemetry: RA=12:00:00 running=True mode=0 direction=1 speed=0 goto_active=False
2026-02-15 22:57:52 [  INFO] 11467.772 lx200  /Users/v-korovin/Projects/multi_mount/src/lx200/base.py:379 handle: Answer command GD GET_TELESCOPE_DEC() -> +25*00:00
2026-02-15 22:57:52 [WARNING] 11474.045 root  /Users/v-korovin/Projects/multi_mount/src/tests/test_splitter_hw.py:131 _wait_until: 
================ POLLING START ================
TIMEOUT: 10.0s
CONDITION: DEC did not reach target in time: current=+25*00:00 target=+25*00:00 distance=0.000deg
===============================================
2026-02-15 22:57:52 [  INFO] 11474.420 lx200  /Users/v-korovin/Projects/multi_mount/src/lx200/base.py:370 handle: Get command GD GET_TELESCOPE_DEC()
2026-02-15 22:57:52 [  INFO] 11808.756 TMC2209LX200.telemetry  /Users/v-korovin/Projects/multi_mount/src/tmc2209/tmc2209_lx200.py:146 _do_log_telemetry: DEC=+25*00:00 raw_steps=6250 phase=idle target_set=False enabled=False
2026-02-15 22:57:52 [  INFO] 12149.640 lx200  /Users/v-korovin/Projects/multi_mount/src/lx200/base.py:379 handle: Answer command GD GET_TELESCOPE_DEC() -> +25*00:00
2026-02-15 22:57:52 [WARNING] 12149.828 root  /Users/v-korovin/Projects/multi_mount/src/tests/test_splitter_hw.py:143 _wait_until: 
================ POLLING END ==================
RESULT: SUCCESS
ELAPSED: 0.68s
===============================================
2026-02-15 22:57:52 [  INFO] 12149.902 lx200  /Users/v-korovin/Projects/multi_mount/src/lx200/base.py:370 handle: Get command GR GET_TELECOPE_RA()
2026-02-15 22:57:52 [  INFO] 12149.954 lx200  /Users/v-korovin/Projects/multi_mount/src/lx200/base.py:379 handle: Answer command GR GET_TELECOPE_RA() -> 12:00:00
2026-02-15 22:57:52 [  INFO] 12156.368 lx200  /Users/v-korovin/Projects/multi_mount/src/lx200/base.py:370 handle: Get command GD GET_TELESCOPE_DEC()
2026-02-15 22:57:53 [ ERROR] 12409.280 skywatcher  /Users/v-korovin/Projects/multi_mount/src/skywatcher/skywatcher.py:225 _transact: While quering, 3 last
Traceback (most recent call last):
  File "/Users/v-korovin/Projects/multi_mount/src/skywatcher/skywatcher.py", line 210, in _transact
    raise SkyWatcherWrongResponce(response)
skywatcher.skywatcher.SkyWatcherWrongResponce: =33
2026-02-15 22:57:53 [ ERROR] 12645.370 skywatcher  /Users/v-korovin/Projects/multi_mount/src/skywatcher/skywatcher.py:225 _transact: While quering, 3 last
Traceback (most recent call last):
  File "/Users/v-korovin/Projects/multi_mount/src/skywatcher/skywatcher.py", line 210, in _transact
    raise SkyWatcherWrongResponce(response)
skywatcher.skywatcher.SkyWatcherWrongResponce: =111
2026-02-15 22:57:53 [  INFO] 12714.150 lx200  /Users/v-korovin/Projects/multi_mount/src/lx200/base.py:379 handle: Answer command GD GET_TELESCOPE_DEC() -> +25*00:00
2026-02-15 22:57:53 [WARNING] 12726.556 root  /Users/v-korovin/Projects/multi_mount/src/tests/test_splitter_hw.py:218 sync_known_position: 
================ SYNC END =====================
RA: 12:00:00
DEC: +25*00:00
===============================================
2026-02-15 22:57:53 [  INFO] 12744.675 lx200  /Users/v-korovin/Projects/multi_mount/src/lx200/base.py:370 handle: Get command GR GET_TELECOPE_RA()
2026-02-15 22:57:53 [  INFO] 12757.290 SkyWatcherLX200.telemetry  /Users/v-korovin/Projects/multi_mount/src/skywatcher/skywatcher_lx200.py:61 _do_log_telemetry: RA=12:00:00 running=True mode=0 direction=1 speed=0 goto_active=False
2026-02-15 22:57:53 [  INFO] 12781.606 lx200  /Users/v-korovin/Projects/multi_mount/src/lx200/base.py:379 handle: Answer command GR GET_TELECOPE_RA() -> 12:00:00
2026-02-15 22:57:53 [  INFO] 12824.859 lx200  /Users/v-korovin/Projects/multi_mount/src/lx200/base.py:370 handle: Get command GD GET_TELESCOPE_DEC()
2026-02-15 22:57:53 [  INFO] 13204.598 lx200  /Users/v-korovin/Projects/multi_mount/src/lx200/base.py:379 handle: Answer command GD GET_TELESCOPE_DEC() -> +25*00:00
2026-02-15 22:57:53 [WARNING] 13211.095 root  /Users/v-korovin/Projects/multi_mount/src/tests/test_splitter_hw.py:701 test_hw_splitter_slew_to_target_reaches_goal: 
================ SLEW START ===================
TARGET RA: 12:16:40
TARGET DEC: +25*00:00
===============================================
2026-02-15 22:57:53 [  INFO] 13211.191 lx200  /Users/v-korovin/Projects/multi_mount/src/lx200/base.py:370 handle: Get command RM SET_SLEW_TO_FIND()
2026-02-15 22:57:53 [  INFO] 13228.792 TMC2209LX200  /Users/v-korovin/Projects/multi_mount/src/tmc2209/tmc2209_lx200.py:224 set_slew_to_find: Set slew mode to find
2026-02-15 22:57:53 [WARNING] 13241.533 lx200  /Users/v-korovin/Projects/multi_mount/src/lx200/base.py:381 handle: Empty responce: RM SET_SLEW_TO_FIND() -> ∅
2026-02-15 22:57:53 [  INFO] 13254.175 lx200  /Users/v-korovin/Projects/multi_mount/src/lx200/base.py:370 handle: Get command Sr SET_TELESCOPE_RA(12:16:40)
2026-02-15 22:57:53 [  INFO] 13279.051 lx200  /Users/v-korovin/Projects/multi_mount/src/lx200/base.py:379 handle: Answer command Sr SET_TELESCOPE_RA(12:16:40) -> True
2026-02-15 22:57:54 [  INFO] 13334.186 lx200  /Users/v-korovin/Projects/multi_mount/src/lx200/base.py:370 handle: Get command Sd SET_TELESCOPE_DEC(+25*00:00)
2026-02-15 22:57:54 [ ERROR] 13340.371 skywatcher  /Users/v-korovin/Projects/multi_mount/src/skywatcher/skywatcher.py:225 _transact: While quering, 3 last
Traceback (most recent call last):
  File "/Users/v-korovin/Projects/multi_mount/src/skywatcher/skywatcher.py", line 210, in _transact
    raise SkyWatcherWrongResponce(response)
skywatcher.skywatcher.SkyWatcherWrongResponce: =BB9F
2026-02-15 22:57:54 [  INFO] 13359.266 lx200  /Users/v-korovin/Projects/multi_mount/src/lx200/base.py:379 handle: Answer command Sd SET_TELESCOPE_DEC(+25*00:00) -> True
2026-02-15 22:57:54 [  INFO] 13440.630 lx200  /Users/v-korovin/Projects/multi_mount/src/lx200/base.py:370 handle: Get command MS SLEW()
2026-02-15 22:57:54 [  INFO] 13459.350 SkyWatcherLX200  /Users/v-korovin/Projects/multi_mount/src/skywatcher/skywatcher_lx200.py:225 slew_to_ra: Queue GOTO RA to 12:16:40
2026-02-15 22:57:54 [  INFO] 13497.607 TMC2209LX200  /Users/v-korovin/Projects/multi_mount/src/tmc2209/tmc2209_lx200.py:187 slew_to_dec: Start DEC GOTO to +25*00:00
2026-02-15 22:57:54 [  INFO] 13542.424 TMC2209LX200.telemetry  /Users/v-korovin/Projects/multi_mount/src/tmc2209/tmc2209_lx200.py:146 _do_log_telemetry: DEC=+25*00:00 raw_steps=6250 phase=idle target_set=False enabled=False
2026-02-15 22:57:54 [WARNING] 13597.342 skywatcher  /Users/v-korovin/Projects/multi_mount/src/skywatcher/skywatcher.py:437 set_ra_rate: Speed rate out of limits: rate=800.000 min=0.050 max=800.000
2026-02-15 22:57:54 [  INFO] 13609.854 skywatcher  /Users/v-korovin/Projects/multi_mount/src/skywatcher/skywatcher.py:459 set_ra_rate: Set RA rate: 800.0 * 1 (highspeed=True) mode=1 // period=137
2026-02-15 22:57:54 [  INFO] 13616.022 skywatcher  /Users/v-korovin/Projects/multi_mount/src/skywatcher/skywatcher.py:332 gracefully_stop_motor: Stop motor
2026-02-15 22:57:54 [  INFO] 13672.747 skywatcher  /Users/v-korovin/Projects/multi_mount/src/skywatcher/skywatcher.py:277 get_status: Mount status changed: raw 313131 -> 313130 running True -> False initialized True -> True slew_mode 0 -> 0 direction 1 -> 1 speed_mode 0 -> 0
2026-02-15 22:57:54 [  INFO] 13678.833 skywatcher  /Users/v-korovin/Projects/multi_mount/src/skywatcher/skywatcher.py:371 _set_motion: Set motion mode: SkyWatcherStatus(raw=3223857, running=True, initialized=True, slew_mode=<SlewMode.GOTO: 1>, direction=<Direction.FORWARD: 1>, speed_mode=<SpeedMode.HIGHSPEED: 1>)
2026-02-15 22:57:54 [  INFO] 13691.943 TMC2209LX200  /Users/v-korovin/Projects/multi_mount/src/tmc2209/tmc2209_lx200.py:196 slew_to_dec: DEC GOTO details: current_steps=6250 target_steps=6250 delta_steps=0 profile=(microsteps=16 speed=1000 accel=1)
2026-02-15 22:57:54 [  INFO] 13692.115 TMC2209LX200  /Users/v-korovin/Projects/multi_mount/src/tmc2209/tmc2209_lx200.py:295 _apply_profile: Apply profile: microsteps=16 speed=1000 accel=1
2026-02-15 22:57:54 [  INFO] 13692.169 tmc2209.adapter  /Users/v-korovin/Projects/multi_mount/src/tmc2209/tmc2209_adapter.py:275 set_speed_sps: Set speed request: speed_sps=1000
2026-02-15 22:57:54 [  INFO] 13753.876 skywatcher  /Users/v-korovin/Projects/multi_mount/src/skywatcher/skywatcher.py:413 slew_to_ra: Start slewing for 1001s (144812 ticks) rate 800.00
2026-02-15 22:57:54 [  INFO] 13754.401 tmc2209.adapter  /Users/v-korovin/Projects/multi_mount/src/tmc2209/tmc2209_adapter.py:278 set_speed_sps: Set speed applied: speed_sps=1000.0
2026-02-15 22:57:54 [  INFO] 13754.680 tmc2209.adapter  /Users/v-korovin/Projects/multi_mount/src/tmc2209/tmc2209_adapter.py:286 set_acceleration_steps_per_ms: Set acceleration request: accel_steps_per_ms=1
2026-02-15 22:57:54 [  INFO] 13824.428 tmc2209.adapter  /Users/v-korovin/Projects/multi_mount/src/tmc2209/tmc2209_adapter.py:289 set_acceleration_steps_per_ms: Set acceleration applied: accel_steps_per_ms=1.0
2026-02-15 22:57:54 [  INFO] 13830.964 tmc2209.adapter  /Users/v-korovin/Projects/multi_mount/src/tmc2209/tmc2209_adapter.py:293 set_target: Set target request: target=6250
2026-02-15 22:57:54 [  INFO] 13869.070 skywatcher  /Users/v-korovin/Projects/multi_mount/src/skywatcher/skywatcher.py:384 _start_motor: Start motor
2026-02-15 22:57:54 [  INFO] 13881.680 tmc2209.adapter  /Users/v-korovin/Projects/multi_mount/src/tmc2209/tmc2209_adapter.py:297 set_target: Set target applied: target=6250 target_set=False
2026-02-15 22:57:54 [  INFO] 13887.186 skywatcher  /Users/v-korovin/Projects/multi_mount/src/skywatcher/skywatcher.py:277 get_status: Mount status changed: raw 313130 -> 313030 running False -> False initialized True -> True slew_mode 0 -> 1 direction 1 -> 1 speed_mode 0 -> 0
2026-02-15 22:57:54 [  INFO] 13893.267 SkyWatcherLX200.telemetry  /Users/v-korovin/Projects/multi_mount/src/skywatcher/skywatcher_lx200.py:61 _do_log_telemetry: RA=12:00:00 running=False mode=1 direction=1 speed=0 goto_active=True
2026-02-15 22:57:54 [  INFO] 13893.023 tmc2209.adapter  /Users/v-korovin/Projects/multi_mount/src/tmc2209/tmc2209_adapter.py:301 run: Run request
2026-02-15 22:57:54 [  INFO] 13930.261 tmc2209.adapter  /Users/v-korovin/Projects/multi_mount/src/tmc2209/tmc2209_adapter.py:304 run: Run applied: running=True
2026-02-15 22:57:54 [  INFO] 13943.006 TMC2209LX200  /Users/v-korovin/Projects/multi_mount/src/tmc2209/tmc2209_lx200.py:210 slew_to_dec: DEC GOTO started: target_steps=6250
2026-02-15 22:57:54 [  INFO] 13943.147 lx200  /Users/v-korovin/Projects/multi_mount/src/lx200/base.py:379 handle: Answer command MS SLEW() -> False
2026-02-15 22:57:54 [WARNING] 13943.227 root  /Users/v-korovin/Projects/multi_mount/src/tests/test_splitter_hw.py:234 wait_ra_moved: 
================ POLLING START ================
WAIT RA MOVED
START: 12:00:00
EXPECTED SIGN: 1
MIN DELTA: 2.00s
TIMEOUT: 10.0s
===============================================
2026-02-15 22:57:54 [  INFO] 13943.304 lx200  /Users/v-korovin/Projects/multi_mount/src/lx200/base.py:370 handle: Get command GR GET_TELECOPE_RA()
2026-02-15 22:57:54 [  INFO] 13956.085 lx200  /Users/v-korovin/Projects/multi_mount/src/lx200/base.py:379 handle: Answer command GR GET_TELECOPE_RA() -> 12:00:00
2026-02-15 22:57:54 [  INFO] 13968.540 SkyWatcherLX200.goto  /Users/v-korovin/Projects/multi_mount/src/skywatcher/skywatcher_lx200.py:160 _check_goto: Run GOTO to 12:16:40 from 11:59:60 with delta 1001.5718156421458 (x1.001247)
2026-02-15 22:57:54 [  INFO] 14160.045 lx200  /Users/v-korovin/Projects/multi_mount/src/lx200/base.py:370 handle: Get command GR GET_TELECOPE_RA()
2026-02-15 22:57:54 [  INFO] 14166.577 skywatcher  /Users/v-korovin/Projects/multi_mount/src/skywatcher/skywatcher.py:277 get_status: Mount status changed: raw 313030 -> 313431 running False -> True initialized True -> True slew_mode 1 -> 1 direction 1 -> 1 speed_mode 0 -> 1
2026-02-15 22:57:54 [  INFO] 14172.983 lx200  /Users/v-korovin/Projects/multi_mount/src/lx200/base.py:379 handle: Answer command GR GET_TELECOPE_RA() -> 11:59:57
2026-02-15 22:57:55 [  INFO] 14408.072 lx200  /Users/v-korovin/Projects/multi_mount/src/lx200/base.py:370 handle: Get command GR GET_TELECOPE_RA()
2026-02-15 22:57:55 [  INFO] 14408.269 lx200  /Users/v-korovin/Projects/multi_mount/src/lx200/base.py:379 handle: Answer command GR GET_TELECOPE_RA() -> 11:59:55
2026-02-15 22:57:55 [  INFO] 14618.409 lx200  /Users/v-korovin/Projects/multi_mount/src/lx200/base.py:370 handle: Get command GR GET_TELECOPE_RA()
2026-02-15 22:57:55 [  INFO] 14618.603 lx200  /Users/v-korovin/Projects/multi_mount/src/lx200/base.py:379 handle: Answer command GR GET_TELECOPE_RA() -> 11:59:42
2026-02-15 22:57:55 [  INFO] 14650.323 tmc2209.adapter  /Users/v-korovin/Projects/multi_mount/src/tmc2209/tmc2209_adapter.py:206 status: Status changed: initialised True -> True enabled False -> True phase idle -> acceleration target_set False -> False
2026-02-15 22:57:55 [  INFO] 14656.833 TMC2209LX200.telemetry  /Users/v-korovin/Projects/multi_mount/src/tmc2209/tmc2209_lx200.py:146 _do_log_telemetry: DEC=+25*00:00 raw_steps=6250 phase=acceleration target_set=False enabled=True
2026-02-15 22:57:55 [  INFO] 14824.048 lx200  /Users/v-korovin/Projects/multi_mount/src/lx200/base.py:370 handle: Get command GR GET_TELECOPE_RA()
2026-02-15 22:57:55 [  INFO] 14830.602 lx200  /Users/v-korovin/Projects/multi_mount/src/lx200/base.py:379 handle: Answer command GR GET_TELECOPE_RA() -> 11:59:23
2026-02-15 22:57:55 [  INFO] 15026.895 SkyWatcherLX200.telemetry  /Users/v-korovin/Projects/multi_mount/src/skywatcher/skywatcher_lx200.py:61 _do_log_telemetry: RA=11:59:11 running=True mode=1 direction=1 speed=1 goto_active=True
2026-02-15 22:57:55 [  INFO] 15085.380 lx200  /Users/v-korovin/Projects/multi_mount/src/lx200/base.py:370 handle: Get command GR GET_TELECOPE_RA()
2026-02-15 22:57:55 [  INFO] 15091.887 lx200  /Users/v-korovin/Projects/multi_mount/src/lx200/base.py:379 handle: Answer command GR GET_TELECOPE_RA() -> 11:59:11
2026-02-15 22:57:55 [  INFO] 15310.313 lx200  /Users/v-korovin/Projects/multi_mount/src/lx200/base.py:370 handle: Get command GR GET_TELECOPE_RA()
2026-02-15 22:57:55 [  INFO] 15316.975 lx200  /Users/v-korovin/Projects/multi_mount/src/lx200/base.py:379 handle: Answer command GR GET_TELECOPE_RA() -> 11:58:50
2026-02-15 22:57:56 [  INFO] 15533.913 lx200  /Users/v-korovin/Projects/multi_mount/src/lx200/base.py:370 handle: Get command GR GET_TELECOPE_RA()
2026-02-15 22:57:56 [  INFO] 15534.134 lx200  /Users/v-korovin/Projects/multi_mount/src/lx200/base.py:379 handle: Answer command GR GET_TELECOPE_RA() -> 11:58:40
2026-02-15 22:57:56 [  INFO] 15737.146 lx200  /Users/v-korovin/Projects/multi_mount/src/lx200/base.py:370 handle: Get command GR GET_TELECOPE_RA()
2026-02-15 22:57:56 [  INFO] 15743.464 lx200  /Users/v-korovin/Projects/multi_mount/src/lx200/base.py:379 handle: Answer command GR GET_TELECOPE_RA() -> 11:58:16
2026-02-15 22:57:56 [  INFO] 15837.233 TMC2209LX200.telemetry  /Users/v-korovin/Projects/multi_mount/src/tmc2209/tmc2209_lx200.py:146 _do_log_telemetry: DEC=+25*00:14 raw_steps=6251 phase=acceleration target_set=False enabled=True
2026-02-15 22:57:56 [  INFO] 15976.826 lx200  /Users/v-korovin/Projects/multi_mount/src/lx200/base.py:370 handle: Get command GR GET_TELECOPE_RA()
2026-02-15 22:57:56 [  INFO] 15983.396 lx200  /Users/v-korovin/Projects/multi_mount/src/lx200/base.py:379 handle: Answer command GR GET_TELECOPE_RA() -> 11:58:05
2026-02-15 22:57:56 [  INFO] 16201.830 lx200  /Users/v-korovin/Projects/multi_mount/src/lx200/base.py:370 handle: Get command GR GET_TELECOPE_RA()
2026-02-15 22:57:56 [  INFO] 16214.592 lx200  /Users/v-korovin/Projects/multi_mount/src/lx200/base.py:379 handle: Answer command GR GET_TELECOPE_RA() -> 11:57:57
2026-02-15 22:57:56 [  INFO] 16245.568 SkyWatcherLX200.telemetry  /Users/v-korovin/Projects/multi_mount/src/skywatcher/skywatcher_lx200.py:61 _do_log_telemetry: RA=11:57:43 running=True mode=1 direction=1 speed=1 goto_active=True
2026-02-15 22:57:57 [  INFO] 16456.822 lx200  /Users/v-korovin/Projects/multi_mount/src/lx200/base.py:370 handle: Get command GR GET_TELECOPE_RA()
2026-02-15 22:57:57 [  INFO] 16469.593 lx200  /Users/v-korovin/Projects/multi_mount/src/lx200/base.py:379 handle: Answer command GR GET_TELECOPE_RA() -> 11:57:33
2026-02-15 22:57:57 [  INFO] 16692.939 lx200  /Users/v-korovin/Projects/multi_mount/src/lx200/base.py:370 handle: Get command GR GET_TELECOPE_RA()
2026-02-15 22:57:57 [  INFO] 16699.481 lx200  /Users/v-korovin/Projects/multi_mount/src/lx200/base.py:379 handle: Answer command GR GET_TELECOPE_RA() -> 11:57:11
2026-02-15 22:57:57 [  INFO] 16926.392 lx200  /Users/v-korovin/Projects/multi_mount/src/lx200/base.py:370 handle: Get command GR GET_TELECOPE_RA()
2026-02-15 22:57:57 [  INFO] 16957.249 lx200  /Users/v-korovin/Projects/multi_mount/src/lx200/base.py:379 handle: Answer command GR GET_TELECOPE_RA() -> 11:56:55
2026-02-15 22:57:57 [  INFO] 17014.309 TMC2209LX200.telemetry  /Users/v-korovin/Projects/multi_mount/src/tmc2209/tmc2209_lx200.py:146 _do_log_telemetry: DEC=+25*00:58 raw_steps=6254 phase=acceleration target_set=False enabled=True
2026-02-15 22:57:57 [  INFO] 17161.685 lx200  /Users/v-korovin/Projects/multi_mount/src/lx200/base.py:370 handle: Get command GR GET_TELECOPE_RA()
2026-02-15 22:57:57 [  INFO] 17212.232 lx200  /Users/v-korovin/Projects/multi_mount/src/lx200/base.py:379 handle: Answer command GR GET_TELECOPE_RA() -> 11:56:35
2026-02-15 22:57:58 [  INFO] 17441.193 lx200  /Users/v-korovin/Projects/multi_mount/src/lx200/base.py:370 handle: Get command GR GET_TELECOPE_RA()
2026-02-15 22:57:58 [  INFO] 17454.016 lx200  /Users/v-korovin/Projects/multi_mount/src/lx200/base.py:379 handle: Answer command GR GET_TELECOPE_RA() -> 11:56:12
2026-02-15 22:57:58 [  INFO] 17483.541 SkyWatcherLX200.telemetry  /Users/v-korovin/Projects/multi_mount/src/skywatcher/skywatcher_lx200.py:61 _do_log_telemetry: RA=11:56:12 running=True mode=1 direction=1 speed=1 goto_active=True
2026-02-15 22:57:58 [  INFO] 17665.458 lx200  /Users/v-korovin/Projects/multi_mount/src/lx200/base.py:370 handle: Get command GR GET_TELECOPE_RA()
2026-02-15 22:57:58 [  INFO] 17671.934 lx200  /Users/v-korovin/Projects/multi_mount/src/lx200/base.py:379 handle: Answer command GR GET_TELECOPE_RA() -> 11:56:05
2026-02-15 22:57:58 [  INFO] 17896.068 lx200  /Users/v-korovin/Projects/multi_mount/src/lx200/base.py:370 handle: Get command GR GET_TELECOPE_RA()
2026-02-15 22:57:58 [  INFO] 17902.576 lx200  /Users/v-korovin/Projects/multi_mount/src/lx200/base.py:379 handle: Answer command GR GET_TELECOPE_RA() -> 11:55:45
2026-02-15 22:57:58 [  INFO] 18132.349 lx200  /Users/v-korovin/Projects/multi_mount/src/lx200/base.py:370 handle: Get command GR GET_TELECOPE_RA()
2026-02-15 22:57:58 [  INFO] 18132.603 lx200  /Users/v-korovin/Projects/multi_mount/src/lx200/base.py:379 handle: Answer command GR GET_TELECOPE_RA() -> 11:55:26
2026-02-15 22:57:58 [  INFO] 18157.995 TMC2209LX200.telemetry  /Users/v-korovin/Projects/multi_mount/src/tmc2209/tmc2209_lx200.py:146 _do_log_telemetry: DEC=+25*01:55 raw_steps=6258 phase=acceleration target_set=False enabled=True
2026-02-15 22:57:59 [  INFO] 18338.900 lx200  /Users/v-korovin/Projects/multi_mount/src/lx200/base.py:370 handle: Get command GR GET_TELECOPE_RA()
2026-02-15 22:57:59 [  INFO] 18339.062 lx200  /Users/v-korovin/Projects/multi_mount/src/lx200/base.py:379 handle: Answer command GR GET_TELECOPE_RA() -> 11:55:10
2026-02-15 22:57:59 [  INFO] 18549.605 lx200  /Users/v-korovin/Projects/multi_mount/src/lx200/base.py:370 handle: Get command GR GET_TELECOPE_RA()
2026-02-15 22:57:59 [  INFO] 18556.111 lx200  /Users/v-korovin/Projects/multi_mount/src/lx200/base.py:379 handle: Answer command GR GET_TELECOPE_RA() -> 11:55:03
2026-02-15 22:57:59 [  INFO] 18662.322 SkyWatcherLX200.telemetry  /Users/v-korovin/Projects/multi_mount/src/skywatcher/skywatcher_lx200.py:61 _do_log_telemetry: RA=11:54:49 running=True mode=1 direction=1 speed=1 goto_active=True
2026-02-15 22:57:59 [  INFO] 18767.581 lx200  /Users/v-korovin/Projects/multi_mount/src/lx200/base.py:370 handle: Get command GR GET_TELECOPE_RA()
2026-02-15 22:57:59 [  INFO] 18773.861 lx200  /Users/v-korovin/Projects/multi_mount/src/lx200/base.py:379 handle: Answer command GR GET_TELECOPE_RA() -> 11:54:43
2026-02-15 22:57:59 [  INFO] 18992.960 lx200  /Users/v-korovin/Projects/multi_mount/src/lx200/base.py:370 handle: Get command GR GET_TELECOPE_RA()
2026-02-15 22:57:59 [  INFO] 18999.556 lx200  /Users/v-korovin/Projects/multi_mount/src/lx200/base.py:379 handle: Answer command GR GET_TELECOPE_RA() -> 11:54:22
2026-02-15 22:57:59 [  INFO] 19213.549 lx200  /Users/v-korovin/Projects/multi_mount/src/lx200/base.py:370 handle: Get command GR GET_TELECOPE_RA()
2026-02-15 22:57:59 [  INFO] 19213.756 lx200  /Users/v-korovin/Projects/multi_mount/src/lx200/base.py:379 handle: Answer command GR GET_TELECOPE_RA() -> 11:54:06
2026-02-15 22:57:59 [  INFO] 19320.576 TMC2209LX200.telemetry  /Users/v-korovin/Projects/multi_mount/src/tmc2209/tmc2209_lx200.py:146 _do_log_telemetry: DEC=+25*03:07 raw_steps=6263 phase=acceleration target_set=False enabled=True
2026-02-15 22:58:00 [  INFO] 19422.567 lx200  /Users/v-korovin/Projects/multi_mount/src/lx200/base.py:370 handle: Get command GR GET_TELECOPE_RA()
2026-02-15 22:58:00 [  INFO] 19429.087 lx200  /Users/v-korovin/Projects/multi_mount/src/lx200/base.py:379 handle: Answer command GR GET_TELECOPE_RA() -> 11:54:00
2026-02-15 22:58:00 [  INFO] 19652.544 lx200  /Users/v-korovin/Projects/multi_mount/src/lx200/base.py:370 handle: Get command GR GET_TELECOPE_RA()
2026-02-15 22:58:00 [  INFO] 19659.042 lx200  /Users/v-korovin/Projects/multi_mount/src/lx200/base.py:379 handle: Answer command GR GET_TELECOPE_RA() -> 11:53:38
2026-02-15 22:58:00 [  INFO] 19827.366 SkyWatcherLX200.telemetry  /Users/v-korovin/Projects/multi_mount/src/skywatcher/skywatcher_lx200.py:61 _do_log_telemetry: RA=11:53:24 running=True mode=1 direction=1 speed=1 goto_active=True
2026-02-15 22:58:00 [  INFO] 19886.553 lx200  /Users/v-korovin/Projects/multi_mount/src/lx200/base.py:370 handle: Get command GR GET_TELECOPE_RA()
2026-02-15 22:58:00 [  INFO] 19899.398 lx200  /Users/v-korovin/Projects/multi_mount/src/lx200/base.py:379 handle: Answer command GR GET_TELECOPE_RA() -> 11:53:18
2026-02-15 22:58:00 [  INFO] 20122.567 lx200  /Users/v-korovin/Projects/multi_mount/src/lx200/base.py:370 handle: Get command GR GET_TELECOPE_RA()
2026-02-15 22:58:00 [  INFO] 20129.125 lx200  /Users/v-korovin/Projects/multi_mount/src/lx200/base.py:379 handle: Answer command GR GET_TELECOPE_RA() -> 11:53:04
2026-02-15 22:58:01 [  INFO] 20346.796 lx200  /Users/v-korovin/Projects/multi_mount/src/lx200/base.py:370 handle: Get command GR GET_TELECOPE_RA()
2026-02-15 22:58:01 [  INFO] 20358.861 lx200  /Users/v-korovin/Projects/multi_mount/src/lx200/base.py:379 handle: Answer command GR GET_TELECOPE_RA() -> 11:52:57
2026-02-15 22:58:01 [  INFO] 20515.992 TMC2209LX200.telemetry  /Users/v-korovin/Projects/multi_mount/src/tmc2209/tmc2209_lx200.py:146 _do_log_telemetry: DEC=+25*04:48 raw_steps=6270 phase=acceleration target_set=False enabled=True
2026-02-15 22:58:01 [  INFO] 20570.446 lx200  /Users/v-korovin/Projects/multi_mount/src/lx200/base.py:370 handle: Get command GR GET_TELECOPE_RA()
2026-02-15 22:58:01 [  INFO] 20589.686 lx200  /Users/v-korovin/Projects/multi_mount/src/lx200/base.py:379 handle: Answer command GR GET_TELECOPE_RA() -> 11:52:36
2026-02-15 22:58:01 [  INFO] 20805.843 lx200  /Users/v-korovin/Projects/multi_mount/src/lx200/base.py:370 handle: Get command GR GET_TELECOPE_RA()
2026-02-15 22:58:01 [  INFO] 20811.675 lx200  /Users/v-korovin/Projects/multi_mount/src/lx200/base.py:379 handle: Answer command GR GET_TELECOPE_RA() -> 11:52:16
2026-02-15 22:58:01 [  INFO] 21021.024 SkyWatcherLX200.telemetry  /Users/v-korovin/Projects/multi_mount/src/skywatcher/skywatcher_lx200.py:61 _do_log_telemetry: RA=11:52:02 running=True mode=1 direction=1 speed=1 goto_active=True
2026-02-15 22:58:01 [  INFO] 21032.881 lx200  /Users/v-korovin/Projects/multi_mount/src/lx200/base.py:370 handle: Get command GR GET_TELECOPE_RA()
2026-02-15 22:58:01 [  INFO] 21058.019 lx200  /Users/v-korovin/Projects/multi_mount/src/lx200/base.py:379 handle: Answer command GR GET_TELECOPE_RA() -> 11:52:02
2026-02-15 22:58:01 [  INFO] 21269.570 lx200  /Users/v-korovin/Projects/multi_mount/src/lx200/base.py:370 handle: Get command GR GET_TELECOPE_RA()
2026-02-15 22:58:01 [  INFO] 21276.069 lx200  /Users/v-korovin/Projects/multi_mount/src/lx200/base.py:379 handle: Answer command GR GET_TELECOPE_RA() -> 11:51:40
2026-02-15 22:58:02 [  INFO] 21487.558 lx200  /Users/v-korovin/Projects/multi_mount/src/lx200/base.py:370 handle: Get command GR GET_TELECOPE_RA()
2026-02-15 22:58:02 [  INFO] 21499.847 lx200  /Users/v-korovin/Projects/multi_mount/src/lx200/base.py:379 handle: Answer command GR GET_TELECOPE_RA() -> 11:51:31
2026-02-15 22:58:02 [  INFO] 21674.685 TMC2209LX200.telemetry  /Users/v-korovin/Projects/multi_mount/src/tmc2209/tmc2209_lx200.py:146 _do_log_telemetry: DEC=+25*06:58 raw_steps=6279 phase=acceleration target_set=False enabled=True
2026-02-15 22:58:02 [  INFO] 21722.517 lx200  /Users/v-korovin/Projects/multi_mount/src/lx200/base.py:370 handle: Get command GR GET_TELECOPE_RA()
2026-02-15 22:58:02 [  INFO] 21735.360 lx200  /Users/v-korovin/Projects/multi_mount/src/lx200/base.py:379 handle: Answer command GR GET_TELECOPE_RA() -> 11:51:09
2026-02-15 22:58:02 [  INFO] 21961.537 lx200  /Users/v-korovin/Projects/multi_mount/src/lx200/base.py:370 handle: Get command GR GET_TELECOPE_RA()
2026-02-15 22:58:02 [  INFO] 21968.042 lx200  /Users/v-korovin/Projects/multi_mount/src/lx200/base.py:379 handle: Answer command GR GET_TELECOPE_RA() -> 11:50:57
2026-02-15 22:58:02 [  INFO] 22171.585 SkyWatcherLX200.telemetry  /Users/v-korovin/Projects/multi_mount/src/skywatcher/skywatcher_lx200.py:61 _do_log_telemetry: RA=11:50:36 running=True mode=1 direction=1 speed=1 goto_active=True
2026-02-15 22:58:02 [  INFO] 22192.114 lx200  /Users/v-korovin/Projects/multi_mount/src/lx200/base.py:370 handle: Get command GR GET_TELECOPE_RA()
2026-02-15 22:58:02 [  INFO] 22192.301 lx200  /Users/v-korovin/Projects/multi_mount/src/lx200/base.py:379 handle: Answer command GR GET_TELECOPE_RA() -> 11:50:36
2026-02-15 22:58:03 [  INFO] 22402.580 lx200  /Users/v-korovin/Projects/multi_mount/src/lx200/base.py:370 handle: Get command GR GET_TELECOPE_RA()
2026-02-15 22:58:03 [  INFO] 22409.702 lx200  /Users/v-korovin/Projects/multi_mount/src/lx200/base.py:379 handle: Answer command GR GET_TELECOPE_RA() -> 11:50:25
2026-02-15 22:58:03 [  INFO] 22630.821 lx200  /Users/v-korovin/Projects/multi_mount/src/lx200/base.py:370 handle: Get command GR GET_TELECOPE_RA()
2026-02-15 22:58:03 [  INFO] 22637.318 lx200  /Users/v-korovin/Projects/multi_mount/src/lx200/base.py:379 handle: Answer command GR GET_TELECOPE_RA() -> 11:50:04
2026-02-15 22:58:03 [  INFO] 22820.711 TMC2209LX200.telemetry  /Users/v-korovin/Projects/multi_mount/src/tmc2209/tmc2209_lx200.py:146 _do_log_telemetry: DEC=+25*09:07 raw_steps=6288 phase=acceleration target_set=False enabled=True
2026-02-15 22:58:03 [  INFO] 22857.071 lx200  /Users/v-korovin/Projects/multi_mount/src/lx200/base.py:370 handle: Get command GR GET_TELECOPE_RA()
2026-02-15 22:58:03 [  INFO] 22863.418 lx200  /Users/v-korovin/Projects/multi_mount/src/lx200/base.py:379 handle: Answer command GR GET_TELECOPE_RA() -> 11:49:51
2026-02-15 22:58:03 [  INFO] 23079.625 lx200  /Users/v-korovin/Projects/multi_mount/src/lx200/base.py:370 handle: Get command GR GET_TELECOPE_RA()
2026-02-15 22:58:03 [  INFO] 23079.813 lx200  /Users/v-korovin/Projects/multi_mount/src/lx200/base.py:379 handle: Answer command GR GET_TELECOPE_RA() -> 11:49:28
2026-02-15 22:58:03 [  INFO] 23221.471 SkyWatcherLX200.telemetry  /Users/v-korovin/Projects/multi_mount/src/skywatcher/skywatcher_lx200.py:61 _do_log_telemetry: RA=11:49:19 running=True mode=1 direction=1 speed=1 goto_active=True
2026-02-15 22:58:03 [  INFO] 23290.640 lx200  /Users/v-korovin/Projects/multi_mount/src/lx200/base.py:370 handle: Get command GR GET_TELECOPE_RA()
2026-02-15 22:58:03 [  INFO] 23297.122 lx200  /Users/v-korovin/Projects/multi_mount/src/lx200/base.py:379 handle: Answer command GR GET_TELECOPE_RA() -> 11:49:19
2026-02-15 22:58:04 [  INFO] 23499.207 lx200  /Users/v-korovin/Projects/multi_mount/src/lx200/base.py:370 handle: Get command GR GET_TELECOPE_RA()
2026-02-15 22:58:04 [  INFO] 23499.412 lx200  /Users/v-korovin/Projects/multi_mount/src/lx200/base.py:379 handle: Answer command GR GET_TELECOPE_RA() -> 11:48:58
2026-02-15 22:58:04 [  INFO] 23722.396 lx200  /Users/v-korovin/Projects/multi_mount/src/lx200/base.py:370 handle: Get command GR GET_TELECOPE_RA()
2026-02-15 22:58:04 [  INFO] 23728.903 lx200  /Users/v-korovin/Projects/multi_mount/src/lx200/base.py:379 handle: Answer command GR GET_TELECOPE_RA() -> 11:48:44
2026-02-15 22:58:04 [  INFO] 23913.440 TMC2209LX200.telemetry  /Users/v-korovin/Projects/multi_mount/src/tmc2209/tmc2209_lx200.py:146 _do_log_telemetry: DEC=+25*11:46 raw_steps=6299 phase=acceleration target_set=False enabled=True
2026-02-15 22:58:04 [  INFO] 24307.959 SkyWatcherLX200.telemetry  /Users/v-korovin/Projects/multi_mount/src/skywatcher/skywatcher_lx200.py:61 _do_log_telemetry: RA=11:48:01 running=True mode=1 direction=1 speed=1 goto_active=True
2026-02-15 22:58:05 [  INFO] 25213.615 TMC2209LX200.telemetry  /Users/v-korovin/Projects/multi_mount/src/tmc2209/tmc2209_lx200.py:146 _do_log_telemetry: DEC=+25*14:24 raw_steps=6310 phase=acceleration target_set=False enabled=True
2026-02-15 22:58:05 [ ERROR] 25251.409 skywatcher  /Users/v-korovin/Projects/multi_mount/src/skywatcher/skywatcher.py:225 _transact: While quering, 3 last
Traceback (most recent call last):
  File "/Users/v-korovin/Projects/multi_mount/src/skywatcher/skywatcher.py", line 210, in _transact
    raise SkyWatcherWrongResponce(response)
skywatcher.skywatcher.SkyWatcherWrongResponce: =50622
2026-02-15 22:58:06 [  INFO] 25430.760 SkyWatcherLX200.telemetry  /Users/v-korovin/Projects/multi_mount/src/skywatcher/skywatcher_lx200.py:61 _do_log_telemetry: RA=11:46:43 running=True mode=1 direction=1 speed=1 goto_active=True
2026-02-15 22:58:07 [  INFO] 26388.843 TMC2209LX200.telemetry  /Users/v-korovin/Projects/multi_mount/src/tmc2209/tmc2209_lx200.py:146 _do_log_telemetry: DEC=+25*18:00 raw_steps=6325 phase=acceleration target_set=False enabled=True
2026-02-15 22:58:07 [  INFO] 26589.349 SkyWatcherLX200.telemetry  /Users/v-korovin/Projects/multi_mount/src/skywatcher/skywatcher_lx200.py:61 _do_log_telemetry: RA=11:45:20 running=True mode=1 direction=1 speed=1 goto_active=True
2026-02-15 22:58:07 [  INFO] 27281.950 skywatcher  /Users/v-korovin/Projects/multi_mount/src/skywatcher/skywatcher.py:277 get_status: Mount status changed: raw 313431 -> 313031 running True -> True initialized True -> True slew_mode 1 -> 1 direction 1 -> 1 speed_mode 1 -> 0
2026-02-15 22:58:08 [ ERROR] 27633.346 skywatcher  /Users/v-korovin/Projects/multi_mount/src/skywatcher/skywatcher.py:225 _transact: While quering, 3 last
Traceback (most recent call last):
  File "/Users/v-korovin/Projects/multi_mount/src/skywatcher/skywatcher.py", line 210, in _transact
    raise SkyWatcherWrongResponce(response)
skywatcher.skywatcher.SkyWatcherWrongResponce: =01
2026-02-15 22:58:08 [  INFO] 27677.534 TMC2209LX200.telemetry  /Users/v-korovin/Projects/multi_mount/src/tmc2209/tmc2209_lx200.py:146 _do_log_telemetry: DEC=+25*21:50 raw_steps=6341 phase=acceleration target_set=False enabled=True
2026-02-15 22:58:08 [  INFO] 27761.506 SkyWatcherLX200.telemetry  /Users/v-korovin/Projects/multi_mount/src/skywatcher/skywatcher_lx200.py:61 _do_log_telemetry: RA=11:44:29 running=True mode=1 direction=1 speed=0 goto_active=True
2026-02-15 22:58:09 [  INFO] 28872.374 SkyWatcherLX200.telemetry  /Users/v-korovin/Projects/multi_mount/src/skywatcher/skywatcher_lx200.py:61 _do_log_telemetry: RA=11:43:56 running=True mode=1 direction=1 speed=0 goto_active=True
2026-02-15 22:58:09 [WARNING] 28935.392 root  /Users/v-korovin/Projects/multi_mount/src/tests/test_splitter_hw.py:523 _ensure_halted: 
================ TEST CLEANUP START ===========
HALT AFTER TEST
===============================================
2026-02-15 22:58:09 [  INFO] 28953.842 lx200  /Users/v-korovin/Projects/multi_mount/src/lx200/base.py:370 handle: Get command Q HALT_ALL()
2026-02-15 22:58:09 [  INFO] 28966.436 TMC2209LX200.telemetry  /Users/v-korovin/Projects/multi_mount/src/tmc2209/tmc2209_lx200.py:146 _do_log_telemetry: DEC=+25*26:10 raw_steps=6359 phase=acceleration target_set=False enabled=True
2026-02-15 22:58:09 [  INFO] 28979.022 SkyWatcherLX200  /Users/v-korovin/Projects/multi_mount/src/skywatcher/skywatcher_lx200.py:217 halt_all: Halt all RA movements
2026-02-15 22:58:09 [  INFO] 29010.208 skywatcher  /Users/v-korovin/Projects/multi_mount/src/skywatcher/skywatcher.py:332 gracefully_stop_motor: Stop motor
2026-02-15 22:58:09 [  INFO] 29093.058 skywatcher  /Users/v-korovin/Projects/multi_mount/src/skywatcher/skywatcher.py:277 get_status: Mount status changed: raw 313031 -> 313130 running True -> False initialized True -> True slew_mode 1 -> 0 direction 1 -> 1 speed_mode 0 -> 0
2026-02-15 22:58:09 [  INFO] 29118.339 skywatcher  /Users/v-korovin/Projects/multi_mount/src/skywatcher/skywatcher.py:479 resume_tracking: Resume tracking with last rate=1.0
2026-02-15 22:58:09 [  INFO] 29149.573 skywatcher  /Users/v-korovin/Projects/multi_mount/src/skywatcher/skywatcher.py:467 start_tracking: Start tracking request: rate=1.0
2026-02-15 22:58:09 [WARNING] 29173.911 skywatcher  /Users/v-korovin/Projects/multi_mount/src/skywatcher/skywatcher.py:437 set_ra_rate: Speed rate out of limits: rate=800.000 min=0.050 max=800.000
2026-02-15 22:58:09 [  INFO] 29186.419 skywatcher  /Users/v-korovin/Projects/multi_mount/src/skywatcher/skywatcher.py:459 set_ra_rate: Set RA rate: 800.0 * 1 (highspeed=True) mode=1 // period=137
2026-02-15 22:58:09 [  INFO] 29192.756 skywatcher  /Users/v-korovin/Projects/multi_mount/src/skywatcher/skywatcher.py:332 gracefully_stop_motor: Stop motor
2026-02-15 22:58:09 [  INFO] 29211.774 skywatcher  /Users/v-korovin/Projects/multi_mount/src/skywatcher/skywatcher.py:459 set_ra_rate: Set RA rate: 1.0 * 1 (highspeed=False) mode=0 // period=110359
2026-02-15 22:58:09 [  INFO] 29224.632 skywatcher  /Users/v-korovin/Projects/multi_mount/src/skywatcher/skywatcher.py:332 gracefully_stop_motor: Stop motor
2026-02-15 22:58:09 [  INFO] 29305.899 skywatcher  /Users/v-korovin/Projects/multi_mount/src/skywatcher/skywatcher.py:371 _set_motion: Set motion mode: SkyWatcherStatus(raw=3223856, running=False, initialized=True, slew_mode=<SlewMode.GOTO: 1>, direction=<Direction.FORWARD: 1>, speed_mode=<SpeedMode.HIGHSPEED: 1>)
2026-02-15 22:58:10 [  INFO] 29330.927 skywatcher  /Users/v-korovin/Projects/multi_mount/src/skywatcher/skywatcher.py:371 _set_motion: Set motion mode: SkyWatcherStatus(raw=3223856, running=False, initialized=True, slew_mode=<SlewMode.SLEW: 0>, direction=<Direction.FORWARD: 1>, speed_mode=<SpeedMode.LOWSPEED: 0>)
2026-02-15 22:58:10 [  INFO] 29424.554 skywatcher  /Users/v-korovin/Projects/multi_mount/src/skywatcher/skywatcher.py:413 slew_to_ra: Start slewing for 1976s (285729 ticks) rate 800.00
2026-02-15 22:58:10 [  INFO] 29444.971 skywatcher  /Users/v-korovin/Projects/multi_mount/src/skywatcher/skywatcher.py:384 _start_motor: Start motor
2026-02-15 22:58:10 [  INFO] 29519.426 skywatcher  /Users/v-korovin/Projects/multi_mount/src/skywatcher/skywatcher.py:475 start_tracking: Start tracking applied: rate=1.0
2026-02-15 22:58:10 [  INFO] 29532.244 SkyWatcherLX200  /Users/v-korovin/Projects/multi_mount/src/skywatcher/skywatcher_lx200.py:221 halt_all: Halt all RA movements done
2026-02-15 22:58:10 [  INFO] 29550.796 TMC2209LX200  /Users/v-korovin/Projects/multi_mount/src/tmc2209/tmc2209_lx200.py:181 halt_all: Halt all DEC movements
2026-02-15 22:58:10 [  INFO] 29569.851 tmc2209.adapter  /Users/v-korovin/Projects/multi_mount/src/tmc2209/tmc2209_adapter.py:308 halt: Halt request
2026-02-15 22:58:10 [ ERROR] 29599.569 skywatcher  /Users/v-korovin/Projects/multi_mount/src/skywatcher/skywatcher.py:225 _transact: While quering, 3 last
Traceback (most recent call last):
  File "/Users/v-korovin/Projects/multi_mount/src/skywatcher/skywatcher.py", line 210, in _transact
    raise SkyWatcherWrongResponce(response)
skywatcher.skywatcher.SkyWatcherWrongResponce
2026-02-15 22:58:10 [  INFO] 29624.594 tmc2209.adapter  /Users/v-korovin/Projects/multi_mount/src/tmc2209/tmc2209_adapter.py:311 halt: Halt applied: stopping=True
2026-02-15 22:58:10 [  INFO] 29637.364 TMC2209LX200  /Users/v-korovin/Projects/multi_mount/src/tmc2209/tmc2209_lx200.py:183 halt_all: Halt all DEC movements done
2026-02-15 22:58:10 [WARNING] 29637.434 lx200  /Users/v-korovin/Projects/multi_mount/src/lx200/base.py:381 handle: Empty responce: Q HALT_ALL() -> ∅
2026-02-15 22:58:10 [ ERROR] 29717.673 skywatcher  /Users/v-korovin/Projects/multi_mount/src/skywatcher/skywatcher.py:225 _transact: While quering, 2 last
Traceback (most recent call last):
  File "/Users/v-korovin/Projects/multi_mount/src/skywatcher/skywatcher.py", line 210, in _transact
    raise SkyWatcherWrongResponce(response)
skywatcher.skywatcher.SkyWatcherWrongResponce
2026-02-15 22:58:10 [ ERROR] 29816.233 skywatcher  /Users/v-korovin/Projects/multi_mount/src/skywatcher/skywatcher.py:225 _transact: While quering, 1 last
Traceback (most recent call last):
  File "/Users/v-korovin/Projects/multi_mount/src/skywatcher/skywatcher.py", line 210, in _transact
    raise SkyWatcherWrongResponce(response)
skywatcher.skywatcher.SkyWatcherWrongResponce
2026-02-15 22:58:10 [  INFO] 30023.338 skywatcher  /Users/v-korovin/Projects/multi_mount/src/skywatcher/skywatcher.py:277 get_status: Mount status changed: raw 313130 -> 313131 running False -> True initialized True -> True slew_mode 0 -> 0 direction 1 -> 1 speed_mode 0 -> 0
2026-02-15 22:58:10 [  INFO] 30030.026 SkyWatcherLX200.telemetry  /Users/v-korovin/Projects/multi_mount/src/skywatcher/skywatcher_lx200.py:61 _do_log_telemetry: RA=11:43:47 running=True mode=0 direction=1 speed=0 goto_active=False
2026-02-15 22:58:10 [WARNING] 30142.598 root  /Users/v-korovin/Projects/multi_mount/src/tests/test_splitter_hw.py:533 _ensure_halted: 
================ TEST CLEANUP END =============
HALT AFTER TEST DONE
===============================================
2026-02-15 22:58:10 [  INFO] 30207.149 tmc2209.adapter  /Users/v-korovin/Projects/multi_mount/src/tmc2209/tmc2209_adapter.py:206 status: Status changed: initialised True -> True enabled True -> True phase acceleration -> deceleration target_set False -> False
2026-02-15 22:58:10 [  INFO] 30207.403 TMC2209LX200.telemetry  /Users/v-korovin/Projects/multi_mount/src/tmc2209/tmc2209_lx200.py:146 _do_log_telemetry: DEC=+25*30:58 raw_steps=6379 phase=deceleration target_set=False enabled=True
2026-02-15 22:58:10 [WARNING] 30227.894 root  /Users/v-korovin/Projects/multi_mount/src/tests/test_splitter_hw.py:507 _ensure_halted: 
================ TEST PREP START ==============
ENSURE BOTH AXES HALTED
===============================================
2026-02-15 22:58:10 [  INFO] 30234.470 lx200  /Users/v-korovin/Projects/multi_mount/src/lx200/base.py:370 handle: Get command Q HALT_ALL()
2026-02-15 22:58:10 [  INFO] 30247.163 SkyWatcherLX200  /Users/v-korovin/Projects/multi_mount/src/skywatcher/skywatcher_lx200.py:217 halt_all: Halt all RA movements
2026-02-15 22:58:10 [  INFO] 30266.222 skywatcher  /Users/v-korovin/Projects/multi_mount/src/skywatcher/skywatcher.py:332 gracefully_stop_motor: Stop motor
2026-02-15 22:58:10 [  INFO] 30310.854 skywatcher  /Users/v-korovin/Projects/multi_mount/src/skywatcher/skywatcher.py:277 get_status: Mount status changed: raw 313131 -> 313130 running True -> False initialized True -> True slew_mode 0 -> 0 direction 1 -> 1 speed_mode 0 -> 0
2026-02-15 22:58:10 [  INFO] 30311.048 skywatcher  /Users/v-korovin/Projects/multi_mount/src/skywatcher/skywatcher.py:479 resume_tracking: Resume tracking with last rate=1.0
2026-02-15 22:58:10 [  INFO] 30311.120 skywatcher  /Users/v-korovin/Projects/multi_mount/src/skywatcher/skywatcher.py:467 start_tracking: Start tracking request: rate=1.0
2026-02-15 22:58:11 [  INFO] 30349.581 skywatcher  /Users/v-korovin/Projects/multi_mount/src/skywatcher/skywatcher.py:459 set_ra_rate: Set RA rate: 1.0 * 1 (highspeed=False) mode=0 // period=110359
2026-02-15 22:58:11 [  INFO] 30349.773 skywatcher  /Users/v-korovin/Projects/multi_mount/src/skywatcher/skywatcher.py:332 gracefully_stop_motor: Stop motor
2026-02-15 22:58:11 [  INFO] 30405.937 skywatcher  /Users/v-korovin/Projects/multi_mount/src/skywatcher/skywatcher.py:371 _set_motion: Set motion mode: SkyWatcherStatus(raw=3223856, running=False, initialized=True, slew_mode=<SlewMode.SLEW: 0>, direction=<Direction.FORWARD: 1>, speed_mode=<SpeedMode.LOWSPEED: 0>)
2026-02-15 22:58:11 [  INFO] 30444.927 skywatcher  /Users/v-korovin/Projects/multi_mount/src/skywatcher/skywatcher.py:384 _start_motor: Start motor
2026-02-15 22:58:11 [  INFO] 30464.492 skywatcher  /Users/v-korovin/Projects/multi_mount/src/skywatcher/skywatcher.py:475 start_tracking: Start tracking applied: rate=1.0
2026-02-15 22:58:11 [  INFO] 30470.966 SkyWatcherLX200  /Users/v-korovin/Projects/multi_mount/src/skywatcher/skywatcher_lx200.py:221 halt_all: Halt all RA movements done
2026-02-15 22:58:11 [  INFO] 30483.587 TMC2209LX200  /Users/v-korovin/Projects/multi_mount/src/tmc2209/tmc2209_lx200.py:181 halt_all: Halt all DEC movements
2026-02-15 22:58:11 [  INFO] 30496.167 tmc2209.adapter  /Users/v-korovin/Projects/multi_mount/src/tmc2209/tmc2209_adapter.py:308 halt: Halt request
2026-02-15 22:58:11 [  INFO] 30545.593 tmc2209.adapter  /Users/v-korovin/Projects/multi_mount/src/tmc2209/tmc2209_adapter.py:311 halt: Halt applied: stopping=True
2026-02-15 22:58:11 [  INFO] 30552.107 TMC2209LX200  /Users/v-korovin/Projects/multi_mount/src/tmc2209/tmc2209_lx200.py:183 halt_all: Halt all DEC movements done
2026-02-15 22:58:11 [WARNING] 30564.338 lx200  /Users/v-korovin/Projects/multi_mount/src/lx200/base.py:381 handle: Empty responce: Q HALT_ALL() -> ∅
2026-02-15 22:58:11 [WARNING] 31087.242 root  /Users/v-korovin/Projects/multi_mount/src/tests/test_splitter_hw.py:517 _ensure_halted: 
================ TEST PREP END ================
AXES HALTED BEFORE TEST
===============================================
2026-02-15 22:58:11 [  INFO] 31124.748 skywatcher  /Users/v-korovin/Projects/multi_mount/src/skywatcher/skywatcher.py:277 get_status: Mount status changed: raw 313130 -> 313131 running False -> True initialized True -> True slew_mode 0 -> 0 direction 1 -> 1 speed_mode 0 -> 0
2026-02-15 22:58:11 [  INFO] 31124.936 SkyWatcherLX200.telemetry  /Users/v-korovin/Projects/multi_mount/src/skywatcher/skywatcher_lx200.py:61 _do_log_telemetry: RA=11:43:47 running=True mode=0 direction=1 speed=0 goto_active=False
2026-02-15 22:58:11 [WARNING] 31131.430 root  /Users/v-korovin/Projects/multi_mount/src/tests/test_splitter_hw.py:682 test_hw_splitter_slew_to_target_reaches_goal: 
================ TEST START ===================
SLEW TO TARGET REACHES GOAL
RA DELTA: -1000.00s
DEC DELTA: 0.000deg
===============================================
2026-02-15 22:58:11 [WARNING] 31144.200 root  /Users/v-korovin/Projects/multi_mount/src/tests/test_splitter_hw.py:201 sync_known_position: 
================ SYNC START ===================
TARGET RA: 12:00:00
TARGET DEC: +25*00:00
===============================================
2026-02-15 22:58:11 [  INFO] 31149.588 lx200  /Users/v-korovin/Projects/multi_mount/src/lx200/base.py:370 handle: Get command Q HALT_ALL()
2026-02-15 22:58:11 [  INFO] 31149.664 SkyWatcherLX200  /Users/v-korovin/Projects/multi_mount/src/skywatcher/skywatcher_lx200.py:217 halt_all: Halt all RA movements
2026-02-15 22:58:11 [  INFO] 31149.739 skywatcher  /Users/v-korovin/Projects/multi_mount/src/skywatcher/skywatcher.py:332 gracefully_stop_motor: Stop motor
2026-02-15 22:58:11 [  INFO] 31177.057 skywatcher  /Users/v-korovin/Projects/multi_mount/src/skywatcher/skywatcher.py:277 get_status: Mount status changed: raw 313131 -> 313130 running True -> False initialized True -> True slew_mode 0 -> 0 direction 1 -> 1 speed_mode 0 -> 0
2026-02-15 22:58:11 [  INFO] 31177.264 skywatcher  /Users/v-korovin/Projects/multi_mount/src/skywatcher/skywatcher.py:479 resume_tracking: Resume tracking with last rate=1.0
2026-02-15 22:58:11 [  INFO] 31177.335 skywatcher  /Users/v-korovin/Projects/multi_mount/src/skywatcher/skywatcher.py:467 start_tracking: Start tracking request: rate=1.0
2026-02-15 22:58:11 [  INFO] 31207.952 skywatcher  /Users/v-korovin/Projects/multi_mount/src/skywatcher/skywatcher.py:459 set_ra_rate: Set RA rate: 1.0 * 1 (highspeed=False) mode=0 // period=110359
2026-02-15 22:58:11 [  INFO] 31220.854 skywatcher  /Users/v-korovin/Projects/multi_mount/src/skywatcher/skywatcher.py:332 gracefully_stop_motor: Stop motor
2026-02-15 22:58:12 [  INFO] 31332.398 skywatcher  /Users/v-korovin/Projects/multi_mount/src/skywatcher/skywatcher.py:371 _set_motion: Set motion mode: SkyWatcherStatus(raw=3223856, running=False, initialized=True, slew_mode=<SlewMode.SLEW: 0>, direction=<Direction.FORWARD: 1>, speed_mode=<SpeedMode.LOWSPEED: 0>)
2026-02-15 22:58:12 [  INFO] 31351.804 TMC2209LX200.telemetry  /Users/v-korovin/Projects/multi_mount/src/tmc2209/tmc2209_lx200.py:146 _do_log_telemetry: DEC=+25*35:17 raw_steps=6397 phase=deceleration target_set=False enabled=True
2026-02-15 22:58:12 [  INFO] 31376.783 skywatcher  /Users/v-korovin/Projects/multi_mount/src/skywatcher/skywatcher.py:384 _start_motor: Start motor
2026-02-15 22:58:12 [  INFO] 31421.133 skywatcher  /Users/v-korovin/Projects/multi_mount/src/skywatcher/skywatcher.py:475 start_tracking: Start tracking applied: rate=1.0
2026-02-15 22:58:12 [  INFO] 31421.337 SkyWatcherLX200  /Users/v-korovin/Projects/multi_mount/src/skywatcher/skywatcher_lx200.py:221 halt_all: Halt all RA movements done
2026-02-15 22:58:12 [  INFO] 31427.725 TMC2209LX200  /Users/v-korovin/Projects/multi_mount/src/tmc2209/tmc2209_lx200.py:181 halt_all: Halt all DEC movements
2026-02-15 22:58:12 [  INFO] 31432.932 tmc2209.adapter  /Users/v-korovin/Projects/multi_mount/src/tmc2209/tmc2209_adapter.py:308 halt: Halt request
2026-02-15 22:58:12 [  INFO] 31458.419 tmc2209.adapter  /Users/v-korovin/Projects/multi_mount/src/tmc2209/tmc2209_adapter.py:311 halt: Halt applied: stopping=True
2026-02-15 22:58:12 [  INFO] 31464.913 TMC2209LX200  /Users/v-korovin/Projects/multi_mount/src/tmc2209/tmc2209_lx200.py:183 halt_all: Halt all DEC movements done
2026-02-15 22:58:12 [WARNING] 31477.634 lx200  /Users/v-korovin/Projects/multi_mount/src/lx200/base.py:381 handle: Empty responce: Q HALT_ALL() -> ∅
2026-02-15 22:58:12 [  INFO] 31490.445 lx200  /Users/v-korovin/Projects/multi_mount/src/lx200/base.py:370 handle: Get command GR GET_TELECOPE_RA()
2026-02-15 22:58:12 [  INFO] 31490.516 lx200  /Users/v-korovin/Projects/multi_mount/src/lx200/base.py:379 handle: Answer command GR GET_TELECOPE_RA() -> 11:43:47
2026-02-15 22:58:12 [  INFO] 32234.401 skywatcher  /Users/v-korovin/Projects/multi_mount/src/skywatcher/skywatcher.py:277 get_status: Mount status changed: raw 313130 -> 313131 running False -> True initialized True -> True slew_mode 0 -> 0 direction 1 -> 1 speed_mode 0 -> 0
2026-02-15 22:58:12 [  INFO] 32240.907 SkyWatcherLX200.telemetry  /Users/v-korovin/Projects/multi_mount/src/skywatcher/skywatcher_lx200.py:61 _do_log_telemetry: RA=11:43:47 running=True mode=0 direction=1 speed=0 goto_active=False
2026-02-15 22:58:13 [  INFO] 32432.973 TMC2209LX200.telemetry  /Users/v-korovin/Projects/multi_mount/src/tmc2209/tmc2209_lx200.py:146 _do_log_telemetry: DEC=+25*38:53 raw_steps=6412 phase=deceleration target_set=False enabled=True
2026-02-15 22:58:13 [  INFO] 32997.601 lx200  /Users/v-korovin/Projects/multi_mount/src/lx200/base.py:370 handle: Get command GR GET_TELECOPE_RA()
2026-02-15 22:58:13 [  INFO] 33009.699 lx200  /Users/v-korovin/Projects/multi_mount/src/lx200/base.py:379 handle: Answer command GR GET_TELECOPE_RA() -> 11:43:47
2026-02-15 22:58:13 [WARNING] 33062.869 root  /Users/v-korovin/Projects/multi_mount/src/tests/test_splitter_hw.py:131 _wait_until: 
================ POLLING START ================
TIMEOUT: 12.0s
CONDITION: DEC did not stop in time: phase=deceleration target_set=False speed=12.2
===============================================
2026-02-15 22:58:14 [  INFO] 33408.404 SkyWatcherLX200.telemetry  /Users/v-korovin/Projects/multi_mount/src/skywatcher/skywatcher_lx200.py:61 _do_log_telemetry: RA=11:43:47 running=True mode=0 direction=1 speed=0 goto_active=False
2026-02-15 22:58:14 [  INFO] 33693.151 TMC2209LX200.telemetry  /Users/v-korovin/Projects/multi_mount/src/tmc2209/tmc2209_lx200.py:146 _do_log_telemetry: DEC=+25*42:29 raw_steps=6427 phase=deceleration target_set=False enabled=True
2026-02-15 22:58:15 [  INFO] 34582.420 SkyWatcherLX200.telemetry  /Users/v-korovin/Projects/multi_mount/src/skywatcher/skywatcher_lx200.py:61 _do_log_telemetry: RA=11:43:47 running=True mode=0 direction=1 speed=0 goto_active=False
2026-02-15 22:58:15 [  INFO] 34955.921 TMC2209LX200.telemetry  /Users/v-korovin/Projects/multi_mount/src/tmc2209/tmc2209_lx200.py:146 _do_log_telemetry: DEC=+25*45:50 raw_steps=6441 phase=deceleration target_set=False enabled=True
2026-02-15 22:58:16 [  INFO] 35711.633 SkyWatcherLX200.telemetry  /Users/v-korovin/Projects/multi_mount/src/skywatcher/skywatcher_lx200.py:61 _do_log_telemetry: RA=11:43:47 running=True mode=0 direction=1 speed=0 goto_active=False
2026-02-15 22:58:16 [  INFO] 36244.956 TMC2209LX200.telemetry  /Users/v-korovin/Projects/multi_mount/src/tmc2209/tmc2209_lx200.py:146 _do_log_telemetry: DEC=+25*48:43 raw_steps=6453 phase=deceleration target_set=False enabled=True
2026-02-15 22:58:17 [  INFO] 36866.511 SkyWatcherLX200.telemetry  /Users/v-korovin/Projects/multi_mount/src/skywatcher/skywatcher_lx200.py:61 _do_log_telemetry: RA=11:43:47 running=True mode=0 direction=1 speed=0 goto_active=False
2026-02-15 22:58:18 [  INFO] 37498.716 TMC2209LX200.telemetry  /Users/v-korovin/Projects/multi_mount/src/tmc2209/tmc2209_lx200.py:146 _do_log_telemetry: DEC=+25*51:22 raw_steps=6464 phase=deceleration target_set=False enabled=True
2026-02-15 22:58:18 [  INFO] 37939.812 SkyWatcherLX200.telemetry  /Users/v-korovin/Projects/multi_mount/src/skywatcher/skywatcher_lx200.py:61 _do_log_telemetry: RA=11:43:47 running=True mode=0 direction=1 speed=0 goto_active=False
2026-02-15 22:58:19 [  INFO] 38599.749 TMC2209LX200.telemetry  /Users/v-korovin/Projects/multi_mount/src/tmc2209/tmc2209_lx200.py:146 _do_log_telemetry: DEC=+25*53:17 raw_steps=6472 phase=deceleration target_set=False enabled=True
2026-02-15 22:58:19 [  INFO] 39078.858 SkyWatcherLX200.telemetry  /Users/v-korovin/Projects/multi_mount/src/skywatcher/skywatcher_lx200.py:61 _do_log_telemetry: RA=11:43:47 running=True mode=0 direction=1 speed=0 goto_active=False
2026-02-15 22:58:20 [  INFO] 39669.208 TMC2209LX200.telemetry  /Users/v-korovin/Projects/multi_mount/src/tmc2209/tmc2209_lx200.py:146 _do_log_telemetry: DEC=+25*54:58 raw_steps=6479 phase=deceleration target_set=False enabled=True
2026-02-15 22:58:20 [  INFO] 40302.838 SkyWatcherLX200.telemetry  /Users/v-korovin/Projects/multi_mount/src/skywatcher/skywatcher_lx200.py:61 _do_log_telemetry: RA=11:43:47 running=True mode=0 direction=1 speed=0 goto_active=False
2026-02-15 22:58:21 [  INFO] 40762.485 TMC2209LX200.telemetry  /Users/v-korovin/Projects/multi_mount/src/tmc2209/tmc2209_lx200.py:146 _do_log_telemetry: DEC=+25*56:24 raw_steps=6485 phase=deceleration target_set=False enabled=True
2026-02-15 22:58:22 [  INFO] 41476.887 SkyWatcherLX200.telemetry  /Users/v-korovin/Projects/multi_mount/src/skywatcher/skywatcher_lx200.py:61 _do_log_telemetry: RA=11:43:47 running=True mode=0 direction=1 speed=0 goto_active=False
2026-02-15 22:58:22 [  INFO] 41913.384 TMC2209LX200.telemetry  /Users/v-korovin/Projects/multi_mount/src/tmc2209/tmc2209_lx200.py:146 _do_log_telemetry: DEC=+25*57:22 raw_steps=6489 phase=deceleration target_set=False enabled=True
2026-02-15 22:58:23 [  INFO] 42610.765 SkyWatcherLX200.telemetry  /Users/v-korovin/Projects/multi_mount/src/skywatcher/skywatcher_lx200.py:61 _do_log_telemetry: RA=11:43:47 running=True mode=0 direction=1 speed=0 goto_active=False
2026-02-15 22:58:23 [ ERROR] 42691.168 skywatcher  /Users/v-korovin/Projects/multi_mount/src/skywatcher/skywatcher.py:225 _transact: While quering, 3 last
Traceback (most recent call last):
  File "/Users/v-korovin/Projects/multi_mount/src/skywatcher/skywatcher.py", line 210, in _transact
    raise SkyWatcherWrongResponce(response)
skywatcher.skywatcher.SkyWatcherWrongResponce: =C
2026-02-15 22:58:23 [  INFO] 43043.564 TMC2209LX200.telemetry  /Users/v-korovin/Projects/multi_mount/src/tmc2209/tmc2209_lx200.py:146 _do_log_telemetry: DEC=+25*58:19 raw_steps=6493 phase=deceleration target_set=False enabled=True
2026-02-15 22:58:24 [  INFO] 43740.601 SkyWatcherLX200.telemetry  /Users/v-korovin/Projects/multi_mount/src/skywatcher/skywatcher_lx200.py:61 _do_log_telemetry: RA=11:43:47 running=True mode=0 direction=1 speed=0 goto_active=False
2026-02-15 22:58:24 [  INFO] 44229.766 TMC2209LX200.telemetry  /Users/v-korovin/Projects/multi_mount/src/tmc2209/tmc2209_lx200.py:146 _do_log_telemetry: DEC=+25*58:34 raw_steps=6494 phase=deceleration target_set=False enabled=True
2026-02-15 22:58:25 [  INFO] 44814.724 SkyWatcherLX200.telemetry  /Users/v-korovin/Projects/multi_mount/src/skywatcher/skywatcher_lx200.py:61 _do_log_telemetry: RA=11:43:47 running=True mode=0 direction=1 speed=0 goto_active=False
2026-02-15 22:58:25 [  INFO] 45322.939 tmc2209.adapter  /Users/v-korovin/Projects/multi_mount/src/tmc2209/tmc2209_adapter.py:206 status: Status changed: initialised True -> True enabled True -> True phase deceleration -> hold target_set False -> False
2026-02-15 22:58:25 [  INFO] 45323.141 TMC2209LX200.telemetry  /Users/v-korovin/Projects/multi_mount/src/tmc2209/tmc2209_lx200.py:146 _do_log_telemetry: DEC=+25*58:48 raw_steps=6495 phase=hold target_set=False enabled=True
2026-02-15 22:58:26 [WARNING] 45465.600 root  /Users/v-korovin/Projects/multi_mount/src/tests/test_splitter_hw.py:523 _ensure_halted: 
================ TEST CLEANUP START ===========
HALT AFTER TEST
===============================================
2026-02-15 22:58:26 [  INFO] 45472.057 lx200  /Users/v-korovin/Projects/multi_mount/src/lx200/base.py:370 handle: Get command Q HALT_ALL()
2026-02-15 22:58:26 [  INFO] 45484.508 SkyWatcherLX200  /Users/v-korovin/Projects/multi_mount/src/skywatcher/skywatcher_lx200.py:217 halt_all: Halt all RA movements
2026-02-15 22:58:26 [  INFO] 45490.762 skywatcher  /Users/v-korovin/Projects/multi_mount/src/skywatcher/skywatcher.py:332 gracefully_stop_motor: Stop motor
2026-02-15 22:58:26 [  INFO] 45548.880 skywatcher  /Users/v-korovin/Projects/multi_mount/src/skywatcher/skywatcher.py:277 get_status: Mount status changed: raw 313131 -> 313130 running True -> False initialized True -> True slew_mode 0 -> 0 direction 1 -> 1 speed_mode 0 -> 0
2026-02-15 22:58:26 [  INFO] 45555.401 skywatcher  /Users/v-korovin/Projects/multi_mount/src/skywatcher/skywatcher.py:479 resume_tracking: Resume tracking with last rate=1.0
2026-02-15 22:58:26 [  INFO] 45574.523 skywatcher  /Users/v-korovin/Projects/multi_mount/src/skywatcher/skywatcher.py:467 start_tracking: Start tracking request: rate=1.0
2026-02-15 22:58:26 [  INFO] 45624.539 skywatcher  /Users/v-korovin/Projects/multi_mount/src/skywatcher/skywatcher.py:459 set_ra_rate: Set RA rate: 1.0 * 1 (highspeed=False) mode=0 // period=110359
2026-02-15 22:58:26 [  INFO] 45631.045 skywatcher  /Users/v-korovin/Projects/multi_mount/src/skywatcher/skywatcher.py:332 gracefully_stop_motor: Stop motor
2026-02-15 22:58:26 [  INFO] 45736.072 skywatcher  /Users/v-korovin/Projects/multi_mount/src/skywatcher/skywatcher.py:371 _set_motion: Set motion mode: SkyWatcherStatus(raw=3223856, running=False, initialized=True, slew_mode=<SlewMode.SLEW: 0>, direction=<Direction.FORWARD: 1>, speed_mode=<SpeedMode.LOWSPEED: 0>)
2026-02-15 22:58:26 [  INFO] 45806.375 skywatcher  /Users/v-korovin/Projects/multi_mount/src/skywatcher/skywatcher.py:384 _start_motor: Start motor
2026-02-15 22:58:26 [  INFO] 45850.535 skywatcher  /Users/v-korovin/Projects/multi_mount/src/skywatcher/skywatcher.py:475 start_tracking: Start tracking applied: rate=1.0
2026-02-15 22:58:26 [  INFO] 45857.070 SkyWatcherLX200  /Users/v-korovin/Projects/multi_mount/src/skywatcher/skywatcher_lx200.py:221 halt_all: Halt all RA movements done
2026-02-15 22:58:26 [  INFO] 45863.552 TMC2209LX200  /Users/v-korovin/Projects/multi_mount/src/tmc2209/tmc2209_lx200.py:181 halt_all: Halt all DEC movements
2026-02-15 22:58:26 [  INFO] 45875.607 tmc2209.adapter  /Users/v-korovin/Projects/multi_mount/src/tmc2209/tmc2209_adapter.py:308 halt: Halt request
2026-02-15 22:58:26 [  INFO] 45899.572 tmc2209.adapter  /Users/v-korovin/Projects/multi_mount/src/tmc2209/tmc2209_adapter.py:311 halt: Halt applied: stopping=True
2026-02-15 22:58:26 [  INFO] 45906.061 TMC2209LX200  /Users/v-korovin/Projects/multi_mount/src/tmc2209/tmc2209_lx200.py:183 halt_all: Halt all DEC movements done
2026-02-15 22:58:26 [WARNING] 45911.362 lx200  /Users/v-korovin/Projects/multi_mount/src/lx200/base.py:381 handle: Empty responce: Q HALT_ALL() -> ∅
2026-02-15 22:58:26 [  INFO] 46007.919 skywatcher  /Users/v-korovin/Projects/multi_mount/src/skywatcher/skywatcher.py:277 get_status: Mount status changed: raw 313130 -> 313131 running False -> True initialized True -> True slew_mode 0 -> 0 direction 1 -> 1 speed_mode 0 -> 0
2026-02-15 22:58:26 [  INFO] 46014.443 SkyWatcherLX200.telemetry  /Users/v-korovin/Projects/multi_mount/src/skywatcher/skywatcher_lx200.py:61 _do_log_telemetry: RA=11:43:47 running=True mode=0 direction=1 speed=0 goto_active=False
2026-02-15 22:58:27 [  INFO] 46385.953 TMC2209LX200.telemetry  /Users/v-korovin/Projects/multi_mount/src/tmc2209/tmc2209_lx200.py:146 _do_log_telemetry: DEC=+25*58:48 raw_steps=6495 phase=hold target_set=False enabled=True
2026-02-15 22:58:27 [WARNING] 46421.722 root  /Users/v-korovin/Projects/multi_mount/src/tests/test_splitter_hw.py:533 _ensure_halted: 
================ TEST CLEANUP END =============
HALT AFTER TEST DONE
===============================================
2026-02-15 22:58:27 [WARNING] 46441.332 root  /Users/v-korovin/Projects/multi_mount/src/tests/test_splitter_hw.py:507 _ensure_halted: 
================ TEST PREP START ==============
ENSURE BOTH AXES HALTED
===============================================
2026-02-15 22:58:27 [  INFO] 46447.821 lx200  /Users/v-korovin/Projects/multi_mount/src/lx200/base.py:370 handle: Get command Q HALT_ALL()
2026-02-15 22:58:27 [  INFO] 46454.258 SkyWatcherLX200  /Users/v-korovin/Projects/multi_mount/src/skywatcher/skywatcher_lx200.py:217 halt_all: Halt all RA movements
2026-02-15 22:58:27 [  INFO] 46460.663 skywatcher  /Users/v-korovin/Projects/multi_mount/src/skywatcher/skywatcher.py:332 gracefully_stop_motor: Stop motor
2026-02-15 22:58:27 [  INFO] 46517.868 skywatcher  /Users/v-korovin/Projects/multi_mount/src/skywatcher/skywatcher.py:277 get_status: Mount status changed: raw 313131 -> 313130 running True -> False initialized True -> True slew_mode 0 -> 0 direction 1 -> 1 speed_mode 0 -> 0
2026-02-15 22:58:27 [  INFO] 46523.557 skywatcher  /Users/v-korovin/Projects/multi_mount/src/skywatcher/skywatcher.py:479 resume_tracking: Resume tracking with last rate=1.0
2026-02-15 22:58:27 [  INFO] 46529.932 skywatcher  /Users/v-korovin/Projects/multi_mount/src/skywatcher/skywatcher.py:467 start_tracking: Start tracking request: rate=1.0
2026-02-15 22:58:27 [  INFO] 46549.510 skywatcher  /Users/v-korovin/Projects/multi_mount/src/skywatcher/skywatcher.py:459 set_ra_rate: Set RA rate: 1.0 * 1 (highspeed=False) mode=0 // period=110359
2026-02-15 22:58:27 [  INFO] 46549.641 skywatcher  /Users/v-korovin/Projects/multi_mount/src/skywatcher/skywatcher.py:332 gracefully_stop_motor: Stop motor
2026-02-15 22:58:27 [  INFO] 46619.886 skywatcher  /Users/v-korovin/Projects/multi_mount/src/skywatcher/skywatcher.py:371 _set_motion: Set motion mode: SkyWatcherStatus(raw=3223856, running=False, initialized=True, slew_mode=<SlewMode.SLEW: 0>, direction=<Direction.FORWARD: 1>, speed_mode=<SpeedMode.LOWSPEED: 0>)
2026-02-15 22:58:27 [  INFO] 46688.216 skywatcher  /Users/v-korovin/Projects/multi_mount/src/skywatcher/skywatcher.py:384 _start_motor: Start motor
2026-02-15 22:58:27 [  INFO] 46707.838 skywatcher  /Users/v-korovin/Projects/multi_mount/src/skywatcher/skywatcher.py:475 start_tracking: Start tracking applied: rate=1.0
2026-02-15 22:58:27 [  INFO] 46720.539 SkyWatcherLX200  /Users/v-korovin/Projects/multi_mount/src/skywatcher/skywatcher_lx200.py:221 halt_all: Halt all RA movements done
2026-02-15 22:58:27 [  INFO] 46726.934 TMC2209LX200  /Users/v-korovin/Projects/multi_mount/src/tmc2209/tmc2209_lx200.py:181 halt_all: Halt all DEC movements
2026-02-15 22:58:27 [  INFO] 46732.835 tmc2209.adapter  /Users/v-korovin/Projects/multi_mount/src/tmc2209/tmc2209_adapter.py:308 halt: Halt request
2026-02-15 22:58:27 [  INFO] 46782.828 tmc2209.adapter  /Users/v-korovin/Projects/multi_mount/src/tmc2209/tmc2209_adapter.py:311 halt: Halt applied: stopping=True
2026-02-15 22:58:27 [  INFO] 46795.641 TMC2209LX200  /Users/v-korovin/Projects/multi_mount/src/tmc2209/tmc2209_lx200.py:183 halt_all: Halt all DEC movements done
2026-02-15 22:58:27 [WARNING] 46808.465 lx200  /Users/v-korovin/Projects/multi_mount/src/lx200/base.py:381 handle: Empty responce: Q HALT_ALL() -> ∅
2026-02-15 22:58:27 [  INFO] 47195.387 skywatcher  /Users/v-korovin/Projects/multi_mount/src/skywatcher/skywatcher.py:277 get_status: Mount status changed: raw 313130 -> 313131 running False -> True initialized True -> True slew_mode 0 -> 0 direction 1 -> 1 speed_mode 0 -> 0
2026-02-15 22:58:27 [  INFO] 47207.831 SkyWatcherLX200.telemetry  /Users/v-korovin/Projects/multi_mount/src/skywatcher/skywatcher_lx200.py:61 _do_log_telemetry: RA=11:43:48 running=True mode=0 direction=1 speed=0 goto_active=False
2026-02-15 22:58:27 [WARNING] 47325.957 root  /Users/v-korovin/Projects/multi_mount/src/tests/test_splitter_hw.py:517 _ensure_halted: 
================ TEST PREP END ================
AXES HALTED BEFORE TEST
===============================================
2026-02-15 22:58:28 [WARNING] 47339.283 root  /Users/v-korovin/Projects/multi_mount/src/tests/test_splitter_hw.py:682 test_hw_splitter_slew_to_target_reaches_goal: 
================ TEST START ===================
SLEW TO TARGET REACHES GOAL
RA DELTA: 1000.00s
DEC DELTA: 3.000deg
===============================================
2026-02-15 22:58:28 [WARNING] 47345.788 root  /Users/v-korovin/Projects/multi_mount/src/tests/test_splitter_hw.py:201 sync_known_position: 
================ SYNC START ===================
TARGET RA: 12:00:00
TARGET DEC: +25*00:00
===============================================
2026-02-15 22:58:28 [  INFO] 47363.097 lx200  /Users/v-korovin/Projects/multi_mount/src/lx200/base.py:370 handle: Get command Q HALT_ALL()
2026-02-15 22:58:28 [  INFO] 47375.862 SkyWatcherLX200  /Users/v-korovin/Projects/multi_mount/src/skywatcher/skywatcher_lx200.py:217 halt_all: Halt all RA movements
2026-02-15 22:58:28 [  INFO] 47382.291 skywatcher  /Users/v-korovin/Projects/multi_mount/src/skywatcher/skywatcher.py:332 gracefully_stop_motor: Stop motor
2026-02-15 22:58:28 [  INFO] 47468.429 skywatcher  /Users/v-korovin/Projects/multi_mount/src/skywatcher/skywatcher.py:277 get_status: Mount status changed: raw 313131 -> 313130 running True -> False initialized True -> True slew_mode 0 -> 0 direction 1 -> 1 speed_mode 0 -> 0
2026-02-15 22:58:28 [  INFO] 47498.585 skywatcher  /Users/v-korovin/Projects/multi_mount/src/skywatcher/skywatcher.py:479 resume_tracking: Resume tracking with last rate=1.0
2026-02-15 22:58:28 [  INFO] 47516.558 skywatcher  /Users/v-korovin/Projects/multi_mount/src/skywatcher/skywatcher.py:467 start_tracking: Start tracking request: rate=1.0
2026-02-15 22:58:28 [  INFO] 47554.027 TMC2209LX200.telemetry  /Users/v-korovin/Projects/multi_mount/src/tmc2209/tmc2209_lx200.py:146 _do_log_telemetry: DEC=+25*58:48 raw_steps=6495 phase=hold target_set=False enabled=True
2026-02-15 22:58:28 [  INFO] 47592.529 skywatcher  /Users/v-korovin/Projects/multi_mount/src/skywatcher/skywatcher.py:459 set_ra_rate: Set RA rate: 1.0 * 1 (highspeed=False) mode=0 // period=110359
2026-02-15 22:58:28 [  INFO] 47598.942 skywatcher  /Users/v-korovin/Projects/multi_mount/src/skywatcher/skywatcher.py:332 gracefully_stop_motor: Stop motor
2026-02-15 22:58:28 [  INFO] 47630.918 skywatcher  /Users/v-korovin/Projects/multi_mount/src/skywatcher/skywatcher.py:371 _set_motion: Set motion mode: SkyWatcherStatus(raw=3223856, running=False, initialized=True, slew_mode=<SlewMode.SLEW: 0>, direction=<Direction.FORWARD: 1>, speed_mode=<SpeedMode.LOWSPEED: 0>)
2026-02-15 22:58:28 [  INFO] 47687.683 skywatcher  /Users/v-korovin/Projects/multi_mount/src/skywatcher/skywatcher.py:384 _start_motor: Start motor
2026-02-15 22:58:28 [  INFO] 47707.317 skywatcher  /Users/v-korovin/Projects/multi_mount/src/skywatcher/skywatcher.py:475 start_tracking: Start tracking applied: rate=1.0
2026-02-15 22:58:28 [  INFO] 47719.903 SkyWatcherLX200  /Users/v-korovin/Projects/multi_mount/src/skywatcher/skywatcher_lx200.py:221 halt_all: Halt all RA movements done
2026-02-15 22:58:28 [  INFO] 47719.979 TMC2209LX200  /Users/v-korovin/Projects/multi_mount/src/tmc2209/tmc2209_lx200.py:181 halt_all: Halt all DEC movements
2026-02-15 22:58:28 [  INFO] 47720.027 tmc2209.adapter  /Users/v-korovin/Projects/multi_mount/src/tmc2209/tmc2209_adapter.py:308 halt: Halt request
2026-02-15 22:58:28 [  INFO] 47732.887 tmc2209.adapter  /Users/v-korovin/Projects/multi_mount/src/tmc2209/tmc2209_adapter.py:311 halt: Halt applied: stopping=True
2026-02-15 22:58:28 [  INFO] 47745.552 TMC2209LX200  /Users/v-korovin/Projects/multi_mount/src/tmc2209/tmc2209_lx200.py:183 halt_all: Halt all DEC movements done
2026-02-15 22:58:28 [WARNING] 47751.986 lx200  /Users/v-korovin/Projects/multi_mount/src/lx200/base.py:381 handle: Empty responce: Q HALT_ALL() -> ∅
2026-02-15 22:58:28 [  INFO] 47758.467 lx200  /Users/v-korovin/Projects/multi_mount/src/lx200/base.py:370 handle: Get command GR GET_TELECOPE_RA()
2026-02-15 22:58:28 [  INFO] 47758.551 lx200  /Users/v-korovin/Projects/multi_mount/src/lx200/base.py:379 handle: Answer command GR GET_TELECOPE_RA() -> 11:43:48
2026-02-15 22:58:29 [  INFO] 48443.915 skywatcher  /Users/v-korovin/Projects/multi_mount/src/skywatcher/skywatcher.py:277 get_status: Mount status changed: raw 313130 -> 313131 running False -> True initialized True -> True slew_mode 0 -> 0 direction 1 -> 1 speed_mode 0 -> 0
2026-02-15 22:58:29 [  INFO] 48455.825 SkyWatcherLX200.telemetry  /Users/v-korovin/Projects/multi_mount/src/skywatcher/skywatcher_lx200.py:61 _do_log_telemetry: RA=11:43:48 running=True mode=0 direction=1 speed=0 goto_active=False
2026-02-15 22:58:29 [  INFO] 48678.162 TMC2209LX200.telemetry  /Users/v-korovin/Projects/multi_mount/src/tmc2209/tmc2209_lx200.py:146 _do_log_telemetry: DEC=+25*58:48 raw_steps=6495 phase=hold target_set=False enabled=True
2026-02-15 22:58:29 [  INFO] 49267.649 lx200  /Users/v-korovin/Projects/multi_mount/src/lx200/base.py:370 handle: Get command GR GET_TELECOPE_RA()
2026-02-15 22:58:29 [  INFO] 49282.978 lx200  /Users/v-korovin/Projects/multi_mount/src/lx200/base.py:379 handle: Answer command GR GET_TELECOPE_RA() -> 11:43:48
2026-02-15 22:58:29 [WARNING] 49326.275 root  /Users/v-korovin/Projects/multi_mount/src/tests/test_splitter_hw.py:131 _wait_until: 
================ POLLING START ================
TIMEOUT: 12.0s
CONDITION: DEC did not stop in time: phase=hold target_set=False speed=0.0
===============================================
2026-02-15 22:58:30 [WARNING] 49427.076 root  /Users/v-korovin/Projects/multi_mount/src/tests/test_splitter_hw.py:143 _wait_until: 
================ POLLING END ==================
RESULT: SUCCESS
ELAPSED: 0.10s
===============================================
2026-02-15 22:58:30 [  INFO] 49432.833 lx200  /Users/v-korovin/Projects/multi_mount/src/lx200/base.py:370 handle: Get command GD GET_TELESCOPE_DEC()
2026-02-15 22:58:30 [  INFO] 49496.739 lx200  /Users/v-korovin/Projects/multi_mount/src/lx200/base.py:379 handle: Answer command GD GET_TELESCOPE_DEC() -> +25*58:48
2026-02-15 22:58:30 [  INFO] 49596.369 SkyWatcherLX200.telemetry  /Users/v-korovin/Projects/multi_mount/src/skywatcher/skywatcher_lx200.py:61 _do_log_telemetry: RA=11:43:48 running=True mode=0 direction=1 speed=0 goto_active=False
2026-02-15 22:58:30 [  INFO] 49802.084 TMC2209LX200.telemetry  /Users/v-korovin/Projects/multi_mount/src/tmc2209/tmc2209_lx200.py:146 _do_log_telemetry: DEC=+25*58:48 raw_steps=6495 phase=hold target_set=False enabled=True
2026-02-15 22:58:31 [  INFO] 50768.525 SkyWatcherLX200.telemetry  /Users/v-korovin/Projects/multi_mount/src/skywatcher/skywatcher_lx200.py:61 _do_log_telemetry: RA=11:43:48 running=True mode=0 direction=1 speed=0 goto_active=False
2026-02-15 22:58:31 [  INFO] 50917.389 TMC2209LX200.telemetry  /Users/v-korovin/Projects/multi_mount/src/tmc2209/tmc2209_lx200.py:146 _do_log_telemetry: DEC=+25*58:48 raw_steps=6495 phase=hold target_set=False enabled=True
2026-02-15 22:58:31 [  INFO] 51010.283 lx200  /Users/v-korovin/Projects/multi_mount/src/lx200/base.py:370 handle: Get command GD GET_TELESCOPE_DEC()
2026-02-15 22:58:31 [  INFO] 51139.416 lx200  /Users/v-korovin/Projects/multi_mount/src/lx200/base.py:379 handle: Answer command GD GET_TELESCOPE_DEC() -> +25*58:48
2026-02-15 22:58:32 [  INFO] 51652.565 lx200  /Users/v-korovin/Projects/multi_mount/src/lx200/base.py:370 handle: Get command Sr SET_TELESCOPE_RA(12:00:00)
2026-02-15 22:58:32 [  INFO] 51659.142 lx200  /Users/v-korovin/Projects/multi_mount/src/lx200/base.py:379 handle: Answer command Sr SET_TELESCOPE_RA(12:00:00) -> True
2026-02-15 22:58:32 [  INFO] 51665.612 lx200  /Users/v-korovin/Projects/multi_mount/src/lx200/base.py:370 handle: Get command Sd SET_TELESCOPE_DEC(+25*00:00)
2026-02-15 22:58:32 [  INFO] 51665.693 lx200  /Users/v-korovin/Projects/multi_mount/src/lx200/base.py:379 handle: Answer command Sd SET_TELESCOPE_DEC(+25*00:00) -> True
2026-02-15 22:58:32 [  INFO] 51665.743 lx200  /Users/v-korovin/Projects/multi_mount/src/lx200/base.py:370 handle: Get command CM SYNC()
2026-02-15 22:58:32 [  INFO] 51665.799 SkyWatcherLX200  /Users/v-korovin/Projects/multi_mount/src/skywatcher/skywatcher_lx200.py:208 sync_telescope_ra: Sync RA to 12:00:00
2026-02-15 22:58:32 [  INFO] 51933.863 TMC2209LX200  /Users/v-korovin/Projects/multi_mount/src/tmc2209/tmc2209_lx200.py:174 sync_telescope_dec: Sync DEC to +25*00:00
2026-02-15 22:58:32 [  INFO] 51965.859 tmc2209.adapter  /Users/v-korovin/Projects/multi_mount/src/tmc2209/tmc2209_adapter.py:250 set_position: Set position request: position=6250
2026-02-15 22:58:32 [  INFO] 51965.709 SkyWatcherLX200.telemetry  /Users/v-korovin/Projects/multi_mount/src/skywatcher/skywatcher_lx200.py:61 _do_log_telemetry: RA=12:00:00 running=True mode=0 direction=1 speed=0 goto_active=False
2026-02-15 22:58:32 [  INFO] 51990.477 TMC2209LX200.telemetry  /Users/v-korovin/Projects/multi_mount/src/tmc2209/tmc2209_lx200.py:146 _do_log_telemetry: DEC=+25*58:48 raw_steps=6495 phase=hold target_set=False enabled=True
2026-02-15 22:58:32 [  INFO] 52076.771 tmc2209.adapter  /Users/v-korovin/Projects/multi_mount/src/tmc2209/tmc2209_adapter.py:253 set_position: Set position applied: position=6250
2026-02-15 22:58:32 [  INFO] 52082.793 TMC2209LX200  /Users/v-korovin/Projects/multi_mount/src/tmc2209/tmc2209_lx200.py:177 sync_telescope_dec: Sync DEC applied: steps=6250
2026-02-15 22:58:32 [  INFO] 52089.225 lx200  /Users/v-korovin/Projects/multi_mount/src/lx200/base.py:379 handle: Answer command CM SYNC() -> OK
2026-02-15 22:58:32 [  INFO] 52089.405 lx200  /Users/v-korovin/Projects/multi_mount/src/lx200/base.py:370 handle: Get command GR GET_TELECOPE_RA()
2026-02-15 22:58:32 [  INFO] 52089.564 lx200  /Users/v-korovin/Projects/multi_mount/src/lx200/base.py:379 handle: Answer command GR GET_TELECOPE_RA() -> 12:00:00
2026-02-15 22:58:32 [WARNING] 52089.680 root  /Users/v-korovin/Projects/multi_mount/src/tests/test_splitter_hw.py:131 _wait_until: 
================ POLLING START ================
TIMEOUT: 10.0s
CONDITION: RA did not reach target in time: current=12:00:00 target=12:00:00 distance=0.00s
===============================================
2026-02-15 22:58:32 [  INFO] 52089.749 lx200  /Users/v-korovin/Projects/multi_mount/src/lx200/base.py:370 handle: Get command GR GET_TELECOPE_RA()
2026-02-15 22:58:32 [  INFO] 52089.798 lx200  /Users/v-korovin/Projects/multi_mount/src/lx200/base.py:379 handle: Answer command GR GET_TELECOPE_RA() -> 12:00:00
2026-02-15 22:58:32 [WARNING] 52089.848 root  /Users/v-korovin/Projects/multi_mount/src/tests/test_splitter_hw.py:143 _wait_until: 
================ POLLING END ==================
RESULT: SUCCESS
ELAPSED: 0.00s
===============================================
2026-02-15 22:58:32 [  INFO] 52089.923 lx200  /Users/v-korovin/Projects/multi_mount/src/lx200/base.py:370 handle: Get command GD GET_TELESCOPE_DEC()
2026-02-15 22:58:32 [  INFO] 52138.541 lx200  /Users/v-korovin/Projects/multi_mount/src/lx200/base.py:379 handle: Answer command GD GET_TELESCOPE_DEC() -> +25*00:00
2026-02-15 22:58:32 [WARNING] 52145.065 root  /Users/v-korovin/Projects/multi_mount/src/tests/test_splitter_hw.py:131 _wait_until: 
================ POLLING START ================
TIMEOUT: 10.0s
CONDITION: DEC did not reach target in time: current=+25*00:00 target=+25*00:00 distance=0.000deg
===============================================
2026-02-15 22:58:32 [  INFO] 52151.530 lx200  /Users/v-korovin/Projects/multi_mount/src/lx200/base.py:370 handle: Get command GD GET_TELESCOPE_DEC()
2026-02-15 22:58:32 [  INFO] 52295.632 lx200  /Users/v-korovin/Projects/multi_mount/src/lx200/base.py:379 handle: Answer command GD GET_TELESCOPE_DEC() -> +25*00:00
2026-02-15 22:58:32 [WARNING] 52302.137 root  /Users/v-korovin/Projects/multi_mount/src/tests/test_splitter_hw.py:143 _wait_until: 
================ POLLING END ==================
RESULT: SUCCESS
ELAPSED: 0.15s
===============================================
2026-02-15 22:58:32 [  INFO] 52314.198 lx200  /Users/v-korovin/Projects/multi_mount/src/lx200/base.py:370 handle: Get command GR GET_TELECOPE_RA()
2026-02-15 22:58:32 [  INFO] 52320.665 lx200  /Users/v-korovin/Projects/multi_mount/src/lx200/base.py:379 handle: Answer command GR GET_TELECOPE_RA() -> 12:00:00
2026-02-15 22:58:33 [  INFO] 52332.859 lx200  /Users/v-korovin/Projects/multi_mount/src/lx200/base.py:370 handle: Get command GD GET_TELESCOPE_DEC()
2026-02-15 22:58:33 [  INFO] 52401.439 lx200  /Users/v-korovin/Projects/multi_mount/src/lx200/base.py:379 handle: Answer command GD GET_TELESCOPE_DEC() -> +25*00:00
2026-02-15 22:58:33 [WARNING] 52407.908 root  /Users/v-korovin/Projects/multi_mount/src/tests/test_splitter_hw.py:218 sync_known_position: 
================ SYNC END =====================
RA: 12:00:00
DEC: +25*00:00
===============================================
2026-02-15 22:58:33 [  INFO] 52414.204 lx200  /Users/v-korovin/Projects/multi_mount/src/lx200/base.py:370 handle: Get command GR GET_TELECOPE_RA()
2026-02-15 22:58:33 [  INFO] 52420.637 lx200  /Users/v-korovin/Projects/multi_mount/src/lx200/base.py:379 handle: Answer command GR GET_TELECOPE_RA() -> 12:00:00
2026-02-15 22:58:33 [  INFO] 52432.843 lx200  /Users/v-korovin/Projects/multi_mount/src/lx200/base.py:370 handle: Get command GD GET_TELESCOPE_DEC()
2026-02-15 22:58:33 [  INFO] 52621.587 lx200  /Users/v-korovin/Projects/multi_mount/src/lx200/base.py:379 handle: Answer command GD GET_TELESCOPE_DEC() -> +25*00:00
2026-02-15 22:58:33 [WARNING] 52628.127 root  /Users/v-korovin/Projects/multi_mount/src/tests/test_splitter_hw.py:701 test_hw_splitter_slew_to_target_reaches_goal: 
================ SLEW START ===================
TARGET RA: 12:16:40
TARGET DEC: +28*00:00
===============================================
2026-02-15 22:58:33 [  INFO] 52634.629 lx200  /Users/v-korovin/Projects/multi_mount/src/lx200/base.py:370 handle: Get command RM SET_SLEW_TO_FIND()
2026-02-15 22:58:33 [  INFO] 52646.581 TMC2209LX200  /Users/v-korovin/Projects/multi_mount/src/tmc2209/tmc2209_lx200.py:224 set_slew_to_find: Set slew mode to find
2026-02-15 22:58:33 [WARNING] 52657.893 lx200  /Users/v-korovin/Projects/multi_mount/src/lx200/base.py:381 handle: Empty responce: RM SET_SLEW_TO_FIND() -> ∅
2026-02-15 22:58:33 [  INFO] 52669.867 lx200  /Users/v-korovin/Projects/multi_mount/src/lx200/base.py:370 handle: Get command Sr SET_TELESCOPE_RA(12:16:40)
2026-02-15 22:58:33 [  INFO] 52676.447 lx200  /Users/v-korovin/Projects/multi_mount/src/lx200/base.py:379 handle: Answer command Sr SET_TELESCOPE_RA(12:16:40) -> True
2026-02-15 22:58:33 [  INFO] 52689.226 lx200  /Users/v-korovin/Projects/multi_mount/src/lx200/base.py:370 handle: Get command Sd SET_TELESCOPE_DEC(+28*00:00)
2026-02-15 22:58:33 [  INFO] 52702.046 lx200  /Users/v-korovin/Projects/multi_mount/src/lx200/base.py:379 handle: Answer command Sd SET_TELESCOPE_DEC(+28*00:00) -> True
2026-02-15 22:58:33 [  INFO] 52714.242 lx200  /Users/v-korovin/Projects/multi_mount/src/lx200/base.py:370 handle: Get command MS SLEW()
2026-02-15 22:58:33 [  INFO] 52732.656 SkyWatcherLX200  /Users/v-korovin/Projects/multi_mount/src/skywatcher/skywatcher_lx200.py:225 slew_to_ra: Queue GOTO RA to 12:16:40
2026-02-15 22:58:33 [  INFO] 52751.349 TMC2209LX200  /Users/v-korovin/Projects/multi_mount/src/tmc2209/tmc2209_lx200.py:187 slew_to_dec: Start DEC GOTO to +28*00:00
2026-02-15 22:58:33 [  INFO] 52907.879 TMC2209LX200  /Users/v-korovin/Projects/multi_mount/src/tmc2209/tmc2209_lx200.py:196 slew_to_dec: DEC GOTO details: current_steps=6250 target_steps=7000 delta_steps=750 profile=(microsteps=2 speed=5000 accel=10)
2026-02-15 22:58:33 [  INFO] 52914.445 TMC2209LX200  /Users/v-korovin/Projects/multi_mount/src/tmc2209/tmc2209_lx200.py:295 _apply_profile: Apply profile: microsteps=2 speed=5000 accel=10
2026-02-15 22:58:33 [  INFO] 52927.211 tmc2209.adapter  /Users/v-korovin/Projects/multi_mount/src/tmc2209/tmc2209_adapter.py:275 set_speed_sps: Set speed request: speed_sps=5000
2026-02-15 22:58:33 [  INFO] 53014.295 tmc2209.adapter  /Users/v-korovin/Projects/multi_mount/src/tmc2209/tmc2209_adapter.py:278 set_speed_sps: Set speed applied: speed_sps=5000.0
2026-02-15 22:58:33 [  INFO] 53014.504 tmc2209.adapter  /Users/v-korovin/Projects/multi_mount/src/tmc2209/tmc2209_adapter.py:286 set_acceleration_steps_per_ms: Set acceleration request: accel_steps_per_ms=10
2026-02-15 22:58:33 [  INFO] 53132.878 SkyWatcherLX200.telemetry  /Users/v-korovin/Projects/multi_mount/src/skywatcher/skywatcher_lx200.py:61 _do_log_telemetry: RA=12:00:00 running=True mode=0 direction=1 speed=0 goto_active=True
2026-02-15 22:58:33 [  INFO] 53175.912 TMC2209LX200.telemetry  /Users/v-korovin/Projects/multi_mount/src/tmc2209/tmc2209_lx200.py:146 _do_log_telemetry: DEC=+25*00:00 raw_steps=6250 phase=hold target_set=False enabled=True
2026-02-15 22:58:33 [  INFO] 53232.009 tmc2209.adapter  /Users/v-korovin/Projects/multi_mount/src/tmc2209/tmc2209_adapter.py:289 set_acceleration_steps_per_ms: Set acceleration applied: accel_steps_per_ms=10.0
2026-02-15 22:58:33 [  INFO] 53238.536 tmc2209.adapter  /Users/v-korovin/Projects/multi_mount/src/tmc2209/tmc2209_adapter.py:293 set_target: Set target request: target=7000
2026-02-15 22:58:33 [  INFO] 53319.720 tmc2209.adapter  /Users/v-korovin/Projects/multi_mount/src/tmc2209/tmc2209_adapter.py:297 set_target: Set target applied: target=7000 target_set=True
2026-02-15 22:58:33 [  INFO] 53326.232 tmc2209.adapter  /Users/v-korovin/Projects/multi_mount/src/tmc2209/tmc2209_adapter.py:301 run: Run request
2026-02-15 22:58:34 [  INFO] 53357.451 tmc2209.adapter  /Users/v-korovin/Projects/multi_mount/src/tmc2209/tmc2209_adapter.py:304 run: Run applied: running=True
2026-02-15 22:58:34 [  INFO] 53363.983 TMC2209LX200  /Users/v-korovin/Projects/multi_mount/src/tmc2209/tmc2209_lx200.py:210 slew_to_dec: DEC GOTO started: target_steps=7000
2026-02-15 22:58:34 [  INFO] 53376.771 lx200  /Users/v-korovin/Projects/multi_mount/src/lx200/base.py:379 handle: Answer command MS SLEW() -> False
2026-02-15 22:58:34 [WARNING] 53395.961 root  /Users/v-korovin/Projects/multi_mount/src/tests/test_splitter_hw.py:234 wait_ra_moved: 
================ POLLING START ================
WAIT RA MOVED
START: 12:00:00
EXPECTED SIGN: 1
MIN DELTA: 2.00s
TIMEOUT: 10.0s
===============================================
2026-02-15 22:58:34 [  INFO] 53415.212 lx200  /Users/v-korovin/Projects/multi_mount/src/lx200/base.py:370 handle: Get command GR GET_TELECOPE_RA()
2026-02-15 22:58:34 [  INFO] 53421.724 lx200  /Users/v-korovin/Projects/multi_mount/src/lx200/base.py:379 handle: Answer command GR GET_TELECOPE_RA() -> 12:00:00
2026-02-15 22:58:34 [  INFO] 53644.838 lx200  /Users/v-korovin/Projects/multi_mount/src/lx200/base.py:370 handle: Get command GR GET_TELECOPE_RA()
2026-02-15 22:58:34 [  INFO] 53651.359 lx200  /Users/v-korovin/Projects/multi_mount/src/lx200/base.py:379 handle: Answer command GR GET_TELECOPE_RA() -> 12:00:00
2026-02-15 22:58:34 [  INFO] 53872.385 lx200  /Users/v-korovin/Projects/multi_mount/src/lx200/base.py:370 handle: Get command GR GET_TELECOPE_RA()
2026-02-15 22:58:34 [  INFO] 53878.898 lx200  /Users/v-korovin/Projects/multi_mount/src/lx200/base.py:379 handle: Answer command GR GET_TELECOPE_RA() -> 12:00:00
2026-02-15 22:58:34 [  INFO] 54107.826 lx200  /Users/v-korovin/Projects/multi_mount/src/lx200/base.py:370 handle: Get command GR GET_TELECOPE_RA()
2026-02-15 22:58:34 [  INFO] 54108.123 lx200  /Users/v-korovin/Projects/multi_mount/src/lx200/base.py:379 handle: Answer command GR GET_TELECOPE_RA() -> 12:00:00
2026-02-15 22:58:34 [  INFO] 54260.249 tmc2209.adapter  /Users/v-korovin/Projects/multi_mount/src/tmc2209/tmc2209_adapter.py:206 status: Status changed: initialised True -> True enabled True -> True phase hold -> acceleration target_set False -> True
2026-02-15 22:58:34 [  INFO] 54266.175 TMC2209LX200.telemetry  /Users/v-korovin/Projects/multi_mount/src/tmc2209/tmc2209_lx200.py:146 _do_log_telemetry: DEC=+25*00:43 raw_steps=6253 phase=acceleration target_set=True enabled=True
2026-02-15 22:58:34 [  INFO] 54317.428 lx200  /Users/v-korovin/Projects/multi_mount/src/lx200/base.py:370 handle: Get command GR GET_TELECOPE_RA()
2026-02-15 22:58:35 [  INFO] 54329.884 lx200  /Users/v-korovin/Projects/multi_mount/src/lx200/base.py:379 handle: Answer command GR GET_TELECOPE_RA() -> 12:00:00
2026-02-15 22:58:35 [  INFO] 54336.236 SkyWatcherLX200.telemetry  /Users/v-korovin/Projects/multi_mount/src/skywatcher/skywatcher_lx200.py:61 _do_log_telemetry: RA=12:00:00 running=True mode=0 direction=1 speed=0 goto_active=True
2026-02-15 22:58:35 [  INFO] 54547.608 lx200  /Users/v-korovin/Projects/multi_mount/src/lx200/base.py:370 handle: Get command GR GET_TELECOPE_RA()
2026-02-15 22:58:35 [  INFO] 54560.508 lx200  /Users/v-korovin/Projects/multi_mount/src/lx200/base.py:379 handle: Answer command GR GET_TELECOPE_RA() -> 12:00:00
2026-02-15 22:58:35 [  INFO] 54771.454 lx200  /Users/v-korovin/Projects/multi_mount/src/lx200/base.py:370 handle: Get command GR GET_TELECOPE_RA()
2026-02-15 22:58:35 [  INFO] 54778.059 lx200  /Users/v-korovin/Projects/multi_mount/src/lx200/base.py:379 handle: Answer command GR GET_TELECOPE_RA() -> 12:00:00
2026-02-15 22:58:35 [  INFO] 54999.544 lx200  /Users/v-korovin/Projects/multi_mount/src/lx200/base.py:370 handle: Get command GR GET_TELECOPE_RA()
2026-02-15 22:58:35 [  INFO] 55006.093 lx200  /Users/v-korovin/Projects/multi_mount/src/lx200/base.py:379 handle: Answer command GR GET_TELECOPE_RA() -> 12:00:00
2026-02-15 22:58:35 [  INFO] 55223.362 lx200  /Users/v-korovin/Projects/multi_mount/src/lx200/base.py:370 handle: Get command GR GET_TELECOPE_RA()
2026-02-15 22:58:35 [  INFO] 55236.200 lx200  /Users/v-korovin/Projects/multi_mount/src/lx200/base.py:379 handle: Answer command GR GET_TELECOPE_RA() -> 12:00:00
2026-02-15 22:58:36 [  INFO] 55385.689 TMC2209LX200.telemetry  /Users/v-korovin/Projects/multi_mount/src/tmc2209/tmc2209_lx200.py:146 _do_log_telemetry: DEC=+25*04:19 raw_steps=6268 phase=acceleration target_set=True enabled=True
2026-02-15 22:58:36 [  INFO] 55443.701 lx200  /Users/v-korovin/Projects/multi_mount/src/lx200/base.py:370 handle: Get command GR GET_TELECOPE_RA()
2026-02-15 22:58:36 [  INFO] 55450.304 lx200  /Users/v-korovin/Projects/multi_mount/src/lx200/base.py:379 handle: Answer command GR GET_TELECOPE_RA() -> 12:00:00
2026-02-15 22:58:36 [  INFO] 55512.439 SkyWatcherLX200.telemetry  /Users/v-korovin/Projects/multi_mount/src/skywatcher/skywatcher_lx200.py:61 _do_log_telemetry: RA=12:00:00 running=True mode=0 direction=1 speed=0 goto_active=True
2026-02-15 22:58:36 [  INFO] 55689.096 lx200  /Users/v-korovin/Projects/multi_mount/src/lx200/base.py:370 handle: Get command GR GET_TELECOPE_RA()
2026-02-15 22:58:36 [  INFO] 55695.618 lx200  /Users/v-korovin/Projects/multi_mount/src/lx200/base.py:379 handle: Answer command GR GET_TELECOPE_RA() -> 12:00:00
2026-02-15 22:58:36 [  INFO] 55913.142 lx200  /Users/v-korovin/Projects/multi_mount/src/lx200/base.py:370 handle: Get command GR GET_TELECOPE_RA()
2026-02-15 22:58:36 [  INFO] 55919.606 lx200  /Users/v-korovin/Projects/multi_mount/src/lx200/base.py:379 handle: Answer command GR GET_TELECOPE_RA() -> 12:00:00
2026-02-15 22:58:36 [  INFO] 56142.774 lx200  /Users/v-korovin/Projects/multi_mount/src/lx200/base.py:370 handle: Get command GR GET_TELECOPE_RA()
2026-02-15 22:58:36 [  INFO] 56149.395 lx200  /Users/v-korovin/Projects/multi_mount/src/lx200/base.py:379 handle: Answer command GR GET_TELECOPE_RA() -> 12:00:00
2026-02-15 22:58:37 [  INFO] 56368.773 lx200  /Users/v-korovin/Projects/multi_mount/src/lx200/base.py:370 handle: Get command GR GET_TELECOPE_RA()
2026-02-15 22:58:37 [  INFO] 56374.586 lx200  /Users/v-korovin/Projects/multi_mount/src/lx200/base.py:379 handle: Answer command GR GET_TELECOPE_RA() -> 12:00:00
2026-02-15 22:58:37 [  INFO] 56494.966 TMC2209LX200.telemetry  /Users/v-korovin/Projects/multi_mount/src/tmc2209/tmc2209_lx200.py:146 _do_log_telemetry: DEC=+25*11:02 raw_steps=6296 phase=acceleration target_set=True enabled=True
2026-02-15 22:58:37 [  INFO] 56597.358 lx200  /Users/v-korovin/Projects/multi_mount/src/lx200/base.py:370 handle: Get command GR GET_TELECOPE_RA()
2026-02-15 22:58:37 [  INFO] 56603.866 lx200  /Users/v-korovin/Projects/multi_mount/src/lx200/base.py:379 handle: Answer command GR GET_TELECOPE_RA() -> 12:00:00
2026-02-15 22:58:37 [  INFO] 56643.046 SkyWatcherLX200.telemetry  /Users/v-korovin/Projects/multi_mount/src/skywatcher/skywatcher_lx200.py:61 _do_log_telemetry: RA=12:00:00 running=True mode=0 direction=1 speed=0 goto_active=True
2026-02-15 22:58:37 [  INFO] 56814.036 lx200  /Users/v-korovin/Projects/multi_mount/src/lx200/base.py:370 handle: Get command GR GET_TELECOPE_RA()
2026-02-15 22:58:37 [  INFO] 56820.538 lx200  /Users/v-korovin/Projects/multi_mount/src/lx200/base.py:379 handle: Answer command GR GET_TELECOPE_RA() -> 12:00:00
2026-02-15 22:58:37 [  INFO] 57044.129 lx200  /Users/v-korovin/Projects/multi_mount/src/lx200/base.py:370 handle: Get command GR GET_TELECOPE_RA()
2026-02-15 22:58:37 [  INFO] 57049.500 lx200  /Users/v-korovin/Projects/multi_mount/src/lx200/base.py:379 handle: Answer command GR GET_TELECOPE_RA() -> 12:00:00
2026-02-15 22:58:37 [  INFO] 57254.764 lx200  /Users/v-korovin/Projects/multi_mount/src/lx200/base.py:370 handle: Get command GR GET_TELECOPE_RA()
2026-02-15 22:58:37 [  INFO] 57261.359 lx200  /Users/v-korovin/Projects/multi_mount/src/lx200/base.py:379 handle: Answer command GR GET_TELECOPE_RA() -> 12:00:00
2026-02-15 22:58:38 [  INFO] 57472.207 lx200  /Users/v-korovin/Projects/multi_mount/src/lx200/base.py:370 handle: Get command GR GET_TELECOPE_RA()
2026-02-15 22:58:38 [  INFO] 57498.860 lx200  /Users/v-korovin/Projects/multi_mount/src/lx200/base.py:379 handle: Answer command GR GET_TELECOPE_RA() -> 12:00:00
2026-02-15 22:58:38 [  INFO] 57643.581 TMC2209LX200.telemetry  /Users/v-korovin/Projects/multi_mount/src/tmc2209/tmc2209_lx200.py:146 _do_log_telemetry: DEC=+25*20:53 raw_steps=6337 phase=acceleration target_set=True enabled=True
2026-02-15 22:58:38 [  INFO] 57714.044 lx200  /Users/v-korovin/Projects/multi_mount/src/lx200/base.py:370 handle: Get command GR GET_TELECOPE_RA()
2026-02-15 22:58:38 [  INFO] 57720.605 lx200  /Users/v-korovin/Projects/multi_mount/src/lx200/base.py:379 handle: Answer command GR GET_TELECOPE_RA() -> 12:00:00
2026-02-15 22:58:38 [  INFO] 57820.291 SkyWatcherLX200.telemetry  /Users/v-korovin/Projects/multi_mount/src/skywatcher/skywatcher_lx200.py:61 _do_log_telemetry: RA=12:00:00 running=True mode=0 direction=1 speed=0 goto_active=True
2026-02-15 22:58:38 [  INFO] 57947.373 lx200  /Users/v-korovin/Projects/multi_mount/src/lx200/base.py:370 handle: Get command GR GET_TELECOPE_RA()
2026-02-15 22:58:38 [  INFO] 57959.054 lx200  /Users/v-korovin/Projects/multi_mount/src/lx200/base.py:379 handle: Answer command GR GET_TELECOPE_RA() -> 12:00:00
2026-02-15 22:58:38 [  INFO] 58170.382 lx200  /Users/v-korovin/Projects/multi_mount/src/lx200/base.py:370 handle: Get command GR GET_TELECOPE_RA()
2026-02-15 22:58:38 [  INFO] 58176.903 lx200  /Users/v-korovin/Projects/multi_mount/src/lx200/base.py:379 handle: Answer command GR GET_TELECOPE_RA() -> 12:00:00
2026-02-15 22:58:39 [  INFO] 58417.805 lx200  /Users/v-korovin/Projects/multi_mount/src/lx200/base.py:370 handle: Get command GR GET_TELECOPE_RA()
2026-02-15 22:58:39 [  INFO] 58424.317 lx200  /Users/v-korovin/Projects/multi_mount/src/lx200/base.py:379 handle: Answer command GR GET_TELECOPE_RA() -> 12:00:00
2026-02-15 22:58:39 [  INFO] 58637.765 lx200  /Users/v-korovin/Projects/multi_mount/src/lx200/base.py:370 handle: Get command GR GET_TELECOPE_RA()
2026-02-15 22:58:39 [  INFO] 58650.656 lx200  /Users/v-korovin/Projects/multi_mount/src/lx200/base.py:379 handle: Answer command GR GET_TELECOPE_RA() -> 12:00:00
2026-02-15 22:58:39 [  INFO] 58759.556 TMC2209LX200.telemetry  /Users/v-korovin/Projects/multi_mount/src/tmc2209/tmc2209_lx200.py:146 _do_log_telemetry: DEC=+25*34:05 raw_steps=6392 phase=acceleration target_set=True enabled=True
2026-02-15 22:58:39 [  INFO] 58864.047 lx200  /Users/v-korovin/Projects/multi_mount/src/lx200/base.py:370 handle: Get command GR GET_TELECOPE_RA()
2026-02-15 22:58:39 [  INFO] 58869.854 lx200  /Users/v-korovin/Projects/multi_mount/src/lx200/base.py:379 handle: Answer command GR GET_TELECOPE_RA() -> 12:00:00
2026-02-15 22:58:39 [  INFO] 58965.265 SkyWatcherLX200.telemetry  /Users/v-korovin/Projects/multi_mount/src/skywatcher/skywatcher_lx200.py:61 _do_log_telemetry: RA=12:00:00 running=True mode=0 direction=1 speed=0 goto_active=True
2026-02-15 22:58:39 [  INFO] 59089.014 lx200  /Users/v-korovin/Projects/multi_mount/src/lx200/base.py:370 handle: Get command GR GET_TELECOPE_RA()
2026-02-15 22:58:39 [  INFO] 59095.501 lx200  /Users/v-korovin/Projects/multi_mount/src/lx200/base.py:379 handle: Answer command GR GET_TELECOPE_RA() -> 12:00:00
2026-02-15 22:58:39 [  INFO] 59314.873 lx200  /Users/v-korovin/Projects/multi_mount/src/lx200/base.py:370 handle: Get command GR GET_TELECOPE_RA()
2026-02-15 22:58:40 [  INFO] 59333.540 lx200  /Users/v-korovin/Projects/multi_mount/src/lx200/base.py:379 handle: Answer command GR GET_TELECOPE_RA() -> 12:00:00
2026-02-15 22:58:40 [  INFO] 59547.395 lx200  /Users/v-korovin/Projects/multi_mount/src/lx200/base.py:370 handle: Get command GR GET_TELECOPE_RA()
2026-02-15 22:58:40 [  INFO] 59553.922 lx200  /Users/v-korovin/Projects/multi_mount/src/lx200/base.py:379 handle: Answer command GR GET_TELECOPE_RA() -> 12:00:00
2026-02-15 22:58:40 [  INFO] 59777.349 lx200  /Users/v-korovin/Projects/multi_mount/src/lx200/base.py:370 handle: Get command GR GET_TELECOPE_RA()
2026-02-15 22:58:40 [  INFO] 59790.060 lx200  /Users/v-korovin/Projects/multi_mount/src/lx200/base.py:379 handle: Answer command GR GET_TELECOPE_RA() -> 12:00:00
2026-02-15 22:58:40 [  INFO] 59883.899 TMC2209LX200.telemetry  /Users/v-korovin/Projects/multi_mount/src/tmc2209/tmc2209_lx200.py:146 _do_log_telemetry: DEC=+25*49:41 raw_steps=6457 phase=acceleration target_set=True enabled=True
2026-02-15 22:58:40 [  INFO] 60013.099 lx200  /Users/v-korovin/Projects/multi_mount/src/lx200/base.py:370 handle: Get command GR GET_TELECOPE_RA()
2026-02-15 22:58:40 [  INFO] 60019.571 lx200  /Users/v-korovin/Projects/multi_mount/src/lx200/base.py:379 handle: Answer command GR GET_TELECOPE_RA() -> 12:00:00
2026-02-15 22:58:40 [  INFO] 60154.692 SkyWatcherLX200.telemetry  /Users/v-korovin/Projects/multi_mount/src/skywatcher/skywatcher_lx200.py:61 _do_log_telemetry: RA=12:00:00 running=True mode=0 direction=1 speed=0 goto_active=True
2026-02-15 22:58:40 [  INFO] 60239.052 lx200  /Users/v-korovin/Projects/multi_mount/src/lx200/base.py:370 handle: Get command GR GET_TELECOPE_RA()
2026-02-15 22:58:40 [  INFO] 60263.053 lx200  /Users/v-korovin/Projects/multi_mount/src/lx200/base.py:379 handle: Answer command GR GET_TELECOPE_RA() -> 12:00:00
2026-02-15 22:58:41 [  INFO] 60490.173 lx200  /Users/v-korovin/Projects/multi_mount/src/lx200/base.py:370 handle: Get command GR GET_TELECOPE_RA()
2026-02-15 22:58:41 [  INFO] 60496.700 lx200  /Users/v-korovin/Projects/multi_mount/src/lx200/base.py:379 handle: Answer command GR GET_TELECOPE_RA() -> 12:00:00
2026-02-15 22:58:41 [  INFO] 60724.483 lx200  /Users/v-korovin/Projects/multi_mount/src/lx200/base.py:370 handle: Get command GR GET_TELECOPE_RA()
2026-02-15 22:58:41 [  INFO] 60731.526 lx200  /Users/v-korovin/Projects/multi_mount/src/lx200/base.py:379 handle: Answer command GR GET_TELECOPE_RA() -> 12:00:00
2026-02-15 22:58:41 [  INFO] 60978.629 lx200  /Users/v-korovin/Projects/multi_mount/src/lx200/base.py:370 handle: Get command GR GET_TELECOPE_RA()
2026-02-15 22:58:41 [  INFO] 60985.197 lx200  /Users/v-korovin/Projects/multi_mount/src/lx200/base.py:379 handle: Answer command GR GET_TELECOPE_RA() -> 12:00:00
2026-02-15 22:58:41 [  INFO] 61059.570 TMC2209LX200.telemetry  /Users/v-korovin/Projects/multi_mount/src/tmc2209/tmc2209_lx200.py:146 _do_log_telemetry: DEC=+26*08:24 raw_steps=6535 phase=acceleration target_set=True enabled=True
2026-02-15 22:58:41 [  INFO] 61219.038 lx200  /Users/v-korovin/Projects/multi_mount/src/lx200/base.py:370 handle: Get command GR GET_TELECOPE_RA()
2026-02-15 22:58:41 [  INFO] 61238.232 lx200  /Users/v-korovin/Projects/multi_mount/src/lx200/base.py:379 handle: Answer command GR GET_TELECOPE_RA() -> 12:00:00
2026-02-15 22:58:42 [  INFO] 61339.093 SkyWatcherLX200.telemetry  /Users/v-korovin/Projects/multi_mount/src/skywatcher/skywatcher_lx200.py:61 _do_log_telemetry: RA=12:00:00 running=True mode=0 direction=1 speed=0 goto_active=True
2026-02-15 22:58:42 [  INFO] 61462.276 lx200  /Users/v-korovin/Projects/multi_mount/src/lx200/base.py:370 handle: Get command GR GET_TELECOPE_RA()
2026-02-15 22:58:42 [  INFO] 61468.825 lx200  /Users/v-korovin/Projects/multi_mount/src/lx200/base.py:379 handle: Answer command GR GET_TELECOPE_RA() -> 12:00:00
2026-02-15 22:58:42 [  INFO] 61679.705 lx200  /Users/v-korovin/Projects/multi_mount/src/lx200/base.py:370 handle: Get command GR GET_TELECOPE_RA()
2026-02-15 22:58:42 [  INFO] 61692.609 lx200  /Users/v-korovin/Projects/multi_mount/src/lx200/base.py:379 handle: Answer command GR GET_TELECOPE_RA() -> 12:00:00
2026-02-15 22:58:42 [  INFO] 61904.088 lx200  /Users/v-korovin/Projects/multi_mount/src/lx200/base.py:370 handle: Get command GR GET_TELECOPE_RA()
2026-02-15 22:58:42 [  INFO] 61910.610 lx200  /Users/v-korovin/Projects/multi_mount/src/lx200/base.py:379 handle: Answer command GR GET_TELECOPE_RA() -> 12:00:00
2026-02-15 22:58:42 [  INFO] 62127.792 tmc2209.adapter  /Users/v-korovin/Projects/multi_mount/src/tmc2209/tmc2209_adapter.py:206 status: Status changed: initialised True -> True enabled True -> True phase acceleration -> deceleration target_set True -> True
2026-02-15 22:58:42 [  INFO] 62134.293 TMC2209LX200.telemetry  /Users/v-korovin/Projects/multi_mount/src/tmc2209/tmc2209_lx200.py:146 _do_log_telemetry: DEC=+26*31:26 raw_steps=6631 phase=deceleration target_set=True enabled=True
2026-02-15 22:58:42 [  INFO] 62140.716 lx200  /Users/v-korovin/Projects/multi_mount/src/lx200/base.py:370 handle: Get command GR GET_TELECOPE_RA()
2026-02-15 22:58:42 [  INFO] 62158.952 lx200  /Users/v-korovin/Projects/multi_mount/src/lx200/base.py:379 handle: Answer command GR GET_TELECOPE_RA() -> 12:00:00
2026-02-15 22:58:43 [  INFO] 62369.269 lx200  /Users/v-korovin/Projects/multi_mount/src/lx200/base.py:370 handle: Get command GR GET_TELECOPE_RA()
2026-02-15 22:58:43 [  INFO] 62382.129 lx200  /Users/v-korovin/Projects/multi_mount/src/lx200/base.py:379 handle: Answer command GR GET_TELECOPE_RA() -> 12:00:00
2026-02-15 22:58:43 [  INFO] 62523.040 SkyWatcherLX200.telemetry  /Users/v-korovin/Projects/multi_mount/src/skywatcher/skywatcher_lx200.py:61 _do_log_telemetry: RA=12:00:00 running=True mode=0 direction=1 speed=0 goto_active=True
2026-02-15 22:58:43 [  INFO] 62613.815 lx200  /Users/v-korovin/Projects/multi_mount/src/lx200/base.py:370 handle: Get command GR GET_TELECOPE_RA()
2026-02-15 22:58:43 [  INFO] 62644.523 lx200  /Users/v-korovin/Projects/multi_mount/src/lx200/base.py:379 handle: Answer command GR GET_TELECOPE_RA() -> 12:00:00
2026-02-15 22:58:43 [  INFO] 62865.144 lx200  /Users/v-korovin/Projects/multi_mount/src/lx200/base.py:370 handle: Get command GR GET_TELECOPE_RA()
2026-02-15 22:58:43 [  INFO] 62871.666 lx200  /Users/v-korovin/Projects/multi_mount/src/lx200/base.py:379 handle: Answer command GR GET_TELECOPE_RA() -> 12:00:00
2026-02-15 22:58:43 [  INFO] 63089.016 lx200  /Users/v-korovin/Projects/multi_mount/src/lx200/base.py:370 handle: Get command GR GET_TELECOPE_RA()
2026-02-15 22:58:43 [  INFO] 63114.515 lx200  /Users/v-korovin/Projects/multi_mount/src/lx200/base.py:379 handle: Answer command GR GET_TELECOPE_RA() -> 12:00:00
2026-02-15 22:58:43 [  INFO] 63217.682 TMC2209LX200.telemetry  /Users/v-korovin/Projects/multi_mount/src/tmc2209/tmc2209_lx200.py:146 _do_log_telemetry: DEC=+26*52:19 raw_steps=6718 phase=deceleration target_set=True enabled=True
2026-02-15 22:58:44 [  INFO] 63330.758 lx200  /Users/v-korovin/Projects/multi_mount/src/lx200/base.py:370 handle: Get command GR GET_TELECOPE_RA()
2026-02-15 22:58:44 [  INFO] 63349.464 lx200  /Users/v-korovin/Projects/multi_mount/src/lx200/base.py:379 handle: Answer command GR GET_TELECOPE_RA() -> 12:00:00
2026-02-15 22:58:44 [WARNING] 63653.637 root  /Users/v-korovin/Projects/multi_mount/src/tests/test_splitter_hw.py:523 _ensure_halted: 
================ TEST CLEANUP START ===========
HALT AFTER TEST
===============================================
2026-02-15 22:58:44 [  INFO] 63653.875 lx200  /Users/v-korovin/Projects/multi_mount/src/lx200/base.py:370 handle: Get command Q HALT_ALL()
2026-02-15 22:58:44 [  INFO] 63660.291 SkyWatcherLX200  /Users/v-korovin/Projects/multi_mount/src/skywatcher/skywatcher_lx200.py:217 halt_all: Halt all RA movements
2026-02-15 22:58:44 [  INFO] 63692.043 skywatcher  /Users/v-korovin/Projects/multi_mount/src/skywatcher/skywatcher.py:332 gracefully_stop_motor: Stop motor
2026-02-15 22:58:44 [  INFO] 63692.165 SkyWatcherLX200.telemetry  /Users/v-korovin/Projects/multi_mount/src/skywatcher/skywatcher_lx200.py:61 _do_log_telemetry: RA=12:00:00 running=True mode=0 direction=1 speed=0 goto_active=False
2026-02-15 22:58:44 [  INFO] 63780.194 skywatcher  /Users/v-korovin/Projects/multi_mount/src/skywatcher/skywatcher.py:277 get_status: Mount status changed: raw 313131 -> 313130 running True -> False initialized True -> True slew_mode 0 -> 0 direction 1 -> 1 speed_mode 0 -> 0
2026-02-15 22:58:44 [  INFO] 63786.709 skywatcher  /Users/v-korovin/Projects/multi_mount/src/skywatcher/skywatcher.py:479 resume_tracking: Resume tracking with last rate=1.0
2026-02-15 22:58:44 [  INFO] 63793.126 skywatcher  /Users/v-korovin/Projects/multi_mount/src/skywatcher/skywatcher.py:467 start_tracking: Start tracking request: rate=1.0
2026-02-15 22:58:44 [  INFO] 63838.230 skywatcher  /Users/v-korovin/Projects/multi_mount/src/skywatcher/skywatcher.py:459 set_ra_rate: Set RA rate: 1.0 * 1 (highspeed=False) mode=0 // period=110359
2026-02-15 22:58:44 [  INFO] 63844.704 skywatcher  /Users/v-korovin/Projects/multi_mount/src/skywatcher/skywatcher.py:332 gracefully_stop_motor: Stop motor
2026-02-15 22:58:44 [  INFO] 63907.794 skywatcher  /Users/v-korovin/Projects/multi_mount/src/skywatcher/skywatcher.py:371 _set_motion: Set motion mode: SkyWatcherStatus(raw=3223856, running=False, initialized=True, slew_mode=<SlewMode.SLEW: 0>, direction=<Direction.FORWARD: 1>, speed_mode=<SpeedMode.LOWSPEED: 0>)
2026-02-15 22:58:44 [  INFO] 63977.629 skywatcher  /Users/v-korovin/Projects/multi_mount/src/skywatcher/skywatcher.py:384 _start_motor: Start motor
2026-02-15 22:58:44 [  INFO] 64015.832 skywatcher  /Users/v-korovin/Projects/multi_mount/src/skywatcher/skywatcher.py:475 start_tracking: Start tracking applied: rate=1.0
2026-02-15 22:58:44 [  INFO] 64034.217 SkyWatcherLX200  /Users/v-korovin/Projects/multi_mount/src/skywatcher/skywatcher_lx200.py:221 halt_all: Halt all RA movements done
2026-02-15 22:58:44 [  INFO] 64034.383 TMC2209LX200  /Users/v-korovin/Projects/multi_mount/src/tmc2209/tmc2209_lx200.py:181 halt_all: Halt all DEC movements
2026-02-15 22:58:44 [  INFO] 64047.205 tmc2209.adapter  /Users/v-korovin/Projects/multi_mount/src/tmc2209/tmc2209_adapter.py:308 halt: Halt request
2026-02-15 22:58:44 [  INFO] 64109.513 tmc2209.adapter  /Users/v-korovin/Projects/multi_mount/src/tmc2209/tmc2209_adapter.py:311 halt: Halt applied: stopping=True
2026-02-15 22:58:44 [  INFO] 64115.985 TMC2209LX200  /Users/v-korovin/Projects/multi_mount/src/tmc2209/tmc2209_lx200.py:183 halt_all: Halt all DEC movements done
2026-02-15 22:58:44 [WARNING] 64122.442 lx200  /Users/v-korovin/Projects/multi_mount/src/lx200/base.py:381 handle: Empty responce: Q HALT_ALL() -> ∅
2026-02-15 22:58:44 [  INFO] 64310.207 TMC2209LX200.telemetry  /Users/v-korovin/Projects/multi_mount/src/tmc2209/tmc2209_lx200.py:146 _do_log_telemetry: DEC=+27*10:19 raw_steps=6793 phase=deceleration target_set=True enabled=True
2026-02-15 22:58:45 [WARNING] 64627.224 root  /Users/v-korovin/Projects/multi_mount/src/tests/test_splitter_hw.py:533 _ensure_halted: 
================ TEST CLEANUP END =============
HALT AFTER TEST DONE
===============================================
2026-02-15 22:58:45 [WARNING] 64664.723 root  /Users/v-korovin/Projects/multi_mount/src/tests/test_splitter_hw.py:507 _ensure_halted: 
================ TEST PREP START ==============
ENSURE BOTH AXES HALTED
===============================================
2026-02-15 22:58:45 [  INFO] 64671.221 lx200  /Users/v-korovin/Projects/multi_mount/src/lx200/base.py:370 handle: Get command Q HALT_ALL()
2026-02-15 22:58:45 [  INFO] 64677.608 SkyWatcherLX200  /Users/v-korovin/Projects/multi_mount/src/skywatcher/skywatcher_lx200.py:217 halt_all: Halt all RA movements
2026-02-15 22:58:45 [  INFO] 64682.774 skywatcher  /Users/v-korovin/Projects/multi_mount/src/skywatcher/skywatcher.py:332 gracefully_stop_motor: Stop motor
2026-02-15 22:58:45 [  INFO] 64738.832 skywatcher  /Users/v-korovin/Projects/multi_mount/src/skywatcher/skywatcher.py:479 resume_tracking: Resume tracking with last rate=1.0
2026-02-15 22:58:45 [  INFO] 64745.125 skywatcher  /Users/v-korovin/Projects/multi_mount/src/skywatcher/skywatcher.py:467 start_tracking: Start tracking request: rate=1.0
2026-02-15 22:58:45 [  INFO] 64781.967 skywatcher  /Users/v-korovin/Projects/multi_mount/src/skywatcher/skywatcher.py:459 set_ra_rate: Set RA rate: 1.0 * 1 (highspeed=False) mode=0 // period=110359
2026-02-15 22:58:45 [  INFO] 64801.074 skywatcher  /Users/v-korovin/Projects/multi_mount/src/skywatcher/skywatcher.py:332 gracefully_stop_motor: Stop motor
2026-02-15 22:58:45 [  INFO] 64882.806 SkyWatcherLX200.telemetry  /Users/v-korovin/Projects/multi_mount/src/skywatcher/skywatcher_lx200.py:61 _do_log_telemetry: RA=12:00:00 running=False mode=0 direction=1 speed=0 goto_active=False
2026-02-15 22:58:45 [  INFO] 64914.149 skywatcher  /Users/v-korovin/Projects/multi_mount/src/skywatcher/skywatcher.py:371 _set_motion: Set motion mode: SkyWatcherStatus(raw=3223856, running=False, initialized=True, slew_mode=<SlewMode.SLEW: 0>, direction=<Direction.FORWARD: 1>, speed_mode=<SpeedMode.LOWSPEED: 0>)
2026-02-15 22:58:45 [  INFO] 65007.821 skywatcher  /Users/v-korovin/Projects/multi_mount/src/skywatcher/skywatcher.py:384 _start_motor: Start motor
2026-02-15 22:58:45 [  INFO] 65027.484 skywatcher  /Users/v-korovin/Projects/multi_mount/src/skywatcher/skywatcher.py:475 start_tracking: Start tracking applied: rate=1.0
2026-02-15 22:58:45 [  INFO] 65039.778 SkyWatcherLX200  /Users/v-korovin/Projects/multi_mount/src/skywatcher/skywatcher_lx200.py:221 halt_all: Halt all RA movements done
2026-02-15 22:58:45 [  INFO] 65046.156 TMC2209LX200  /Users/v-korovin/Projects/multi_mount/src/tmc2209/tmc2209_lx200.py:181 halt_all: Halt all DEC movements
2026-02-15 22:58:45 [  INFO] 65057.728 tmc2209.adapter  /Users/v-korovin/Projects/multi_mount/src/tmc2209/tmc2209_adapter.py:308 halt: Halt request
2026-02-15 22:58:45 [  INFO] 65089.119 tmc2209.adapter  /Users/v-korovin/Projects/multi_mount/src/tmc2209/tmc2209_adapter.py:311 halt: Halt applied: stopping=True
2026-02-15 22:58:45 [  INFO] 65107.767 TMC2209LX200  /Users/v-korovin/Projects/multi_mount/src/tmc2209/tmc2209_lx200.py:183 halt_all: Halt all DEC movements done
2026-02-15 22:58:45 [WARNING] 65114.156 lx200  /Users/v-korovin/Projects/multi_mount/src/lx200/base.py:381 handle: Empty responce: Q HALT_ALL() -> ∅
2026-02-15 22:58:46 [  INFO] 65388.198 TMC2209LX200.telemetry  /Users/v-korovin/Projects/multi_mount/src/tmc2209/tmc2209_lx200.py:146 _do_log_telemetry: DEC=+27*25:55 raw_steps=6858 phase=deceleration target_set=True enabled=True
2026-02-15 22:58:46 [WARNING] 65643.322 root  /Users/v-korovin/Projects/multi_mount/src/tests/test_splitter_hw.py:517 _ensure_halted: 
================ TEST PREP END ================
AXES HALTED BEFORE TEST
===============================================
2026-02-15 22:58:46 [WARNING] 65680.944 root  /Users/v-korovin/Projects/multi_mount/src/tests/test_splitter_hw.py:682 test_hw_splitter_slew_to_target_reaches_goal: 
================ TEST START ===================
SLEW TO TARGET REACHES GOAL
RA DELTA: 1000.00s
DEC DELTA: -3.000deg
===============================================
2026-02-15 22:58:46 [WARNING] 65681.113 root  /Users/v-korovin/Projects/multi_mount/src/tests/test_splitter_hw.py:201 sync_known_position: 
================ SYNC START ===================
TARGET RA: 12:00:00
TARGET DEC: +25*00:00
===============================================
2026-02-15 22:58:46 [  INFO] 65681.219 lx200  /Users/v-korovin/Projects/multi_mount/src/lx200/base.py:370 handle: Get command Q HALT_ALL()
2026-02-15 22:58:46 [  INFO] 65693.433 SkyWatcherLX200  /Users/v-korovin/Projects/multi_mount/src/skywatcher/skywatcher_lx200.py:217 halt_all: Halt all RA movements
2026-02-15 22:58:46 [  INFO] 65693.502 skywatcher  /Users/v-korovin/Projects/multi_mount/src/skywatcher/skywatcher.py:332 gracefully_stop_motor: Stop motor
2026-02-15 22:58:46 [  INFO] 65723.603 skywatcher  /Users/v-korovin/Projects/multi_mount/src/skywatcher/skywatcher.py:479 resume_tracking: Resume tracking with last rate=1.0
2026-02-15 22:58:46 [  INFO] 65730.054 skywatcher  /Users/v-korovin/Projects/multi_mount/src/skywatcher/skywatcher.py:467 start_tracking: Start tracking request: rate=1.0
2026-02-15 22:58:46 [  INFO] 65749.438 skywatcher  /Users/v-korovin/Projects/multi_mount/src/skywatcher/skywatcher.py:459 set_ra_rate: Set RA rate: 1.0 * 1 (highspeed=False) mode=0 // period=110359
2026-02-15 22:58:46 [  INFO] 65767.633 skywatcher  /Users/v-korovin/Projects/multi_mount/src/skywatcher/skywatcher.py:332 gracefully_stop_motor: Stop motor
2026-02-15 22:58:46 [  INFO] 65825.057 skywatcher  /Users/v-korovin/Projects/multi_mount/src/skywatcher/skywatcher.py:371 _set_motion: Set motion mode: SkyWatcherStatus(raw=3223856, running=False, initialized=True, slew_mode=<SlewMode.SLEW: 0>, direction=<Direction.FORWARD: 1>, speed_mode=<SpeedMode.LOWSPEED: 0>)
2026-02-15 22:58:46 [  INFO] 65857.701 skywatcher  /Users/v-korovin/Projects/multi_mount/src/skywatcher/skywatcher.py:384 _start_motor: Start motor
2026-02-15 22:58:46 [  INFO] 65882.721 skywatcher  /Users/v-korovin/Projects/multi_mount/src/skywatcher/skywatcher.py:475 start_tracking: Start tracking applied: rate=1.0
2026-02-15 22:58:46 [  INFO] 65901.787 SkyWatcherLX200  /Users/v-korovin/Projects/multi_mount/src/skywatcher/skywatcher_lx200.py:221 halt_all: Halt all RA movements done
2026-02-15 22:58:46 [  INFO] 65908.206 TMC2209LX200  /Users/v-korovin/Projects/multi_mount/src/tmc2209/tmc2209_lx200.py:181 halt_all: Halt all DEC movements
2026-02-15 22:58:46 [  INFO] 65908.319 tmc2209.adapter  /Users/v-korovin/Projects/multi_mount/src/tmc2209/tmc2209_adapter.py:308 halt: Halt request
2026-02-15 22:58:46 [  INFO] 65957.791 tmc2209.adapter  /Users/v-korovin/Projects/multi_mount/src/tmc2209/tmc2209_adapter.py:311 halt: Halt applied: stopping=True
2026-02-15 22:58:46 [  INFO] 65958.028 TMC2209LX200  /Users/v-korovin/Projects/multi_mount/src/tmc2209/tmc2209_lx200.py:183 halt_all: Halt all DEC movements done
2026-02-15 22:58:46 [WARNING] 65964.278 lx200  /Users/v-korovin/Projects/multi_mount/src/lx200/base.py:381 handle: Empty responce: Q HALT_ALL() -> ∅
2026-02-15 22:58:46 [  INFO] 65977.586 lx200  /Users/v-korovin/Projects/multi_mount/src/lx200/base.py:370 handle: Get command GR GET_TELECOPE_RA()
2026-02-15 22:58:46 [  INFO] 65990.346 lx200  /Users/v-korovin/Projects/multi_mount/src/lx200/base.py:379 handle: Answer command GR GET_TELECOPE_RA() -> 12:00:01
2026-02-15 22:58:46 [  INFO] 65996.854 skywatcher  /Users/v-korovin/Projects/multi_mount/src/skywatcher/skywatcher.py:277 get_status: Mount status changed: raw 313130 -> 313131 running False -> True initialized True -> True slew_mode 0 -> 0 direction 1 -> 1 speed_mode 0 -> 0
2026-02-15 22:58:46 [  INFO] 65996.946 SkyWatcherLX200.telemetry  /Users/v-korovin/Projects/multi_mount/src/skywatcher/skywatcher_lx200.py:61 _do_log_telemetry: RA=12:00:01 running=True mode=0 direction=1 speed=0 goto_active=False
2026-02-15 22:58:47 [  INFO] 66505.516 TMC2209LX200.telemetry  /Users/v-korovin/Projects/multi_mount/src/tmc2209/tmc2209_lx200.py:146 _do_log_telemetry: DEC=+27*38:24 raw_steps=6910 phase=deceleration target_set=True enabled=True
2026-02-15 22:58:47 [  INFO] 67150.399 SkyWatcherLX200.telemetry  /Users/v-korovin/Projects/multi_mount/src/skywatcher/skywatcher_lx200.py:61 _do_log_telemetry: RA=12:00:01 running=True mode=0 direction=1 speed=0 goto_active=False
2026-02-15 22:58:48 [  INFO] 67505.680 lx200  /Users/v-korovin/Projects/multi_mount/src/lx200/base.py:370 handle: Get command GR GET_TELECOPE_RA()
2026-02-15 22:58:48 [  INFO] 67510.990 lx200  /Users/v-korovin/Projects/multi_mount/src/lx200/base.py:379 handle: Answer command GR GET_TELECOPE_RA() -> 12:00:01
2026-02-15 22:58:48 [  INFO] 67636.861 TMC2209LX200.telemetry  /Users/v-korovin/Projects/multi_mount/src/tmc2209/tmc2209_lx200.py:146 _do_log_telemetry: DEC=+27*48:14 raw_steps=6951 phase=deceleration target_set=True enabled=True
2026-02-15 22:58:48 [WARNING] 67734.526 root  /Users/v-korovin/Projects/multi_mount/src/tests/test_splitter_hw.py:131 _wait_until: 
================ POLLING START ================
TIMEOUT: 12.0s
CONDITION: DEC did not stop in time: phase=deceleration target_set=True speed=30.3
===============================================
2026-02-15 22:58:48 [  INFO] 68295.378 SkyWatcherLX200.telemetry  /Users/v-korovin/Projects/multi_mount/src/skywatcher/skywatcher_lx200.py:61 _do_log_telemetry: RA=12:00:01 running=True mode=0 direction=1 speed=0 goto_active=False
2026-02-15 22:58:49 [  INFO] 68706.981 TMC2209LX200.telemetry  /Users/v-korovin/Projects/multi_mount/src/tmc2209/tmc2209_lx200.py:146 _do_log_telemetry: DEC=+27*55:12 raw_steps=6980 phase=deceleration target_set=True enabled=True
2026-02-15 22:58:50 [  INFO] 69424.441 SkyWatcherLX200.telemetry  /Users/v-korovin/Projects/multi_mount/src/skywatcher/skywatcher_lx200.py:61 _do_log_telemetry: RA=12:00:01 running=True mode=0 direction=1 speed=0 goto_active=False
2026-02-15 22:58:50 [  INFO] 69899.272 TMC2209LX200.telemetry  /Users/v-korovin/Projects/multi_mount/src/tmc2209/tmc2209_lx200.py:146 _do_log_telemetry: DEC=+27*59:02 raw_steps=6996 phase=deceleration target_set=True enabled=True
2026-02-15 22:58:51 [  INFO] 70406.902 tmc2209.adapter  /Users/v-korovin/Projects/multi_mount/src/tmc2209/tmc2209_adapter.py:206 status: Status changed: initialised True -> True enabled True -> True phase deceleration -> hold target_set True -> False
2026-02-15 22:58:51 [WARNING] 70413.442 root  /Users/v-korovin/Projects/multi_mount/src/tests/test_splitter_hw.py:143 _wait_until: 
================ POLLING END ==================
RESULT: SUCCESS
ELAPSED: 2.67s
===============================================
2026-02-15 22:58:51 [  INFO] 70431.891 lx200  /Users/v-korovin/Projects/multi_mount/src/lx200/base.py:370 handle: Get command GD GET_TELESCOPE_DEC()
2026-02-15 22:58:51 [  INFO] 70645.550 lx200  /Users/v-korovin/Projects/multi_mount/src/lx200/base.py:379 handle: Answer command GD GET_TELESCOPE_DEC() -> +28*00:00
2026-02-15 22:58:51 [  INFO] 70689.081 SkyWatcherLX200.telemetry  /Users/v-korovin/Projects/multi_mount/src/skywatcher/skywatcher_lx200.py:61 _do_log_telemetry: RA=12:00:01 running=True mode=0 direction=1 speed=0 goto_active=False
2026-02-15 22:58:51 [  INFO] 71009.498 TMC2209LX200.telemetry  /Users/v-korovin/Projects/multi_mount/src/tmc2209/tmc2209_lx200.py:146 _do_log_telemetry: DEC=+28*00:00 raw_steps=7000 phase=hold target_set=False enabled=True
2026-02-15 22:58:52 [  INFO] 71803.167 SkyWatcherLX200.telemetry  /Users/v-korovin/Projects/multi_mount/src/skywatcher/skywatcher_lx200.py:61 _do_log_telemetry: RA=12:00:01 running=True mode=0 direction=1 speed=0 goto_active=False
2026-02-15 22:58:52 [  INFO] 72169.378 lx200  /Users/v-korovin/Projects/multi_mount/src/lx200/base.py:370 handle: Get command GD GET_TELESCOPE_DEC()
2026-02-15 22:58:52 [  INFO] 72182.314 TMC2209LX200.telemetry  /Users/v-korovin/Projects/multi_mount/src/tmc2209/tmc2209_lx200.py:146 _do_log_telemetry: DEC=+28*00:00 raw_steps=7000 phase=hold target_set=False enabled=True
2026-02-15 22:58:52 [  INFO] 72252.681 lx200  /Users/v-korovin/Projects/multi_mount/src/lx200/base.py:379 handle: Answer command GD GET_TELESCOPE_DEC() -> +28*00:00
2026-02-15 22:58:53 [  INFO] 72769.808 lx200  /Users/v-korovin/Projects/multi_mount/src/lx200/base.py:370 handle: Get command Sr SET_TELESCOPE_RA(12:00:00)
2026-02-15 22:58:53 [  INFO] 72775.802 lx200  /Users/v-korovin/Projects/multi_mount/src/lx200/base.py:379 handle: Answer command Sr SET_TELESCOPE_RA(12:00:00) -> True
2026-02-15 22:58:53 [  INFO] 72788.598 lx200  /Users/v-korovin/Projects/multi_mount/src/lx200/base.py:370 handle: Get command Sd SET_TELESCOPE_DEC(+25*00:00)
2026-02-15 22:58:53 [  INFO] 72807.814 lx200  /Users/v-korovin/Projects/multi_mount/src/lx200/base.py:379 handle: Answer command Sd SET_TELESCOPE_DEC(+25*00:00) -> True
2026-02-15 22:58:53 [  INFO] 72826.932 lx200  /Users/v-korovin/Projects/multi_mount/src/lx200/base.py:370 handle: Get command CM SYNC()
2026-02-15 22:58:53 [  INFO] 72833.385 SkyWatcherLX200  /Users/v-korovin/Projects/multi_mount/src/skywatcher/skywatcher_lx200.py:208 sync_telescope_ra: Sync RA to 12:00:00
2026-02-15 22:58:53 [  INFO] 73007.576 SkyWatcherLX200.telemetry  /Users/v-korovin/Projects/multi_mount/src/skywatcher/skywatcher_lx200.py:61 _do_log_telemetry: RA=12:00:01 running=True mode=0 direction=1 speed=0 goto_active=False
2026-02-15 22:58:53 [  INFO] 73039.122 TMC2209LX200  /Users/v-korovin/Projects/multi_mount/src/tmc2209/tmc2209_lx200.py:174 sync_telescope_dec: Sync DEC to +25*00:00
2026-02-15 22:58:53 [  INFO] 73045.573 tmc2209.adapter  /Users/v-korovin/Projects/multi_mount/src/tmc2209/tmc2209_adapter.py:250 set_position: Set position request: position=6250
2026-02-15 22:58:53 [  INFO] 73089.074 tmc2209.adapter  /Users/v-korovin/Projects/multi_mount/src/tmc2209/tmc2209_adapter.py:253 set_position: Set position applied: position=6250
2026-02-15 22:58:53 [  INFO] 73095.555 TMC2209LX200  /Users/v-korovin/Projects/multi_mount/src/tmc2209/tmc2209_lx200.py:177 sync_telescope_dec: Sync DEC applied: steps=6250
2026-02-15 22:58:53 [  INFO] 73107.912 lx200  /Users/v-korovin/Projects/multi_mount/src/lx200/base.py:379 handle: Answer command CM SYNC() -> OK
2026-02-15 22:58:53 [  INFO] 73108.042 lx200  /Users/v-korovin/Projects/multi_mount/src/lx200/base.py:370 handle: Get command GR GET_TELECOPE_RA()
2026-02-15 22:58:53 [  INFO] 73114.451 lx200  /Users/v-korovin/Projects/multi_mount/src/lx200/base.py:379 handle: Answer command GR GET_TELECOPE_RA() -> 12:00:00
2026-02-15 22:58:53 [WARNING] 73127.255 root  /Users/v-korovin/Projects/multi_mount/src/tests/test_splitter_hw.py:131 _wait_until: 
================ POLLING START ================
TIMEOUT: 10.0s
CONDITION: RA did not reach target in time: current=12:00:00 target=12:00:00 distance=0.00s
===============================================
2026-02-15 22:58:53 [  INFO] 73146.402 lx200  /Users/v-korovin/Projects/multi_mount/src/lx200/base.py:370 handle: Get command GR GET_TELECOPE_RA()
2026-02-15 22:58:53 [  INFO] 73159.242 lx200  /Users/v-korovin/Projects/multi_mount/src/lx200/base.py:379 handle: Answer command GR GET_TELECOPE_RA() -> 12:00:00
2026-02-15 22:58:53 [WARNING] 73165.241 root  /Users/v-korovin/Projects/multi_mount/src/tests/test_splitter_hw.py:143 _wait_until: 
================ POLLING END ==================
RESULT: SUCCESS
ELAPSED: 0.02s
===============================================
2026-02-15 22:58:53 [  INFO] 73184.358 lx200  /Users/v-korovin/Projects/multi_mount/src/lx200/base.py:370 handle: Get command GD GET_TELESCOPE_DEC()
2026-02-15 22:58:54 [  INFO] 73337.090 TMC2209LX200.telemetry  /Users/v-korovin/Projects/multi_mount/src/tmc2209/tmc2209_lx200.py:146 _do_log_telemetry: DEC=+25*00:00 raw_steps=6250 phase=hold target_set=False enabled=True
2026-02-15 22:58:54 [  INFO] 73405.730 lx200  /Users/v-korovin/Projects/multi_mount/src/lx200/base.py:379 handle: Answer command GD GET_TELESCOPE_DEC() -> +25*00:00
2026-02-15 22:58:54 [WARNING] 73405.899 root  /Users/v-korovin/Projects/multi_mount/src/tests/test_splitter_hw.py:131 _wait_until: 
================ POLLING START ================
TIMEOUT: 10.0s
CONDITION: DEC did not reach target in time: current=+25*00:00 target=+25*00:00 distance=0.000deg
===============================================
2026-02-15 22:58:54 [  INFO] 73411.414 lx200  /Users/v-korovin/Projects/multi_mount/src/lx200/base.py:370 handle: Get command GD GET_TELESCOPE_DEC()
2026-02-15 22:58:54 [  INFO] 73462.532 lx200  /Users/v-korovin/Projects/multi_mount/src/lx200/base.py:379 handle: Answer command GD GET_TELESCOPE_DEC() -> +25*00:00
2026-02-15 22:58:54 [WARNING] 73469.005 root  /Users/v-korovin/Projects/multi_mount/src/tests/test_splitter_hw.py:143 _wait_until: 
================ POLLING END ==================
RESULT: SUCCESS
ELAPSED: 0.06s
===============================================
2026-02-15 22:58:54 [  INFO] 73469.136 lx200  /Users/v-korovin/Projects/multi_mount/src/lx200/base.py:370 handle: Get command GR GET_TELECOPE_RA()
2026-02-15 22:58:54 [  INFO] 73475.567 lx200  /Users/v-korovin/Projects/multi_mount/src/lx200/base.py:379 handle: Answer command GR GET_TELECOPE_RA() -> 12:00:00
2026-02-15 22:58:54 [  INFO] 73481.981 lx200  /Users/v-korovin/Projects/multi_mount/src/lx200/base.py:370 handle: Get command GD GET_TELESCOPE_DEC()
2026-02-15 22:58:54 [  INFO] 73514.303 lx200  /Users/v-korovin/Projects/multi_mount/src/lx200/base.py:379 handle: Answer command GD GET_TELESCOPE_DEC() -> +25*00:00
2026-02-15 22:58:54 [WARNING] 73520.332 root  /Users/v-korovin/Projects/multi_mount/src/tests/test_splitter_hw.py:218 sync_known_position: 
================ SYNC END =====================
RA: 12:00:00
DEC: +25*00:00
===============================================
2026-02-15 22:58:54 [  INFO] 73520.413 lx200  /Users/v-korovin/Projects/multi_mount/src/lx200/base.py:370 handle: Get command GR GET_TELECOPE_RA()
2026-02-15 22:58:54 [  INFO] 73520.470 lx200  /Users/v-korovin/Projects/multi_mount/src/lx200/base.py:379 handle: Answer command GR GET_TELECOPE_RA() -> 12:00:00
2026-02-15 22:58:54 [  INFO] 73520.578 lx200  /Users/v-korovin/Projects/multi_mount/src/lx200/base.py:370 handle: Get command GD GET_TELESCOPE_DEC()
2026-02-15 22:58:54 [  INFO] 73589.300 lx200  /Users/v-korovin/Projects/multi_mount/src/lx200/base.py:379 handle: Answer command GD GET_TELESCOPE_DEC() -> +25*00:00
2026-02-15 22:58:54 [WARNING] 73607.893 root  /Users/v-korovin/Projects/multi_mount/src/tests/test_splitter_hw.py:701 test_hw_splitter_slew_to_target_reaches_goal: 
================ SLEW START ===================
TARGET RA: 12:16:40
TARGET DEC: +22*00:00
===============================================
2026-02-15 22:58:54 [  INFO] 73614.367 lx200  /Users/v-korovin/Projects/multi_mount/src/lx200/base.py:370 handle: Get command RM SET_SLEW_TO_FIND()
2026-02-15 22:58:54 [  INFO] 73639.058 TMC2209LX200  /Users/v-korovin/Projects/multi_mount/src/tmc2209/tmc2209_lx200.py:224 set_slew_to_find: Set slew mode to find
2026-02-15 22:58:54 [WARNING] 73651.498 lx200  /Users/v-korovin/Projects/multi_mount/src/lx200/base.py:381 handle: Empty responce: RM SET_SLEW_TO_FIND() -> ∅
2026-02-15 22:58:54 [  INFO] 73657.883 lx200  /Users/v-korovin/Projects/multi_mount/src/lx200/base.py:370 handle: Get command Sr SET_TELESCOPE_RA(12:16:40)
2026-02-15 22:58:54 [  INFO] 73676.960 lx200  /Users/v-korovin/Projects/multi_mount/src/lx200/base.py:379 handle: Answer command Sr SET_TELESCOPE_RA(12:16:40) -> True
2026-02-15 22:58:54 [  INFO] 73682.780 lx200  /Users/v-korovin/Projects/multi_mount/src/lx200/base.py:370 handle: Get command Sd SET_TELESCOPE_DEC(+22*00:00)
2026-02-15 22:58:54 [  INFO] 73682.845 lx200  /Users/v-korovin/Projects/multi_mount/src/lx200/base.py:379 handle: Answer command Sd SET_TELESCOPE_DEC(+22*00:00) -> True
2026-02-15 22:58:54 [  INFO] 73689.213 lx200  /Users/v-korovin/Projects/multi_mount/src/lx200/base.py:370 handle: Get command MS SLEW()
2026-02-15 22:58:54 [  INFO] 73695.568 SkyWatcherLX200  /Users/v-korovin/Projects/multi_mount/src/skywatcher/skywatcher_lx200.py:225 slew_to_ra: Queue GOTO RA to 12:16:40
2026-02-15 22:58:54 [  INFO] 73701.943 TMC2209LX200  /Users/v-korovin/Projects/multi_mount/src/tmc2209/tmc2209_lx200.py:187 slew_to_dec: Start DEC GOTO to +22*00:00
2026-02-15 22:58:54 [  INFO] 73792.767 TMC2209LX200  /Users/v-korovin/Projects/multi_mount/src/tmc2209/tmc2209_lx200.py:196 slew_to_dec: DEC GOTO details: current_steps=6250 target_steps=5500 delta_steps=-750 profile=(microsteps=2 speed=5000 accel=10)
2026-02-15 22:58:54 [  INFO] 73799.213 TMC2209LX200  /Users/v-korovin/Projects/multi_mount/src/tmc2209/tmc2209_lx200.py:295 _apply_profile: Apply profile: microsteps=2 speed=5000 accel=10
2026-02-15 22:58:54 [  INFO] 73804.540 tmc2209.adapter  /Users/v-korovin/Projects/multi_mount/src/tmc2209/tmc2209_adapter.py:275 set_speed_sps: Set speed request: speed_sps=5000
2026-02-15 22:58:54 [  INFO] 73829.336 tmc2209.adapter  /Users/v-korovin/Projects/multi_mount/src/tmc2209/tmc2209_adapter.py:278 set_speed_sps: Set speed applied: speed_sps=5000.0
2026-02-15 22:58:54 [  INFO] 73829.420 tmc2209.adapter  /Users/v-korovin/Projects/multi_mount/src/tmc2209/tmc2209_adapter.py:286 set_acceleration_steps_per_ms: Set acceleration request: accel_steps_per_ms=10
2026-02-15 22:58:54 [  INFO] 73848.553 tmc2209.adapter  /Users/v-korovin/Projects/multi_mount/src/tmc2209/tmc2209_adapter.py:289 set_acceleration_steps_per_ms: Set acceleration applied: accel_steps_per_ms=10.0
2026-02-15 22:58:54 [  INFO] 73861.236 tmc2209.adapter  /Users/v-korovin/Projects/multi_mount/src/tmc2209/tmc2209_adapter.py:293 set_target: Set target request: target=5500
2026-02-15 22:58:54 [  INFO] 73905.681 tmc2209.adapter  /Users/v-korovin/Projects/multi_mount/src/tmc2209/tmc2209_adapter.py:297 set_target: Set target applied: target=5500 target_set=True
2026-02-15 22:58:54 [  INFO] 73912.130 tmc2209.adapter  /Users/v-korovin/Projects/multi_mount/src/tmc2209/tmc2209_adapter.py:301 run: Run request
2026-02-15 22:58:54 [  INFO] 73937.301 tmc2209.adapter  /Users/v-korovin/Projects/multi_mount/src/tmc2209/tmc2209_adapter.py:304 run: Run applied: running=True
2026-02-15 22:58:54 [  INFO] 73949.456 TMC2209LX200  /Users/v-korovin/Projects/multi_mount/src/tmc2209/tmc2209_lx200.py:210 slew_to_dec: DEC GOTO started: target_steps=5500
2026-02-15 22:58:54 [  INFO] 73955.950 lx200  /Users/v-korovin/Projects/multi_mount/src/lx200/base.py:379 handle: Answer command MS SLEW() -> False
2026-02-15 22:58:54 [WARNING] 73962.332 root  /Users/v-korovin/Projects/multi_mount/src/tests/test_splitter_hw.py:234 wait_ra_moved: 
================ POLLING START ================
WAIT RA MOVED
START: 12:00:00
EXPECTED SIGN: 1
MIN DELTA: 2.00s
TIMEOUT: 10.0s
===============================================
2026-02-15 22:58:54 [  INFO] 73962.424 lx200  /Users/v-korovin/Projects/multi_mount/src/lx200/base.py:370 handle: Get command GR GET_TELECOPE_RA()
2026-02-15 22:58:54 [  INFO] 73962.477 lx200  /Users/v-korovin/Projects/multi_mount/src/lx200/base.py:379 handle: Answer command GR GET_TELECOPE_RA() -> 12:00:00
2026-02-15 22:58:54 [  INFO] 74174.351 lx200  /Users/v-korovin/Projects/multi_mount/src/lx200/base.py:370 handle: Get command GR GET_TELECOPE_RA()
2026-02-15 22:58:54 [  INFO] 74193.372 SkyWatcherLX200.telemetry  /Users/v-korovin/Projects/multi_mount/src/skywatcher/skywatcher_lx200.py:61 _do_log_telemetry: RA=12:00:00 running=True mode=0 direction=1 speed=0 goto_active=True
2026-02-15 22:58:54 [  INFO] 74199.548 lx200  /Users/v-korovin/Projects/multi_mount/src/lx200/base.py:379 handle: Answer command GR GET_TELECOPE_RA() -> 12:00:00
2026-02-15 22:58:55 [  INFO] 74397.501 tmc2209.adapter  /Users/v-korovin/Projects/multi_mount/src/tmc2209/tmc2209_adapter.py:206 status: Status changed: initialised True -> True enabled True -> True phase hold -> acceleration target_set False -> True
2026-02-15 22:58:55 [  INFO] 74403.962 TMC2209LX200.telemetry  /Users/v-korovin/Projects/multi_mount/src/tmc2209/tmc2209_lx200.py:146 _do_log_telemetry: DEC=+25*00:00 raw_steps=6250 phase=acceleration target_set=True enabled=True
2026-02-15 22:58:55 [  INFO] 74442.587 lx200  /Users/v-korovin/Projects/multi_mount/src/lx200/base.py:370 handle: Get command GR GET_TELECOPE_RA()
2026-02-15 22:58:55 [  INFO] 74442.712 lx200  /Users/v-korovin/Projects/multi_mount/src/lx200/base.py:379 handle: Answer command GR GET_TELECOPE_RA() -> 12:00:00
2026-02-15 22:58:55 [  INFO] 74654.121 lx200  /Users/v-korovin/Projects/multi_mount/src/lx200/base.py:370 handle: Get command GR GET_TELECOPE_RA()
2026-02-15 22:58:55 [  INFO] 74660.564 lx200  /Users/v-korovin/Projects/multi_mount/src/lx200/base.py:379 handle: Answer command GR GET_TELECOPE_RA() -> 12:00:00
2026-02-15 22:58:55 [  INFO] 74876.751 lx200  /Users/v-korovin/Projects/multi_mount/src/lx200/base.py:370 handle: Get command GR GET_TELECOPE_RA()
2026-02-15 22:58:55 [  INFO] 74882.741 lx200  /Users/v-korovin/Projects/multi_mount/src/lx200/base.py:379 handle: Answer command GR GET_TELECOPE_RA() -> 12:00:00
2026-02-15 22:58:55 [  INFO] 75100.425 lx200  /Users/v-korovin/Projects/multi_mount/src/lx200/base.py:370 handle: Get command GR GET_TELECOPE_RA()
2026-02-15 22:58:55 [  INFO] 75106.917 lx200  /Users/v-korovin/Projects/multi_mount/src/lx200/base.py:379 handle: Answer command GR GET_TELECOPE_RA() -> 12:00:00
2026-02-15 22:58:55 [  INFO] 75299.414 SkyWatcherLX200.telemetry  /Users/v-korovin/Projects/multi_mount/src/skywatcher/skywatcher_lx200.py:61 _do_log_telemetry: RA=12:00:00 running=True mode=0 direction=1 speed=0 goto_active=True
2026-02-15 22:58:56 [  INFO] 75330.641 lx200  /Users/v-korovin/Projects/multi_mount/src/lx200/base.py:370 handle: Get command GR GET_TELECOPE_RA()
2026-02-15 22:58:56 [  INFO] 75337.603 lx200  /Users/v-korovin/Projects/multi_mount/src/lx200/base.py:379 handle: Answer command GR GET_TELECOPE_RA() -> 12:00:00
2026-02-15 22:58:56 [  INFO] 75472.486 TMC2209LX200.telemetry  /Users/v-korovin/Projects/multi_mount/src/tmc2209/tmc2209_lx200.py:146 _do_log_telemetry: DEC=+24*57:22 raw_steps=6239 phase=acceleration target_set=True enabled=True
2026-02-15 22:58:56 [  INFO] 75558.376 lx200  /Users/v-korovin/Projects/multi_mount/src/lx200/base.py:370 handle: Get command GR GET_TELECOPE_RA()
2026-02-15 22:58:56 [  INFO] 75571.099 lx200  /Users/v-korovin/Projects/multi_mount/src/lx200/base.py:379 handle: Answer command GR GET_TELECOPE_RA() -> 12:00:00
2026-02-15 22:58:56 [  INFO] 75794.987 lx200  /Users/v-korovin/Projects/multi_mount/src/lx200/base.py:370 handle: Get command GR GET_TELECOPE_RA()
2026-02-15 22:58:56 [  INFO] 75801.447 lx200  /Users/v-korovin/Projects/multi_mount/src/lx200/base.py:379 handle: Answer command GR GET_TELECOPE_RA() -> 12:00:00
2026-02-15 22:58:56 [  INFO] 76012.874 lx200  /Users/v-korovin/Projects/multi_mount/src/lx200/base.py:370 handle: Get command GR GET_TELECOPE_RA()
2026-02-15 22:58:56 [  INFO] 76019.343 lx200  /Users/v-korovin/Projects/multi_mount/src/lx200/base.py:379 handle: Answer command GR GET_TELECOPE_RA() -> 12:00:00
2026-02-15 22:58:56 [  INFO] 76230.625 lx200  /Users/v-korovin/Projects/multi_mount/src/lx200/base.py:370 handle: Get command GR GET_TELECOPE_RA()
2026-02-15 22:58:56 [  INFO] 76237.085 lx200  /Users/v-korovin/Projects/multi_mount/src/lx200/base.py:379 handle: Answer command GR GET_TELECOPE_RA() -> 12:00:00
2026-02-15 22:58:57 [  INFO] 76421.943 SkyWatcherLX200.telemetry  /Users/v-korovin/Projects/multi_mount/src/skywatcher/skywatcher_lx200.py:61 _do_log_telemetry: RA=12:00:00 running=True mode=0 direction=1 speed=0 goto_active=True
2026-02-15 22:58:57 [  INFO] 76454.763 lx200  /Users/v-korovin/Projects/multi_mount/src/lx200/base.py:370 handle: Get command GR GET_TELECOPE_RA()
2026-02-15 22:58:57 [  INFO] 76480.108 lx200  /Users/v-korovin/Projects/multi_mount/src/lx200/base.py:379 handle: Answer command GR GET_TELECOPE_RA() -> 12:00:00
2026-02-15 22:58:57 [  INFO] 76566.074 TMC2209LX200.telemetry  /Users/v-korovin/Projects/multi_mount/src/tmc2209/tmc2209_lx200.py:146 _do_log_telemetry: DEC=+24*52:05 raw_steps=6217 phase=acceleration target_set=True enabled=True
2026-02-15 22:58:57 [  INFO] 76706.741 lx200  /Users/v-korovin/Projects/multi_mount/src/lx200/base.py:370 handle: Get command GR GET_TELECOPE_RA()
2026-02-15 22:58:57 [  INFO] 76713.423 lx200  /Users/v-korovin/Projects/multi_mount/src/lx200/base.py:379 handle: Answer command GR GET_TELECOPE_RA() -> 12:00:00
2026-02-15 22:58:57 [  INFO] 76930.652 lx200  /Users/v-korovin/Projects/multi_mount/src/lx200/base.py:370 handle: Get command GR GET_TELECOPE_RA()
2026-02-15 22:58:57 [  INFO] 76937.115 lx200  /Users/v-korovin/Projects/multi_mount/src/lx200/base.py:379 handle: Answer command GR GET_TELECOPE_RA() -> 12:00:00
2026-02-15 22:58:57 [  INFO] 77154.785 lx200  /Users/v-korovin/Projects/multi_mount/src/lx200/base.py:370 handle: Get command GR GET_TELECOPE_RA()
2026-02-15 22:58:57 [  INFO] 77161.260 lx200  /Users/v-korovin/Projects/multi_mount/src/lx200/base.py:379 handle: Answer command GR GET_TELECOPE_RA() -> 12:00:00
2026-02-15 22:58:58 [  INFO] 77375.663 lx200  /Users/v-korovin/Projects/multi_mount/src/lx200/base.py:370 handle: Get command GR GET_TELECOPE_RA()
2026-02-15 22:58:58 [  INFO] 77381.742 lx200  /Users/v-korovin/Projects/multi_mount/src/lx200/base.py:379 handle: Answer command GR GET_TELECOPE_RA() -> 12:00:00
2026-02-15 22:58:58 [  INFO] 77552.925 SkyWatcherLX200.telemetry  /Users/v-korovin/Projects/multi_mount/src/skywatcher/skywatcher_lx200.py:61 _do_log_telemetry: RA=12:00:00 running=True mode=0 direction=1 speed=0 goto_active=True
2026-02-15 22:58:58 [  INFO] 77599.486 lx200  /Users/v-korovin/Projects/multi_mount/src/lx200/base.py:370 handle: Get command GR GET_TELECOPE_RA()
2026-02-15 22:58:58 [  INFO] 77624.374 lx200  /Users/v-korovin/Projects/multi_mount/src/lx200/base.py:379 handle: Answer command GR GET_TELECOPE_RA() -> 12:00:00
2026-02-15 22:58:58 [  INFO] 77643.692 TMC2209LX200.telemetry  /Users/v-korovin/Projects/multi_mount/src/tmc2209/tmc2209_lx200.py:146 _do_log_telemetry: DEC=+24*44:10 raw_steps=6184 phase=acceleration target_set=True enabled=True
2026-02-15 22:58:58 [  INFO] 77838.993 lx200  /Users/v-korovin/Projects/multi_mount/src/lx200/base.py:370 handle: Get command GR GET_TELECOPE_RA()
2026-02-15 22:58:58 [  INFO] 77845.443 lx200  /Users/v-korovin/Projects/multi_mount/src/lx200/base.py:379 handle: Answer command GR GET_TELECOPE_RA() -> 12:00:00
2026-02-15 22:58:58 [  INFO] 78063.141 lx200  /Users/v-korovin/Projects/multi_mount/src/lx200/base.py:370 handle: Get command GR GET_TELECOPE_RA()
2026-02-15 22:58:58 [  INFO] 78069.465 lx200  /Users/v-korovin/Projects/multi_mount/src/lx200/base.py:379 handle: Answer command GR GET_TELECOPE_RA() -> 12:00:00
2026-02-15 22:58:58 [  INFO] 78293.517 lx200  /Users/v-korovin/Projects/multi_mount/src/lx200/base.py:370 handle: Get command GR GET_TELECOPE_RA()
2026-02-15 22:58:58 [  INFO] 78299.784 lx200  /Users/v-korovin/Projects/multi_mount/src/lx200/base.py:379 handle: Answer command GR GET_TELECOPE_RA() -> 12:00:00
2026-02-15 22:58:59 [  INFO] 78513.981 lx200  /Users/v-korovin/Projects/multi_mount/src/lx200/base.py:370 handle: Get command GR GET_TELECOPE_RA()
2026-02-15 22:58:59 [  INFO] 78520.483 lx200  /Users/v-korovin/Projects/multi_mount/src/lx200/base.py:379 handle: Answer command GR GET_TELECOPE_RA() -> 12:00:00
2026-02-15 22:58:59 [  INFO] 78664.881 SkyWatcherLX200.telemetry  /Users/v-korovin/Projects/multi_mount/src/skywatcher/skywatcher_lx200.py:61 _do_log_telemetry: RA=12:00:00 running=True mode=0 direction=1 speed=0 goto_active=True
2026-02-15 22:58:59 [  INFO] 78721.781 TMC2209LX200.telemetry  /Users/v-korovin/Projects/multi_mount/src/tmc2209/tmc2209_lx200.py:146 _do_log_telemetry: DEC=+24*33:07 raw_steps=6138 phase=acceleration target_set=True enabled=True
2026-02-15 22:58:59 [  INFO] 78728.248 lx200  /Users/v-korovin/Projects/multi_mount/src/lx200/base.py:370 handle: Get command GR GET_TELECOPE_RA()
2026-02-15 22:58:59 [  INFO] 78734.700 lx200  /Users/v-korovin/Projects/multi_mount/src/lx200/base.py:379 handle: Answer command GR GET_TELECOPE_RA() -> 12:00:00
2026-02-15 22:58:59 [  INFO] 78949.409 lx200  /Users/v-korovin/Projects/multi_mount/src/lx200/base.py:370 handle: Get command GR GET_TELECOPE_RA()
2026-02-15 22:58:59 [  INFO] 78955.842 lx200  /Users/v-korovin/Projects/multi_mount/src/lx200/base.py:379 handle: Answer command GR GET_TELECOPE_RA() -> 12:00:00
2026-02-15 22:58:59 [  INFO] 79163.980 lx200  /Users/v-korovin/Projects/multi_mount/src/lx200/base.py:370 handle: Get command GR GET_TELECOPE_RA()
2026-02-15 22:58:59 [  INFO] 79170.469 lx200  /Users/v-korovin/Projects/multi_mount/src/lx200/base.py:379 handle: Answer command GR GET_TELECOPE_RA() -> 12:00:00
2026-02-15 22:59:00 [  INFO] 79381.919 lx200  /Users/v-korovin/Projects/multi_mount/src/lx200/base.py:370 handle: Get command GR GET_TELECOPE_RA()
2026-02-15 22:59:00 [  INFO] 79388.489 lx200  /Users/v-korovin/Projects/multi_mount/src/lx200/base.py:379 handle: Answer command GR GET_TELECOPE_RA() -> 12:00:00
2026-02-15 22:59:00 [  INFO] 79605.603 lx200  /Users/v-korovin/Projects/multi_mount/src/lx200/base.py:370 handle: Get command GR GET_TELECOPE_RA()
2026-02-15 22:59:00 [  INFO] 79612.068 lx200  /Users/v-korovin/Projects/multi_mount/src/lx200/base.py:379 handle: Answer command GR GET_TELECOPE_RA() -> 12:00:00
2026-02-15 22:59:00 [  INFO] 79812.163 SkyWatcherLX200.telemetry  /Users/v-korovin/Projects/multi_mount/src/skywatcher/skywatcher_lx200.py:61 _do_log_telemetry: RA=12:00:00 running=True mode=0 direction=1 speed=0 goto_active=True
2026-02-15 22:59:00 [  INFO] 79824.968 lx200  /Users/v-korovin/Projects/multi_mount/src/lx200/base.py:370 handle: Get command GR GET_TELECOPE_RA()
2026-02-15 22:59:00 [  INFO] 79825.065 lx200  /Users/v-korovin/Projects/multi_mount/src/lx200/base.py:379 handle: Answer command GR GET_TELECOPE_RA() -> 12:00:00
2026-02-15 22:59:00 [  INFO] 79868.725 TMC2209LX200.telemetry  /Users/v-korovin/Projects/multi_mount/src/tmc2209/tmc2209_lx200.py:146 _do_log_telemetry: DEC=+24*19:26 raw_steps=6081 phase=acceleration target_set=True enabled=True
2026-02-15 22:59:00 [  INFO] 80034.494 lx200  /Users/v-korovin/Projects/multi_mount/src/lx200/base.py:370 handle: Get command GR GET_TELECOPE_RA()
2026-02-15 22:59:00 [  INFO] 80040.952 lx200  /Users/v-korovin/Projects/multi_mount/src/lx200/base.py:379 handle: Answer command GR GET_TELECOPE_RA() -> 12:00:00
2026-02-15 22:59:00 [  INFO] 80255.646 lx200  /Users/v-korovin/Projects/multi_mount/src/lx200/base.py:370 handle: Get command GR GET_TELECOPE_RA()
2026-02-15 22:59:00 [  INFO] 80262.130 lx200  /Users/v-korovin/Projects/multi_mount/src/lx200/base.py:379 handle: Answer command GR GET_TELECOPE_RA() -> 12:00:00
2026-02-15 22:59:01 [  INFO] 80485.655 lx200  /Users/v-korovin/Projects/multi_mount/src/lx200/base.py:370 handle: Get command GR GET_TELECOPE_RA()
2026-02-15 22:59:01 [  INFO] 80491.047 lx200  /Users/v-korovin/Projects/multi_mount/src/lx200/base.py:379 handle: Answer command GR GET_TELECOPE_RA() -> 12:00:00
2026-02-15 22:59:01 [  INFO] 80721.385 lx200  /Users/v-korovin/Projects/multi_mount/src/lx200/base.py:370 handle: Get command GR GET_TELECOPE_RA()
2026-02-15 22:59:01 [  INFO] 80727.885 lx200  /Users/v-korovin/Projects/multi_mount/src/lx200/base.py:379 handle: Answer command GR GET_TELECOPE_RA() -> 12:00:00
2026-02-15 22:59:01 [  INFO] 80938.353 lx200  /Users/v-korovin/Projects/multi_mount/src/lx200/base.py:370 handle: Get command GR GET_TELECOPE_RA()
2026-02-15 22:59:01 [  INFO] 80963.096 lx200  /Users/v-korovin/Projects/multi_mount/src/lx200/base.py:379 handle: Answer command GR GET_TELECOPE_RA() -> 12:00:00
2026-02-15 22:59:01 [  INFO] 80988.580 TMC2209LX200.telemetry  /Users/v-korovin/Projects/multi_mount/src/tmc2209/tmc2209_lx200.py:146 _do_log_telemetry: DEC=+24*01:55 raw_steps=6008 phase=acceleration target_set=True enabled=True
2026-02-15 22:59:01 [  INFO] 81020.392 SkyWatcherLX200.telemetry  /Users/v-korovin/Projects/multi_mount/src/skywatcher/skywatcher_lx200.py:61 _do_log_telemetry: RA=12:00:00 running=True mode=0 direction=1 speed=0 goto_active=True
2026-02-15 22:59:01 [  INFO] 81193.514 lx200  /Users/v-korovin/Projects/multi_mount/src/lx200/base.py:370 handle: Get command GR GET_TELECOPE_RA()
2026-02-15 22:59:01 [  INFO] 81199.461 lx200  /Users/v-korovin/Projects/multi_mount/src/lx200/base.py:379 handle: Answer command GR GET_TELECOPE_RA() -> 12:00:00
2026-02-15 22:59:02 [  INFO] 81413.953 lx200  /Users/v-korovin/Projects/multi_mount/src/lx200/base.py:370 handle: Get command GR GET_TELECOPE_RA()
2026-02-15 22:59:02 [  INFO] 81420.611 lx200  /Users/v-korovin/Projects/multi_mount/src/lx200/base.py:379 handle: Answer command GR GET_TELECOPE_RA() -> 12:00:00
2026-02-15 22:59:02 [  INFO] 81638.301 lx200  /Users/v-korovin/Projects/multi_mount/src/lx200/base.py:370 handle: Get command GR GET_TELECOPE_RA()
2026-02-15 22:59:02 [  INFO] 81644.786 lx200  /Users/v-korovin/Projects/multi_mount/src/lx200/base.py:379 handle: Answer command GR GET_TELECOPE_RA() -> 12:00:00
2026-02-15 22:59:02 [  INFO] 81865.855 lx200  /Users/v-korovin/Projects/multi_mount/src/lx200/base.py:370 handle: Get command GR GET_TELECOPE_RA()
2026-02-15 22:59:02 [  INFO] 81891.023 lx200  /Users/v-korovin/Projects/multi_mount/src/lx200/base.py:379 handle: Answer command GR GET_TELECOPE_RA() -> 12:00:00
2026-02-15 22:59:02 [  INFO] 82074.078 TMC2209LX200.telemetry  /Users/v-korovin/Projects/multi_mount/src/tmc2209/tmc2209_lx200.py:146 _do_log_telemetry: DEC=+23*41:46 raw_steps=5924 phase=acceleration target_set=True enabled=True
2026-02-15 22:59:02 [  INFO] 82102.531 lx200  /Users/v-korovin/Projects/multi_mount/src/lx200/base.py:370 handle: Get command GR GET_TELECOPE_RA()
2026-02-15 22:59:02 [  INFO] 82107.733 lx200  /Users/v-korovin/Projects/multi_mount/src/lx200/base.py:379 handle: Answer command GR GET_TELECOPE_RA() -> 12:00:00
2026-02-15 22:59:02 [  INFO] 82193.039 SkyWatcherLX200.telemetry  /Users/v-korovin/Projects/multi_mount/src/skywatcher/skywatcher_lx200.py:61 _do_log_telemetry: RA=12:00:00 running=True mode=0 direction=1 speed=0 goto_active=True
2026-02-15 22:59:02 [  INFO] 82322.294 lx200  /Users/v-korovin/Projects/multi_mount/src/lx200/base.py:370 handle: Get command GR GET_TELECOPE_RA()
2026-02-15 22:59:03 [  INFO] 82328.781 lx200  /Users/v-korovin/Projects/multi_mount/src/lx200/base.py:379 handle: Answer command GR GET_TELECOPE_RA() -> 12:00:00
2026-02-15 22:59:03 [  INFO] 82546.487 lx200  /Users/v-korovin/Projects/multi_mount/src/lx200/base.py:370 handle: Get command GR GET_TELECOPE_RA()
2026-02-15 22:59:03 [  INFO] 82552.879 lx200  /Users/v-korovin/Projects/multi_mount/src/lx200/base.py:379 handle: Answer command GR GET_TELECOPE_RA() -> 12:00:00
2026-02-15 22:59:03 [  INFO] 82765.694 lx200  /Users/v-korovin/Projects/multi_mount/src/lx200/base.py:370 handle: Get command GR GET_TELECOPE_RA()
2026-02-15 22:59:03 [  INFO] 82765.961 lx200  /Users/v-korovin/Projects/multi_mount/src/lx200/base.py:379 handle: Answer command GR GET_TELECOPE_RA() -> 12:00:00
2026-02-15 22:59:03 [  INFO] 82977.499 lx200  /Users/v-korovin/Projects/multi_mount/src/lx200/base.py:370 handle: Get command GR GET_TELECOPE_RA()
2026-02-15 22:59:03 [  INFO] 82983.983 lx200  /Users/v-korovin/Projects/multi_mount/src/lx200/base.py:379 handle: Answer command GR GET_TELECOPE_RA() -> 12:00:00
2026-02-15 22:59:03 [  INFO] 83150.398 tmc2209.adapter  /Users/v-korovin/Projects/multi_mount/src/tmc2209/tmc2209_adapter.py:206 status: Status changed: initialised True -> True enabled True -> True phase acceleration -> deceleration target_set True -> True
2026-02-15 22:59:03 [  INFO] 83156.954 TMC2209LX200.telemetry  /Users/v-korovin/Projects/multi_mount/src/tmc2209/tmc2209_lx200.py:146 _do_log_telemetry: DEC=+23*19:55 raw_steps=5833 phase=deceleration target_set=True enabled=True
2026-02-15 22:59:03 [  INFO] 83197.289 lx200  /Users/v-korovin/Projects/multi_mount/src/lx200/base.py:370 handle: Get command GR GET_TELECOPE_RA()
2026-02-15 22:59:03 [  INFO] 83203.669 lx200  /Users/v-korovin/Projects/multi_mount/src/lx200/base.py:379 handle: Answer command GR GET_TELECOPE_RA() -> 12:00:00
2026-02-15 22:59:04 [  INFO] 83330.950 SkyWatcherLX200.telemetry  /Users/v-korovin/Projects/multi_mount/src/skywatcher/skywatcher_lx200.py:61 _do_log_telemetry: RA=12:00:00 running=True mode=0 direction=1 speed=0 goto_active=True
2026-02-15 22:59:04 [  INFO] 83421.364 lx200  /Users/v-korovin/Projects/multi_mount/src/lx200/base.py:370 handle: Get command GR GET_TELECOPE_RA()
2026-02-15 22:59:04 [  INFO] 83427.807 lx200  /Users/v-korovin/Projects/multi_mount/src/lx200/base.py:379 handle: Answer command GR GET_TELECOPE_RA() -> 12:00:00
2026-02-15 22:59:04 [  INFO] 83647.314 lx200  /Users/v-korovin/Projects/multi_mount/src/lx200/base.py:370 handle: Get command GR GET_TELECOPE_RA()
2026-02-15 22:59:04 [  INFO] 83653.789 lx200  /Users/v-korovin/Projects/multi_mount/src/lx200/base.py:379 handle: Answer command GR GET_TELECOPE_RA() -> 12:00:00
2026-02-15 22:59:04 [  INFO] 83872.554 lx200  /Users/v-korovin/Projects/multi_mount/src/lx200/base.py:370 handle: Get command GR GET_TELECOPE_RA()
2026-02-15 22:59:04 [  INFO] 83872.825 lx200  /Users/v-korovin/Projects/multi_mount/src/lx200/base.py:379 handle: Answer command GR GET_TELECOPE_RA() -> 12:00:00
2026-02-15 22:59:04 [WARNING] 84262.846 root  /Users/v-korovin/Projects/multi_mount/src/tests/test_splitter_hw.py:523 _ensure_halted: 
================ TEST CLEANUP START ===========
HALT AFTER TEST
===============================================
2026-02-15 22:59:04 [  INFO] 84269.222 lx200  /Users/v-korovin/Projects/multi_mount/src/lx200/base.py:370 handle: Get command Q HALT_ALL()
2026-02-15 22:59:04 [  INFO] 84269.353 SkyWatcherLX200  /Users/v-korovin/Projects/multi_mount/src/skywatcher/skywatcher_lx200.py:217 halt_all: Halt all RA movements
2026-02-15 22:59:04 [  INFO] 84274.897 skywatcher  /Users/v-korovin/Projects/multi_mount/src/skywatcher/skywatcher.py:332 gracefully_stop_motor: Stop motor
2026-02-15 22:59:04 [  INFO] 84305.398 TMC2209LX200.telemetry  /Users/v-korovin/Projects/multi_mount/src/tmc2209/tmc2209_lx200.py:146 _do_log_telemetry: DEC=+23*00:00 raw_steps=5750 phase=deceleration target_set=True enabled=True
2026-02-15 22:59:05 [  INFO] 84338.727 skywatcher  /Users/v-korovin/Projects/multi_mount/src/skywatcher/skywatcher.py:277 get_status: Mount status changed: raw 313131 -> 313130 running True -> False initialized True -> True slew_mode 0 -> 0 direction 1 -> 1 speed_mode 0 -> 0
2026-02-15 22:59:05 [  INFO] 84351.537 skywatcher  /Users/v-korovin/Projects/multi_mount/src/skywatcher/skywatcher.py:479 resume_tracking: Resume tracking with last rate=1.0
2026-02-15 22:59:05 [  INFO] 84357.710 skywatcher  /Users/v-korovin/Projects/multi_mount/src/skywatcher/skywatcher.py:467 start_tracking: Start tracking request: rate=1.0
2026-02-15 22:59:05 [  INFO] 84382.695 skywatcher  /Users/v-korovin/Projects/multi_mount/src/skywatcher/skywatcher.py:459 set_ra_rate: Set RA rate: 1.0 * 1 (highspeed=False) mode=0 // period=110359
2026-02-15 22:59:05 [  INFO] 84389.128 skywatcher  /Users/v-korovin/Projects/multi_mount/src/skywatcher/skywatcher.py:332 gracefully_stop_motor: Stop motor
2026-02-15 22:59:05 [  INFO] 84415.525 skywatcher  /Users/v-korovin/Projects/multi_mount/src/skywatcher/skywatcher.py:371 _set_motion: Set motion mode: SkyWatcherStatus(raw=3223856, running=False, initialized=True, slew_mode=<SlewMode.SLEW: 0>, direction=<Direction.FORWARD: 1>, speed_mode=<SpeedMode.LOWSPEED: 0>)
2026-02-15 22:59:05 [  INFO] 84479.267 SkyWatcherLX200.telemetry  /Users/v-korovin/Projects/multi_mount/src/skywatcher/skywatcher_lx200.py:61 _do_log_telemetry: RA=12:00:00 running=False mode=0 direction=1 speed=0 goto_active=False
2026-02-15 22:59:05 [  INFO] 84541.042 skywatcher  /Users/v-korovin/Projects/multi_mount/src/skywatcher/skywatcher.py:384 _start_motor: Start motor
2026-02-15 22:59:05 [  INFO] 84575.440 skywatcher  /Users/v-korovin/Projects/multi_mount/src/skywatcher/skywatcher.py:475 start_tracking: Start tracking applied: rate=1.0
2026-02-15 22:59:05 [  INFO] 84575.832 SkyWatcherLX200  /Users/v-korovin/Projects/multi_mount/src/skywatcher/skywatcher_lx200.py:221 halt_all: Halt all RA movements done
2026-02-15 22:59:05 [  INFO] 84575.976 TMC2209LX200  /Users/v-korovin/Projects/multi_mount/src/tmc2209/tmc2209_lx200.py:181 halt_all: Halt all DEC movements
2026-02-15 22:59:05 [  INFO] 84576.104 tmc2209.adapter  /Users/v-korovin/Projects/multi_mount/src/tmc2209/tmc2209_adapter.py:308 halt: Halt request
2026-02-15 22:59:05 [  INFO] 84608.291 tmc2209.adapter  /Users/v-korovin/Projects/multi_mount/src/tmc2209/tmc2209_adapter.py:311 halt: Halt applied: stopping=True
2026-02-15 22:59:05 [  INFO] 84608.945 TMC2209LX200  /Users/v-korovin/Projects/multi_mount/src/tmc2209/tmc2209_lx200.py:183 halt_all: Halt all DEC movements done
2026-02-15 22:59:05 [WARNING] 84609.004 lx200  /Users/v-korovin/Projects/multi_mount/src/lx200/base.py:381 handle: Empty responce: Q HALT_ALL() -> ∅
2026-02-15 22:59:05 [WARNING] 85120.388 root  /Users/v-korovin/Projects/multi_mount/src/tests/test_splitter_hw.py:533 _ensure_halted: 
================ TEST CLEANUP END =============
HALT AFTER TEST DONE
===============================================
2026-02-15 22:59:05 [WARNING] 85158.027 root  /Users/v-korovin/Projects/multi_mount/src/tests/test_splitter_hw.py:507 _ensure_halted: 
================ TEST PREP START ==============
ENSURE BOTH AXES HALTED
===============================================
2026-02-15 22:59:05 [  INFO] 85163.960 lx200  /Users/v-korovin/Projects/multi_mount/src/lx200/base.py:370 handle: Get command Q HALT_ALL()
2026-02-15 22:59:05 [  INFO] 85164.055 SkyWatcherLX200  /Users/v-korovin/Projects/multi_mount/src/skywatcher/skywatcher_lx200.py:217 halt_all: Halt all RA movements
2026-02-15 22:59:05 [  INFO] 85164.114 skywatcher  /Users/v-korovin/Projects/multi_mount/src/skywatcher/skywatcher.py:332 gracefully_stop_motor: Stop motor
2026-02-15 22:59:05 [  INFO] 85215.499 skywatcher  /Users/v-korovin/Projects/multi_mount/src/skywatcher/skywatcher.py:479 resume_tracking: Resume tracking with last rate=1.0
2026-02-15 22:59:05 [  INFO] 85228.199 skywatcher  /Users/v-korovin/Projects/multi_mount/src/skywatcher/skywatcher.py:467 start_tracking: Start tracking request: rate=1.0
2026-02-15 22:59:05 [  INFO] 85241.446 skywatcher  /Users/v-korovin/Projects/multi_mount/src/skywatcher/skywatcher.py:459 set_ra_rate: Set RA rate: 1.0 * 1 (highspeed=False) mode=0 // period=110359
2026-02-15 22:59:05 [  INFO] 85247.816 skywatcher  /Users/v-korovin/Projects/multi_mount/src/skywatcher/skywatcher.py:332 gracefully_stop_motor: Stop motor
2026-02-15 22:59:05 [  INFO] 85274.099 skywatcher  /Users/v-korovin/Projects/multi_mount/src/skywatcher/skywatcher.py:371 _set_motion: Set motion mode: SkyWatcherStatus(raw=3223856, running=False, initialized=True, slew_mode=<SlewMode.SLEW: 0>, direction=<Direction.FORWARD: 1>, speed_mode=<SpeedMode.LOWSPEED: 0>)
2026-02-15 22:59:05 [  INFO] 85324.627 skywatcher  /Users/v-korovin/Projects/multi_mount/src/skywatcher/skywatcher.py:384 _start_motor: Start motor
2026-02-15 22:59:06 [  INFO] 85374.334 skywatcher  /Users/v-korovin/Projects/multi_mount/src/skywatcher/skywatcher.py:475 start_tracking: Start tracking applied: rate=1.0
2026-02-15 22:59:06 [  INFO] 85387.131 SkyWatcherLX200  /Users/v-korovin/Projects/multi_mount/src/skywatcher/skywatcher_lx200.py:221 halt_all: Halt all RA movements done
2026-02-15 22:59:06 [  INFO] 85387.234 TMC2209LX200  /Users/v-korovin/Projects/multi_mount/src/tmc2209/tmc2209_lx200.py:181 halt_all: Halt all DEC movements
2026-02-15 22:59:06 [  INFO] 85399.461 tmc2209.adapter  /Users/v-korovin/Projects/multi_mount/src/tmc2209/tmc2209_adapter.py:308 halt: Halt request
2026-02-15 22:59:06 [  INFO] 85487.057 TMC2209LX200.telemetry  /Users/v-korovin/Projects/multi_mount/src/tmc2209/tmc2209_lx200.py:146 _do_log_telemetry: DEC=+22*42:14 raw_steps=5676 phase=deceleration target_set=True enabled=True
2026-02-15 22:59:06 [  INFO] 85518.259 tmc2209.adapter  /Users/v-korovin/Projects/multi_mount/src/tmc2209/tmc2209_adapter.py:311 halt: Halt applied: stopping=True
2026-02-15 22:59:06 [  INFO] 85524.333 TMC2209LX200  /Users/v-korovin/Projects/multi_mount/src/tmc2209/tmc2209_lx200.py:183 halt_all: Halt all DEC movements done
2026-02-15 22:59:06 [WARNING] 85530.753 lx200  /Users/v-korovin/Projects/multi_mount/src/lx200/base.py:381 handle: Empty responce: Q HALT_ALL() -> ∅
2026-02-15 22:59:06 [  INFO] 85655.255 skywatcher  /Users/v-korovin/Projects/multi_mount/src/skywatcher/skywatcher.py:277 get_status: Mount status changed: raw 313130 -> 313131 running False -> True initialized True -> True slew_mode 0 -> 0 direction 1 -> 1 speed_mode 0 -> 0
2026-02-15 22:59:06 [  INFO] 85661.691 SkyWatcherLX200.telemetry  /Users/v-korovin/Projects/multi_mount/src/skywatcher/skywatcher_lx200.py:61 _do_log_telemetry: RA=12:00:00 running=True mode=0 direction=1 speed=0 goto_active=False
2026-02-15 22:59:06 [WARNING] 86048.586 root  /Users/v-korovin/Projects/multi_mount/src/tests/test_splitter_hw.py:517 _ensure_halted: 
================ TEST PREP END ================
AXES HALTED BEFORE TEST
===============================================
2026-02-15 22:59:06 [WARNING] 86074.344 root  /Users/v-korovin/Projects/multi_mount/src/tests/test_splitter_hw.py:682 test_hw_splitter_slew_to_target_reaches_goal: 
================ TEST START ===================
SLEW TO TARGET REACHES GOAL
RA DELTA: -1000.00s
DEC DELTA: 3.000deg
===============================================
2026-02-15 22:59:06 [WARNING] 86080.750 root  /Users/v-korovin/Projects/multi_mount/src/tests/test_splitter_hw.py:201 sync_known_position: 
================ SYNC START ===================
TARGET RA: 12:00:00
TARGET DEC: +25*00:00
===============================================
2026-02-15 22:59:06 [  INFO] 86080.891 lx200  /Users/v-korovin/Projects/multi_mount/src/lx200/base.py:370 handle: Get command Q HALT_ALL()
2026-02-15 22:59:06 [  INFO] 86087.192 SkyWatcherLX200  /Users/v-korovin/Projects/multi_mount/src/skywatcher/skywatcher_lx200.py:217 halt_all: Halt all RA movements
2026-02-15 22:59:06 [  INFO] 86087.313 skywatcher  /Users/v-korovin/Projects/multi_mount/src/skywatcher/skywatcher.py:332 gracefully_stop_motor: Stop motor
2026-02-15 22:59:06 [  INFO] 86138.423 skywatcher  /Users/v-korovin/Projects/multi_mount/src/skywatcher/skywatcher.py:277 get_status: Mount status changed: raw 313131 -> 313130 running True -> False initialized True -> True slew_mode 0 -> 0 direction 1 -> 1 speed_mode 0 -> 0
2026-02-15 22:59:06 [  INFO] 86144.859 skywatcher  /Users/v-korovin/Projects/multi_mount/src/skywatcher/skywatcher.py:479 resume_tracking: Resume tracking with last rate=1.0
2026-02-15 22:59:06 [  INFO] 86157.535 skywatcher  /Users/v-korovin/Projects/multi_mount/src/skywatcher/skywatcher.py:467 start_tracking: Start tracking request: rate=1.0
2026-02-15 22:59:06 [  INFO] 86176.387 skywatcher  /Users/v-korovin/Projects/multi_mount/src/skywatcher/skywatcher.py:459 set_ra_rate: Set RA rate: 1.0 * 1 (highspeed=False) mode=0 // period=110359
2026-02-15 22:59:06 [  INFO] 86182.769 skywatcher  /Users/v-korovin/Projects/multi_mount/src/skywatcher/skywatcher.py:332 gracefully_stop_motor: Stop motor
2026-02-15 22:59:06 [  INFO] 86233.791 skywatcher  /Users/v-korovin/Projects/multi_mount/src/skywatcher/skywatcher.py:371 _set_motion: Set motion mode: SkyWatcherStatus(raw=3223856, running=False, initialized=True, slew_mode=<SlewMode.SLEW: 0>, direction=<Direction.FORWARD: 1>, speed_mode=<SpeedMode.LOWSPEED: 0>)
2026-02-15 22:59:06 [  INFO] 86297.734 skywatcher  /Users/v-korovin/Projects/multi_mount/src/skywatcher/skywatcher.py:384 _start_motor: Start motor
2026-02-15 22:59:06 [  INFO] 86323.482 skywatcher  /Users/v-korovin/Projects/multi_mount/src/skywatcher/skywatcher.py:475 start_tracking: Start tracking applied: rate=1.0
2026-02-15 22:59:07 [  INFO] 86341.031 SkyWatcherLX200  /Users/v-korovin/Projects/multi_mount/src/skywatcher/skywatcher_lx200.py:221 halt_all: Halt all RA movements done
2026-02-15 22:59:07 [  INFO] 86347.284 TMC2209LX200  /Users/v-korovin/Projects/multi_mount/src/tmc2209/tmc2209_lx200.py:181 halt_all: Halt all DEC movements
2026-02-15 22:59:07 [  INFO] 86365.999 tmc2209.adapter  /Users/v-korovin/Projects/multi_mount/src/tmc2209/tmc2209_adapter.py:308 halt: Halt request
2026-02-15 22:59:07 [  INFO] 86397.296 tmc2209.adapter  /Users/v-korovin/Projects/multi_mount/src/tmc2209/tmc2209_adapter.py:311 halt: Halt applied: stopping=True
2026-02-15 22:59:07 [  INFO] 86403.675 TMC2209LX200  /Users/v-korovin/Projects/multi_mount/src/tmc2209/tmc2209_lx200.py:183 halt_all: Halt all DEC movements done
2026-02-15 22:59:07 [WARNING] 86403.744 lx200  /Users/v-korovin/Projects/multi_mount/src/lx200/base.py:381 handle: Empty responce: Q HALT_ALL() -> ∅
2026-02-15 22:59:07 [  INFO] 86403.842 lx200  /Users/v-korovin/Projects/multi_mount/src/lx200/base.py:370 handle: Get command GR GET_TELECOPE_RA()
2026-02-15 22:59:07 [  INFO] 86416.048 lx200  /Users/v-korovin/Projects/multi_mount/src/lx200/base.py:379 handle: Answer command GR GET_TELECOPE_RA() -> 12:00:01
2026-02-15 22:59:07 [  INFO] 86549.684 TMC2209LX200.telemetry  /Users/v-korovin/Projects/multi_mount/src/tmc2209/tmc2209_lx200.py:146 _do_log_telemetry: DEC=+22*27:07 raw_steps=5613 phase=deceleration target_set=True enabled=True
2026-02-15 22:59:07 [  INFO] 86786.963 skywatcher  /Users/v-korovin/Projects/multi_mount/src/skywatcher/skywatcher.py:277 get_status: Mount status changed: raw 313130 -> 313131 running False -> True initialized True -> True slew_mode 0 -> 0 direction 1 -> 1 speed_mode 0 -> 0
2026-02-15 22:59:07 [  INFO] 86793.406 SkyWatcherLX200.telemetry  /Users/v-korovin/Projects/multi_mount/src/skywatcher/skywatcher_lx200.py:61 _do_log_telemetry: RA=12:00:01 running=True mode=0 direction=1 speed=0 goto_active=False
2026-02-15 22:59:08 [  INFO] 87676.628 TMC2209LX200.telemetry  /Users/v-korovin/Projects/multi_mount/src/tmc2209/tmc2209_lx200.py:146 _do_log_telemetry: DEC=+22*16:05 raw_steps=5567 phase=deceleration target_set=True enabled=True
2026-02-15 22:59:08 [  INFO] 87918.790 lx200  /Users/v-korovin/Projects/multi_mount/src/lx200/base.py:370 handle: Get command GR GET_TELECOPE_RA()
2026-02-15 22:59:08 [  INFO] 87924.858 lx200  /Users/v-korovin/Projects/multi_mount/src/lx200/base.py:379 handle: Answer command GR GET_TELECOPE_RA() -> 12:00:01
2026-02-15 22:59:08 [  INFO] 87986.919 SkyWatcherLX200.telemetry  /Users/v-korovin/Projects/multi_mount/src/skywatcher/skywatcher_lx200.py:61 _do_log_telemetry: RA=12:00:00 running=True mode=0 direction=1 speed=0 goto_active=False
2026-02-15 22:59:08 [WARNING] 88068.315 root  /Users/v-korovin/Projects/multi_mount/src/tests/test_splitter_hw.py:131 _wait_until: 
================ POLLING START ================
TIMEOUT: 12.0s
CONDITION: DEC did not stop in time: phase=deceleration target_set=True speed=33.2
===============================================
2026-02-15 22:59:09 [  INFO] 88770.444 TMC2209LX200.telemetry  /Users/v-korovin/Projects/multi_mount/src/tmc2209/tmc2209_lx200.py:146 _do_log_telemetry: DEC=+22*07:41 raw_steps=5532 phase=deceleration target_set=True enabled=True
2026-02-15 22:59:09 [  INFO] 89120.242 SkyWatcherLX200.telemetry  /Users/v-korovin/Projects/multi_mount/src/skywatcher/skywatcher_lx200.py:61 _do_log_telemetry: RA=12:00:01 running=True mode=0 direction=1 speed=0 goto_active=False
2026-02-15 22:59:10 [  INFO] 89930.053 TMC2209LX200.telemetry  /Users/v-korovin/Projects/multi_mount/src/tmc2209/tmc2209_lx200.py:146 _do_log_telemetry: DEC=+22*02:10 raw_steps=5509 phase=deceleration target_set=True enabled=True
2026-02-15 22:59:10 [  INFO] 90261.510 SkyWatcherLX200.telemetry  /Users/v-korovin/Projects/multi_mount/src/skywatcher/skywatcher_lx200.py:61 _do_log_telemetry: RA=12:00:01 running=True mode=0 direction=1 speed=0 goto_active=False
2026-02-15 22:59:11 [  INFO] 90974.769 tmc2209.adapter  /Users/v-korovin/Projects/multi_mount/src/tmc2209/tmc2209_adapter.py:206 status: Status changed: initialised True -> True enabled True -> True phase deceleration -> hold target_set True -> False
2026-02-15 22:59:11 [WARNING] 90974.970 root  /Users/v-korovin/Projects/multi_mount/src/tests/test_splitter_hw.py:143 _wait_until: 
================ POLLING END ==================
RESULT: SUCCESS
ELAPSED: 2.89s
===============================================
2026-02-15 22:59:11 [  INFO] 90987.678 lx200  /Users/v-korovin/Projects/multi_mount/src/lx200/base.py:370 handle: Get command GD GET_TELESCOPE_DEC()
2026-02-15 22:59:11 [  INFO] 91018.580 TMC2209LX200.telemetry  /Users/v-korovin/Projects/multi_mount/src/tmc2209/tmc2209_lx200.py:146 _do_log_telemetry: DEC=+22*00:00 raw_steps=5500 phase=hold target_set=False enabled=True
2026-02-15 22:59:11 [  INFO] 91118.655 lx200  /Users/v-korovin/Projects/multi_mount/src/lx200/base.py:379 handle: Answer command GD GET_TELESCOPE_DEC() -> +22*00:00
2026-02-15 22:59:12 [  INFO] 91414.330 SkyWatcherLX200.telemetry  /Users/v-korovin/Projects/multi_mount/src/skywatcher/skywatcher_lx200.py:61 _do_log_telemetry: RA=12:00:01 running=True mode=0 direction=1 speed=0 goto_active=False
2026-02-15 22:59:12 [  INFO] 92117.871 TMC2209LX200.telemetry  /Users/v-korovin/Projects/multi_mount/src/tmc2209/tmc2209_lx200.py:146 _do_log_telemetry: DEC=+22*00:00 raw_steps=5500 phase=hold target_set=False enabled=True
2026-02-15 22:59:13 [  INFO] 92545.322 SkyWatcherLX200.telemetry  /Users/v-korovin/Projects/multi_mount/src/skywatcher/skywatcher_lx200.py:61 _do_log_telemetry: RA=12:00:01 running=True mode=0 direction=1 speed=0 goto_active=False
2026-02-15 22:59:13 [  INFO] 92629.310 lx200  /Users/v-korovin/Projects/multi_mount/src/lx200/base.py:370 handle: Get command GD GET_TELESCOPE_DEC()
2026-02-15 22:59:13 [  INFO] 92704.043 lx200  /Users/v-korovin/Projects/multi_mount/src/lx200/base.py:379 handle: Answer command GD GET_TELESCOPE_DEC() -> +22*00:00
2026-02-15 22:59:13 [  INFO] 93208.183 TMC2209LX200.telemetry  /Users/v-korovin/Projects/multi_mount/src/tmc2209/tmc2209_lx200.py:146 _do_log_telemetry: DEC=+22*00:00 raw_steps=5500 phase=hold target_set=False enabled=True
2026-02-15 22:59:13 [  INFO] 93214.651 lx200  /Users/v-korovin/Projects/multi_mount/src/lx200/base.py:370 handle: Get command Sr SET_TELESCOPE_RA(12:00:00)
2026-02-15 22:59:13 [  INFO] 93239.891 lx200  /Users/v-korovin/Projects/multi_mount/src/lx200/base.py:379 handle: Answer command Sr SET_TELESCOPE_RA(12:00:00) -> True
2026-02-15 22:59:13 [  INFO] 93252.639 lx200  /Users/v-korovin/Projects/multi_mount/src/lx200/base.py:370 handle: Get command Sd SET_TELESCOPE_DEC(+25*00:00)
2026-02-15 22:59:13 [  INFO] 93259.015 lx200  /Users/v-korovin/Projects/multi_mount/src/lx200/base.py:379 handle: Answer command Sd SET_TELESCOPE_DEC(+25*00:00) -> True
2026-02-15 22:59:13 [  INFO] 93265.376 lx200  /Users/v-korovin/Projects/multi_mount/src/lx200/base.py:370 handle: Get command CM SYNC()
2026-02-15 22:59:13 [  INFO] 93271.744 SkyWatcherLX200  /Users/v-korovin/Projects/multi_mount/src/skywatcher/skywatcher_lx200.py:208 sync_telescope_ra: Sync RA to 12:00:00
2026-02-15 22:59:14 [  INFO] 93408.525 TMC2209LX200  /Users/v-korovin/Projects/multi_mount/src/tmc2209/tmc2209_lx200.py:174 sync_telescope_dec: Sync DEC to +25*00:00
2026-02-15 22:59:14 [  INFO] 93415.015 tmc2209.adapter  /Users/v-korovin/Projects/multi_mount/src/tmc2209/tmc2209_adapter.py:250 set_position: Set position request: position=6250
2026-02-15 22:59:14 [  INFO] 93446.718 tmc2209.adapter  /Users/v-korovin/Projects/multi_mount/src/tmc2209/tmc2209_adapter.py:253 set_position: Set position applied: position=6250
2026-02-15 22:59:14 [  INFO] 93446.836 TMC2209LX200  /Users/v-korovin/Projects/multi_mount/src/tmc2209/tmc2209_lx200.py:177 sync_telescope_dec: Sync DEC applied: steps=6250
2026-02-15 22:59:14 [  INFO] 93453.266 lx200  /Users/v-korovin/Projects/multi_mount/src/lx200/base.py:379 handle: Answer command CM SYNC() -> OK
2026-02-15 22:59:14 [  INFO] 93459.623 lx200  /Users/v-korovin/Projects/multi_mount/src/lx200/base.py:370 handle: Get command GR GET_TELECOPE_RA()
2026-02-15 22:59:14 [  INFO] 93478.620 lx200  /Users/v-korovin/Projects/multi_mount/src/lx200/base.py:379 handle: Answer command GR GET_TELECOPE_RA() -> 12:00:00
2026-02-15 22:59:14 [WARNING] 93491.042 root  /Users/v-korovin/Projects/multi_mount/src/tests/test_splitter_hw.py:131 _wait_until: 
================ POLLING START ================
TIMEOUT: 10.0s
CONDITION: RA did not reach target in time: current=12:00:00 target=12:00:00 distance=0.00s
===============================================
2026-02-15 22:59:14 [  INFO] 93497.446 lx200  /Users/v-korovin/Projects/multi_mount/src/lx200/base.py:370 handle: Get command GR GET_TELECOPE_RA()
2026-02-15 22:59:14 [  INFO] 93503.816 lx200  /Users/v-korovin/Projects/multi_mount/src/lx200/base.py:379 handle: Answer command GR GET_TELECOPE_RA() -> 12:00:00
2026-02-15 22:59:14 [WARNING] 93503.889 root  /Users/v-korovin/Projects/multi_mount/src/tests/test_splitter_hw.py:143 _wait_until: 
================ POLLING END ==================
RESULT: SUCCESS
ELAPSED: 0.01s
===============================================
2026-02-15 22:59:14 [  INFO] 93503.940 lx200  /Users/v-korovin/Projects/multi_mount/src/lx200/base.py:370 handle: Get command GD GET_TELESCOPE_DEC()
2026-02-15 22:59:14 [  INFO] 93560.177 lx200  /Users/v-korovin/Projects/multi_mount/src/lx200/base.py:379 handle: Answer command GD GET_TELESCOPE_DEC() -> +25*00:00
2026-02-15 22:59:14 [WARNING] 93572.344 root  /Users/v-korovin/Projects/multi_mount/src/tests/test_splitter_hw.py:131 _wait_until: 
================ POLLING START ================
TIMEOUT: 10.0s
CONDITION: DEC did not reach target in time: current=+25*00:00 target=+25*00:00 distance=0.000deg
===============================================
2026-02-15 22:59:14 [  INFO] 93585.025 lx200  /Users/v-korovin/Projects/multi_mount/src/lx200/base.py:370 handle: Get command GD GET_TELESCOPE_DEC()
2026-02-15 22:59:14 [  INFO] 93622.507 lx200  /Users/v-korovin/Projects/multi_mount/src/lx200/base.py:379 handle: Answer command GD GET_TELESCOPE_DEC() -> +25*00:00
2026-02-15 22:59:14 [WARNING] 93635.172 root  /Users/v-korovin/Projects/multi_mount/src/tests/test_splitter_hw.py:143 _wait_until: 
================ POLLING END ==================
RESULT: SUCCESS
ELAPSED: 0.05s
===============================================
2026-02-15 22:59:14 [  INFO] 93635.237 lx200  /Users/v-korovin/Projects/multi_mount/src/lx200/base.py:370 handle: Get command GR GET_TELECOPE_RA()
2026-02-15 22:59:14 [  INFO] 93635.284 lx200  /Users/v-korovin/Projects/multi_mount/src/lx200/base.py:379 handle: Answer command GR GET_TELECOPE_RA() -> 12:00:00
2026-02-15 22:59:14 [  INFO] 93641.681 lx200  /Users/v-korovin/Projects/multi_mount/src/lx200/base.py:370 handle: Get command GD GET_TELESCOPE_DEC()
2026-02-15 22:59:14 [  INFO] 93717.759 lx200  /Users/v-korovin/Projects/multi_mount/src/lx200/base.py:379 handle: Answer command GD GET_TELESCOPE_DEC() -> +25*00:00
2026-02-15 22:59:14 [WARNING] 93717.907 root  /Users/v-korovin/Projects/multi_mount/src/tests/test_splitter_hw.py:218 sync_known_position: 
================ SYNC END =====================
RA: 12:00:00
DEC: +25*00:00
===============================================
2026-02-15 22:59:14 [  INFO] 93718.024 lx200  /Users/v-korovin/Projects/multi_mount/src/lx200/base.py:370 handle: Get command GR GET_TELECOPE_RA()
2026-02-15 22:59:14 [  INFO] 93718.170 SkyWatcherLX200.telemetry  /Users/v-korovin/Projects/multi_mount/src/skywatcher/skywatcher_lx200.py:61 _do_log_telemetry: RA=12:00:00 running=True mode=0 direction=1 speed=0 goto_active=False
2026-02-15 22:59:14 [  INFO] 93730.763 lx200  /Users/v-korovin/Projects/multi_mount/src/lx200/base.py:379 handle: Answer command GR GET_TELECOPE_RA() -> 12:00:00
2026-02-15 22:59:14 [  INFO] 93743.648 lx200  /Users/v-korovin/Projects/multi_mount/src/lx200/base.py:370 handle: Get command GD GET_TELESCOPE_DEC()
2026-02-15 22:59:14 [  INFO] 93837.550 lx200  /Users/v-korovin/Projects/multi_mount/src/lx200/base.py:379 handle: Answer command GD GET_TELESCOPE_DEC() -> +25*00:00
2026-02-15 22:59:14 [WARNING] 93837.747 root  /Users/v-korovin/Projects/multi_mount/src/tests/test_splitter_hw.py:701 test_hw_splitter_slew_to_target_reaches_goal: 
================ SLEW START ===================
TARGET RA: 11:43:20
TARGET DEC: +28*00:00
===============================================
2026-02-15 22:59:14 [  INFO] 93837.822 lx200  /Users/v-korovin/Projects/multi_mount/src/lx200/base.py:370 handle: Get command RM SET_SLEW_TO_FIND()
2026-02-15 22:59:14 [  INFO] 93844.186 TMC2209LX200  /Users/v-korovin/Projects/multi_mount/src/tmc2209/tmc2209_lx200.py:224 set_slew_to_find: Set slew mode to find
2026-02-15 22:59:14 [WARNING] 93844.267 lx200  /Users/v-korovin/Projects/multi_mount/src/lx200/base.py:381 handle: Empty responce: RM SET_SLEW_TO_FIND() -> ∅
2026-02-15 22:59:14 [  INFO] 93850.694 lx200  /Users/v-korovin/Projects/multi_mount/src/lx200/base.py:370 handle: Get command Sr SET_TELESCOPE_RA(11:43:20)
2026-02-15 22:59:14 [  INFO] 93856.064 lx200  /Users/v-korovin/Projects/multi_mount/src/lx200/base.py:379 handle: Answer command Sr SET_TELESCOPE_RA(11:43:20) -> True
2026-02-15 22:59:14 [  INFO] 93862.396 lx200  /Users/v-korovin/Projects/multi_mount/src/lx200/base.py:370 handle: Get command Sd SET_TELESCOPE_DEC(+28*00:00)
2026-02-15 22:59:14 [  INFO] 93874.301 lx200  /Users/v-korovin/Projects/multi_mount/src/lx200/base.py:379 handle: Answer command Sd SET_TELESCOPE_DEC(+28*00:00) -> True
2026-02-15 22:59:14 [  INFO] 93874.361 lx200  /Users/v-korovin/Projects/multi_mount/src/lx200/base.py:370 handle: Get command MS SLEW()
2026-02-15 22:59:14 [  INFO] 93874.436 SkyWatcherLX200  /Users/v-korovin/Projects/multi_mount/src/skywatcher/skywatcher_lx200.py:225 slew_to_ra: Queue GOTO RA to 11:43:20
2026-02-15 22:59:14 [  INFO] 93880.597 TMC2209LX200  /Users/v-korovin/Projects/multi_mount/src/tmc2209/tmc2209_lx200.py:187 slew_to_dec: Start DEC GOTO to +28*00:00
2026-02-15 22:59:14 [  INFO] 93934.918 TMC2209LX200  /Users/v-korovin/Projects/multi_mount/src/tmc2209/tmc2209_lx200.py:196 slew_to_dec: DEC GOTO details: current_steps=6250 target_steps=7000 delta_steps=750 profile=(microsteps=2 speed=5000 accel=10)
2026-02-15 22:59:14 [  INFO] 93960.253 TMC2209LX200  /Users/v-korovin/Projects/multi_mount/src/tmc2209/tmc2209_lx200.py:295 _apply_profile: Apply profile: microsteps=2 speed=5000 accel=10
2026-02-15 22:59:14 [  INFO] 93960.367 tmc2209.adapter  /Users/v-korovin/Projects/multi_mount/src/tmc2209/tmc2209_adapter.py:275 set_speed_sps: Set speed request: speed_sps=5000
2026-02-15 22:59:14 [  INFO] 94004.588 tmc2209.adapter  /Users/v-korovin/Projects/multi_mount/src/tmc2209/tmc2209_adapter.py:278 set_speed_sps: Set speed applied: speed_sps=5000.0
2026-02-15 22:59:14 [  INFO] 94010.789 tmc2209.adapter  /Users/v-korovin/Projects/multi_mount/src/tmc2209/tmc2209_adapter.py:286 set_acceleration_steps_per_ms: Set acceleration request: accel_steps_per_ms=10
2026-02-15 22:59:14 [  INFO] 94067.797 tmc2209.adapter  /Users/v-korovin/Projects/multi_mount/src/tmc2209/tmc2209_adapter.py:289 set_acceleration_steps_per_ms: Set acceleration applied: accel_steps_per_ms=10.0
2026-02-15 22:59:14 [  INFO] 94074.249 tmc2209.adapter  /Users/v-korovin/Projects/multi_mount/src/tmc2209/tmc2209_adapter.py:293 set_target: Set target request: target=7000
2026-02-15 22:59:14 [  INFO] 94119.660 tmc2209.adapter  /Users/v-korovin/Projects/multi_mount/src/tmc2209/tmc2209_adapter.py:297 set_target: Set target applied: target=7000 target_set=True
2026-02-15 22:59:14 [  INFO] 94126.021 tmc2209.adapter  /Users/v-korovin/Projects/multi_mount/src/tmc2209/tmc2209_adapter.py:301 run: Run request
2026-02-15 22:59:14 [  INFO] 94170.333 tmc2209.adapter  /Users/v-korovin/Projects/multi_mount/src/tmc2209/tmc2209_adapter.py:304 run: Run applied: running=True
2026-02-15 22:59:14 [  INFO] 94176.805 TMC2209LX200  /Users/v-korovin/Projects/multi_mount/src/tmc2209/tmc2209_lx200.py:210 slew_to_dec: DEC GOTO started: target_steps=7000
2026-02-15 22:59:14 [  INFO] 94176.883 lx200  /Users/v-korovin/Projects/multi_mount/src/lx200/base.py:379 handle: Answer command MS SLEW() -> False
2026-02-15 22:59:14 [WARNING] 94183.294 root  /Users/v-korovin/Projects/multi_mount/src/tests/test_splitter_hw.py:234 wait_ra_moved: 
================ POLLING START ================
WAIT RA MOVED
START: 12:00:00
EXPECTED SIGN: -1
MIN DELTA: 2.00s
TIMEOUT: 10.0s
===============================================
2026-02-15 22:59:14 [  INFO] 94189.663 lx200  /Users/v-korovin/Projects/multi_mount/src/lx200/base.py:370 handle: Get command GR GET_TELECOPE_RA()
2026-02-15 22:59:14 [  INFO] 94202.304 lx200  /Users/v-korovin/Projects/multi_mount/src/lx200/base.py:379 handle: Answer command GR GET_TELECOPE_RA() -> 12:00:00
2026-02-15 22:59:15 [  INFO] 94343.366 tmc2209.adapter  /Users/v-korovin/Projects/multi_mount/src/tmc2209/tmc2209_adapter.py:206 status: Status changed: initialised True -> True enabled True -> True phase hold -> acceleration target_set False -> True
2026-02-15 22:59:15 [  INFO] 94349.354 TMC2209LX200.telemetry  /Users/v-korovin/Projects/multi_mount/src/tmc2209/tmc2209_lx200.py:146 _do_log_telemetry: DEC=+25*00:00 raw_steps=6250 phase=acceleration target_set=True enabled=True
2026-02-15 22:59:15 [  INFO] 94419.066 lx200  /Users/v-korovin/Projects/multi_mount/src/lx200/base.py:370 handle: Get command GR GET_TELECOPE_RA()
2026-02-15 22:59:15 [  INFO] 94430.744 lx200  /Users/v-korovin/Projects/multi_mount/src/lx200/base.py:379 handle: Answer command GR GET_TELECOPE_RA() -> 12:00:00
2026-02-15 22:59:15 [  INFO] 94647.239 lx200  /Users/v-korovin/Projects/multi_mount/src/lx200/base.py:370 handle: Get command GR GET_TELECOPE_RA()
2026-02-15 22:59:15 [  INFO] 94653.682 lx200  /Users/v-korovin/Projects/multi_mount/src/lx200/base.py:379 handle: Answer command GR GET_TELECOPE_RA() -> 12:00:00
2026-02-15 22:59:15 [  INFO] 94847.230 SkyWatcherLX200.telemetry  /Users/v-korovin/Projects/multi_mount/src/skywatcher/skywatcher_lx200.py:61 _do_log_telemetry: RA=12:00:00 running=True mode=0 direction=1 speed=0 goto_active=True
2026-02-15 22:59:15 [  INFO] 94877.349 lx200  /Users/v-korovin/Projects/multi_mount/src/lx200/base.py:370 handle: Get command GR GET_TELECOPE_RA()
2026-02-15 22:59:15 [  INFO] 94882.649 lx200  /Users/v-korovin/Projects/multi_mount/src/lx200/base.py:379 handle: Answer command GR GET_TELECOPE_RA() -> 12:00:00
2026-02-15 22:59:15 [  INFO] 95094.152 lx200  /Users/v-korovin/Projects/multi_mount/src/lx200/base.py:370 handle: Get command GR GET_TELECOPE_RA()
2026-02-15 22:59:15 [  INFO] 95113.178 lx200  /Users/v-korovin/Projects/multi_mount/src/lx200/base.py:379 handle: Answer command GR GET_TELECOPE_RA() -> 12:00:00
2026-02-15 22:59:15 [  INFO] 95322.251 lx200  /Users/v-korovin/Projects/multi_mount/src/lx200/base.py:370 handle: Get command GR GET_TELECOPE_RA()
2026-02-15 22:59:16 [  INFO] 95328.718 lx200  /Users/v-korovin/Projects/multi_mount/src/lx200/base.py:379 handle: Answer command GR GET_TELECOPE_RA() -> 12:00:00
2026-02-15 22:59:16 [  INFO] 95451.872 TMC2209LX200.telemetry  /Users/v-korovin/Projects/multi_mount/src/tmc2209/tmc2209_lx200.py:146 _do_log_telemetry: DEC=+25*01:41 raw_steps=6257 phase=acceleration target_set=True enabled=True
2026-02-15 22:59:16 [  INFO] 95546.457 lx200  /Users/v-korovin/Projects/multi_mount/src/lx200/base.py:370 handle: Get command GR GET_TELECOPE_RA()
2026-02-15 22:59:16 [  INFO] 95552.880 lx200  /Users/v-korovin/Projects/multi_mount/src/lx200/base.py:379 handle: Answer command GR GET_TELECOPE_RA() -> 12:00:00
2026-02-15 22:59:16 [  INFO] 95764.246 lx200  /Users/v-korovin/Projects/multi_mount/src/lx200/base.py:370 handle: Get command GR GET_TELECOPE_RA()
2026-02-15 22:59:16 [  INFO] 95770.522 lx200  /Users/v-korovin/Projects/multi_mount/src/lx200/base.py:379 handle: Answer command GR GET_TELECOPE_RA() -> 12:00:00
2026-02-15 22:59:16 [  INFO] 95970.330 SkyWatcherLX200.telemetry  /Users/v-korovin/Projects/multi_mount/src/skywatcher/skywatcher_lx200.py:61 _do_log_telemetry: RA=12:00:00 running=True mode=0 direction=1 speed=0 goto_active=True
2026-02-15 22:59:16 [  INFO] 95982.615 lx200  /Users/v-korovin/Projects/multi_mount/src/lx200/base.py:370 handle: Get command GR GET_TELECOPE_RA()
2026-02-15 22:59:16 [  INFO] 96033.030 lx200  /Users/v-korovin/Projects/multi_mount/src/lx200/base.py:379 handle: Answer command GR GET_TELECOPE_RA() -> 12:00:00
2026-02-15 22:59:16 [  INFO] 96240.972 lx200  /Users/v-korovin/Projects/multi_mount/src/lx200/base.py:370 handle: Get command GR GET_TELECOPE_RA()
2026-02-15 22:59:16 [  INFO] 96253.354 lx200  /Users/v-korovin/Projects/multi_mount/src/lx200/base.py:379 handle: Answer command GR GET_TELECOPE_RA() -> 12:00:00
2026-02-15 22:59:17 [  INFO] 96467.870 lx200  /Users/v-korovin/Projects/multi_mount/src/lx200/base.py:370 handle: Get command GR GET_TELECOPE_RA()
2026-02-15 22:59:17 [  INFO] 96474.465 lx200  /Users/v-korovin/Projects/multi_mount/src/lx200/base.py:379 handle: Answer command GR GET_TELECOPE_RA() -> 12:00:00
2026-02-15 22:59:17 [  INFO] 96543.088 TMC2209LX200.telemetry  /Users/v-korovin/Projects/multi_mount/src/tmc2209/tmc2209_lx200.py:146 _do_log_telemetry: DEC=+25*06:29 raw_steps=6277 phase=acceleration target_set=True enabled=True
2026-02-15 22:59:17 [  INFO] 96713.931 lx200  /Users/v-korovin/Projects/multi_mount/src/lx200/base.py:370 handle: Get command GR GET_TELECOPE_RA()
2026-02-15 22:59:17 [  INFO] 96720.409 lx200  /Users/v-korovin/Projects/multi_mount/src/lx200/base.py:379 handle: Answer command GR GET_TELECOPE_RA() -> 12:00:00
2026-02-15 22:59:17 [  INFO] 96934.703 lx200  /Users/v-korovin/Projects/multi_mount/src/lx200/base.py:370 handle: Get command GR GET_TELECOPE_RA()
2026-02-15 22:59:17 [  INFO] 96940.990 lx200  /Users/v-korovin/Projects/multi_mount/src/lx200/base.py:379 handle: Answer command GR GET_TELECOPE_RA() -> 12:00:00
2026-02-15 22:59:17 [  INFO] 97149.323 SkyWatcherLX200.telemetry  /Users/v-korovin/Projects/multi_mount/src/skywatcher/skywatcher_lx200.py:61 _do_log_telemetry: RA=12:00:00 running=True mode=0 direction=1 speed=0 goto_active=True
2026-02-15 22:59:17 [  INFO] 97156.350 lx200  /Users/v-korovin/Projects/multi_mount/src/lx200/base.py:370 handle: Get command GR GET_TELECOPE_RA()
2026-02-15 22:59:17 [  INFO] 97175.303 lx200  /Users/v-korovin/Projects/multi_mount/src/lx200/base.py:379 handle: Answer command GR GET_TELECOPE_RA() -> 12:00:00
2026-02-15 22:59:18 [  INFO] 97386.693 lx200  /Users/v-korovin/Projects/multi_mount/src/lx200/base.py:370 handle: Get command GR GET_TELECOPE_RA()
2026-02-15 22:59:18 [  INFO] 97391.951 lx200  /Users/v-korovin/Projects/multi_mount/src/lx200/base.py:379 handle: Answer command GR GET_TELECOPE_RA() -> 12:00:00
2026-02-15 22:59:18 [  INFO] 97604.094 lx200  /Users/v-korovin/Projects/multi_mount/src/lx200/base.py:370 handle: Get command GR GET_TELECOPE_RA()
2026-02-15 22:59:18 [  INFO] 97604.296 lx200  /Users/v-korovin/Projects/multi_mount/src/lx200/base.py:379 handle: Answer command GR GET_TELECOPE_RA() -> 12:00:00
2026-02-15 22:59:18 [  INFO] 97666.405 TMC2209LX200.telemetry  /Users/v-korovin/Projects/multi_mount/src/tmc2209/tmc2209_lx200.py:146 _do_log_telemetry: DEC=+25*13:55 raw_steps=6308 phase=acceleration target_set=True enabled=True
2026-02-15 22:59:18 [  INFO] 97852.321 lx200  /Users/v-korovin/Projects/multi_mount/src/lx200/base.py:370 handle: Get command GR GET_TELECOPE_RA()
2026-02-15 22:59:18 [  INFO] 97857.627 lx200  /Users/v-korovin/Projects/multi_mount/src/lx200/base.py:379 handle: Answer command GR GET_TELECOPE_RA() -> 12:00:00
2026-02-15 22:59:18 [  INFO] 98068.952 lx200  /Users/v-korovin/Projects/multi_mount/src/lx200/base.py:370 handle: Get command GR GET_TELECOPE_RA()
2026-02-15 22:59:18 [  INFO] 98074.358 lx200  /Users/v-korovin/Projects/multi_mount/src/lx200/base.py:379 handle: Answer command GR GET_TELECOPE_RA() -> 12:00:00
2026-02-15 22:59:18 [  INFO] 98288.892 lx200  /Users/v-korovin/Projects/multi_mount/src/lx200/base.py:370 handle: Get command GR GET_TELECOPE_RA()
2026-02-15 22:59:18 [  INFO] 98307.661 lx200  /Users/v-korovin/Projects/multi_mount/src/lx200/base.py:379 handle: Answer command GR GET_TELECOPE_RA() -> 12:00:00
2026-02-15 22:59:18 [  INFO] 98307.765 SkyWatcherLX200.telemetry  /Users/v-korovin/Projects/multi_mount/src/skywatcher/skywatcher_lx200.py:61 _do_log_telemetry: RA=12:00:00 running=True mode=0 direction=1 speed=0 goto_active=True
2026-02-15 22:59:19 [  INFO] 98524.326 lx200  /Users/v-korovin/Projects/multi_mount/src/lx200/base.py:370 handle: Get command GR GET_TELECOPE_RA()
2026-02-15 22:59:19 [  INFO] 98549.343 lx200  /Users/v-korovin/Projects/multi_mount/src/lx200/base.py:379 handle: Answer command GR GET_TELECOPE_RA() -> 12:00:00
2026-02-15 22:59:19 [  INFO] 98749.313 TMC2209LX200.telemetry  /Users/v-korovin/Projects/multi_mount/src/tmc2209/tmc2209_lx200.py:146 _do_log_telemetry: DEC=+25*24:43 raw_steps=6353 phase=acceleration target_set=True enabled=True
2026-02-15 22:59:19 [  INFO] 98785.633 lx200  /Users/v-korovin/Projects/multi_mount/src/lx200/base.py:370 handle: Get command GR GET_TELECOPE_RA()
2026-02-15 22:59:19 [  INFO] 98785.747 lx200  /Users/v-korovin/Projects/multi_mount/src/lx200/base.py:379 handle: Answer command GR GET_TELECOPE_RA() -> 12:00:00
2026-02-15 22:59:19 [  INFO] 99002.515 lx200  /Users/v-korovin/Projects/multi_mount/src/lx200/base.py:370 handle: Get command GR GET_TELECOPE_RA()
2026-02-15 22:59:19 [  INFO] 99008.972 lx200  /Users/v-korovin/Projects/multi_mount/src/lx200/base.py:379 handle: Answer command GR GET_TELECOPE_RA() -> 12:00:00
2026-02-15 22:59:19 [  INFO] 99232.955 lx200  /Users/v-korovin/Projects/multi_mount/src/lx200/base.py:370 handle: Get command GR GET_TELECOPE_RA()
2026-02-15 22:59:19 [  INFO] 99239.313 lx200  /Users/v-korovin/Projects/multi_mount/src/lx200/base.py:379 handle: Answer command GR GET_TELECOPE_RA() -> 12:00:00
2026-02-15 22:59:20 [  INFO] 99401.618 SkyWatcherLX200.telemetry  /Users/v-korovin/Projects/multi_mount/src/skywatcher/skywatcher_lx200.py:61 _do_log_telemetry: RA=12:00:00 running=True mode=0 direction=1 speed=0 goto_active=True
2026-02-15 22:59:20 [  INFO] 99446.351 lx200  /Users/v-korovin/Projects/multi_mount/src/lx200/base.py:370 handle: Get command GR GET_TELECOPE_RA()
2026-02-15 22:59:20 [  INFO] 99471.724 lx200  /Users/v-korovin/Projects/multi_mount/src/lx200/base.py:379 handle: Answer command GR GET_TELECOPE_RA() -> 12:00:00
2026-02-15 22:59:20 [  INFO] 99682.642 lx200  /Users/v-korovin/Projects/multi_mount/src/lx200/base.py:370 handle: Get command GR GET_TELECOPE_RA()
2026-02-15 22:59:20 [  INFO] 99689.110 lx200  /Users/v-korovin/Projects/multi_mount/src/lx200/base.py:379 handle: Answer command GR GET_TELECOPE_RA() -> 12:00:00
2026-02-15 22:59:20 [  INFO] 99843.558 TMC2209LX200.telemetry  /Users/v-korovin/Projects/multi_mount/src/tmc2209/tmc2209_lx200.py:146 _do_log_telemetry: DEC=+25*37:55 raw_steps=6408 phase=acceleration target_set=True enabled=True
2026-02-15 22:59:20 [  INFO] 99913.043 lx200  /Users/v-korovin/Projects/multi_mount/src/lx200/base.py:370 handle: Get command GR GET_TELECOPE_RA()
2026-02-15 22:59:20 [  INFO] 99950.875 lx200  /Users/v-korovin/Projects/multi_mount/src/lx200/base.py:379 handle: Answer command GR GET_TELECOPE_RA() -> 12:00:00
2026-02-15 22:59:20 [  INFO] 100174.990 lx200  /Users/v-korovin/Projects/multi_mount/src/lx200/base.py:370 handle: Get command GR GET_TELECOPE_RA()
2026-02-15 22:59:20 [  INFO] 100180.523 lx200  /Users/v-korovin/Projects/multi_mount/src/lx200/base.py:379 handle: Answer command GR GET_TELECOPE_RA() -> 12:00:00
2026-02-15 22:59:21 [  INFO] 100403.846 lx200  /Users/v-korovin/Projects/multi_mount/src/lx200/base.py:370 handle: Get command GR GET_TELECOPE_RA()
2026-02-15 22:59:21 [  INFO] 100410.323 lx200  /Users/v-korovin/Projects/multi_mount/src/lx200/base.py:379 handle: Answer command GR GET_TELECOPE_RA() -> 12:00:00
2026-02-15 22:59:21 [  INFO] 100565.994 SkyWatcherLX200.telemetry  /Users/v-korovin/Projects/multi_mount/src/skywatcher/skywatcher_lx200.py:61 _do_log_telemetry: RA=12:00:00 running=True mode=0 direction=1 speed=0 goto_active=True
2026-02-15 22:59:21 [  INFO] 100630.583 lx200  /Users/v-korovin/Projects/multi_mount/src/lx200/base.py:370 handle: Get command GR GET_TELECOPE_RA()
2026-02-15 22:59:21 [  INFO] 100637.047 lx200  /Users/v-korovin/Projects/multi_mount/src/lx200/base.py:379 handle: Answer command GR GET_TELECOPE_RA() -> 12:00:00
2026-02-15 22:59:21 [  INFO] 100844.761 lx200  /Users/v-korovin/Projects/multi_mount/src/lx200/base.py:370 handle: Get command GR GET_TELECOPE_RA()
2026-02-15 22:59:21 [  INFO] 100844.933 lx200  /Users/v-korovin/Projects/multi_mount/src/lx200/base.py:379 handle: Answer command GR GET_TELECOPE_RA() -> 12:00:00
2026-02-15 22:59:21 [  INFO] 100932.647 TMC2209LX200.telemetry  /Users/v-korovin/Projects/multi_mount/src/tmc2209/tmc2209_lx200.py:146 _do_log_telemetry: DEC=+25*54:00 raw_steps=6475 phase=acceleration target_set=True enabled=True
2026-02-15 22:59:21 [  INFO] 101055.544 lx200  /Users/v-korovin/Projects/multi_mount/src/lx200/base.py:370 handle: Get command GR GET_TELECOPE_RA()
2026-02-15 22:59:21 [  INFO] 101055.748 lx200  /Users/v-korovin/Projects/multi_mount/src/lx200/base.py:379 handle: Answer command GR GET_TELECOPE_RA() -> 12:00:00
2026-02-15 22:59:21 [  INFO] 101272.629 lx200  /Users/v-korovin/Projects/multi_mount/src/lx200/base.py:370 handle: Get command GR GET_TELECOPE_RA()
2026-02-15 22:59:21 [  INFO] 101279.118 lx200  /Users/v-korovin/Projects/multi_mount/src/lx200/base.py:379 handle: Answer command GR GET_TELECOPE_RA() -> 12:00:00
2026-02-15 22:59:22 [  INFO] 101503.089 lx200  /Users/v-korovin/Projects/multi_mount/src/lx200/base.py:370 handle: Get command GR GET_TELECOPE_RA()
2026-02-15 22:59:22 [  INFO] 101509.772 lx200  /Users/v-korovin/Projects/multi_mount/src/lx200/base.py:379 handle: Answer command GR GET_TELECOPE_RA() -> 12:00:00
2026-02-15 22:59:22 [  INFO] 101670.842 SkyWatcherLX200.telemetry  /Users/v-korovin/Projects/multi_mount/src/skywatcher/skywatcher_lx200.py:61 _do_log_telemetry: RA=12:00:00 running=True mode=0 direction=1 speed=0 goto_active=True
2026-02-15 22:59:22 [  INFO] 101727.583 lx200  /Users/v-korovin/Projects/multi_mount/src/lx200/base.py:370 handle: Get command GR GET_TELECOPE_RA()
2026-02-15 22:59:22 [  INFO] 101727.719 lx200  /Users/v-korovin/Projects/multi_mount/src/lx200/base.py:379 handle: Answer command GR GET_TELECOPE_RA() -> 12:00:00
2026-02-15 22:59:22 [  INFO] 101940.998 lx200  /Users/v-korovin/Projects/multi_mount/src/lx200/base.py:370 handle: Get command GR GET_TELECOPE_RA()
2026-02-15 22:59:22 [  INFO] 101947.284 lx200  /Users/v-korovin/Projects/multi_mount/src/lx200/base.py:379 handle: Answer command GR GET_TELECOPE_RA() -> 12:00:00
2026-02-15 22:59:22 [  INFO] 102043.518 TMC2209LX200.telemetry  /Users/v-korovin/Projects/multi_mount/src/tmc2209/tmc2209_lx200.py:146 _do_log_telemetry: DEC=+26*13:26 raw_steps=6556 phase=acceleration target_set=True enabled=True
2026-02-15 22:59:22 [  INFO] 102163.879 lx200  /Users/v-korovin/Projects/multi_mount/src/lx200/base.py:370 handle: Get command GR GET_TELECOPE_RA()
2026-02-15 22:59:22 [  INFO] 102170.298 lx200  /Users/v-korovin/Projects/multi_mount/src/lx200/base.py:379 handle: Answer command GR GET_TELECOPE_RA() -> 12:00:00
2026-02-15 22:59:23 [  INFO] 102393.931 lx200  /Users/v-korovin/Projects/multi_mount/src/lx200/base.py:370 handle: Get command GR GET_TELECOPE_RA()
2026-02-15 22:59:23 [  INFO] 102394.112 lx200  /Users/v-korovin/Projects/multi_mount/src/lx200/base.py:379 handle: Answer command GR GET_TELECOPE_RA() -> 12:00:00
2026-02-15 22:59:23 [  INFO] 102597.324 lx200  /Users/v-korovin/Projects/multi_mount/src/lx200/base.py:370 handle: Get command GR GET_TELECOPE_RA()
2026-02-15 22:59:23 [  INFO] 102616.432 lx200  /Users/v-korovin/Projects/multi_mount/src/lx200/base.py:379 handle: Answer command GR GET_TELECOPE_RA() -> 12:00:00
2026-02-15 22:59:23 [  INFO] 102832.276 lx200  /Users/v-korovin/Projects/multi_mount/src/lx200/base.py:370 handle: Get command GR GET_TELECOPE_RA()
2026-02-15 22:59:23 [  INFO] 102838.770 SkyWatcherLX200.telemetry  /Users/v-korovin/Projects/multi_mount/src/skywatcher/skywatcher_lx200.py:61 _do_log_telemetry: RA=12:00:00 running=True mode=0 direction=1 speed=0 goto_active=True
2026-02-15 22:59:23 [  INFO] 102851.346 lx200  /Users/v-korovin/Projects/multi_mount/src/lx200/base.py:379 handle: Answer command GR GET_TELECOPE_RA() -> 12:00:00
2026-02-15 22:59:23 [  INFO] 103112.304 lx200  /Users/v-korovin/Projects/multi_mount/src/lx200/base.py:370 handle: Get command GR GET_TELECOPE_RA()
2026-02-15 22:59:23 [  INFO] 103124.484 lx200  /Users/v-korovin/Projects/multi_mount/src/lx200/base.py:379 handle: Answer command GR GET_TELECOPE_RA() -> 12:00:00
2026-02-15 22:59:23 [  INFO] 103162.038 tmc2209.adapter  /Users/v-korovin/Projects/multi_mount/src/tmc2209/tmc2209_adapter.py:206 status: Status changed: initialised True -> True enabled True -> True phase acceleration -> deceleration target_set True -> True
2026-02-15 22:59:23 [  INFO] 103174.707 TMC2209LX200.telemetry  /Users/v-korovin/Projects/multi_mount/src/tmc2209/tmc2209_lx200.py:146 _do_log_telemetry: DEC=+26*35:31 raw_steps=6648 phase=deceleration target_set=True enabled=True
2026-02-15 22:59:24 [  INFO] 103347.623 lx200  /Users/v-korovin/Projects/multi_mount/src/lx200/base.py:370 handle: Get command GR GET_TELECOPE_RA()
2026-02-15 22:59:24 [  INFO] 103366.680 lx200  /Users/v-korovin/Projects/multi_mount/src/lx200/base.py:379 handle: Answer command GR GET_TELECOPE_RA() -> 12:00:00
2026-02-15 22:59:24 [  INFO] 103580.528 lx200  /Users/v-korovin/Projects/multi_mount/src/lx200/base.py:370 handle: Get command GR GET_TELECOPE_RA()
2026-02-15 22:59:24 [  INFO] 103587.008 lx200  /Users/v-korovin/Projects/multi_mount/src/lx200/base.py:379 handle: Answer command GR GET_TELECOPE_RA() -> 12:00:00
2026-02-15 22:59:24 [  INFO] 103797.213 lx200  /Users/v-korovin/Projects/multi_mount/src/lx200/base.py:370 handle: Get command GR GET_TELECOPE_RA()
2026-02-15 22:59:24 [  INFO] 103803.679 lx200  /Users/v-korovin/Projects/multi_mount/src/lx200/base.py:379 handle: Answer command GR GET_TELECOPE_RA() -> 12:00:00
2026-02-15 22:59:24 [  INFO] 103976.514 SkyWatcherLX200.telemetry  /Users/v-korovin/Projects/multi_mount/src/skywatcher/skywatcher_lx200.py:61 _do_log_telemetry: RA=12:00:00 running=True mode=0 direction=1 speed=0 goto_active=True
2026-02-15 22:59:24 [  INFO] 104015.125 lx200  /Users/v-korovin/Projects/multi_mount/src/lx200/base.py:370 handle: Get command GR GET_TELECOPE_RA()
2026-02-15 22:59:24 [  INFO] 104021.562 lx200  /Users/v-korovin/Projects/multi_mount/src/lx200/base.py:379 handle: Answer command GR GET_TELECOPE_RA() -> 12:00:00
2026-02-15 22:59:25 [  INFO] 104349.819 TMC2209LX200.telemetry  /Users/v-korovin/Projects/multi_mount/src/tmc2209/tmc2209_lx200.py:146 _do_log_telemetry: DEC=+26*56:38 raw_steps=6736 phase=deceleration target_set=True enabled=True
2026-02-15 22:59:25 [WARNING] 104350.087 root  /Users/v-korovin/Projects/multi_mount/src/tests/test_splitter_hw.py:523 _ensure_halted: 
================ TEST CLEANUP START ===========
HALT AFTER TEST
===============================================
2026-02-15 22:59:25 [  INFO] 104350.190 lx200  /Users/v-korovin/Projects/multi_mount/src/lx200/base.py:370 handle: Get command Q HALT_ALL()
2026-02-15 22:59:25 [  INFO] 104368.868 SkyWatcherLX200  /Users/v-korovin/Projects/multi_mount/src/skywatcher/skywatcher_lx200.py:217 halt_all: Halt all RA movements
2026-02-15 22:59:25 [  INFO] 104368.953 skywatcher  /Users/v-korovin/Projects/multi_mount/src/skywatcher/skywatcher.py:332 gracefully_stop_motor: Stop motor
2026-02-15 22:59:25 [  INFO] 104412.728 skywatcher  /Users/v-korovin/Projects/multi_mount/src/skywatcher/skywatcher.py:277 get_status: Mount status changed: raw 313131 -> 313130 running True -> False initialized True -> True slew_mode 0 -> 0 direction 1 -> 1 speed_mode 0 -> 0
2026-02-15 22:59:25 [  INFO] 104424.250 skywatcher  /Users/v-korovin/Projects/multi_mount/src/skywatcher/skywatcher.py:479 resume_tracking: Resume tracking with last rate=1.0
2026-02-15 22:59:25 [  INFO] 104430.574 skywatcher  /Users/v-korovin/Projects/multi_mount/src/skywatcher/skywatcher.py:467 start_tracking: Start tracking request: rate=1.0
2026-02-15 22:59:25 [  INFO] 104461.907 skywatcher  /Users/v-korovin/Projects/multi_mount/src/skywatcher/skywatcher.py:459 set_ra_rate: Set RA rate: 1.0 * 1 (highspeed=False) mode=0 // period=110359
2026-02-15 22:59:25 [  INFO] 104468.329 skywatcher  /Users/v-korovin/Projects/multi_mount/src/skywatcher/skywatcher.py:332 gracefully_stop_motor: Stop motor
2026-02-15 22:59:25 [  INFO] 104515.948 skywatcher  /Users/v-korovin/Projects/multi_mount/src/skywatcher/skywatcher.py:371 _set_motion: Set motion mode: SkyWatcherStatus(raw=3223856, running=False, initialized=True, slew_mode=<SlewMode.SLEW: 0>, direction=<Direction.FORWARD: 1>, speed_mode=<SpeedMode.LOWSPEED: 0>)
2026-02-15 22:59:25 [  INFO] 104611.713 skywatcher  /Users/v-korovin/Projects/multi_mount/src/skywatcher/skywatcher.py:384 _start_motor: Start motor
2026-02-15 22:59:25 [  INFO] 104649.319 skywatcher  /Users/v-korovin/Projects/multi_mount/src/skywatcher/skywatcher.py:475 start_tracking: Start tracking applied: rate=1.0
2026-02-15 22:59:25 [  INFO] 104662.116 SkyWatcherLX200  /Users/v-korovin/Projects/multi_mount/src/skywatcher/skywatcher_lx200.py:221 halt_all: Halt all RA movements done
2026-02-15 22:59:25 [  INFO] 104674.856 TMC2209LX200  /Users/v-korovin/Projects/multi_mount/src/tmc2209/tmc2209_lx200.py:181 halt_all: Halt all DEC movements
2026-02-15 22:59:25 [  INFO] 104674.924 tmc2209.adapter  /Users/v-korovin/Projects/multi_mount/src/tmc2209/tmc2209_adapter.py:308 halt: Halt request
2026-02-15 22:59:25 [  INFO] 104700.362 tmc2209.adapter  /Users/v-korovin/Projects/multi_mount/src/tmc2209/tmc2209_adapter.py:311 halt: Halt applied: stopping=True
2026-02-15 22:59:25 [  INFO] 104706.797 TMC2209LX200  /Users/v-korovin/Projects/multi_mount/src/tmc2209/tmc2209_lx200.py:183 halt_all: Halt all DEC movements done
2026-02-15 22:59:25 [WARNING] 104713.139 lx200  /Users/v-korovin/Projects/multi_mount/src/lx200/base.py:381 handle: Empty responce: Q HALT_ALL() -> ∅
2026-02-15 22:59:25 [  INFO] 105122.376 skywatcher  /Users/v-korovin/Projects/multi_mount/src/skywatcher/skywatcher.py:277 get_status: Mount status changed: raw 313130 -> 313131 running False -> True initialized True -> True slew_mode 0 -> 0 direction 1 -> 1 speed_mode 0 -> 0
2026-02-15 22:59:25 [  INFO] 105128.847 SkyWatcherLX200.telemetry  /Users/v-korovin/Projects/multi_mount/src/skywatcher/skywatcher_lx200.py:61 _do_log_telemetry: RA=12:00:00 running=True mode=0 direction=1 speed=0 goto_active=False
2026-02-15 22:59:25 [WARNING] 105230.789 root  /Users/v-korovin/Projects/multi_mount/src/tests/test_splitter_hw.py:533 _ensure_halted: 
================ TEST CLEANUP END =============
HALT AFTER TEST DONE
===============================================
2026-02-15 22:59:25 [WARNING] 105249.600 root  /Users/v-korovin/Projects/multi_mount/src/tests/test_splitter_hw.py:507 _ensure_halted: 
================ TEST PREP START ==============
ENSURE BOTH AXES HALTED
===============================================
2026-02-15 22:59:25 [  INFO] 105249.754 lx200  /Users/v-korovin/Projects/multi_mount/src/lx200/base.py:370 handle: Get command Q HALT_ALL()
2026-02-15 22:59:25 [  INFO] 105249.866 SkyWatcherLX200  /Users/v-korovin/Projects/multi_mount/src/skywatcher/skywatcher_lx200.py:217 halt_all: Halt all RA movements
2026-02-15 22:59:25 [  INFO] 105255.835 skywatcher  /Users/v-korovin/Projects/multi_mount/src/skywatcher/skywatcher.py:332 gracefully_stop_motor: Stop motor
2026-02-15 22:59:25 [  INFO] 105300.507 skywatcher  /Users/v-korovin/Projects/multi_mount/src/skywatcher/skywatcher.py:277 get_status: Mount status changed: raw 313131 -> 313130 running True -> False initialized True -> True slew_mode 0 -> 0 direction 1 -> 1 speed_mode 0 -> 0
2026-02-15 22:59:25 [  INFO] 105306.923 skywatcher  /Users/v-korovin/Projects/multi_mount/src/skywatcher/skywatcher.py:479 resume_tracking: Resume tracking with last rate=1.0
2026-02-15 22:59:25 [  INFO] 105313.259 skywatcher  /Users/v-korovin/Projects/multi_mount/src/skywatcher/skywatcher.py:467 start_tracking: Start tracking request: rate=1.0
2026-02-15 22:59:26 [  INFO] 105339.147 skywatcher  /Users/v-korovin/Projects/multi_mount/src/skywatcher/skywatcher.py:459 set_ra_rate: Set RA rate: 1.0 * 1 (highspeed=False) mode=0 // period=110359
2026-02-15 22:59:26 [  INFO] 105345.528 skywatcher  /Users/v-korovin/Projects/multi_mount/src/skywatcher/skywatcher.py:332 gracefully_stop_motor: Stop motor
2026-02-15 22:59:26 [  INFO] 105377.687 skywatcher  /Users/v-korovin/Projects/multi_mount/src/skywatcher/skywatcher.py:371 _set_motion: Set motion mode: SkyWatcherStatus(raw=3223856, running=False, initialized=True, slew_mode=<SlewMode.SLEW: 0>, direction=<Direction.FORWARD: 1>, speed_mode=<SpeedMode.LOWSPEED: 0>)
2026-02-15 22:59:26 [  INFO] 105428.370 TMC2209LX200.telemetry  /Users/v-korovin/Projects/multi_mount/src/tmc2209/tmc2209_lx200.py:146 _do_log_telemetry: DEC=+27*15:22 raw_steps=6814 phase=deceleration target_set=True enabled=True
2026-02-15 22:59:26 [  INFO] 105522.246 skywatcher  /Users/v-korovin/Projects/multi_mount/src/skywatcher/skywatcher.py:384 _start_motor: Start motor
2026-02-15 22:59:26 [  INFO] 105542.678 skywatcher  /Users/v-korovin/Projects/multi_mount/src/skywatcher/skywatcher.py:475 start_tracking: Start tracking applied: rate=1.0
2026-02-15 22:59:26 [  INFO] 105549.132 SkyWatcherLX200  /Users/v-korovin/Projects/multi_mount/src/skywatcher/skywatcher_lx200.py:221 halt_all: Halt all RA movements done
2026-02-15 22:59:26 [  INFO] 105549.196 TMC2209LX200  /Users/v-korovin/Projects/multi_mount/src/tmc2209/tmc2209_lx200.py:181 halt_all: Halt all DEC movements
2026-02-15 22:59:26 [  INFO] 105549.238 tmc2209.adapter  /Users/v-korovin/Projects/multi_mount/src/tmc2209/tmc2209_adapter.py:308 halt: Halt request
2026-02-15 22:59:26 [  INFO] 105568.324 tmc2209.adapter  /Users/v-korovin/Projects/multi_mount/src/tmc2209/tmc2209_adapter.py:311 halt: Halt applied: stopping=True
2026-02-15 22:59:26 [  INFO] 105574.266 TMC2209LX200  /Users/v-korovin/Projects/multi_mount/src/tmc2209/tmc2209_lx200.py:183 halt_all: Halt all DEC movements done
2026-02-15 22:59:26 [WARNING] 105580.669 lx200  /Users/v-korovin/Projects/multi_mount/src/lx200/base.py:381 handle: Empty responce: Q HALT_ALL() -> ∅
2026-02-15 22:59:26 [WARNING] 106098.334 root  /Users/v-korovin/Projects/multi_mount/src/tests/test_splitter_hw.py:517 _ensure_halted: 
================ TEST PREP END ================
AXES HALTED BEFORE TEST
===============================================
2026-02-15 22:59:26 [WARNING] 106124.144 root  /Users/v-korovin/Projects/multi_mount/src/tests/test_splitter_hw.py:682 test_hw_splitter_slew_to_target_reaches_goal: 
================ TEST START ===================
SLEW TO TARGET REACHES GOAL
RA DELTA: -1000.00s
DEC DELTA: -3.000deg
===============================================
2026-02-15 22:59:26 [WARNING] 106130.579 root  /Users/v-korovin/Projects/multi_mount/src/tests/test_splitter_hw.py:201 sync_known_position: 
================ SYNC START ===================
TARGET RA: 12:00:00
TARGET DEC: +25*00:00
===============================================
2026-02-15 22:59:26 [  INFO] 106137.043 lx200  /Users/v-korovin/Projects/multi_mount/src/lx200/base.py:370 handle: Get command Q HALT_ALL()
2026-02-15 22:59:26 [  INFO] 106137.154 SkyWatcherLX200  /Users/v-korovin/Projects/multi_mount/src/skywatcher/skywatcher_lx200.py:217 halt_all: Halt all RA movements
2026-02-15 22:59:26 [  INFO] 106137.253 skywatcher  /Users/v-korovin/Projects/multi_mount/src/skywatcher/skywatcher.py:332 gracefully_stop_motor: Stop motor
2026-02-15 22:59:26 [  INFO] 106187.379 skywatcher  /Users/v-korovin/Projects/multi_mount/src/skywatcher/skywatcher.py:479 resume_tracking: Resume tracking with last rate=1.0
2026-02-15 22:59:26 [  INFO] 106193.771 skywatcher  /Users/v-korovin/Projects/multi_mount/src/skywatcher/skywatcher.py:467 start_tracking: Start tracking request: rate=1.0
2026-02-15 22:59:26 [  INFO] 106212.565 skywatcher  /Users/v-korovin/Projects/multi_mount/src/skywatcher/skywatcher.py:459 set_ra_rate: Set RA rate: 1.0 * 1 (highspeed=False) mode=0 // period=110359
2026-02-15 22:59:26 [  INFO] 106212.666 skywatcher  /Users/v-korovin/Projects/multi_mount/src/skywatcher/skywatcher.py:332 gracefully_stop_motor: Stop motor
2026-02-15 22:59:26 [  INFO] 106301.990 skywatcher  /Users/v-korovin/Projects/multi_mount/src/skywatcher/skywatcher.py:371 _set_motion: Set motion mode: SkyWatcherStatus(raw=3223856, running=False, initialized=True, slew_mode=<SlewMode.SLEW: 0>, direction=<Direction.FORWARD: 1>, speed_mode=<SpeedMode.LOWSPEED: 0>)
2026-02-15 22:59:26 [  INFO] 106320.861 SkyWatcherLX200.telemetry  /Users/v-korovin/Projects/multi_mount/src/skywatcher/skywatcher_lx200.py:61 _do_log_telemetry: RA=12:00:00 running=False mode=0 direction=1 speed=0 goto_active=False
2026-02-15 22:59:27 [  INFO] 106357.608 skywatcher  /Users/v-korovin/Projects/multi_mount/src/skywatcher/skywatcher.py:384 _start_motor: Start motor
2026-02-15 22:59:27 [  INFO] 106395.756 skywatcher  /Users/v-korovin/Projects/multi_mount/src/skywatcher/skywatcher.py:475 start_tracking: Start tracking applied: rate=1.0
2026-02-15 22:59:27 [  INFO] 106402.174 SkyWatcherLX200  /Users/v-korovin/Projects/multi_mount/src/skywatcher/skywatcher_lx200.py:221 halt_all: Halt all RA movements done
2026-02-15 22:59:27 [  INFO] 106402.243 TMC2209LX200  /Users/v-korovin/Projects/multi_mount/src/tmc2209/tmc2209_lx200.py:181 halt_all: Halt all DEC movements
2026-02-15 22:59:27 [  INFO] 106408.612 tmc2209.adapter  /Users/v-korovin/Projects/multi_mount/src/tmc2209/tmc2209_adapter.py:308 halt: Halt request
2026-02-15 22:59:27 [  INFO] 106434.071 tmc2209.adapter  /Users/v-korovin/Projects/multi_mount/src/tmc2209/tmc2209_adapter.py:311 halt: Halt applied: stopping=True
2026-02-15 22:59:27 [  INFO] 106434.161 TMC2209LX200  /Users/v-korovin/Projects/multi_mount/src/tmc2209/tmc2209_lx200.py:183 halt_all: Halt all DEC movements done
2026-02-15 22:59:27 [WARNING] 106434.257 lx200  /Users/v-korovin/Projects/multi_mount/src/lx200/base.py:381 handle: Empty responce: Q HALT_ALL() -> ∅
2026-02-15 22:59:27 [  INFO] 106453.023 lx200  /Users/v-korovin/Projects/multi_mount/src/lx200/base.py:370 handle: Get command GR GET_TELECOPE_RA()
2026-02-15 22:59:27 [  INFO] 106459.137 lx200  /Users/v-korovin/Projects/multi_mount/src/lx200/base.py:379 handle: Answer command GR GET_TELECOPE_RA() -> 12:00:01
2026-02-15 22:59:27 [  INFO] 106597.337 TMC2209LX200.telemetry  /Users/v-korovin/Projects/multi_mount/src/tmc2209/tmc2209_lx200.py:146 _do_log_telemetry: DEC=+27*30:00 raw_steps=6875 phase=deceleration target_set=True enabled=True
2026-02-15 22:59:28 [  INFO] 107447.201 skywatcher  /Users/v-korovin/Projects/multi_mount/src/skywatcher/skywatcher.py:277 get_status: Mount status changed: raw 313130 -> 313131 running False -> True initialized True -> True slew_mode 0 -> 0 direction 1 -> 1 speed_mode 0 -> 0
2026-02-15 22:59:28 [  INFO] 107453.702 SkyWatcherLX200.telemetry  /Users/v-korovin/Projects/multi_mount/src/skywatcher/skywatcher_lx200.py:61 _do_log_telemetry: RA=12:00:01 running=True mode=0 direction=1 speed=0 goto_active=False
2026-02-15 22:59:28 [  INFO] 107720.516 TMC2209LX200.telemetry  /Users/v-korovin/Projects/multi_mount/src/tmc2209/tmc2209_lx200.py:146 _do_log_telemetry: DEC=+27*42:14 raw_steps=6926 phase=deceleration target_set=True enabled=True
2026-02-15 22:59:28 [  INFO] 107970.574 lx200  /Users/v-korovin/Projects/multi_mount/src/lx200/base.py:370 handle: Get command GR GET_TELECOPE_RA()
2026-02-15 22:59:28 [  INFO] 107976.964 lx200  /Users/v-korovin/Projects/multi_mount/src/lx200/base.py:379 handle: Answer command GR GET_TELECOPE_RA() -> 12:00:01
2026-02-15 22:59:28 [WARNING] 108076.920 root  /Users/v-korovin/Projects/multi_mount/src/tests/test_splitter_hw.py:131 _wait_until: 
================ POLLING START ================
TIMEOUT: 12.0s
CONDITION: DEC did not stop in time: phase=deceleration target_set=True speed=34.8
===============================================
2026-02-15 22:59:29 [  INFO] 108594.217 SkyWatcherLX200.telemetry  /Users/v-korovin/Projects/multi_mount/src/skywatcher/skywatcher_lx200.py:61 _do_log_telemetry: RA=12:00:00 running=True mode=0 direction=1 speed=0 goto_active=False
2026-02-15 22:59:29 [  INFO] 108788.894 TMC2209LX200.telemetry  /Users/v-korovin/Projects/multi_mount/src/tmc2209/tmc2209_lx200.py:146 _do_log_telemetry: DEC=+27*51:07 raw_steps=6963 phase=deceleration target_set=True enabled=True
2026-02-15 22:59:30 [  INFO] 109712.680 SkyWatcherLX200.telemetry  /Users/v-korovin/Projects/multi_mount/src/skywatcher/skywatcher_lx200.py:61 _do_log_telemetry: RA=12:00:00 running=True mode=0 direction=1 speed=0 goto_active=False
2026-02-15 22:59:30 [  INFO] 109906.143 TMC2209LX200.telemetry  /Users/v-korovin/Projects/multi_mount/src/tmc2209/tmc2209_lx200.py:146 _do_log_telemetry: DEC=+27*57:07 raw_steps=6988 phase=deceleration target_set=True enabled=True
2026-02-15 22:59:31 [  INFO] 110849.265 SkyWatcherLX200.telemetry  /Users/v-korovin/Projects/multi_mount/src/skywatcher/skywatcher_lx200.py:61 _do_log_telemetry: RA=12:00:00 running=True mode=0 direction=1 speed=0 goto_active=False
2026-02-15 22:59:31 [  INFO] 111026.715 TMC2209LX200.telemetry  /Users/v-korovin/Projects/multi_mount/src/tmc2209/tmc2209_lx200.py:146 _do_log_telemetry: DEC=+27*59:46 raw_steps=6999 phase=deceleration target_set=True enabled=True
2026-02-15 22:59:31 [  INFO] 111236.958 tmc2209.adapter  /Users/v-korovin/Projects/multi_mount/src/tmc2209/tmc2209_adapter.py:206 status: Status changed: initialised True -> True enabled True -> True phase deceleration -> hold target_set True -> False
2026-02-15 22:59:31 [WARNING] 111243.405 root  /Users/v-korovin/Projects/multi_mount/src/tests/test_splitter_hw.py:143 _wait_until: 
================ POLLING END ==================
RESULT: SUCCESS
ELAPSED: 3.16s
===============================================
2026-02-15 22:59:31 [  INFO] 111249.280 lx200  /Users/v-korovin/Projects/multi_mount/src/lx200/base.py:370 handle: Get command GD GET_TELESCOPE_DEC()
2026-02-15 22:59:31 [  INFO] 111293.530 lx200  /Users/v-korovin/Projects/multi_mount/src/lx200/base.py:379 handle: Answer command GD GET_TELESCOPE_DEC() -> +28*00:00
2026-02-15 22:59:32 [  INFO] 111961.626 SkyWatcherLX200.telemetry  /Users/v-korovin/Projects/multi_mount/src/skywatcher/skywatcher_lx200.py:61 _do_log_telemetry: RA=12:00:01 running=True mode=0 direction=1 speed=0 goto_active=False
2026-02-15 22:59:32 [  INFO] 112114.052 TMC2209LX200.telemetry  /Users/v-korovin/Projects/multi_mount/src/tmc2209/tmc2209_lx200.py:146 _do_log_telemetry: DEC=+28*00:00 raw_steps=7000 phase=hold target_set=False enabled=True
2026-02-15 22:59:33 [  INFO] 112810.572 lx200  /Users/v-korovin/Projects/multi_mount/src/lx200/base.py:370 handle: Get command GD GET_TELESCOPE_DEC()
2026-02-15 22:59:33 [  INFO] 112866.534 lx200  /Users/v-korovin/Projects/multi_mount/src/lx200/base.py:379 handle: Answer command GD GET_TELESCOPE_DEC() -> +28*00:00
2026-02-15 22:59:33 [  INFO] 113090.849 SkyWatcherLX200.telemetry  /Users/v-korovin/Projects/multi_mount/src/skywatcher/skywatcher_lx200.py:61 _do_log_telemetry: RA=12:00:01 running=True mode=0 direction=1 speed=0 goto_active=False
2026-02-15 22:59:33 [  INFO] 113147.616 TMC2209LX200.telemetry  /Users/v-korovin/Projects/multi_mount/src/tmc2209/tmc2209_lx200.py:146 _do_log_telemetry: DEC=+28*00:00 raw_steps=7000 phase=hold target_set=False enabled=True
2026-02-15 22:59:34 [  INFO] 113380.607 lx200  /Users/v-korovin/Projects/multi_mount/src/lx200/base.py:370 handle: Get command Sr SET_TELESCOPE_RA(12:00:00)
2026-02-15 22:59:34 [  INFO] 113399.379 lx200  /Users/v-korovin/Projects/multi_mount/src/lx200/base.py:379 handle: Answer command Sr SET_TELESCOPE_RA(12:00:00) -> True
2026-02-15 22:59:34 [  INFO] 113411.069 lx200  /Users/v-korovin/Projects/multi_mount/src/lx200/base.py:370 handle: Get command Sd SET_TELESCOPE_DEC(+25*00:00)
2026-02-15 22:59:34 [  INFO] 113411.157 lx200  /Users/v-korovin/Projects/multi_mount/src/lx200/base.py:379 handle: Answer command Sd SET_TELESCOPE_DEC(+25*00:00) -> True
2026-02-15 22:59:34 [  INFO] 113411.207 lx200  /Users/v-korovin/Projects/multi_mount/src/lx200/base.py:370 handle: Get command CM SYNC()
2026-02-15 22:59:34 [  INFO] 113411.266 SkyWatcherLX200  /Users/v-korovin/Projects/multi_mount/src/skywatcher/skywatcher_lx200.py:208 sync_telescope_ra: Sync RA to 12:00:00
2026-02-15 22:59:34 [  INFO] 113638.957 TMC2209LX200  /Users/v-korovin/Projects/multi_mount/src/tmc2209/tmc2209_lx200.py:174 sync_telescope_dec: Sync DEC to +25*00:00
2026-02-15 22:59:34 [  INFO] 113645.473 tmc2209.adapter  /Users/v-korovin/Projects/multi_mount/src/tmc2209/tmc2209_adapter.py:250 set_position: Set position request: position=6250
2026-02-15 22:59:34 [  INFO] 113683.417 tmc2209.adapter  /Users/v-korovin/Projects/multi_mount/src/tmc2209/tmc2209_adapter.py:253 set_position: Set position applied: position=6250
2026-02-15 22:59:34 [  INFO] 113689.907 TMC2209LX200  /Users/v-korovin/Projects/multi_mount/src/tmc2209/tmc2209_lx200.py:177 sync_telescope_dec: Sync DEC applied: steps=6250
2026-02-15 22:59:34 [  INFO] 113689.986 lx200  /Users/v-korovin/Projects/multi_mount/src/lx200/base.py:379 handle: Answer command CM SYNC() -> OK
2026-02-15 22:59:34 [  INFO] 113690.038 lx200  /Users/v-korovin/Projects/multi_mount/src/lx200/base.py:370 handle: Get command GR GET_TELECOPE_RA()
2026-02-15 22:59:34 [  INFO] 113696.438 lx200  /Users/v-korovin/Projects/multi_mount/src/lx200/base.py:379 handle: Answer command GR GET_TELECOPE_RA() -> 12:00:00
2026-02-15 22:59:34 [WARNING] 113696.517 root  /Users/v-korovin/Projects/multi_mount/src/tests/test_splitter_hw.py:131 _wait_until: 
================ POLLING START ================
TIMEOUT: 10.0s
CONDITION: RA did not reach target in time: current=12:00:00 target=12:00:00 distance=0.00s
===============================================
2026-02-15 22:59:34 [  INFO] 113696.567 lx200  /Users/v-korovin/Projects/multi_mount/src/lx200/base.py:370 handle: Get command GR GET_TELECOPE_RA()
2026-02-15 22:59:34 [  INFO] 113702.934 lx200  /Users/v-korovin/Projects/multi_mount/src/lx200/base.py:379 handle: Answer command GR GET_TELECOPE_RA() -> 12:00:00
2026-02-15 22:59:34 [WARNING] 113703.010 root  /Users/v-korovin/Projects/multi_mount/src/tests/test_splitter_hw.py:143 _wait_until: 
================ POLLING END ==================
RESULT: SUCCESS
ELAPSED: 0.01s
===============================================
2026-02-15 22:59:34 [  INFO] 113709.411 lx200  /Users/v-korovin/Projects/multi_mount/src/lx200/base.py:370 handle: Get command GD GET_TELESCOPE_DEC()
2026-02-15 22:59:34 [  INFO] 113761.942 lx200  /Users/v-korovin/Projects/multi_mount/src/lx200/base.py:379 handle: Answer command GD GET_TELESCOPE_DEC() -> +25*00:00
2026-02-15 22:59:34 [WARNING] 113774.247 root  /Users/v-korovin/Projects/multi_mount/src/tests/test_splitter_hw.py:131 _wait_until: 
================ POLLING START ================
TIMEOUT: 10.0s
CONDITION: DEC did not reach target in time: current=+25*00:00 target=+25*00:00 distance=0.000deg
===============================================
2026-02-15 22:59:34 [  INFO] 113793.189 lx200  /Users/v-korovin/Projects/multi_mount/src/lx200/base.py:370 handle: Get command GD GET_TELESCOPE_DEC()
2026-02-15 22:59:34 [  INFO] 113844.309 lx200  /Users/v-korovin/Projects/multi_mount/src/lx200/base.py:379 handle: Answer command GD GET_TELESCOPE_DEC() -> +25*00:00
2026-02-15 22:59:34 [WARNING] 113856.975 root  /Users/v-korovin/Projects/multi_mount/src/tests/test_splitter_hw.py:143 _wait_until: 
================ POLLING END ==================
RESULT: SUCCESS
ELAPSED: 0.06s
===============================================
2026-02-15 22:59:34 [  INFO] 113863.365 lx200  /Users/v-korovin/Projects/multi_mount/src/lx200/base.py:370 handle: Get command GR GET_TELECOPE_RA()
2026-02-15 22:59:34 [  INFO] 113869.768 lx200  /Users/v-korovin/Projects/multi_mount/src/lx200/base.py:379 handle: Answer command GR GET_TELECOPE_RA() -> 12:00:00
2026-02-15 22:59:34 [  INFO] 113876.169 lx200  /Users/v-korovin/Projects/multi_mount/src/lx200/base.py:370 handle: Get command GD GET_TELESCOPE_DEC()
2026-02-15 22:59:34 [  INFO] 113951.737 lx200  /Users/v-korovin/Projects/multi_mount/src/lx200/base.py:379 handle: Answer command GD GET_TELESCOPE_DEC() -> +25*00:00
2026-02-15 22:59:34 [WARNING] 113951.904 root  /Users/v-korovin/Projects/multi_mount/src/tests/test_splitter_hw.py:218 sync_known_position: 
================ SYNC END =====================
RA: 12:00:00
DEC: +25*00:00
===============================================
2026-02-15 22:59:34 [  INFO] 113957.636 lx200  /Users/v-korovin/Projects/multi_mount/src/lx200/base.py:370 handle: Get command GR GET_TELECOPE_RA()
2026-02-15 22:59:34 [  INFO] 113957.691 lx200  /Users/v-korovin/Projects/multi_mount/src/lx200/base.py:379 handle: Answer command GR GET_TELECOPE_RA() -> 12:00:00
2026-02-15 22:59:34 [  INFO] 113957.787 lx200  /Users/v-korovin/Projects/multi_mount/src/lx200/base.py:370 handle: Get command GD GET_TELESCOPE_DEC()
2026-02-15 22:59:34 [  INFO] 114015.817 lx200  /Users/v-korovin/Projects/multi_mount/src/lx200/base.py:379 handle: Answer command GD GET_TELESCOPE_DEC() -> +25*00:00
2026-02-15 22:59:34 [WARNING] 114022.296 root  /Users/v-korovin/Projects/multi_mount/src/tests/test_splitter_hw.py:701 test_hw_splitter_slew_to_target_reaches_goal: 
================ SLEW START ===================
TARGET RA: 11:43:20
TARGET DEC: +22*00:00
===============================================
2026-02-15 22:59:34 [  INFO] 114027.731 lx200  /Users/v-korovin/Projects/multi_mount/src/lx200/base.py:370 handle: Get command RM SET_SLEW_TO_FIND()
2026-02-15 22:59:34 [  INFO] 114027.802 TMC2209LX200  /Users/v-korovin/Projects/multi_mount/src/tmc2209/tmc2209_lx200.py:224 set_slew_to_find: Set slew mode to find
2026-02-15 22:59:34 [WARNING] 114034.152 lx200  /Users/v-korovin/Projects/multi_mount/src/lx200/base.py:381 handle: Empty responce: RM SET_SLEW_TO_FIND() -> ∅
2026-02-15 22:59:34 [  INFO] 114040.523 lx200  /Users/v-korovin/Projects/multi_mount/src/lx200/base.py:370 handle: Get command Sr SET_TELESCOPE_RA(11:43:20)
2026-02-15 22:59:34 [  INFO] 114040.610 lx200  /Users/v-korovin/Projects/multi_mount/src/lx200/base.py:379 handle: Answer command Sr SET_TELESCOPE_RA(11:43:20) -> True
2026-02-15 22:59:34 [  INFO] 114040.662 lx200  /Users/v-korovin/Projects/multi_mount/src/lx200/base.py:370 handle: Get command Sd SET_TELESCOPE_DEC(+22*00:00)
2026-02-15 22:59:34 [  INFO] 114047.050 lx200  /Users/v-korovin/Projects/multi_mount/src/lx200/base.py:379 handle: Answer command Sd SET_TELESCOPE_DEC(+22*00:00) -> True
2026-02-15 22:59:34 [  INFO] 114047.099 lx200  /Users/v-korovin/Projects/multi_mount/src/lx200/base.py:370 handle: Get command MS SLEW()
2026-02-15 22:59:34 [  INFO] 114047.142 SkyWatcherLX200  /Users/v-korovin/Projects/multi_mount/src/skywatcher/skywatcher_lx200.py:225 slew_to_ra: Queue GOTO RA to 11:43:20
2026-02-15 22:59:34 [  INFO] 114053.535 TMC2209LX200  /Users/v-korovin/Projects/multi_mount/src/tmc2209/tmc2209_lx200.py:187 slew_to_dec: Start DEC GOTO to +22*00:00
2026-02-15 22:59:34 [  INFO] 114122.484 TMC2209LX200  /Users/v-korovin/Projects/multi_mount/src/tmc2209/tmc2209_lx200.py:196 slew_to_dec: DEC GOTO details: current_steps=6250 target_steps=5500 delta_steps=-750 profile=(microsteps=2 speed=5000 accel=10)
2026-02-15 22:59:34 [  INFO] 114128.943 TMC2209LX200  /Users/v-korovin/Projects/multi_mount/src/tmc2209/tmc2209_lx200.py:295 _apply_profile: Apply profile: microsteps=2 speed=5000 accel=10
2026-02-15 22:59:34 [  INFO] 114129.008 tmc2209.adapter  /Users/v-korovin/Projects/multi_mount/src/tmc2209/tmc2209_adapter.py:275 set_speed_sps: Set speed request: speed_sps=5000
2026-02-15 22:59:34 [  INFO] 114153.512 tmc2209.adapter  /Users/v-korovin/Projects/multi_mount/src/tmc2209/tmc2209_adapter.py:278 set_speed_sps: Set speed applied: speed_sps=5000.0
2026-02-15 22:59:34 [  INFO] 114182.599 tmc2209.adapter  /Users/v-korovin/Projects/multi_mount/src/tmc2209/tmc2209_adapter.py:286 set_acceleration_steps_per_ms: Set acceleration request: accel_steps_per_ms=10
2026-02-15 22:59:34 [  INFO] 114195.723 TMC2209LX200.telemetry  /Users/v-korovin/Projects/multi_mount/src/tmc2209/tmc2209_lx200.py:146 _do_log_telemetry: DEC=+25*00:00 raw_steps=6250 phase=hold target_set=False enabled=True
2026-02-15 22:59:34 [  INFO] 114264.009 tmc2209.adapter  /Users/v-korovin/Projects/multi_mount/src/tmc2209/tmc2209_adapter.py:289 set_acceleration_steps_per_ms: Set acceleration applied: accel_steps_per_ms=10.0
2026-02-15 22:59:34 [  INFO] 114264.121 tmc2209.adapter  /Users/v-korovin/Projects/multi_mount/src/tmc2209/tmc2209_adapter.py:293 set_target: Set target request: target=5500
2026-02-15 22:59:34 [  INFO] 114276.936 SkyWatcherLX200.telemetry  /Users/v-korovin/Projects/multi_mount/src/skywatcher/skywatcher_lx200.py:61 _do_log_telemetry: RA=12:00:00 running=True mode=0 direction=1 speed=0 goto_active=True
2026-02-15 22:59:34 [  INFO] 114326.235 tmc2209.adapter  /Users/v-korovin/Projects/multi_mount/src/tmc2209/tmc2209_adapter.py:297 set_target: Set target applied: target=5500 target_set=True
2026-02-15 22:59:34 [  INFO] 114326.393 tmc2209.adapter  /Users/v-korovin/Projects/multi_mount/src/tmc2209/tmc2209_adapter.py:301 run: Run request
2026-02-15 22:59:35 [  INFO] 114370.322 tmc2209.adapter  /Users/v-korovin/Projects/multi_mount/src/tmc2209/tmc2209_adapter.py:304 run: Run applied: running=True
2026-02-15 22:59:35 [  INFO] 114370.421 TMC2209LX200  /Users/v-korovin/Projects/multi_mount/src/tmc2209/tmc2209_lx200.py:210 slew_to_dec: DEC GOTO started: target_steps=5500
2026-02-15 22:59:35 [  INFO] 114370.471 lx200  /Users/v-korovin/Projects/multi_mount/src/lx200/base.py:379 handle: Answer command MS SLEW() -> False
2026-02-15 22:59:35 [WARNING] 114370.560 root  /Users/v-korovin/Projects/multi_mount/src/tests/test_splitter_hw.py:234 wait_ra_moved: 
================ POLLING START ================
WAIT RA MOVED
START: 12:00:00
EXPECTED SIGN: -1
MIN DELTA: 2.00s
TIMEOUT: 10.0s
===============================================
2026-02-15 22:59:35 [  INFO] 114376.957 lx200  /Users/v-korovin/Projects/multi_mount/src/lx200/base.py:370 handle: Get command GR GET_TELECOPE_RA()
2026-02-15 22:59:35 [  INFO] 114382.567 lx200  /Users/v-korovin/Projects/multi_mount/src/lx200/base.py:379 handle: Answer command GR GET_TELECOPE_RA() -> 12:00:00
2026-02-15 22:59:35 [  INFO] 114603.573 lx200  /Users/v-korovin/Projects/multi_mount/src/lx200/base.py:370 handle: Get command GR GET_TELECOPE_RA()
2026-02-15 22:59:35 [  INFO] 114610.043 lx200  /Users/v-korovin/Projects/multi_mount/src/lx200/base.py:379 handle: Answer command GR GET_TELECOPE_RA() -> 12:00:00
2026-02-15 22:59:35 [  INFO] 114823.349 lx200  /Users/v-korovin/Projects/multi_mount/src/lx200/base.py:370 handle: Get command GR GET_TELECOPE_RA()
2026-02-15 22:59:35 [  INFO] 114829.892 lx200  /Users/v-korovin/Projects/multi_mount/src/lx200/base.py:379 handle: Answer command GR GET_TELECOPE_RA() -> 12:00:00
2026-02-15 22:59:35 [  INFO] 115053.890 lx200  /Users/v-korovin/Projects/multi_mount/src/lx200/base.py:370 handle: Get command GR GET_TELECOPE_RA()
2026-02-15 22:59:35 [  INFO] 115060.356 lx200  /Users/v-korovin/Projects/multi_mount/src/lx200/base.py:379 handle: Answer command GR GET_TELECOPE_RA() -> 12:00:00
2026-02-15 22:59:35 [  INFO] 115259.446 tmc2209.adapter  /Users/v-korovin/Projects/multi_mount/src/tmc2209/tmc2209_adapter.py:206 status: Status changed: initialised True -> True enabled True -> True phase hold -> acceleration target_set False -> True
2026-02-15 22:59:35 [  INFO] 115265.954 TMC2209LX200.telemetry  /Users/v-korovin/Projects/multi_mount/src/tmc2209/tmc2209_lx200.py:146 _do_log_telemetry: DEC=+24*59:17 raw_steps=6247 phase=acceleration target_set=True enabled=True
2026-02-15 22:59:35 [  INFO] 115265.885 lx200  /Users/v-korovin/Projects/multi_mount/src/lx200/base.py:370 handle: Get command GR GET_TELECOPE_RA()
2026-02-15 22:59:35 [  INFO] 115284.962 lx200  /Users/v-korovin/Projects/multi_mount/src/lx200/base.py:379 handle: Answer command GR GET_TELECOPE_RA() -> 12:00:00
2026-02-15 22:59:36 [  INFO] 115413.779 SkyWatcherLX200.telemetry  /Users/v-korovin/Projects/multi_mount/src/skywatcher/skywatcher_lx200.py:61 _do_log_telemetry: RA=12:00:00 running=True mode=0 direction=1 speed=0 goto_active=True
2026-02-15 22:59:36 [  INFO] 115505.516 lx200  /Users/v-korovin/Projects/multi_mount/src/lx200/base.py:370 handle: Get command GR GET_TELECOPE_RA()
2026-02-15 22:59:36 [  INFO] 115511.314 lx200  /Users/v-korovin/Projects/multi_mount/src/lx200/base.py:379 handle: Answer command GR GET_TELECOPE_RA() -> 12:00:00
2026-02-15 22:59:36 [  INFO] 115724.266 lx200  /Users/v-korovin/Projects/multi_mount/src/lx200/base.py:370 handle: Get command GR GET_TELECOPE_RA()
2026-02-15 22:59:36 [  INFO] 115730.768 lx200  /Users/v-korovin/Projects/multi_mount/src/lx200/base.py:379 handle: Answer command GR GET_TELECOPE_RA() -> 12:00:00
2026-02-15 22:59:36 [  INFO] 115941.428 lx200  /Users/v-korovin/Projects/multi_mount/src/lx200/base.py:370 handle: Get command GR GET_TELECOPE_RA()
2026-02-15 22:59:36 [  INFO] 115947.794 lx200  /Users/v-korovin/Projects/multi_mount/src/lx200/base.py:379 handle: Answer command GR GET_TELECOPE_RA() -> 12:00:00
2026-02-15 22:59:36 [  INFO] 116165.569 lx200  /Users/v-korovin/Projects/multi_mount/src/lx200/base.py:370 handle: Get command GR GET_TELECOPE_RA()
2026-02-15 22:59:36 [  INFO] 116172.041 lx200  /Users/v-korovin/Projects/multi_mount/src/lx200/base.py:379 handle: Answer command GR GET_TELECOPE_RA() -> 12:00:00
2026-02-15 22:59:37 [  INFO] 116378.383 lx200  /Users/v-korovin/Projects/multi_mount/src/lx200/base.py:370 handle: Get command GR GET_TELECOPE_RA()
2026-02-15 22:59:37 [  INFO] 116384.862 lx200  /Users/v-korovin/Projects/multi_mount/src/lx200/base.py:379 handle: Answer command GR GET_TELECOPE_RA() -> 12:00:00
2026-02-15 22:59:37 [  INFO] 116409.830 TMC2209LX200.telemetry  /Users/v-korovin/Projects/multi_mount/src/tmc2209/tmc2209_lx200.py:146 _do_log_telemetry: DEC=+24*55:41 raw_steps=6232 phase=acceleration target_set=True enabled=True
2026-02-15 22:59:37 [  INFO] 116532.638 SkyWatcherLX200.telemetry  /Users/v-korovin/Projects/multi_mount/src/skywatcher/skywatcher_lx200.py:61 _do_log_telemetry: RA=12:00:00 running=True mode=0 direction=1 speed=0 goto_active=True
2026-02-15 22:59:37 [  INFO] 116602.296 lx200  /Users/v-korovin/Projects/multi_mount/src/lx200/base.py:370 handle: Get command GR GET_TELECOPE_RA()
2026-02-15 22:59:37 [  INFO] 116621.331 lx200  /Users/v-korovin/Projects/multi_mount/src/lx200/base.py:379 handle: Answer command GR GET_TELECOPE_RA() -> 12:00:00
2026-02-15 22:59:37 [  INFO] 116844.626 lx200  /Users/v-korovin/Projects/multi_mount/src/lx200/base.py:370 handle: Get command GR GET_TELECOPE_RA()
2026-02-15 22:59:37 [  INFO] 116857.386 lx200  /Users/v-korovin/Projects/multi_mount/src/lx200/base.py:379 handle: Answer command GR GET_TELECOPE_RA() -> 12:00:00
2026-02-15 22:59:37 [  INFO] 117078.008 lx200  /Users/v-korovin/Projects/multi_mount/src/lx200/base.py:370 handle: Get command GR GET_TELECOPE_RA()
2026-02-15 22:59:37 [  INFO] 117084.482 lx200  /Users/v-korovin/Projects/multi_mount/src/lx200/base.py:379 handle: Answer command GR GET_TELECOPE_RA() -> 12:00:00
2026-02-15 22:59:37 [  INFO] 117307.886 lx200  /Users/v-korovin/Projects/multi_mount/src/lx200/base.py:370 handle: Get command GR GET_TELECOPE_RA()
2026-02-15 22:59:37 [  INFO] 117314.186 lx200  /Users/v-korovin/Projects/multi_mount/src/lx200/base.py:379 handle: Answer command GR GET_TELECOPE_RA() -> 12:00:00
2026-02-15 22:59:38 [  INFO] 117507.881 TMC2209LX200.telemetry  /Users/v-korovin/Projects/multi_mount/src/tmc2209/tmc2209_lx200.py:146 _do_log_telemetry: DEC=+24*48:43 raw_steps=6203 phase=acceleration target_set=True enabled=True
2026-02-15 22:59:38 [  INFO] 117534.683 lx200  /Users/v-korovin/Projects/multi_mount/src/lx200/base.py:370 handle: Get command GR GET_TELECOPE_RA()
2026-02-15 22:59:38 [  INFO] 117539.952 lx200  /Users/v-korovin/Projects/multi_mount/src/lx200/base.py:379 handle: Answer command GR GET_TELECOPE_RA() -> 12:00:00
2026-02-15 22:59:38 [  INFO] 117658.176 SkyWatcherLX200.telemetry  /Users/v-korovin/Projects/multi_mount/src/skywatcher/skywatcher_lx200.py:61 _do_log_telemetry: RA=12:00:00 running=True mode=0 direction=1 speed=0 goto_active=True
2026-02-15 22:59:38 [  INFO] 117751.377 lx200  /Users/v-korovin/Projects/multi_mount/src/lx200/base.py:370 handle: Get command GR GET_TELECOPE_RA()
2026-02-15 22:59:38 [  INFO] 117756.635 lx200  /Users/v-korovin/Projects/multi_mount/src/lx200/base.py:379 handle: Answer command GR GET_TELECOPE_RA() -> 12:00:00
2026-02-15 22:59:38 [  INFO] 117967.976 lx200  /Users/v-korovin/Projects/multi_mount/src/lx200/base.py:370 handle: Get command GR GET_TELECOPE_RA()
2026-02-15 22:59:38 [  INFO] 117980.788 lx200  /Users/v-korovin/Projects/multi_mount/src/lx200/base.py:379 handle: Answer command GR GET_TELECOPE_RA() -> 12:00:00
2026-02-15 22:59:38 [  INFO] 118209.049 lx200  /Users/v-korovin/Projects/multi_mount/src/lx200/base.py:370 handle: Get command GR GET_TELECOPE_RA()
2026-02-15 22:59:38 [  INFO] 118215.527 lx200  /Users/v-korovin/Projects/multi_mount/src/lx200/base.py:379 handle: Answer command GR GET_TELECOPE_RA() -> 12:00:00
2026-02-15 22:59:39 [  INFO] 118433.252 lx200  /Users/v-korovin/Projects/multi_mount/src/lx200/base.py:370 handle: Get command GR GET_TELECOPE_RA()
2026-02-15 22:59:39 [  INFO] 118439.718 lx200  /Users/v-korovin/Projects/multi_mount/src/lx200/base.py:379 handle: Answer command GR GET_TELECOPE_RA() -> 12:00:00
2026-02-15 22:59:39 [  INFO] 118588.807 TMC2209LX200.telemetry  /Users/v-korovin/Projects/multi_mount/src/tmc2209/tmc2209_lx200.py:146 _do_log_telemetry: DEC=+24*39:22 raw_steps=6164 phase=acceleration target_set=True enabled=True
2026-02-15 22:59:39 [  INFO] 118655.596 lx200  /Users/v-korovin/Projects/multi_mount/src/lx200/base.py:370 handle: Get command GR GET_TELECOPE_RA()
2026-02-15 22:59:39 [  INFO] 118668.137 lx200  /Users/v-korovin/Projects/multi_mount/src/lx200/base.py:379 handle: Answer command GR GET_TELECOPE_RA() -> 12:00:00
2026-02-15 22:59:39 [  INFO] 118851.407 SkyWatcherLX200.telemetry  /Users/v-korovin/Projects/multi_mount/src/skywatcher/skywatcher_lx200.py:61 _do_log_telemetry: RA=12:00:00 running=True mode=0 direction=1 speed=0 goto_active=True
2026-02-15 22:59:39 [  INFO] 118898.089 lx200  /Users/v-korovin/Projects/multi_mount/src/lx200/base.py:370 handle: Get command GR GET_TELECOPE_RA()
2026-02-15 22:59:39 [  INFO] 118904.615 lx200  /Users/v-korovin/Projects/multi_mount/src/lx200/base.py:379 handle: Answer command GR GET_TELECOPE_RA() -> 12:00:00
2026-02-15 22:59:39 [  INFO] 119124.308 lx200  /Users/v-korovin/Projects/multi_mount/src/lx200/base.py:370 handle: Get command GR GET_TELECOPE_RA()
2026-02-15 22:59:39 [  INFO] 119124.485 lx200  /Users/v-korovin/Projects/multi_mount/src/lx200/base.py:379 handle: Answer command GR GET_TELECOPE_RA() -> 12:00:00
2026-02-15 22:59:40 [  INFO] 119341.934 lx200  /Users/v-korovin/Projects/multi_mount/src/lx200/base.py:370 handle: Get command GR GET_TELECOPE_RA()
2026-02-15 22:59:40 [  INFO] 119348.405 lx200  /Users/v-korovin/Projects/multi_mount/src/lx200/base.py:379 handle: Answer command GR GET_TELECOPE_RA() -> 12:00:00
2026-02-15 22:59:40 [  INFO] 119561.714 lx200  /Users/v-korovin/Projects/multi_mount/src/lx200/base.py:370 handle: Get command GR GET_TELECOPE_RA()
2026-02-15 22:59:40 [  INFO] 119561.903 lx200  /Users/v-korovin/Projects/multi_mount/src/lx200/base.py:379 handle: Answer command GR GET_TELECOPE_RA() -> 12:00:00
2026-02-15 22:59:40 [  INFO] 119691.020 TMC2209LX200.telemetry  /Users/v-korovin/Projects/multi_mount/src/tmc2209/tmc2209_lx200.py:146 _do_log_telemetry: DEC=+24*26:53 raw_steps=6112 phase=acceleration target_set=True enabled=True
2026-02-15 22:59:40 [  INFO] 119776.347 lx200  /Users/v-korovin/Projects/multi_mount/src/lx200/base.py:370 handle: Get command GR GET_TELECOPE_RA()
2026-02-15 22:59:40 [  INFO] 119789.053 lx200  /Users/v-korovin/Projects/multi_mount/src/lx200/base.py:379 handle: Answer command GR GET_TELECOPE_RA() -> 12:00:00
2026-02-15 22:59:40 [  INFO] 120005.549 lx200  /Users/v-korovin/Projects/multi_mount/src/lx200/base.py:370 handle: Get command GR GET_TELECOPE_RA()
2026-02-15 22:59:40 [  INFO] 120011.738 lx200  /Users/v-korovin/Projects/multi_mount/src/lx200/base.py:379 handle: Answer command GR GET_TELECOPE_RA() -> 12:00:00
2026-02-15 22:59:40 [  INFO] 120030.750 SkyWatcherLX200.telemetry  /Users/v-korovin/Projects/multi_mount/src/skywatcher/skywatcher_lx200.py:61 _do_log_telemetry: RA=12:00:00 running=True mode=0 direction=1 speed=0 goto_active=True
2026-02-15 22:59:40 [  INFO] 120223.201 lx200  /Users/v-korovin/Projects/multi_mount/src/lx200/base.py:370 handle: Get command GR GET_TELECOPE_RA()
2026-02-15 22:59:40 [  INFO] 120229.655 lx200  /Users/v-korovin/Projects/multi_mount/src/lx200/base.py:379 handle: Answer command GR GET_TELECOPE_RA() -> 12:00:00
2026-02-15 22:59:41 [  INFO] 120441.022 lx200  /Users/v-korovin/Projects/multi_mount/src/lx200/base.py:370 handle: Get command GR GET_TELECOPE_RA()
2026-02-15 22:59:41 [  INFO] 120447.462 lx200  /Users/v-korovin/Projects/multi_mount/src/lx200/base.py:379 handle: Answer command GR GET_TELECOPE_RA() -> 12:00:00
2026-02-15 22:59:41 [  INFO] 120663.730 lx200  /Users/v-korovin/Projects/multi_mount/src/lx200/base.py:370 handle: Get command GR GET_TELECOPE_RA()
2026-02-15 22:59:41 [  INFO] 120670.039 lx200  /Users/v-korovin/Projects/multi_mount/src/lx200/base.py:379 handle: Answer command GR GET_TELECOPE_RA() -> 12:00:00
2026-02-15 22:59:41 [  INFO] 120760.838 TMC2209LX200.telemetry  /Users/v-korovin/Projects/multi_mount/src/tmc2209/tmc2209_lx200.py:146 _do_log_telemetry: DEC=+24*11:31 raw_steps=6048 phase=acceleration target_set=True enabled=True
2026-02-15 22:59:41 [  INFO] 120881.084 lx200  /Users/v-korovin/Projects/multi_mount/src/lx200/base.py:370 handle: Get command GR GET_TELECOPE_RA()
2026-02-15 22:59:41 [  INFO] 120881.304 lx200  /Users/v-korovin/Projects/multi_mount/src/lx200/base.py:379 handle: Answer command GR GET_TELECOPE_RA() -> 12:00:00
2026-02-15 22:59:41 [  INFO] 121101.343 lx200  /Users/v-korovin/Projects/multi_mount/src/lx200/base.py:370 handle: Get command GR GET_TELECOPE_RA()
2026-02-15 22:59:41 [  INFO] 121107.838 lx200  /Users/v-korovin/Projects/multi_mount/src/lx200/base.py:379 handle: Answer command GR GET_TELECOPE_RA() -> 12:00:00
2026-02-15 22:59:41 [  INFO] 121161.738 SkyWatcherLX200.telemetry  /Users/v-korovin/Projects/multi_mount/src/skywatcher/skywatcher_lx200.py:61 _do_log_telemetry: RA=12:00:00 running=True mode=0 direction=1 speed=0 goto_active=True
2026-02-15 22:59:42 [  INFO] 121392.040 lx200  /Users/v-korovin/Projects/multi_mount/src/lx200/base.py:370 handle: Get command GR GET_TELECOPE_RA()
2026-02-15 22:59:42 [  INFO] 121411.093 lx200  /Users/v-korovin/Projects/multi_mount/src/lx200/base.py:379 handle: Answer command GR GET_TELECOPE_RA() -> 12:00:00
2026-02-15 22:59:42 [  INFO] 121622.561 lx200  /Users/v-korovin/Projects/multi_mount/src/lx200/base.py:370 handle: Get command GR GET_TELECOPE_RA()
2026-02-15 22:59:42 [  INFO] 121628.385 lx200  /Users/v-korovin/Projects/multi_mount/src/lx200/base.py:379 handle: Answer command GR GET_TELECOPE_RA() -> 12:00:00
2026-02-15 22:59:42 [  INFO] 121843.087 lx200  /Users/v-korovin/Projects/multi_mount/src/lx200/base.py:370 handle: Get command GR GET_TELECOPE_RA()
2026-02-15 22:59:42 [  INFO] 121843.288 lx200  /Users/v-korovin/Projects/multi_mount/src/lx200/base.py:379 handle: Answer command GR GET_TELECOPE_RA() -> 12:00:00
2026-02-15 22:59:42 [  INFO] 121861.797 TMC2209LX200.telemetry  /Users/v-korovin/Projects/multi_mount/src/tmc2209/tmc2209_lx200.py:146 _do_log_telemetry: DEC=+23*54:00 raw_steps=5975 phase=acceleration target_set=True enabled=True
2026-02-15 22:59:42 [  INFO] 122067.470 lx200  /Users/v-korovin/Projects/multi_mount/src/lx200/base.py:370 handle: Get command GR GET_TELECOPE_RA()
2026-02-15 22:59:42 [  INFO] 122073.933 lx200  /Users/v-korovin/Projects/multi_mount/src/lx200/base.py:379 handle: Answer command GR GET_TELECOPE_RA() -> 12:00:00
2026-02-15 22:59:42 [  INFO] 122258.718 SkyWatcherLX200.telemetry  /Users/v-korovin/Projects/multi_mount/src/skywatcher/skywatcher_lx200.py:61 _do_log_telemetry: RA=12:00:00 running=True mode=0 direction=1 speed=0 goto_active=True
2026-02-15 22:59:42 [  INFO] 122285.354 lx200  /Users/v-korovin/Projects/multi_mount/src/lx200/base.py:370 handle: Get command GR GET_TELECOPE_RA()
2026-02-15 22:59:42 [  INFO] 122298.066 lx200  /Users/v-korovin/Projects/multi_mount/src/lx200/base.py:379 handle: Answer command GR GET_TELECOPE_RA() -> 12:00:00
2026-02-15 22:59:43 [  INFO] 122514.816 lx200  /Users/v-korovin/Projects/multi_mount/src/lx200/base.py:370 handle: Get command GR GET_TELECOPE_RA()
2026-02-15 22:59:43 [  INFO] 122532.659 lx200  /Users/v-korovin/Projects/multi_mount/src/lx200/base.py:379 handle: Answer command GR GET_TELECOPE_RA() -> 12:00:00
2026-02-15 22:59:43 [  INFO] 122743.029 lx200  /Users/v-korovin/Projects/multi_mount/src/lx200/base.py:370 handle: Get command GR GET_TELECOPE_RA()
2026-02-15 22:59:43 [  INFO] 122749.521 lx200  /Users/v-korovin/Projects/multi_mount/src/lx200/base.py:379 handle: Answer command GR GET_TELECOPE_RA() -> 12:00:00
2026-02-15 22:59:43 [  INFO] 122938.149 TMC2209LX200.telemetry  /Users/v-korovin/Projects/multi_mount/src/tmc2209/tmc2209_lx200.py:146 _do_log_telemetry: DEC=+23*32:53 raw_steps=5887 phase=acceleration target_set=True enabled=True
2026-02-15 22:59:43 [  INFO] 122959.703 lx200  /Users/v-korovin/Projects/multi_mount/src/lx200/base.py:370 handle: Get command GR GET_TELECOPE_RA()
2026-02-15 22:59:43 [  INFO] 122965.439 lx200  /Users/v-korovin/Projects/multi_mount/src/lx200/base.py:379 handle: Answer command GR GET_TELECOPE_RA() -> 12:00:00
2026-02-15 22:59:43 [  INFO] 123178.069 lx200  /Users/v-korovin/Projects/multi_mount/src/lx200/base.py:370 handle: Get command GR GET_TELECOPE_RA()
2026-02-15 22:59:43 [  INFO] 123190.762 lx200  /Users/v-korovin/Projects/multi_mount/src/lx200/base.py:379 handle: Answer command GR GET_TELECOPE_RA() -> 12:00:00
2026-02-15 22:59:44 [  INFO] 123409.629 lx200  /Users/v-korovin/Projects/multi_mount/src/lx200/base.py:370 handle: Get command GR GET_TELECOPE_RA()
2026-02-15 22:59:44 [  INFO] 123409.830 lx200  /Users/v-korovin/Projects/multi_mount/src/lx200/base.py:379 handle: Answer command GR GET_TELECOPE_RA() -> 12:00:00
2026-02-15 22:59:44 [  INFO] 123416.106 SkyWatcherLX200.telemetry  /Users/v-korovin/Projects/multi_mount/src/skywatcher/skywatcher_lx200.py:61 _do_log_telemetry: RA=12:00:00 running=True mode=0 direction=1 speed=0 goto_active=True
2026-02-15 22:59:44 [  INFO] 123626.292 lx200  /Users/v-korovin/Projects/multi_mount/src/lx200/base.py:370 handle: Get command GR GET_TELECOPE_RA()
2026-02-15 22:59:44 [  INFO] 123632.984 lx200  /Users/v-korovin/Projects/multi_mount/src/lx200/base.py:379 handle: Answer command GR GET_TELECOPE_RA() -> 12:00:00
2026-02-15 22:59:44 [  INFO] 123842.928 lx200  /Users/v-korovin/Projects/multi_mount/src/lx200/base.py:370 handle: Get command GR GET_TELECOPE_RA()
2026-02-15 22:59:44 [  INFO] 123849.380 lx200  /Users/v-korovin/Projects/multi_mount/src/lx200/base.py:379 handle: Answer command GR GET_TELECOPE_RA() -> 12:00:00
2026-02-15 22:59:44 [  INFO] 124057.608 lx200  /Users/v-korovin/Projects/multi_mount/src/lx200/base.py:370 handle: Get command GR GET_TELECOPE_RA()
2026-02-15 22:59:44 [  INFO] 124057.788 lx200  /Users/v-korovin/Projects/multi_mount/src/lx200/base.py:379 handle: Answer command GR GET_TELECOPE_RA() -> 12:00:00
2026-02-15 22:59:44 [  INFO] 124076.907 tmc2209.adapter  /Users/v-korovin/Projects/multi_mount/src/tmc2209/tmc2209_adapter.py:206 status: Status changed: initialised True -> True enabled True -> True phase acceleration -> deceleration target_set True -> True
2026-02-15 22:59:44 [  INFO] 124089.624 TMC2209LX200.telemetry  /Users/v-korovin/Projects/multi_mount/src/tmc2209/tmc2209_lx200.py:146 _do_log_telemetry: DEC=+23*11:31 raw_steps=5798 phase=deceleration target_set=True enabled=True
2026-02-15 22:59:44 [  INFO] 124269.245 lx200  /Users/v-korovin/Projects/multi_mount/src/lx200/base.py:370 handle: Get command GR GET_TELECOPE_RA()
2026-02-15 22:59:44 [  INFO] 124282.064 lx200  /Users/v-korovin/Projects/multi_mount/src/lx200/base.py:379 handle: Answer command GR GET_TELECOPE_RA() -> 12:00:00
2026-02-15 22:59:45 [WARNING] 124642.370 root  /Users/v-korovin/Projects/multi_mount/src/tests/test_splitter_hw.py:523 _ensure_halted: 
================ TEST CLEANUP START ===========
HALT AFTER TEST
===============================================
2026-02-15 22:59:45 [  INFO] 124648.820 SkyWatcherLX200.telemetry  /Users/v-korovin/Projects/multi_mount/src/skywatcher/skywatcher_lx200.py:61 _do_log_telemetry: RA=12:00:00 running=True mode=0 direction=1 speed=0 goto_active=True
2026-02-15 22:59:45 [  INFO] 124655.429 lx200  /Users/v-korovin/Projects/multi_mount/src/lx200/base.py:370 handle: Get command Q HALT_ALL()
2026-02-15 22:59:45 [  INFO] 124662.022 SkyWatcherLX200  /Users/v-korovin/Projects/multi_mount/src/skywatcher/skywatcher_lx200.py:217 halt_all: Halt all RA movements
2026-02-15 22:59:45 [  INFO] 124668.405 skywatcher  /Users/v-korovin/Projects/multi_mount/src/skywatcher/skywatcher.py:332 gracefully_stop_motor: Stop motor
2026-02-15 22:59:45 [  INFO] 124707.790 skywatcher  /Users/v-korovin/Projects/multi_mount/src/skywatcher/skywatcher.py:277 get_status: Mount status changed: raw 313131 -> 313130 running True -> False initialized True -> True slew_mode 0 -> 0 direction 1 -> 1 speed_mode 0 -> 0
2026-02-15 22:59:45 [  INFO] 124714.208 skywatcher  /Users/v-korovin/Projects/multi_mount/src/skywatcher/skywatcher.py:479 resume_tracking: Resume tracking with last rate=1.0
2026-02-15 22:59:45 [  INFO] 124720.092 skywatcher  /Users/v-korovin/Projects/multi_mount/src/skywatcher/skywatcher.py:467 start_tracking: Start tracking request: rate=1.0
2026-02-15 22:59:45 [  INFO] 124763.967 skywatcher  /Users/v-korovin/Projects/multi_mount/src/skywatcher/skywatcher.py:459 set_ra_rate: Set RA rate: 1.0 * 1 (highspeed=False) mode=0 // period=110359
2026-02-15 22:59:45 [  INFO] 124770.454 skywatcher  /Users/v-korovin/Projects/multi_mount/src/skywatcher/skywatcher.py:332 gracefully_stop_motor: Stop motor
2026-02-15 22:59:45 [  INFO] 124802.465 skywatcher  /Users/v-korovin/Projects/multi_mount/src/skywatcher/skywatcher.py:371 _set_motion: Set motion mode: SkyWatcherStatus(raw=3223856, running=False, initialized=True, slew_mode=<SlewMode.SLEW: 0>, direction=<Direction.FORWARD: 1>, speed_mode=<SpeedMode.LOWSPEED: 0>)
2026-02-15 22:59:45 [  INFO] 124840.944 skywatcher  /Users/v-korovin/Projects/multi_mount/src/skywatcher/skywatcher.py:384 _start_motor: Start motor
2026-02-15 22:59:45 [  INFO] 124860.068 skywatcher  /Users/v-korovin/Projects/multi_mount/src/skywatcher/skywatcher.py:475 start_tracking: Start tracking applied: rate=1.0
2026-02-15 22:59:45 [  INFO] 124860.144 SkyWatcherLX200  /Users/v-korovin/Projects/multi_mount/src/skywatcher/skywatcher_lx200.py:221 halt_all: Halt all RA movements done
2026-02-15 22:59:45 [  INFO] 124860.192 TMC2209LX200  /Users/v-korovin/Projects/multi_mount/src/tmc2209/tmc2209_lx200.py:181 halt_all: Halt all DEC movements
2026-02-15 22:59:45 [  INFO] 124897.330 tmc2209.adapter  /Users/v-korovin/Projects/multi_mount/src/tmc2209/tmc2209_adapter.py:308 halt: Halt request
2026-02-15 22:59:45 [  INFO] 124916.213 tmc2209.adapter  /Users/v-korovin/Projects/multi_mount/src/tmc2209/tmc2209_adapter.py:311 halt: Halt applied: stopping=True
2026-02-15 22:59:45 [  INFO] 124922.582 TMC2209LX200  /Users/v-korovin/Projects/multi_mount/src/tmc2209/tmc2209_lx200.py:183 halt_all: Halt all DEC movements done
2026-02-15 22:59:45 [WARNING] 124922.652 lx200  /Users/v-korovin/Projects/multi_mount/src/lx200/base.py:381 handle: Empty responce: Q HALT_ALL() -> ∅
2026-02-15 22:59:45 [  INFO] 125184.814 TMC2209LX200.telemetry  /Users/v-korovin/Projects/multi_mount/src/tmc2209/tmc2209_lx200.py:146 _do_log_telemetry: DEC=+22*51:36 raw_steps=5715 phase=deceleration target_set=True enabled=True
2026-02-15 22:59:46 [WARNING] 125436.696 root  /Users/v-korovin/Projects/multi_mount/src/tests/test_splitter_hw.py:533 _ensure_halted: 
================ TEST CLEANUP END =============
HALT AFTER TEST DONE
===============================================
2026-02-15 22:59:46 [WARNING] 125462.015 root  /Users/v-korovin/Projects/multi_mount/src/tests/test_splitter_hw.py:507 _ensure_halted: 
================ TEST PREP START ==============
ENSURE BOTH AXES HALTED
===============================================
2026-02-15 22:59:46 [  INFO] 125462.148 lx200  /Users/v-korovin/Projects/multi_mount/src/lx200/base.py:370 handle: Get command Q HALT_ALL()
2026-02-15 22:59:46 [  INFO] 125462.209 SkyWatcherLX200  /Users/v-korovin/Projects/multi_mount/src/skywatcher/skywatcher_lx200.py:217 halt_all: Halt all RA movements
2026-02-15 22:59:46 [  INFO] 125468.543 skywatcher  /Users/v-korovin/Projects/multi_mount/src/skywatcher/skywatcher.py:332 gracefully_stop_motor: Stop motor
2026-02-15 22:59:46 [  INFO] 125520.093 skywatcher  /Users/v-korovin/Projects/multi_mount/src/skywatcher/skywatcher.py:479 resume_tracking: Resume tracking with last rate=1.0
2026-02-15 22:59:46 [  INFO] 125545.058 skywatcher  /Users/v-korovin/Projects/multi_mount/src/skywatcher/skywatcher.py:467 start_tracking: Start tracking request: rate=1.0
2026-02-15 22:59:46 [  INFO] 125582.574 skywatcher  /Users/v-korovin/Projects/multi_mount/src/skywatcher/skywatcher.py:459 set_ra_rate: Set RA rate: 1.0 * 1 (highspeed=False) mode=0 // period=110359
2026-02-15 22:59:46 [  INFO] 125588.988 skywatcher  /Users/v-korovin/Projects/multi_mount/src/skywatcher/skywatcher.py:332 gracefully_stop_motor: Stop motor
2026-02-15 22:59:46 [  INFO] 125625.684 skywatcher  /Users/v-korovin/Projects/multi_mount/src/skywatcher/skywatcher.py:371 _set_motion: Set motion mode: SkyWatcherStatus(raw=3223856, running=False, initialized=True, slew_mode=<SlewMode.SLEW: 0>, direction=<Direction.FORWARD: 1>, speed_mode=<SpeedMode.LOWSPEED: 0>)
2026-02-15 22:59:46 [  INFO] 125657.771 skywatcher  /Users/v-korovin/Projects/multi_mount/src/skywatcher/skywatcher.py:384 _start_motor: Start motor
2026-02-15 22:59:46 [  INFO] 125688.932 skywatcher  /Users/v-korovin/Projects/multi_mount/src/skywatcher/skywatcher.py:475 start_tracking: Start tracking applied: rate=1.0
2026-02-15 22:59:46 [  INFO] 125714.315 SkyWatcherLX200  /Users/v-korovin/Projects/multi_mount/src/skywatcher/skywatcher_lx200.py:221 halt_all: Halt all RA movements done
2026-02-15 22:59:46 [  INFO] 125714.475 TMC2209LX200  /Users/v-korovin/Projects/multi_mount/src/tmc2209/tmc2209_lx200.py:181 halt_all: Halt all DEC movements
2026-02-15 22:59:46 [  INFO] 125727.131 tmc2209.adapter  /Users/v-korovin/Projects/multi_mount/src/tmc2209/tmc2209_adapter.py:308 halt: Halt request
2026-02-15 22:59:46 [  INFO] 125769.077 skywatcher  /Users/v-korovin/Projects/multi_mount/src/skywatcher/skywatcher.py:277 get_status: Mount status changed: raw 313130 -> 313131 running False -> True initialized True -> True slew_mode 0 -> 0 direction 1 -> 1 speed_mode 0 -> 0
2026-02-15 22:59:46 [  INFO] 125769.306 SkyWatcherLX200.telemetry  /Users/v-korovin/Projects/multi_mount/src/skywatcher/skywatcher_lx200.py:61 _do_log_telemetry: RA=12:00:00 running=True mode=0 direction=1 speed=0 goto_active=False
2026-02-15 22:59:46 [  INFO] 125794.083 tmc2209.adapter  /Users/v-korovin/Projects/multi_mount/src/tmc2209/tmc2209_adapter.py:311 halt: Halt applied: stopping=True
2026-02-15 22:59:46 [  INFO] 125800.445 TMC2209LX200  /Users/v-korovin/Projects/multi_mount/src/tmc2209/tmc2209_lx200.py:183 halt_all: Halt all DEC movements done
2026-02-15 22:59:46 [WARNING] 125800.508 lx200  /Users/v-korovin/Projects/multi_mount/src/lx200/base.py:381 handle: Empty responce: Q HALT_ALL() -> ∅
2026-02-15 22:59:46 [  INFO] 126242.603 TMC2209LX200.telemetry  /Users/v-korovin/Projects/multi_mount/src/tmc2209/tmc2209_lx200.py:146 _do_log_telemetry: DEC=+22*36:00 raw_steps=5650 phase=deceleration target_set=True enabled=True
2026-02-15 22:59:46 [WARNING] 126309.606 root  /Users/v-korovin/Projects/multi_mount/src/tests/test_splitter_hw.py:517 _ensure_halted: 
================ TEST PREP END ================
AXES HALTED BEFORE TEST
===============================================
2026-02-15 22:59:47 [WARNING] 126334.135 root  /Users/v-korovin/Projects/multi_mount/src/tests/test_splitter_hw.py:759 test_hw_splitter_slew_halt_all_stops_early: 
================ TEST START ===================
SLEW HALT_ALL STOPS EARLY
===============================================
2026-02-15 22:59:47 [WARNING] 126340.568 root  /Users/v-korovin/Projects/multi_mount/src/tests/test_splitter_hw.py:201 sync_known_position: 
================ SYNC START ===================
TARGET RA: 12:00:00
TARGET DEC: +20*00:00
===============================================
2026-02-15 22:59:47 [  INFO] 126347.019 lx200  /Users/v-korovin/Projects/multi_mount/src/lx200/base.py:370 handle: Get command Q HALT_ALL()
2026-02-15 22:59:47 [  INFO] 126353.416 SkyWatcherLX200  /Users/v-korovin/Projects/multi_mount/src/skywatcher/skywatcher_lx200.py:217 halt_all: Halt all RA movements
2026-02-15 22:59:47 [  INFO] 126353.490 skywatcher  /Users/v-korovin/Projects/multi_mount/src/skywatcher/skywatcher.py:332 gracefully_stop_motor: Stop motor
2026-02-15 22:59:47 [  INFO] 126379.933 skywatcher  /Users/v-korovin/Projects/multi_mount/src/skywatcher/skywatcher.py:277 get_status: Mount status changed: raw 313131 -> 313130 running True -> False initialized True -> True slew_mode 0 -> 0 direction 1 -> 1 speed_mode 0 -> 0
2026-02-15 22:59:47 [  INFO] 126386.246 skywatcher  /Users/v-korovin/Projects/multi_mount/src/skywatcher/skywatcher.py:479 resume_tracking: Resume tracking with last rate=1.0
2026-02-15 22:59:47 [  INFO] 126392.614 skywatcher  /Users/v-korovin/Projects/multi_mount/src/skywatcher/skywatcher.py:467 start_tracking: Start tracking request: rate=1.0
2026-02-15 22:59:47 [  INFO] 126424.340 skywatcher  /Users/v-korovin/Projects/multi_mount/src/skywatcher/skywatcher.py:459 set_ra_rate: Set RA rate: 1.0 * 1 (highspeed=False) mode=0 // period=110359
2026-02-15 22:59:47 [  INFO] 126430.710 skywatcher  /Users/v-korovin/Projects/multi_mount/src/skywatcher/skywatcher.py:332 gracefully_stop_motor: Stop motor
2026-02-15 22:59:47 [  INFO] 126462.305 skywatcher  /Users/v-korovin/Projects/multi_mount/src/skywatcher/skywatcher.py:371 _set_motion: Set motion mode: SkyWatcherStatus(raw=3223856, running=False, initialized=True, slew_mode=<SlewMode.SLEW: 0>, direction=<Direction.FORWARD: 1>, speed_mode=<SpeedMode.LOWSPEED: 0>)
2026-02-15 22:59:47 [  INFO] 126506.359 skywatcher  /Users/v-korovin/Projects/multi_mount/src/skywatcher/skywatcher.py:384 _start_motor: Start motor
2026-02-15 22:59:47 [  INFO] 126530.637 skywatcher  /Users/v-korovin/Projects/multi_mount/src/skywatcher/skywatcher.py:475 start_tracking: Start tracking applied: rate=1.0
2026-02-15 22:59:47 [  INFO] 126536.664 SkyWatcherLX200  /Users/v-korovin/Projects/multi_mount/src/skywatcher/skywatcher_lx200.py:221 halt_all: Halt all RA movements done
2026-02-15 22:59:47 [  INFO] 126543.039 TMC2209LX200  /Users/v-korovin/Projects/multi_mount/src/tmc2209/tmc2209_lx200.py:181 halt_all: Halt all DEC movements
2026-02-15 22:59:47 [  INFO] 126561.687 tmc2209.adapter  /Users/v-korovin/Projects/multi_mount/src/tmc2209/tmc2209_adapter.py:308 halt: Halt request
2026-02-15 22:59:47 [  INFO] 126593.037 tmc2209.adapter  /Users/v-korovin/Projects/multi_mount/src/tmc2209/tmc2209_adapter.py:311 halt: Halt applied: stopping=True
2026-02-15 22:59:47 [  INFO] 126605.695 TMC2209LX200  /Users/v-korovin/Projects/multi_mount/src/tmc2209/tmc2209_lx200.py:183 halt_all: Halt all DEC movements done
2026-02-15 22:59:47 [WARNING] 126611.703 lx200  /Users/v-korovin/Projects/multi_mount/src/lx200/base.py:381 handle: Empty responce: Q HALT_ALL() -> ∅
2026-02-15 22:59:47 [  INFO] 126611.759 lx200  /Users/v-korovin/Projects/multi_mount/src/lx200/base.py:370 handle: Get command GR GET_TELECOPE_RA()
2026-02-15 22:59:47 [  INFO] 126611.820 lx200  /Users/v-korovin/Projects/multi_mount/src/lx200/base.py:379 handle: Answer command GR GET_TELECOPE_RA() -> 12:00:00
2026-02-15 22:59:47 [  INFO] 126867.000 skywatcher  /Users/v-korovin/Projects/multi_mount/src/skywatcher/skywatcher.py:277 get_status: Mount status changed: raw 313130 -> 313131 running False -> True initialized True -> True slew_mode 0 -> 0 direction 1 -> 1 speed_mode 0 -> 0
2026-02-15 22:59:47 [  INFO] 126873.445 SkyWatcherLX200.telemetry  /Users/v-korovin/Projects/multi_mount/src/skywatcher/skywatcher_lx200.py:61 _do_log_telemetry: RA=12:00:00 running=True mode=0 direction=1 speed=0 goto_active=False
2026-02-15 22:59:47 [  INFO] 127313.337 TMC2209LX200.telemetry  /Users/v-korovin/Projects/multi_mount/src/tmc2209/tmc2209_lx200.py:146 _do_log_telemetry: DEC=+22*23:17 raw_steps=5597 phase=deceleration target_set=True enabled=True
2026-02-15 22:59:48 [  INFO] 127977.416 SkyWatcherLX200.telemetry  /Users/v-korovin/Projects/multi_mount/src/skywatcher/skywatcher_lx200.py:61 _do_log_telemetry: RA=12:00:00 running=True mode=0 direction=1 speed=0 goto_active=False
2026-02-15 22:59:48 [  INFO] 128126.344 lx200  /Users/v-korovin/Projects/multi_mount/src/lx200/base.py:370 handle: Get command GR GET_TELECOPE_RA()
2026-02-15 22:59:48 [  INFO] 128139.042 lx200  /Users/v-korovin/Projects/multi_mount/src/lx200/base.py:379 handle: Answer command GR GET_TELECOPE_RA() -> 12:00:00
2026-02-15 22:59:48 [WARNING] 128189.345 root  /Users/v-korovin/Projects/multi_mount/src/tests/test_splitter_hw.py:131 _wait_until: 
================ POLLING START ================
TIMEOUT: 12.0s
CONDITION: DEC did not stop in time: phase=deceleration target_set=True speed=35.4
===============================================
2026-02-15 22:59:49 [  INFO] 128368.536 TMC2209LX200.telemetry  /Users/v-korovin/Projects/multi_mount/src/tmc2209/tmc2209_lx200.py:146 _do_log_telemetry: DEC=+22*13:26 raw_steps=5556 phase=deceleration target_set=True enabled=True
2026-02-15 22:59:49 [  INFO] 129142.677 SkyWatcherLX200.telemetry  /Users/v-korovin/Projects/multi_mount/src/skywatcher/skywatcher_lx200.py:61 _do_log_telemetry: RA=12:00:00 running=True mode=0 direction=1 speed=0 goto_active=False
2026-02-15 22:59:50 [  INFO] 129503.439 TMC2209LX200.telemetry  /Users/v-korovin/Projects/multi_mount/src/tmc2209/tmc2209_lx200.py:146 _do_log_telemetry: DEC=+22*06:14 raw_steps=5526 phase=deceleration target_set=True enabled=True
2026-02-15 22:59:50 [  INFO] 130244.625 SkyWatcherLX200.telemetry  /Users/v-korovin/Projects/multi_mount/src/skywatcher/skywatcher_lx200.py:61 _do_log_telemetry: RA=12:00:00 running=True mode=0 direction=1 speed=0 goto_active=False
2026-02-15 22:59:51 [  INFO] 130595.246 TMC2209LX200.telemetry  /Users/v-korovin/Projects/multi_mount/src/tmc2209/tmc2209_lx200.py:146 _do_log_telemetry: DEC=+22*01:26 raw_steps=5506 phase=deceleration target_set=True enabled=True
2026-02-15 22:59:51 [  INFO] 131308.061 tmc2209.adapter  /Users/v-korovin/Projects/multi_mount/src/tmc2209/tmc2209_adapter.py:206 status: Status changed: initialised True -> True enabled True -> True phase deceleration -> hold target_set True -> False
2026-02-15 22:59:51 [WARNING] 131308.270 root  /Users/v-korovin/Projects/multi_mount/src/tests/test_splitter_hw.py:143 _wait_until: 
================ POLLING END ==================
RESULT: SUCCESS
ELAPSED: 3.11s
===============================================
2026-02-15 22:59:51 [  INFO] 131308.353 lx200  /Users/v-korovin/Projects/multi_mount/src/lx200/base.py:370 handle: Get command GD GET_TELESCOPE_DEC()
2026-02-15 22:59:52 [  INFO] 131404.743 SkyWatcherLX200.telemetry  /Users/v-korovin/Projects/multi_mount/src/skywatcher/skywatcher_lx200.py:61 _do_log_telemetry: RA=12:00:00 running=True mode=0 direction=1 speed=0 goto_active=False
2026-02-15 22:59:52 [  INFO] 131411.273 lx200  /Users/v-korovin/Projects/multi_mount/src/lx200/base.py:379 handle: Answer command GD GET_TELESCOPE_DEC() -> +22*00:00
2026-02-15 22:59:52 [  INFO] 131726.578 TMC2209LX200.telemetry  /Users/v-korovin/Projects/multi_mount/src/tmc2209/tmc2209_lx200.py:146 _do_log_telemetry: DEC=+22*00:00 raw_steps=5500 phase=hold target_set=False enabled=True
2026-02-15 22:59:53 [  INFO] 132501.330 SkyWatcherLX200.telemetry  /Users/v-korovin/Projects/multi_mount/src/skywatcher/skywatcher_lx200.py:61 _do_log_telemetry: RA=12:00:00 running=True mode=0 direction=1 speed=0 goto_active=False
2026-02-15 22:59:53 [  INFO] 132808.149 TMC2209LX200.telemetry  /Users/v-korovin/Projects/multi_mount/src/tmc2209/tmc2209_lx200.py:146 _do_log_telemetry: DEC=+22*00:00 raw_steps=5500 phase=hold target_set=False enabled=True
2026-02-15 22:59:53 [  INFO] 132916.734 lx200  /Users/v-korovin/Projects/multi_mount/src/lx200/base.py:370 handle: Get command GD GET_TELESCOPE_DEC()
2026-02-15 22:59:53 [  INFO] 133004.474 lx200  /Users/v-korovin/Projects/multi_mount/src/lx200/base.py:379 handle: Answer command GD GET_TELESCOPE_DEC() -> +22*00:00
2026-02-15 22:59:54 [  INFO] 133519.164 lx200  /Users/v-korovin/Projects/multi_mount/src/lx200/base.py:370 handle: Get command Sr SET_TELESCOPE_RA(12:00:00)
2026-02-15 22:59:54 [  INFO] 133519.370 lx200  /Users/v-korovin/Projects/multi_mount/src/lx200/base.py:379 handle: Answer command Sr SET_TELESCOPE_RA(12:00:00) -> True
2026-02-15 22:59:54 [  INFO] 133519.447 lx200  /Users/v-korovin/Projects/multi_mount/src/lx200/base.py:370 handle: Get command Sd SET_TELESCOPE_DEC(+20*00:00)
2026-02-15 22:59:54 [  INFO] 133519.620 lx200  /Users/v-korovin/Projects/multi_mount/src/lx200/base.py:379 handle: Answer command Sd SET_TELESCOPE_DEC(+20*00:00) -> True
2026-02-15 22:59:54 [  INFO] 133526.018 lx200  /Users/v-korovin/Projects/multi_mount/src/lx200/base.py:370 handle: Get command CM SYNC()
2026-02-15 22:59:54 [  INFO] 133532.395 SkyWatcherLX200  /Users/v-korovin/Projects/multi_mount/src/skywatcher/skywatcher_lx200.py:208 sync_telescope_ra: Sync RA to 12:00:00
2026-02-15 22:59:54 [  INFO] 133654.070 SkyWatcherLX200.telemetry  /Users/v-korovin/Projects/multi_mount/src/skywatcher/skywatcher_lx200.py:61 _do_log_telemetry: RA=12:00:00 running=True mode=0 direction=1 speed=0 goto_active=False
2026-02-15 22:59:54 [  INFO] 133699.180 TMC2209LX200  /Users/v-korovin/Projects/multi_mount/src/tmc2209/tmc2209_lx200.py:174 sync_telescope_dec: Sync DEC to +20*00:00
2026-02-15 22:59:54 [  INFO] 133705.732 tmc2209.adapter  /Users/v-korovin/Projects/multi_mount/src/tmc2209/tmc2209_adapter.py:250 set_position: Set position request: position=5000
2026-02-15 22:59:54 [  INFO] 133743.789 tmc2209.adapter  /Users/v-korovin/Projects/multi_mount/src/tmc2209/tmc2209_adapter.py:253 set_position: Set position applied: position=5000
2026-02-15 22:59:54 [  INFO] 133756.448 TMC2209LX200  /Users/v-korovin/Projects/multi_mount/src/tmc2209/tmc2209_lx200.py:177 sync_telescope_dec: Sync DEC applied: steps=5000
2026-02-15 22:59:54 [  INFO] 133756.514 lx200  /Users/v-korovin/Projects/multi_mount/src/lx200/base.py:379 handle: Answer command CM SYNC() -> OK
2026-02-15 22:59:54 [  INFO] 133756.568 lx200  /Users/v-korovin/Projects/multi_mount/src/lx200/base.py:370 handle: Get command GR GET_TELECOPE_RA()
2026-02-15 22:59:54 [  INFO] 133756.693 lx200  /Users/v-korovin/Projects/multi_mount/src/lx200/base.py:379 handle: Answer command GR GET_TELECOPE_RA() -> 12:00:00
2026-02-15 22:59:54 [WARNING] 133763.132 root  /Users/v-korovin/Projects/multi_mount/src/tests/test_splitter_hw.py:131 _wait_until: 
================ POLLING START ================
TIMEOUT: 10.0s
CONDITION: RA did not reach target in time: current=12:00:00 target=12:00:00 distance=0.00s
===============================================
2026-02-15 22:59:54 [  INFO] 133763.206 lx200  /Users/v-korovin/Projects/multi_mount/src/lx200/base.py:370 handle: Get command GR GET_TELECOPE_RA()
2026-02-15 22:59:54 [  INFO] 133763.264 lx200  /Users/v-korovin/Projects/multi_mount/src/lx200/base.py:379 handle: Answer command GR GET_TELECOPE_RA() -> 12:00:00
2026-02-15 22:59:54 [WARNING] 133763.414 root  /Users/v-korovin/Projects/multi_mount/src/tests/test_splitter_hw.py:143 _wait_until: 
================ POLLING END ==================
RESULT: SUCCESS
ELAPSED: 0.00s
===============================================
2026-02-15 22:59:54 [  INFO] 133769.811 lx200  /Users/v-korovin/Projects/multi_mount/src/lx200/base.py:370 handle: Get command GD GET_TELESCOPE_DEC()
2026-02-15 22:59:54 [  INFO] 133840.651 lx200  /Users/v-korovin/Projects/multi_mount/src/lx200/base.py:379 handle: Answer command GD GET_TELESCOPE_DEC() -> +20*00:00
2026-02-15 22:59:54 [WARNING] 133859.800 root  /Users/v-korovin/Projects/multi_mount/src/tests/test_splitter_hw.py:131 _wait_until: 
================ POLLING START ================
TIMEOUT: 10.0s
CONDITION: DEC did not reach target in time: current=+20*00:00 target=+20*00:00 distance=0.000deg
===============================================
2026-02-15 22:59:54 [  INFO] 133865.912 lx200  /Users/v-korovin/Projects/multi_mount/src/lx200/base.py:370 handle: Get command GD GET_TELESCOPE_DEC()
2026-02-15 22:59:54 [  INFO] 133903.634 TMC2209LX200.telemetry  /Users/v-korovin/Projects/multi_mount/src/tmc2209/tmc2209_lx200.py:146 _do_log_telemetry: DEC=+20*00:00 raw_steps=5000 phase=hold target_set=False enabled=True
2026-02-15 22:59:54 [  INFO] 133938.750 lx200  /Users/v-korovin/Projects/multi_mount/src/lx200/base.py:379 handle: Answer command GD GET_TELESCOPE_DEC() -> +20*00:00
2026-02-15 22:59:54 [WARNING] 133945.166 root  /Users/v-korovin/Projects/multi_mount/src/tests/test_splitter_hw.py:143 _wait_until: 
================ POLLING END ==================
RESULT: SUCCESS
ELAPSED: 0.08s
===============================================
2026-02-15 22:59:54 [  INFO] 133951.533 lx200  /Users/v-korovin/Projects/multi_mount/src/lx200/base.py:370 handle: Get command GR GET_TELECOPE_RA()
2026-02-15 22:59:54 [  INFO] 133957.933 lx200  /Users/v-korovin/Projects/multi_mount/src/lx200/base.py:379 handle: Answer command GR GET_TELECOPE_RA() -> 12:00:00
2026-02-15 22:59:54 [  INFO] 133964.257 lx200  /Users/v-korovin/Projects/multi_mount/src/lx200/base.py:370 handle: Get command GD GET_TELESCOPE_DEC()
2026-02-15 22:59:54 [  INFO] 134051.434 lx200  /Users/v-korovin/Projects/multi_mount/src/lx200/base.py:379 handle: Answer command GD GET_TELESCOPE_DEC() -> +20*00:00
2026-02-15 22:59:54 [WARNING] 134057.494 root  /Users/v-korovin/Projects/multi_mount/src/tests/test_splitter_hw.py:218 sync_known_position: 
================ SYNC END =====================
RA: 12:00:00
DEC: +20*00:00
===============================================
2026-02-15 22:59:54 [  INFO] 134057.605 lx200  /Users/v-korovin/Projects/multi_mount/src/lx200/base.py:370 handle: Get command GR GET_TELECOPE_RA()
2026-02-15 22:59:54 [  INFO] 134063.996 lx200  /Users/v-korovin/Projects/multi_mount/src/lx200/base.py:379 handle: Answer command GR GET_TELECOPE_RA() -> 12:00:00
2026-02-15 22:59:54 [  INFO] 134070.354 lx200  /Users/v-korovin/Projects/multi_mount/src/lx200/base.py:370 handle: Get command GD GET_TELESCOPE_DEC()
2026-02-15 22:59:54 [  INFO] 134140.528 lx200  /Users/v-korovin/Projects/multi_mount/src/lx200/base.py:379 handle: Answer command GD GET_TELESCOPE_DEC() -> +20*00:00
2026-02-15 22:59:54 [WARNING] 134153.215 root  /Users/v-korovin/Projects/multi_mount/src/tests/test_splitter_hw.py:774 test_hw_splitter_slew_halt_all_stops_early: 
================ SLEW START ===================
TARGET RA: 12:20:00
TARGET DEC: +40*00:00
===============================================
2026-02-15 22:59:54 [  INFO] 134165.868 lx200  /Users/v-korovin/Projects/multi_mount/src/lx200/base.py:370 handle: Get command RM SET_SLEW_TO_FIND()
2026-02-15 22:59:54 [  INFO] 134172.248 TMC2209LX200  /Users/v-korovin/Projects/multi_mount/src/tmc2209/tmc2209_lx200.py:224 set_slew_to_find: Set slew mode to find
2026-02-15 22:59:54 [WARNING] 134172.315 lx200  /Users/v-korovin/Projects/multi_mount/src/lx200/base.py:381 handle: Empty responce: RM SET_SLEW_TO_FIND() -> ∅
2026-02-15 22:59:54 [  INFO] 134178.753 lx200  /Users/v-korovin/Projects/multi_mount/src/lx200/base.py:370 handle: Get command Sr SET_TELESCOPE_RA(12:20:00)
2026-02-15 22:59:54 [  INFO] 134190.829 lx200  /Users/v-korovin/Projects/multi_mount/src/lx200/base.py:379 handle: Answer command Sr SET_TELESCOPE_RA(12:20:00) -> True
2026-02-15 22:59:54 [  INFO] 134197.238 lx200  /Users/v-korovin/Projects/multi_mount/src/lx200/base.py:370 handle: Get command Sd SET_TELESCOPE_DEC(+40*00:00)
2026-02-15 22:59:54 [  INFO] 134197.326 lx200  /Users/v-korovin/Projects/multi_mount/src/lx200/base.py:379 handle: Answer command Sd SET_TELESCOPE_DEC(+40*00:00) -> True
2026-02-15 22:59:54 [  INFO] 134203.747 lx200  /Users/v-korovin/Projects/multi_mount/src/lx200/base.py:370 handle: Get command MS SLEW()
2026-02-15 22:59:54 [  INFO] 134203.800 SkyWatcherLX200  /Users/v-korovin/Projects/multi_mount/src/skywatcher/skywatcher_lx200.py:225 slew_to_ra: Queue GOTO RA to 12:20:00
2026-02-15 22:59:54 [  INFO] 134210.185 TMC2209LX200  /Users/v-korovin/Projects/multi_mount/src/tmc2209/tmc2209_lx200.py:187 slew_to_dec: Start DEC GOTO to +40*00:00
2026-02-15 22:59:54 [  INFO] 134307.485 TMC2209LX200  /Users/v-korovin/Projects/multi_mount/src/tmc2209/tmc2209_lx200.py:196 slew_to_dec: DEC GOTO details: current_steps=5000 target_steps=10000 delta_steps=5000 profile=(microsteps=2 speed=5000 accel=10)
2026-02-15 22:59:54 [  INFO] 134320.247 TMC2209LX200  /Users/v-korovin/Projects/multi_mount/src/tmc2209/tmc2209_lx200.py:295 _apply_profile: Apply profile: microsteps=2 speed=5000 accel=10
2026-02-15 22:59:54 [  INFO] 134326.594 tmc2209.adapter  /Users/v-korovin/Projects/multi_mount/src/tmc2209/tmc2209_adapter.py:275 set_speed_sps: Set speed request: speed_sps=5000
2026-02-15 22:59:55 [  INFO] 134351.632 tmc2209.adapter  /Users/v-korovin/Projects/multi_mount/src/tmc2209/tmc2209_adapter.py:278 set_speed_sps: Set speed applied: speed_sps=5000.0
2026-02-15 22:59:55 [  INFO] 134357.449 tmc2209.adapter  /Users/v-korovin/Projects/multi_mount/src/tmc2209/tmc2209_adapter.py:286 set_acceleration_steps_per_ms: Set acceleration request: accel_steps_per_ms=10
2026-02-15 22:59:55 [  INFO] 134395.080 tmc2209.adapter  /Users/v-korovin/Projects/multi_mount/src/tmc2209/tmc2209_adapter.py:289 set_acceleration_steps_per_ms: Set acceleration applied: accel_steps_per_ms=10.0
2026-02-15 22:59:55 [  INFO] 134395.235 tmc2209.adapter  /Users/v-korovin/Projects/multi_mount/src/tmc2209/tmc2209_adapter.py:293 set_target: Set target request: target=10000
2026-02-15 22:59:55 [  INFO] 134438.813 tmc2209.adapter  /Users/v-korovin/Projects/multi_mount/src/tmc2209/tmc2209_adapter.py:297 set_target: Set target applied: target=10000 target_set=True
2026-02-15 22:59:55 [  INFO] 134445.222 tmc2209.adapter  /Users/v-korovin/Projects/multi_mount/src/tmc2209/tmc2209_adapter.py:301 run: Run request
2026-02-15 22:59:55 [  INFO] 134464.342 tmc2209.adapter  /Users/v-korovin/Projects/multi_mount/src/tmc2209/tmc2209_adapter.py:304 run: Run applied: running=True
2026-02-15 22:59:55 [  INFO] 134476.883 TMC2209LX200  /Users/v-korovin/Projects/multi_mount/src/tmc2209/tmc2209_lx200.py:210 slew_to_dec: DEC GOTO started: target_steps=10000
2026-02-15 22:59:55 [  INFO] 134476.946 lx200  /Users/v-korovin/Projects/multi_mount/src/lx200/base.py:379 handle: Answer command MS SLEW() -> False
2026-02-15 22:59:55 [WARNING] 134477.034 root  /Users/v-korovin/Projects/multi_mount/src/tests/test_splitter_hw.py:234 wait_ra_moved: 
================ POLLING START ================
WAIT RA MOVED
START: 12:00:00
EXPECTED SIGN: 1
MIN DELTA: 2.00s
TIMEOUT: 10.0s
===============================================
2026-02-15 22:59:55 [  INFO] 134477.179 lx200  /Users/v-korovin/Projects/multi_mount/src/lx200/base.py:370 handle: Get command GR GET_TELECOPE_RA()
2026-02-15 22:59:55 [  INFO] 134477.263 lx200  /Users/v-korovin/Projects/multi_mount/src/lx200/base.py:379 handle: Answer command GR GET_TELECOPE_RA() -> 12:00:00
2026-02-15 22:59:55 [  INFO] 134688.637 lx200  /Users/v-korovin/Projects/multi_mount/src/lx200/base.py:370 handle: Get command GR GET_TELECOPE_RA()
2026-02-15 22:59:55 [  INFO] 134695.088 lx200  /Users/v-korovin/Projects/multi_mount/src/lx200/base.py:379 handle: Answer command GR GET_TELECOPE_RA() -> 12:00:00
2026-02-15 22:59:55 [  INFO] 134870.894 SkyWatcherLX200.telemetry  /Users/v-korovin/Projects/multi_mount/src/skywatcher/skywatcher_lx200.py:61 _do_log_telemetry: RA=12:00:00 running=True mode=0 direction=1 speed=0 goto_active=True
2026-02-15 22:59:55 [  INFO] 134912.743 lx200  /Users/v-korovin/Projects/multi_mount/src/lx200/base.py:370 handle: Get command GR GET_TELECOPE_RA()
2026-02-15 22:59:55 [  INFO] 134912.840 lx200  /Users/v-korovin/Projects/multi_mount/src/lx200/base.py:379 handle: Answer command GR GET_TELECOPE_RA() -> 12:00:00
2026-02-15 22:59:55 [  INFO] 134971.069 tmc2209.adapter  /Users/v-korovin/Projects/multi_mount/src/tmc2209/tmc2209_adapter.py:206 status: Status changed: initialised True -> True enabled True -> True phase hold -> acceleration target_set False -> True
2026-02-15 22:59:55 [  INFO] 134983.864 TMC2209LX200.telemetry  /Users/v-korovin/Projects/multi_mount/src/tmc2209/tmc2209_lx200.py:146 _do_log_telemetry: DEC=+20*00:14 raw_steps=5001 phase=acceleration target_set=True enabled=True
2026-02-15 22:59:55 [  INFO] 135125.870 lx200  /Users/v-korovin/Projects/multi_mount/src/lx200/base.py:370 handle: Get command GR GET_TELECOPE_RA()
2026-02-15 22:59:55 [  INFO] 135132.339 lx200  /Users/v-korovin/Projects/multi_mount/src/lx200/base.py:379 handle: Answer command GR GET_TELECOPE_RA() -> 12:00:00
2026-02-15 22:59:56 [  INFO] 135347.099 lx200  /Users/v-korovin/Projects/multi_mount/src/lx200/base.py:370 handle: Get command GR GET_TELECOPE_RA()
2026-02-15 22:59:56 [  INFO] 135353.563 lx200  /Users/v-korovin/Projects/multi_mount/src/lx200/base.py:379 handle: Answer command GR GET_TELECOPE_RA() -> 12:00:00
2026-02-15 22:59:56 [  INFO] 135563.743 lx200  /Users/v-korovin/Projects/multi_mount/src/lx200/base.py:370 handle: Get command GR GET_TELECOPE_RA()
2026-02-15 22:59:56 [  INFO] 135569.560 lx200  /Users/v-korovin/Projects/multi_mount/src/lx200/base.py:379 handle: Answer command GR GET_TELECOPE_RA() -> 12:00:00
2026-02-15 22:59:56 [  INFO] 135787.194 lx200  /Users/v-korovin/Projects/multi_mount/src/lx200/base.py:370 handle: Get command GR GET_TELECOPE_RA()
2026-02-15 22:59:56 [  INFO] 135793.676 lx200  /Users/v-korovin/Projects/multi_mount/src/lx200/base.py:379 handle: Answer command GR GET_TELECOPE_RA() -> 12:00:00
2026-02-15 22:59:56 [  INFO] 135997.153 SkyWatcherLX200.telemetry  /Users/v-korovin/Projects/multi_mount/src/skywatcher/skywatcher_lx200.py:61 _do_log_telemetry: RA=12:00:00 running=True mode=0 direction=1 speed=0 goto_active=True
2026-02-15 22:59:56 [  INFO] 136016.426 lx200  /Users/v-korovin/Projects/multi_mount/src/lx200/base.py:370 handle: Get command GR GET_TELECOPE_RA()
2026-02-15 22:59:56 [  INFO] 136035.573 lx200  /Users/v-korovin/Projects/multi_mount/src/lx200/base.py:379 handle: Answer command GR GET_TELECOPE_RA() -> 12:00:00
2026-02-15 22:59:56 [  INFO] 136055.117 TMC2209LX200.telemetry  /Users/v-korovin/Projects/multi_mount/src/tmc2209/tmc2209_lx200.py:146 _do_log_telemetry: DEC=+20*02:53 raw_steps=5012 phase=acceleration target_set=True enabled=True
2026-02-15 22:59:56 [  INFO] 136253.014 lx200  /Users/v-korovin/Projects/multi_mount/src/lx200/base.py:370 handle: Get command GR GET_TELECOPE_RA()
2026-02-15 22:59:56 [  INFO] 136265.715 lx200  /Users/v-korovin/Projects/multi_mount/src/lx200/base.py:379 handle: Answer command GR GET_TELECOPE_RA() -> 12:00:00
2026-02-15 22:59:57 [  INFO] 136496.465 lx200  /Users/v-korovin/Projects/multi_mount/src/lx200/base.py:370 handle: Get command GR GET_TELECOPE_RA()
2026-02-15 22:59:57 [  INFO] 136502.923 lx200  /Users/v-korovin/Projects/multi_mount/src/lx200/base.py:379 handle: Answer command GR GET_TELECOPE_RA() -> 12:00:00
2026-02-15 22:59:57 [  INFO] 136714.308 lx200  /Users/v-korovin/Projects/multi_mount/src/lx200/base.py:370 handle: Get command GR GET_TELECOPE_RA()
2026-02-15 22:59:57 [  INFO] 136720.776 lx200  /Users/v-korovin/Projects/multi_mount/src/lx200/base.py:379 handle: Answer command GR GET_TELECOPE_RA() -> 12:00:00
2026-02-15 22:59:57 [  INFO] 136930.407 lx200  /Users/v-korovin/Projects/multi_mount/src/lx200/base.py:370 handle: Get command GR GET_TELECOPE_RA()
2026-02-15 22:59:57 [  INFO] 136936.868 lx200  /Users/v-korovin/Projects/multi_mount/src/lx200/base.py:379 handle: Answer command GR GET_TELECOPE_RA() -> 12:00:00
2026-02-15 22:59:57 [  INFO] 137149.134 lx200  /Users/v-korovin/Projects/multi_mount/src/lx200/base.py:370 handle: Get command GR GET_TELECOPE_RA()
2026-02-15 22:59:57 [  INFO] 137174.319 SkyWatcherLX200.telemetry  /Users/v-korovin/Projects/multi_mount/src/skywatcher/skywatcher_lx200.py:61 _do_log_telemetry: RA=12:00:00 running=True mode=0 direction=1 speed=0 goto_active=True
2026-02-15 22:59:57 [  INFO] 137180.467 lx200  /Users/v-korovin/Projects/multi_mount/src/lx200/base.py:379 handle: Answer command GR GET_TELECOPE_RA() -> 12:00:00
2026-02-15 22:59:57 [  INFO] 137193.451 TMC2209LX200.telemetry  /Users/v-korovin/Projects/multi_mount/src/tmc2209/tmc2209_lx200.py:146 _do_log_telemetry: DEC=+20*08:10 raw_steps=5034 phase=acceleration target_set=True enabled=True
2026-02-15 22:59:58 [  INFO] 137404.008 lx200  /Users/v-korovin/Projects/multi_mount/src/lx200/base.py:370 handle: Get command GR GET_TELECOPE_RA()
2026-02-15 22:59:58 [  INFO] 137422.158 lx200  /Users/v-korovin/Projects/multi_mount/src/lx200/base.py:379 handle: Answer command GR GET_TELECOPE_RA() -> 12:00:00
2026-02-15 22:59:58 [  INFO] 137633.606 lx200  /Users/v-korovin/Projects/multi_mount/src/lx200/base.py:370 handle: Get command GR GET_TELECOPE_RA()
2026-02-15 22:59:58 [  INFO] 137640.108 lx200  /Users/v-korovin/Projects/multi_mount/src/lx200/base.py:379 handle: Answer command GR GET_TELECOPE_RA() -> 12:00:00
2026-02-15 22:59:58 [  INFO] 137847.045 lx200  /Users/v-korovin/Projects/multi_mount/src/lx200/base.py:370 handle: Get command GR GET_TELECOPE_RA()
2026-02-15 22:59:58 [  INFO] 137853.525 lx200  /Users/v-korovin/Projects/multi_mount/src/lx200/base.py:379 handle: Answer command GR GET_TELECOPE_RA() -> 12:00:00
2026-02-15 22:59:58 [  INFO] 138077.610 lx200  /Users/v-korovin/Projects/multi_mount/src/lx200/base.py:370 handle: Get command GR GET_TELECOPE_RA()
2026-02-15 22:59:58 [  INFO] 138084.081 lx200  /Users/v-korovin/Projects/multi_mount/src/lx200/base.py:379 handle: Answer command GR GET_TELECOPE_RA() -> 12:00:00
2026-02-15 22:59:58 [  INFO] 138293.171 lx200  /Users/v-korovin/Projects/multi_mount/src/lx200/base.py:370 handle: Get command GR GET_TELECOPE_RA()
2026-02-15 22:59:58 [  INFO] 138293.394 lx200  /Users/v-korovin/Projects/multi_mount/src/lx200/base.py:379 handle: Answer command GR GET_TELECOPE_RA() -> 12:00:00
2026-02-15 22:59:58 [  INFO] 138318.048 SkyWatcherLX200.telemetry  /Users/v-korovin/Projects/multi_mount/src/skywatcher/skywatcher_lx200.py:61 _do_log_telemetry: RA=12:00:00 running=True mode=0 direction=1 speed=0 goto_active=True
2026-02-15 22:59:59 [  INFO] 138349.201 TMC2209LX200.telemetry  /Users/v-korovin/Projects/multi_mount/src/tmc2209/tmc2209_lx200.py:146 _do_log_telemetry: DEC=+20*16:48 raw_steps=5070 phase=acceleration target_set=True enabled=True
2026-02-15 22:59:59 [  INFO] 138509.995 lx200  /Users/v-korovin/Projects/multi_mount/src/lx200/base.py:370 handle: Get command GR GET_TELECOPE_RA()
2026-02-15 22:59:59 [  INFO] 138515.897 lx200  /Users/v-korovin/Projects/multi_mount/src/lx200/base.py:379 handle: Answer command GR GET_TELECOPE_RA() -> 12:00:00
2026-02-15 22:59:59 [  INFO] 138730.404 lx200  /Users/v-korovin/Projects/multi_mount/src/lx200/base.py:370 handle: Get command GR GET_TELECOPE_RA()
2026-02-15 22:59:59 [  INFO] 138736.918 lx200  /Users/v-korovin/Projects/multi_mount/src/lx200/base.py:379 handle: Answer command GR GET_TELECOPE_RA() -> 12:00:00
2026-02-15 22:59:59 [  INFO] 138954.653 lx200  /Users/v-korovin/Projects/multi_mount/src/lx200/base.py:370 handle: Get command GR GET_TELECOPE_RA()
2026-02-15 22:59:59 [  INFO] 138961.047 lx200  /Users/v-korovin/Projects/multi_mount/src/lx200/base.py:379 handle: Answer command GR GET_TELECOPE_RA() -> 12:00:00
2026-02-15 22:59:59 [  INFO] 139175.751 lx200  /Users/v-korovin/Projects/multi_mount/src/lx200/base.py:370 handle: Get command GR GET_TELECOPE_RA()
2026-02-15 22:59:59 [  INFO] 139175.940 lx200  /Users/v-korovin/Projects/multi_mount/src/lx200/base.py:379 handle: Answer command GR GET_TELECOPE_RA() -> 12:00:00
2026-02-15 23:00:00 [  INFO] 139388.805 lx200  /Users/v-korovin/Projects/multi_mount/src/lx200/base.py:370 handle: Get command GR GET_TELECOPE_RA()
2026-02-15 23:00:00 [  INFO] 139401.441 lx200  /Users/v-korovin/Projects/multi_mount/src/lx200/base.py:379 handle: Answer command GR GET_TELECOPE_RA() -> 12:00:00
2026-02-15 23:00:00 [  INFO] 139438.056 SkyWatcherLX200.telemetry  /Users/v-korovin/Projects/multi_mount/src/skywatcher/skywatcher_lx200.py:61 _do_log_telemetry: RA=12:00:00 running=True mode=0 direction=1 speed=0 goto_active=True
2026-02-15 23:00:00 [  INFO] 139501.389 TMC2209LX200.telemetry  /Users/v-korovin/Projects/multi_mount/src/tmc2209/tmc2209_lx200.py:146 _do_log_telemetry: DEC=+20*28:48 raw_steps=5120 phase=acceleration target_set=True enabled=True
2026-02-15 23:00:00 [  INFO] 139632.443 lx200  /Users/v-korovin/Projects/multi_mount/src/lx200/base.py:370 handle: Get command GR GET_TELECOPE_RA()
2026-02-15 23:00:00 [  INFO] 139632.542 lx200  /Users/v-korovin/Projects/multi_mount/src/lx200/base.py:379 handle: Answer command GR GET_TELECOPE_RA() -> 12:00:00
2026-02-15 23:00:00 [  INFO] 139843.927 lx200  /Users/v-korovin/Projects/multi_mount/src/lx200/base.py:370 handle: Get command GR GET_TELECOPE_RA()
2026-02-15 23:00:00 [  INFO] 139844.144 lx200  /Users/v-korovin/Projects/multi_mount/src/lx200/base.py:379 handle: Answer command GR GET_TELECOPE_RA() -> 12:00:00
2026-02-15 23:00:00 [  INFO] 140049.169 lx200  /Users/v-korovin/Projects/multi_mount/src/lx200/base.py:370 handle: Get command GR GET_TELECOPE_RA()
2026-02-15 23:00:00 [  INFO] 140049.284 lx200  /Users/v-korovin/Projects/multi_mount/src/lx200/base.py:379 handle: Answer command GR GET_TELECOPE_RA() -> 12:00:00
2026-02-15 23:00:00 [  INFO] 140260.700 lx200  /Users/v-korovin/Projects/multi_mount/src/lx200/base.py:370 handle: Get command GR GET_TELECOPE_RA()
2026-02-15 23:00:00 [  INFO] 140267.157 lx200  /Users/v-korovin/Projects/multi_mount/src/lx200/base.py:379 handle: Answer command GR GET_TELECOPE_RA() -> 12:00:00
2026-02-15 23:00:01 [  INFO] 140474.672 lx200  /Users/v-korovin/Projects/multi_mount/src/lx200/base.py:370 handle: Get command GR GET_TELECOPE_RA()
2026-02-15 23:00:01 [  INFO] 140474.875 lx200  /Users/v-korovin/Projects/multi_mount/src/lx200/base.py:379 handle: Answer command GR GET_TELECOPE_RA() -> 12:00:00
2026-02-15 23:00:01 [  INFO] 140571.840 SkyWatcherLX200.telemetry  /Users/v-korovin/Projects/multi_mount/src/skywatcher/skywatcher_lx200.py:61 _do_log_telemetry: RA=12:00:00 running=True mode=0 direction=1 speed=0 goto_active=True
2026-02-15 23:00:01 [  INFO] 140634.990 TMC2209LX200.telemetry  /Users/v-korovin/Projects/multi_mount/src/tmc2209/tmc2209_lx200.py:146 _do_log_telemetry: DEC=+20*44:10 raw_steps=5184 phase=acceleration target_set=True enabled=True
2026-02-15 23:00:01 [  INFO] 140690.825 lx200  /Users/v-korovin/Projects/multi_mount/src/lx200/base.py:370 handle: Get command GR GET_TELECOPE_RA()
2026-02-15 23:00:01 [  INFO] 140703.658 lx200  /Users/v-korovin/Projects/multi_mount/src/lx200/base.py:379 handle: Answer command GR GET_TELECOPE_RA() -> 12:00:00
2026-02-15 23:00:01 [  INFO] 140933.422 lx200  /Users/v-korovin/Projects/multi_mount/src/lx200/base.py:370 handle: Get command GR GET_TELECOPE_RA()
2026-02-15 23:00:01 [  INFO] 140939.880 lx200  /Users/v-korovin/Projects/multi_mount/src/lx200/base.py:379 handle: Answer command GR GET_TELECOPE_RA() -> 12:00:00
2026-02-15 23:00:01 [  INFO] 141158.083 lx200  /Users/v-korovin/Projects/multi_mount/src/lx200/base.py:370 handle: Get command GR GET_TELECOPE_RA()
2026-02-15 23:00:01 [  INFO] 141158.345 lx200  /Users/v-korovin/Projects/multi_mount/src/lx200/base.py:379 handle: Answer command GR GET_TELECOPE_RA() -> 12:00:00
2026-02-15 23:00:02 [  INFO] 141372.125 lx200  /Users/v-korovin/Projects/multi_mount/src/lx200/base.py:370 handle: Get command GR GET_TELECOPE_RA()
2026-02-15 23:00:02 [  INFO] 141378.623 lx200  /Users/v-korovin/Projects/multi_mount/src/lx200/base.py:379 handle: Answer command GR GET_TELECOPE_RA() -> 12:00:00
2026-02-15 23:00:02 [  INFO] 141590.138 lx200  /Users/v-korovin/Projects/multi_mount/src/lx200/base.py:370 handle: Get command GR GET_TELECOPE_RA()
2026-02-15 23:00:02 [  INFO] 141596.751 lx200  /Users/v-korovin/Projects/multi_mount/src/lx200/base.py:379 handle: Answer command GR GET_TELECOPE_RA() -> 12:00:00
2026-02-15 23:00:02 [  INFO] 141720.205 SkyWatcherLX200.telemetry  /Users/v-korovin/Projects/multi_mount/src/skywatcher/skywatcher_lx200.py:61 _do_log_telemetry: RA=12:00:00 running=True mode=0 direction=1 speed=0 goto_active=True
2026-02-15 23:00:02 [  INFO] 141789.327 TMC2209LX200.telemetry  /Users/v-korovin/Projects/multi_mount/src/tmc2209/tmc2209_lx200.py:146 _do_log_telemetry: DEC=+21*02:10 raw_steps=5259 phase=acceleration target_set=True enabled=True
2026-02-15 23:00:02 [  INFO] 141813.761 lx200  /Users/v-korovin/Projects/multi_mount/src/lx200/base.py:370 handle: Get command GR GET_TELECOPE_RA()
2026-02-15 23:00:02 [  INFO] 141820.203 lx200  /Users/v-korovin/Projects/multi_mount/src/lx200/base.py:379 handle: Answer command GR GET_TELECOPE_RA() -> 12:00:00
2026-02-15 23:00:02 [  INFO] 142025.754 lx200  /Users/v-korovin/Projects/multi_mount/src/lx200/base.py:370 handle: Get command GR GET_TELECOPE_RA()
2026-02-15 23:00:02 [  INFO] 142032.332 lx200  /Users/v-korovin/Projects/multi_mount/src/lx200/base.py:379 handle: Answer command GR GET_TELECOPE_RA() -> 12:00:00
2026-02-15 23:00:02 [  INFO] 142249.151 lx200  /Users/v-korovin/Projects/multi_mount/src/lx200/base.py:370 handle: Get command GR GET_TELECOPE_RA()
2026-02-15 23:00:02 [  INFO] 142255.615 lx200  /Users/v-korovin/Projects/multi_mount/src/lx200/base.py:379 handle: Answer command GR GET_TELECOPE_RA() -> 12:00:00
2026-02-15 23:00:03 [  INFO] 142480.402 lx200  /Users/v-korovin/Projects/multi_mount/src/lx200/base.py:370 handle: Get command GR GET_TELECOPE_RA()
2026-02-15 23:00:03 [  INFO] 142486.890 lx200  /Users/v-korovin/Projects/multi_mount/src/lx200/base.py:379 handle: Answer command GR GET_TELECOPE_RA() -> 12:00:00
2026-02-15 23:00:03 [  INFO] 142697.075 lx200  /Users/v-korovin/Projects/multi_mount/src/lx200/base.py:370 handle: Get command GR GET_TELECOPE_RA()
2026-02-15 23:00:03 [  INFO] 142703.547 lx200  /Users/v-korovin/Projects/multi_mount/src/lx200/base.py:379 handle: Answer command GR GET_TELECOPE_RA() -> 12:00:00
2026-02-15 23:00:03 [  INFO] 142911.742 lx200  /Users/v-korovin/Projects/multi_mount/src/lx200/base.py:370 handle: Get command GR GET_TELECOPE_RA()
2026-02-15 23:00:03 [  INFO] 142918.276 SkyWatcherLX200.telemetry  /Users/v-korovin/Projects/multi_mount/src/skywatcher/skywatcher_lx200.py:61 _do_log_telemetry: RA=12:00:00 running=True mode=0 direction=1 speed=0 goto_active=True
2026-02-15 23:00:03 [  INFO] 142918.419 lx200  /Users/v-korovin/Projects/multi_mount/src/lx200/base.py:379 handle: Answer command GR GET_TELECOPE_RA() -> 12:00:00
2026-02-15 23:00:03 [  INFO] 142990.961 TMC2209LX200.telemetry  /Users/v-korovin/Projects/multi_mount/src/tmc2209/tmc2209_lx200.py:146 _do_log_telemetry: DEC=+21*23:46 raw_steps=5349 phase=acceleration target_set=True enabled=True
2026-02-15 23:00:03 [  INFO] 143154.313 lx200  /Users/v-korovin/Projects/multi_mount/src/lx200/base.py:370 handle: Get command GR GET_TELECOPE_RA()
2026-02-15 23:00:03 [  INFO] 143172.171 lx200  /Users/v-korovin/Projects/multi_mount/src/lx200/base.py:379 handle: Answer command GR GET_TELECOPE_RA() -> 12:00:00
2026-02-15 23:00:04 [  INFO] 143402.155 lx200  /Users/v-korovin/Projects/multi_mount/src/lx200/base.py:370 handle: Get command GR GET_TELECOPE_RA()
2026-02-15 23:00:04 [  INFO] 143408.441 lx200  /Users/v-korovin/Projects/multi_mount/src/lx200/base.py:379 handle: Answer command GR GET_TELECOPE_RA() -> 12:00:00
2026-02-15 23:00:04 [  INFO] 143622.071 lx200  /Users/v-korovin/Projects/multi_mount/src/lx200/base.py:370 handle: Get command GR GET_TELECOPE_RA()
2026-02-15 23:00:04 [  INFO] 143627.645 lx200  /Users/v-korovin/Projects/multi_mount/src/lx200/base.py:379 handle: Answer command GR GET_TELECOPE_RA() -> 12:00:00
2026-02-15 23:00:04 [  INFO] 143845.388 lx200  /Users/v-korovin/Projects/multi_mount/src/lx200/base.py:370 handle: Get command GR GET_TELECOPE_RA()
2026-02-15 23:00:04 [  INFO] 143851.877 lx200  /Users/v-korovin/Projects/multi_mount/src/lx200/base.py:379 handle: Answer command GR GET_TELECOPE_RA() -> 12:00:00
2026-02-15 23:00:04 [  INFO] 144053.050 SkyWatcherLX200.telemetry  /Users/v-korovin/Projects/multi_mount/src/skywatcher/skywatcher_lx200.py:61 _do_log_telemetry: RA=12:00:00 running=True mode=0 direction=1 speed=0 goto_active=True
2026-02-15 23:00:04 [  INFO] 144059.504 lx200  /Users/v-korovin/Projects/multi_mount/src/lx200/base.py:370 handle: Get command GR GET_TELECOPE_RA()
2026-02-15 23:00:04 [  INFO] 144078.222 lx200  /Users/v-korovin/Projects/multi_mount/src/lx200/base.py:379 handle: Answer command GR GET_TELECOPE_RA() -> 12:00:00
2026-02-15 23:00:04 [  INFO] 144172.731 TMC2209LX200.telemetry  /Users/v-korovin/Projects/multi_mount/src/tmc2209/tmc2209_lx200.py:146 _do_log_telemetry: DEC=+21*49:41 raw_steps=5457 phase=acceleration target_set=True enabled=True
2026-02-15 23:00:04 [  INFO] 144295.519 lx200  /Users/v-korovin/Projects/multi_mount/src/lx200/base.py:370 handle: Get command GR GET_TELECOPE_RA()
2026-02-15 23:00:04 [  INFO] 144302.037 lx200  /Users/v-korovin/Projects/multi_mount/src/lx200/base.py:379 handle: Answer command GR GET_TELECOPE_RA() -> 12:00:00
2026-02-15 23:00:05 [WARNING] 144624.986 root  /Users/v-korovin/Projects/multi_mount/src/tests/test_splitter_hw.py:523 _ensure_halted: 
================ TEST CLEANUP START ===========
HALT AFTER TEST
===============================================
2026-02-15 23:00:05 [  INFO] 144643.524 lx200  /Users/v-korovin/Projects/multi_mount/src/lx200/base.py:370 handle: Get command Q HALT_ALL()
2026-02-15 23:00:05 [  INFO] 144662.397 SkyWatcherLX200  /Users/v-korovin/Projects/multi_mount/src/skywatcher/skywatcher_lx200.py:217 halt_all: Halt all RA movements
2026-02-15 23:00:05 [  INFO] 144662.523 skywatcher  /Users/v-korovin/Projects/multi_mount/src/skywatcher/skywatcher.py:332 gracefully_stop_motor: Stop motor
2026-02-15 23:00:05 [  INFO] 144700.825 skywatcher  /Users/v-korovin/Projects/multi_mount/src/skywatcher/skywatcher.py:277 get_status: Mount status changed: raw 313131 -> 313130 running True -> False initialized True -> True slew_mode 0 -> 0 direction 1 -> 1 speed_mode 0 -> 0
2026-02-15 23:00:05 [  INFO] 144700.986 skywatcher  /Users/v-korovin/Projects/multi_mount/src/skywatcher/skywatcher.py:479 resume_tracking: Resume tracking with last rate=1.0
2026-02-15 23:00:05 [  INFO] 144707.373 skywatcher  /Users/v-korovin/Projects/multi_mount/src/skywatcher/skywatcher.py:467 start_tracking: Start tracking request: rate=1.0
2026-02-15 23:00:05 [  INFO] 144751.828 skywatcher  /Users/v-korovin/Projects/multi_mount/src/skywatcher/skywatcher.py:459 set_ra_rate: Set RA rate: 1.0 * 1 (highspeed=False) mode=0 // period=110359
2026-02-15 23:00:05 [  INFO] 144757.507 skywatcher  /Users/v-korovin/Projects/multi_mount/src/skywatcher/skywatcher.py:332 gracefully_stop_motor: Stop motor
2026-02-15 23:00:05 [  INFO] 144796.451 skywatcher  /Users/v-korovin/Projects/multi_mount/src/skywatcher/skywatcher.py:371 _set_motion: Set motion mode: SkyWatcherStatus(raw=3223856, running=False, initialized=True, slew_mode=<SlewMode.SLEW: 0>, direction=<Direction.FORWARD: 1>, speed_mode=<SpeedMode.LOWSPEED: 0>)
2026-02-15 23:00:05 [  INFO] 144840.788 skywatcher  /Users/v-korovin/Projects/multi_mount/src/skywatcher/skywatcher.py:384 _start_motor: Start motor
2026-02-15 23:00:05 [  INFO] 144860.460 skywatcher  /Users/v-korovin/Projects/multi_mount/src/skywatcher/skywatcher.py:475 start_tracking: Start tracking applied: rate=1.0
2026-02-15 23:00:05 [  INFO] 144866.881 SkyWatcherLX200  /Users/v-korovin/Projects/multi_mount/src/skywatcher/skywatcher_lx200.py:221 halt_all: Halt all RA movements done
2026-02-15 23:00:05 [  INFO] 144885.414 TMC2209LX200  /Users/v-korovin/Projects/multi_mount/src/tmc2209/tmc2209_lx200.py:181 halt_all: Halt all DEC movements
2026-02-15 23:00:05 [  INFO] 144890.790 tmc2209.adapter  /Users/v-korovin/Projects/multi_mount/src/tmc2209/tmc2209_adapter.py:308 halt: Halt request
2026-02-15 23:00:05 [  INFO] 144934.951 tmc2209.adapter  /Users/v-korovin/Projects/multi_mount/src/tmc2209/tmc2209_adapter.py:311 halt: Halt applied: stopping=True
2026-02-15 23:00:05 [  INFO] 144940.804 TMC2209LX200  /Users/v-korovin/Projects/multi_mount/src/tmc2209/tmc2209_lx200.py:183 halt_all: Halt all DEC movements done
2026-02-15 23:00:05 [WARNING] 144953.558 lx200  /Users/v-korovin/Projects/multi_mount/src/lx200/base.py:381 handle: Empty responce: Q HALT_ALL() -> ∅
2026-02-15 23:00:05 [  INFO] 145239.832 skywatcher  /Users/v-korovin/Projects/multi_mount/src/skywatcher/skywatcher.py:277 get_status: Mount status changed: raw 313130 -> 313131 running False -> True initialized True -> True slew_mode 0 -> 0 direction 1 -> 1 speed_mode 0 -> 0
2026-02-15 23:00:05 [  INFO] 145252.806 SkyWatcherLX200.telemetry  /Users/v-korovin/Projects/multi_mount/src/skywatcher/skywatcher_lx200.py:61 _do_log_telemetry: RA=12:00:00 running=True mode=0 direction=1 speed=0 goto_active=False
2026-02-15 23:00:05 [  INFO] 145275.921 tmc2209.adapter  /Users/v-korovin/Projects/multi_mount/src/tmc2209/tmc2209_adapter.py:206 status: Status changed: initialised True -> True enabled True -> True phase acceleration -> deceleration target_set True -> True
2026-02-15 23:00:05 [  INFO] 145276.039 TMC2209LX200.telemetry  /Users/v-korovin/Projects/multi_mount/src/tmc2209/tmc2209_lx200.py:146 _do_log_telemetry: DEC=+22*18:00 raw_steps=5575 phase=deceleration target_set=True enabled=True
2026-02-15 23:00:06 [WARNING] 145468.579 root  /Users/v-korovin/Projects/multi_mount/src/tests/test_splitter_hw.py:533 _ensure_halted: 
================ TEST CLEANUP END =============
HALT AFTER TEST DONE
===============================================
2026-02-15 23:00:06 [WARNING] 145481.016 root  /Users/v-korovin/Projects/multi_mount/src/tests/test_splitter_hw.py:507 _ensure_halted: 
================ TEST PREP START ==============
ENSURE BOTH AXES HALTED
===============================================
2026-02-15 23:00:06 [  INFO] 145487.521 lx200  /Users/v-korovin/Projects/multi_mount/src/lx200/base.py:370 handle: Get command Q HALT_ALL()
2026-02-15 23:00:06 [  INFO] 145493.877 SkyWatcherLX200  /Users/v-korovin/Projects/multi_mount/src/skywatcher/skywatcher_lx200.py:217 halt_all: Halt all RA movements
2026-02-15 23:00:06 [  INFO] 145493.959 skywatcher  /Users/v-korovin/Projects/multi_mount/src/skywatcher/skywatcher.py:332 gracefully_stop_motor: Stop motor
2026-02-15 23:00:06 [  INFO] 145525.520 skywatcher  /Users/v-korovin/Projects/multi_mount/src/skywatcher/skywatcher.py:277 get_status: Mount status changed: raw 313131 -> 313130 running True -> False initialized True -> True slew_mode 0 -> 0 direction 1 -> 1 speed_mode 0 -> 0
2026-02-15 23:00:06 [  INFO] 145531.945 skywatcher  /Users/v-korovin/Projects/multi_mount/src/skywatcher/skywatcher.py:479 resume_tracking: Resume tracking with last rate=1.0
2026-02-15 23:00:06 [  INFO] 145544.601 skywatcher  /Users/v-korovin/Projects/multi_mount/src/skywatcher/skywatcher.py:467 start_tracking: Start tracking request: rate=1.0
2026-02-15 23:00:06 [  INFO] 145581.757 skywatcher  /Users/v-korovin/Projects/multi_mount/src/skywatcher/skywatcher.py:459 set_ra_rate: Set RA rate: 1.0 * 1 (highspeed=False) mode=0 // period=110359
2026-02-15 23:00:06 [  INFO] 145588.138 skywatcher  /Users/v-korovin/Projects/multi_mount/src/skywatcher/skywatcher.py:332 gracefully_stop_motor: Stop motor
2026-02-15 23:00:06 [  INFO] 145626.960 skywatcher  /Users/v-korovin/Projects/multi_mount/src/skywatcher/skywatcher.py:371 _set_motion: Set motion mode: SkyWatcherStatus(raw=3223856, running=False, initialized=True, slew_mode=<SlewMode.SLEW: 0>, direction=<Direction.FORWARD: 1>, speed_mode=<SpeedMode.LOWSPEED: 0>)
2026-02-15 23:00:06 [  INFO] 145671.321 skywatcher  /Users/v-korovin/Projects/multi_mount/src/skywatcher/skywatcher.py:384 _start_motor: Start motor
2026-02-15 23:00:06 [  INFO] 145690.805 skywatcher  /Users/v-korovin/Projects/multi_mount/src/skywatcher/skywatcher.py:475 start_tracking: Start tracking applied: rate=1.0
2026-02-15 23:00:06 [  INFO] 145697.161 SkyWatcherLX200  /Users/v-korovin/Projects/multi_mount/src/skywatcher/skywatcher_lx200.py:221 halt_all: Halt all RA movements done
2026-02-15 23:00:06 [  INFO] 145709.786 TMC2209LX200  /Users/v-korovin/Projects/multi_mount/src/tmc2209/tmc2209_lx200.py:181 halt_all: Halt all DEC movements
2026-02-15 23:00:06 [  INFO] 145715.792 tmc2209.adapter  /Users/v-korovin/Projects/multi_mount/src/tmc2209/tmc2209_adapter.py:308 halt: Halt request
2026-02-15 23:00:06 [  INFO] 145747.034 tmc2209.adapter  /Users/v-korovin/Projects/multi_mount/src/tmc2209/tmc2209_adapter.py:311 halt: Halt applied: stopping=True
2026-02-15 23:00:06 [  INFO] 145747.123 TMC2209LX200  /Users/v-korovin/Projects/multi_mount/src/tmc2209/tmc2209_lx200.py:183 halt_all: Halt all DEC movements done
2026-02-15 23:00:06 [WARNING] 145747.176 lx200  /Users/v-korovin/Projects/multi_mount/src/lx200/base.py:381 handle: Empty responce: Q HALT_ALL() -> ∅
2026-02-15 23:00:06 [WARNING] 146269.390 root  /Users/v-korovin/Projects/multi_mount/src/tests/test_splitter_hw.py:517 _ensure_halted: 
================ TEST PREP END ================
AXES HALTED BEFORE TEST
===============================================
2026-02-15 23:00:06 [WARNING] 146319.657 root  /Users/v-korovin/Projects/multi_mount/src/tests/test_splitter_hw.py:869 test_hw_splitter_guiding_pulses_all_directions_vs_tracking: 
================ TEST START ===================
GUIDING PULSES VS TRACKING
DIRECTION: w
PULSE: 2500ms
AXIS: ra
===============================================
2026-02-15 23:00:07 [WARNING] 146357.498 root  /Users/v-korovin/Projects/multi_mount/src/tests/test_splitter_hw.py:201 sync_known_position: 
================ SYNC START ===================
TARGET RA: 12:00:00
TARGET DEC: +35*00:00
===============================================
2026-02-15 23:00:07 [  INFO] 146357.570 skywatcher  /Users/v-korovin/Projects/multi_mount/src/skywatcher/skywatcher.py:277 get_status: Mount status changed: raw 313130 -> 313131 running False -> True initialized True -> True slew_mode 0 -> 0 direction 1 -> 1 speed_mode 0 -> 0
2026-02-15 23:00:07 [  INFO] 146370.047 lx200  /Users/v-korovin/Projects/multi_mount/src/lx200/base.py:370 handle: Get command Q HALT_ALL()
2026-02-15 23:00:07 [  INFO] 146382.498 SkyWatcherLX200.telemetry  /Users/v-korovin/Projects/multi_mount/src/skywatcher/skywatcher_lx200.py:61 _do_log_telemetry: RA=12:00:00 running=True mode=0 direction=1 speed=0 goto_active=False
2026-02-15 23:00:07 [  INFO] 146407.632 SkyWatcherLX200  /Users/v-korovin/Projects/multi_mount/src/skywatcher/skywatcher_lx200.py:217 halt_all: Halt all RA movements
2026-02-15 23:00:07 [  INFO] 146420.261 skywatcher  /Users/v-korovin/Projects/multi_mount/src/skywatcher/skywatcher.py:332 gracefully_stop_motor: Stop motor
2026-02-15 23:00:07 [  INFO] 146532.493 skywatcher  /Users/v-korovin/Projects/multi_mount/src/skywatcher/skywatcher.py:277 get_status: Mount status changed: raw 313131 -> 313130 running True -> False initialized True -> True slew_mode 0 -> 0 direction 1 -> 1 speed_mode 0 -> 0
2026-02-15 23:00:07 [  INFO] 146551.580 skywatcher  /Users/v-korovin/Projects/multi_mount/src/skywatcher/skywatcher.py:479 resume_tracking: Resume tracking with last rate=1.0
2026-02-15 23:00:07 [  INFO] 146551.711 skywatcher  /Users/v-korovin/Projects/multi_mount/src/skywatcher/skywatcher.py:467 start_tracking: Start tracking request: rate=1.0
2026-02-15 23:00:07 [  INFO] 146577.689 TMC2209LX200.telemetry  /Users/v-korovin/Projects/multi_mount/src/tmc2209/tmc2209_lx200.py:146 _do_log_telemetry: DEC=+22*43:41 raw_steps=5682 phase=deceleration target_set=True enabled=True
2026-02-15 23:00:07 [  INFO] 146602.148 skywatcher  /Users/v-korovin/Projects/multi_mount/src/skywatcher/skywatcher.py:459 set_ra_rate: Set RA rate: 1.0 * 1 (highspeed=False) mode=0 // period=110359
2026-02-15 23:00:07 [  INFO] 146607.486 skywatcher  /Users/v-korovin/Projects/multi_mount/src/skywatcher/skywatcher.py:332 gracefully_stop_motor: Stop motor
2026-02-15 23:00:07 [  INFO] 146683.836 skywatcher  /Users/v-korovin/Projects/multi_mount/src/skywatcher/skywatcher.py:371 _set_motion: Set motion mode: SkyWatcherStatus(raw=3223856, running=False, initialized=True, slew_mode=<SlewMode.SLEW: 0>, direction=<Direction.FORWARD: 1>, speed_mode=<SpeedMode.LOWSPEED: 0>)
2026-02-15 23:00:07 [  INFO] 146710.520 skywatcher  /Users/v-korovin/Projects/multi_mount/src/skywatcher/skywatcher.py:384 _start_motor: Start motor
2026-02-15 23:00:07 [  INFO] 146767.373 skywatcher  /Users/v-korovin/Projects/multi_mount/src/skywatcher/skywatcher.py:475 start_tracking: Start tracking applied: rate=1.0
2026-02-15 23:00:07 [  INFO] 146773.652 SkyWatcherLX200  /Users/v-korovin/Projects/multi_mount/src/skywatcher/skywatcher_lx200.py:221 halt_all: Halt all RA movements done
2026-02-15 23:00:07 [  INFO] 146780.078 TMC2209LX200  /Users/v-korovin/Projects/multi_mount/src/tmc2209/tmc2209_lx200.py:181 halt_all: Halt all DEC movements
2026-02-15 23:00:07 [  INFO] 146786.538 tmc2209.adapter  /Users/v-korovin/Projects/multi_mount/src/tmc2209/tmc2209_adapter.py:308 halt: Halt request
2026-02-15 23:00:07 [  INFO] 146822.171 tmc2209.adapter  /Users/v-korovin/Projects/multi_mount/src/tmc2209/tmc2209_adapter.py:311 halt: Halt applied: stopping=True
2026-02-15 23:00:07 [  INFO] 146828.610 TMC2209LX200  /Users/v-korovin/Projects/multi_mount/src/tmc2209/tmc2209_lx200.py:183 halt_all: Halt all DEC movements done
2026-02-15 23:00:07 [WARNING] 146834.930 lx200  /Users/v-korovin/Projects/multi_mount/src/lx200/base.py:381 handle: Empty responce: Q HALT_ALL() -> ∅
2026-02-15 23:00:07 [  INFO] 146847.224 lx200  /Users/v-korovin/Projects/multi_mount/src/lx200/base.py:370 handle: Get command GR GET_TELECOPE_RA()
2026-02-15 23:00:07 [  INFO] 146853.655 lx200  /Users/v-korovin/Projects/multi_mount/src/lx200/base.py:379 handle: Answer command GR GET_TELECOPE_RA() -> 12:00:00
2026-02-15 23:00:08 [  INFO] 147505.089 skywatcher  /Users/v-korovin/Projects/multi_mount/src/skywatcher/skywatcher.py:277 get_status: Mount status changed: raw 313130 -> 313131 running False -> True initialized True -> True slew_mode 0 -> 0 direction 1 -> 1 speed_mode 0 -> 0
2026-02-15 23:00:08 [  INFO] 147511.556 SkyWatcherLX200.telemetry  /Users/v-korovin/Projects/multi_mount/src/skywatcher/skywatcher_lx200.py:61 _do_log_telemetry: RA=12:00:00 running=True mode=0 direction=1 speed=0 goto_active=False
2026-02-15 23:00:08 [  INFO] 147687.363 TMC2209LX200.telemetry  /Users/v-korovin/Projects/multi_mount/src/tmc2209/tmc2209_lx200.py:146 _do_log_telemetry: DEC=+23*10:19 raw_steps=5793 phase=deceleration target_set=True enabled=True
2026-02-15 23:00:09 [  INFO] 148371.404 lx200  /Users/v-korovin/Projects/multi_mount/src/lx200/base.py:370 handle: Get command GR GET_TELECOPE_RA()
2026-02-15 23:00:09 [  INFO] 148377.861 lx200  /Users/v-korovin/Projects/multi_mount/src/lx200/base.py:379 handle: Answer command GR GET_TELECOPE_RA() -> 12:00:00
2026-02-15 23:00:09 [WARNING] 148497.214 root  /Users/v-korovin/Projects/multi_mount/src/tests/test_splitter_hw.py:131 _wait_until: 
================ POLLING START ================
TIMEOUT: 12.0s
CONDITION: DEC did not stop in time: phase=deceleration target_set=True speed=70.0
===============================================
2026-02-15 23:00:09 [  INFO] 148636.706 SkyWatcherLX200.telemetry  /Users/v-korovin/Projects/multi_mount/src/skywatcher/skywatcher_lx200.py:61 _do_log_telemetry: RA=12:00:00 running=True mode=0 direction=1 speed=0 goto_active=False
2026-02-15 23:00:09 [  INFO] 148739.956 TMC2209LX200.telemetry  /Users/v-korovin/Projects/multi_mount/src/tmc2209/tmc2209_lx200.py:146 _do_log_telemetry: DEC=+23*29:02 raw_steps=5871 phase=deceleration target_set=True enabled=True
2026-02-15 23:00:10 [  INFO] 149761.723 SkyWatcherLX200.telemetry  /Users/v-korovin/Projects/multi_mount/src/skywatcher/skywatcher_lx200.py:61 _do_log_telemetry: RA=12:00:00 running=True mode=0 direction=1 speed=0 goto_active=False
2026-02-15 23:00:10 [  INFO] 149870.217 TMC2209LX200.telemetry  /Users/v-korovin/Projects/multi_mount/src/tmc2209/tmc2209_lx200.py:146 _do_log_telemetry: DEC=+23*45:36 raw_steps=5940 phase=deceleration target_set=True enabled=True
2026-02-15 23:00:11 [  INFO] 150896.470 SkyWatcherLX200.telemetry  /Users/v-korovin/Projects/multi_mount/src/skywatcher/skywatcher_lx200.py:61 _do_log_telemetry: RA=12:00:00 running=True mode=0 direction=1 speed=0 goto_active=False
2026-02-15 23:00:11 [  INFO] 150977.871 TMC2209LX200.telemetry  /Users/v-korovin/Projects/multi_mount/src/tmc2209/tmc2209_lx200.py:146 _do_log_telemetry: DEC=+23*58:19 raw_steps=5993 phase=deceleration target_set=True enabled=True
2026-02-15 23:00:12 [  INFO] 152013.157 SkyWatcherLX200.telemetry  /Users/v-korovin/Projects/multi_mount/src/skywatcher/skywatcher_lx200.py:61 _do_log_telemetry: RA=12:00:00 running=True mode=0 direction=1 speed=0 goto_active=False
2026-02-15 23:00:12 [  INFO] 152126.579 TMC2209LX200.telemetry  /Users/v-korovin/Projects/multi_mount/src/tmc2209/tmc2209_lx200.py:146 _do_log_telemetry: DEC=+24*08:53 raw_steps=6037 phase=deceleration target_set=True enabled=True
2026-02-15 23:00:13 [  INFO] 153126.208 SkyWatcherLX200.telemetry  /Users/v-korovin/Projects/multi_mount/src/skywatcher/skywatcher_lx200.py:61 _do_log_telemetry: RA=12:00:00 running=True mode=0 direction=1 speed=0 goto_active=False
2026-02-15 23:00:13 [  INFO] 153239.004 TMC2209LX200.telemetry  /Users/v-korovin/Projects/multi_mount/src/tmc2209/tmc2209_lx200.py:146 _do_log_telemetry: DEC=+24*16:48 raw_steps=6070 phase=deceleration target_set=True enabled=True
2026-02-15 23:00:14 [  INFO] 154237.559 SkyWatcherLX200.telemetry  /Users/v-korovin/Projects/multi_mount/src/skywatcher/skywatcher_lx200.py:61 _do_log_telemetry: RA=12:00:00 running=True mode=0 direction=1 speed=0 goto_active=False
2026-02-15 23:00:15 [  INFO] 154370.469 TMC2209LX200.telemetry  /Users/v-korovin/Projects/multi_mount/src/tmc2209/tmc2209_lx200.py:146 _do_log_telemetry: DEC=+24*21:07 raw_steps=6088 phase=deceleration target_set=True enabled=True
2026-02-15 23:00:15 [  INFO] 155307.856 SkyWatcherLX200.telemetry  /Users/v-korovin/Projects/multi_mount/src/skywatcher/skywatcher_lx200.py:61 _do_log_telemetry: RA=12:00:00 running=True mode=0 direction=1 speed=0 goto_active=False
2026-02-15 23:00:16 [  INFO] 155469.565 tmc2209.adapter  /Users/v-korovin/Projects/multi_mount/src/tmc2209/tmc2209_adapter.py:206 status: Status changed: initialised True -> True enabled True -> True phase deceleration -> hold target_set True -> True
2026-02-15 23:00:16 [  INFO] 155476.034 TMC2209LX200.telemetry  /Users/v-korovin/Projects/multi_mount/src/tmc2209/tmc2209_lx200.py:146 _do_log_telemetry: DEC=+24*22:34 raw_steps=6094 phase=hold target_set=True enabled=True
2026-02-15 23:00:16 [WARNING] 155695.350 root  /Users/v-korovin/Projects/multi_mount/src/tests/test_splitter_hw.py:143 _wait_until: 
================ POLLING END ==================
RESULT: SUCCESS
ELAPSED: 7.19s
===============================================
2026-02-15 23:00:16 [  INFO] 155707.443 lx200  /Users/v-korovin/Projects/multi_mount/src/lx200/base.py:370 handle: Get command GD GET_TELESCOPE_DEC()
2026-02-15 23:00:16 [  INFO] 155782.539 lx200  /Users/v-korovin/Projects/multi_mount/src/lx200/base.py:379 handle: Answer command GD GET_TELESCOPE_DEC() -> +24*22:34
2026-02-15 23:00:17 [  INFO] 156428.411 SkyWatcherLX200.telemetry  /Users/v-korovin/Projects/multi_mount/src/skywatcher/skywatcher_lx200.py:61 _do_log_telemetry: RA=12:00:00 running=True mode=0 direction=1 speed=0 goto_active=False
2026-02-15 23:00:17 [  INFO] 156548.247 TMC2209LX200.telemetry  /Users/v-korovin/Projects/multi_mount/src/tmc2209/tmc2209_lx200.py:146 _do_log_telemetry: DEC=+24*22:34 raw_steps=6094 phase=hold target_set=True enabled=True
2026-02-15 23:00:17 [  INFO] 157296.974 lx200  /Users/v-korovin/Projects/multi_mount/src/lx200/base.py:370 handle: Get command GD GET_TELESCOPE_DEC()
2026-02-15 23:00:18 [  INFO] 157422.567 lx200  /Users/v-korovin/Projects/multi_mount/src/lx200/base.py:379 handle: Answer command GD GET_TELESCOPE_DEC() -> +24*22:34
2026-02-15 23:00:18 [  INFO] 157572.115 SkyWatcherLX200.telemetry  /Users/v-korovin/Projects/multi_mount/src/skywatcher/skywatcher_lx200.py:61 _do_log_telemetry: RA=12:00:00 running=True mode=0 direction=1 speed=0 goto_active=False
2026-02-15 23:00:18 [  INFO] 157592.947 TMC2209LX200.telemetry  /Users/v-korovin/Projects/multi_mount/src/tmc2209/tmc2209_lx200.py:146 _do_log_telemetry: DEC=+24*22:34 raw_steps=6094 phase=hold target_set=True enabled=True
2026-02-15 23:00:18 [  INFO] 157930.328 lx200  /Users/v-korovin/Projects/multi_mount/src/lx200/base.py:370 handle: Get command Sr SET_TELESCOPE_RA(12:00:00)
2026-02-15 23:00:18 [  INFO] 157955.386 lx200  /Users/v-korovin/Projects/multi_mount/src/lx200/base.py:379 handle: Answer command Sr SET_TELESCOPE_RA(12:00:00) -> True
2026-02-15 23:00:18 [  INFO] 157961.901 lx200  /Users/v-korovin/Projects/multi_mount/src/lx200/base.py:370 handle: Get command Sd SET_TELESCOPE_DEC(+35*00:00)
2026-02-15 23:00:18 [  INFO] 157973.537 lx200  /Users/v-korovin/Projects/multi_mount/src/lx200/base.py:379 handle: Answer command Sd SET_TELESCOPE_DEC(+35*00:00) -> True
2026-02-15 23:00:18 [  INFO] 157979.891 lx200  /Users/v-korovin/Projects/multi_mount/src/lx200/base.py:370 handle: Get command CM SYNC()
2026-02-15 23:00:18 [  INFO] 157986.241 SkyWatcherLX200  /Users/v-korovin/Projects/multi_mount/src/skywatcher/skywatcher_lx200.py:208 sync_telescope_ra: Sync RA to 12:00:00
2026-02-15 23:00:18 [  INFO] 158124.251 TMC2209LX200  /Users/v-korovin/Projects/multi_mount/src/tmc2209/tmc2209_lx200.py:174 sync_telescope_dec: Sync DEC to +35*00:00
2026-02-15 23:00:18 [  INFO] 158137.111 tmc2209.adapter  /Users/v-korovin/Projects/multi_mount/src/tmc2209/tmc2209_adapter.py:250 set_position: Set position request: position=8750
2026-02-15 23:00:18 [  INFO] 158180.597 tmc2209.adapter  /Users/v-korovin/Projects/multi_mount/src/tmc2209/tmc2209_adapter.py:253 set_position: Set position applied: position=8750
2026-02-15 23:00:18 [  INFO] 158187.052 TMC2209LX200  /Users/v-korovin/Projects/multi_mount/src/tmc2209/tmc2209_lx200.py:177 sync_telescope_dec: Sync DEC applied: steps=8750
2026-02-15 23:00:18 [  INFO] 158199.090 lx200  /Users/v-korovin/Projects/multi_mount/src/lx200/base.py:379 handle: Answer command CM SYNC() -> OK
2026-02-15 23:00:18 [  INFO] 158205.428 lx200  /Users/v-korovin/Projects/multi_mount/src/lx200/base.py:370 handle: Get command GR GET_TELECOPE_RA()
2026-02-15 23:00:18 [  INFO] 158205.535 lx200  /Users/v-korovin/Projects/multi_mount/src/lx200/base.py:379 handle: Answer command GR GET_TELECOPE_RA() -> 12:00:00
2026-02-15 23:00:18 [WARNING] 158205.695 root  /Users/v-korovin/Projects/multi_mount/src/tests/test_splitter_hw.py:131 _wait_until: 
================ POLLING START ================
TIMEOUT: 10.0s
CONDITION: RA did not reach target in time: current=12:00:00 target=12:00:00 distance=0.00s
===============================================
2026-02-15 23:00:18 [  INFO] 158205.763 lx200  /Users/v-korovin/Projects/multi_mount/src/lx200/base.py:370 handle: Get command GR GET_TELECOPE_RA()
2026-02-15 23:00:18 [  INFO] 158205.818 lx200  /Users/v-korovin/Projects/multi_mount/src/lx200/base.py:379 handle: Answer command GR GET_TELECOPE_RA() -> 12:00:00
2026-02-15 23:00:18 [WARNING] 158205.894 root  /Users/v-korovin/Projects/multi_mount/src/tests/test_splitter_hw.py:143 _wait_until: 
================ POLLING END ==================
RESULT: SUCCESS
ELAPSED: 0.00s
===============================================
2026-02-15 23:00:18 [  INFO] 158211.757 lx200  /Users/v-korovin/Projects/multi_mount/src/lx200/base.py:370 handle: Get command GD GET_TELESCOPE_DEC()
2026-02-15 23:00:18 [  INFO] 158280.732 lx200  /Users/v-korovin/Projects/multi_mount/src/lx200/base.py:379 handle: Answer command GD GET_TELESCOPE_DEC() -> +35*00:00
2026-02-15 23:00:18 [WARNING] 158280.848 root  /Users/v-korovin/Projects/multi_mount/src/tests/test_splitter_hw.py:131 _wait_until: 
================ POLLING START ================
TIMEOUT: 10.0s
CONDITION: DEC did not reach target in time: current=+35*00:00 target=+35*00:00 distance=0.000deg
===============================================
2026-02-15 23:00:18 [  INFO] 158293.498 lx200  /Users/v-korovin/Projects/multi_mount/src/lx200/base.py:370 handle: Get command GD GET_TELESCOPE_DEC()
2026-02-15 23:00:19 [  INFO] 158338.738 lx200  /Users/v-korovin/Projects/multi_mount/src/lx200/base.py:379 handle: Answer command GD GET_TELESCOPE_DEC() -> +35*00:00
2026-02-15 23:00:19 [WARNING] 158338.928 root  /Users/v-korovin/Projects/multi_mount/src/tests/test_splitter_hw.py:143 _wait_until: 
================ POLLING END ==================
RESULT: SUCCESS
ELAPSED: 0.05s
===============================================
2026-02-15 23:00:19 [  INFO] 158338.991 lx200  /Users/v-korovin/Projects/multi_mount/src/lx200/base.py:370 handle: Get command GR GET_TELECOPE_RA()
2026-02-15 23:00:19 [  INFO] 158339.039 lx200  /Users/v-korovin/Projects/multi_mount/src/lx200/base.py:379 handle: Answer command GR GET_TELECOPE_RA() -> 12:00:00
2026-02-15 23:00:19 [  INFO] 158339.084 lx200  /Users/v-korovin/Projects/multi_mount/src/lx200/base.py:370 handle: Get command GD GET_TELESCOPE_DEC()
2026-02-15 23:00:19 [  INFO] 158463.608 lx200  /Users/v-korovin/Projects/multi_mount/src/lx200/base.py:379 handle: Answer command GD GET_TELESCOPE_DEC() -> +35*00:00
2026-02-15 23:00:19 [WARNING] 158470.052 root  /Users/v-korovin/Projects/multi_mount/src/tests/test_splitter_hw.py:218 sync_known_position: 
================ SYNC END =====================
RA: 12:00:00
DEC: +35*00:00
===============================================
2026-02-15 23:00:19 [WARNING] 158476.418 root  /Users/v-korovin/Projects/multi_mount/src/tests/test_splitter_hw.py:885 test_hw_splitter_guiding_pulses_all_directions_vs_tracking: 
================ GUIDE BASELINE START =========
DURATION: 3.70s
===============================================
2026-02-15 23:00:19 [  INFO] 158699.023 TMC2209LX200.telemetry  /Users/v-korovin/Projects/multi_mount/src/tmc2209/tmc2209_lx200.py:146 _do_log_telemetry: DEC=+35*00:00 raw_steps=8750 phase=hold target_set=True enabled=True
2026-02-15 23:00:19 [  INFO] 158718.551 SkyWatcherLX200.telemetry  /Users/v-korovin/Projects/multi_mount/src/skywatcher/skywatcher_lx200.py:61 _do_log_telemetry: RA=12:00:00 running=True mode=0 direction=1 speed=0 goto_active=False
2026-02-15 23:00:20 [  INFO] 159775.400 TMC2209LX200.telemetry  /Users/v-korovin/Projects/multi_mount/src/tmc2209/tmc2209_lx200.py:146 _do_log_telemetry: DEC=+35*00:00 raw_steps=8750 phase=hold target_set=True enabled=True
2026-02-15 23:00:20 [  INFO] 159822.069 SkyWatcherLX200.telemetry  /Users/v-korovin/Projects/multi_mount/src/skywatcher/skywatcher_lx200.py:61 _do_log_telemetry: RA=12:00:00 running=True mode=0 direction=1 speed=0 goto_active=False
2026-02-15 23:00:21 [  INFO] 160849.190 TMC2209LX200.telemetry  /Users/v-korovin/Projects/multi_mount/src/tmc2209/tmc2209_lx200.py:146 _do_log_telemetry: DEC=+35*00:00 raw_steps=8750 phase=hold target_set=True enabled=True
2026-02-15 23:00:21 [  INFO] 160952.272 SkyWatcherLX200.telemetry  /Users/v-korovin/Projects/multi_mount/src/skywatcher/skywatcher_lx200.py:61 _do_log_telemetry: RA=12:00:00 running=True mode=0 direction=1 speed=0 goto_active=False
2026-02-15 23:00:22 [  INFO] 161913.041 TMC2209LX200.telemetry  /Users/v-korovin/Projects/multi_mount/src/tmc2209/tmc2209_lx200.py:146 _do_log_telemetry: DEC=+35*00:00 raw_steps=8750 phase=hold target_set=True enabled=True
2026-02-15 23:00:22 [  INFO] 162086.651 SkyWatcherLX200.telemetry  /Users/v-korovin/Projects/multi_mount/src/skywatcher/skywatcher_lx200.py:61 _do_log_telemetry: RA=12:00:00 running=True mode=0 direction=1 speed=0 goto_active=False
2026-02-15 23:00:23 [WARNING] 162361.448 root  /Users/v-korovin/Projects/multi_mount/src/tests/test_splitter_hw.py:902 test_hw_splitter_guiding_pulses_all_directions_vs_tracking: 
================ GUIDE BASELINE END ===========
BASELINE RAW RATE RA: 1.022s/s
BASELINE RAW RATE DEC: 0.000deg/s
===============================================
2026-02-15 23:00:23 [WARNING] 162367.911 root  /Users/v-korovin/Projects/multi_mount/src/tests/test_splitter_hw.py:201 sync_known_position: 
================ SYNC START ===================
TARGET RA: 12:00:00
TARGET DEC: +35*00:00
===============================================
2026-02-15 23:00:23 [  INFO] 162393.010 lx200  /Users/v-korovin/Projects/multi_mount/src/lx200/base.py:370 handle: Get command Q HALT_ALL()
2026-02-15 23:00:23 [  INFO] 162393.078 SkyWatcherLX200  /Users/v-korovin/Projects/multi_mount/src/skywatcher/skywatcher_lx200.py:217 halt_all: Halt all RA movements
2026-02-15 23:00:23 [  INFO] 162393.231 skywatcher  /Users/v-korovin/Projects/multi_mount/src/skywatcher/skywatcher.py:332 gracefully_stop_motor: Stop motor
2026-02-15 23:00:23 [  INFO] 162418.372 skywatcher  /Users/v-korovin/Projects/multi_mount/src/skywatcher/skywatcher.py:277 get_status: Mount status changed: raw 313131 -> 313130 running True -> False initialized True -> True slew_mode 0 -> 0 direction 1 -> 1 speed_mode 0 -> 0
2026-02-15 23:00:23 [  INFO] 162424.797 skywatcher  /Users/v-korovin/Projects/multi_mount/src/skywatcher/skywatcher.py:479 resume_tracking: Resume tracking with last rate=1.0
2026-02-15 23:00:23 [  INFO] 162424.862 skywatcher  /Users/v-korovin/Projects/multi_mount/src/skywatcher/skywatcher.py:467 start_tracking: Start tracking request: rate=1.0
2026-02-15 23:00:23 [  INFO] 162444.151 skywatcher  /Users/v-korovin/Projects/multi_mount/src/skywatcher/skywatcher.py:459 set_ra_rate: Set RA rate: 1.0 * 1 (highspeed=False) mode=0 // period=110359
2026-02-15 23:00:23 [  INFO] 162456.797 skywatcher  /Users/v-korovin/Projects/multi_mount/src/skywatcher/skywatcher.py:332 gracefully_stop_motor: Stop motor
2026-02-15 23:00:23 [  INFO] 162495.843 skywatcher  /Users/v-korovin/Projects/multi_mount/src/skywatcher/skywatcher.py:371 _set_motion: Set motion mode: SkyWatcherStatus(raw=3223856, running=False, initialized=True, slew_mode=<SlewMode.SLEW: 0>, direction=<Direction.FORWARD: 1>, speed_mode=<SpeedMode.LOWSPEED: 0>)
2026-02-15 23:00:23 [  INFO] 162538.773 skywatcher  /Users/v-korovin/Projects/multi_mount/src/skywatcher/skywatcher.py:384 _start_motor: Start motor
2026-02-15 23:00:23 [  INFO] 162570.006 skywatcher  /Users/v-korovin/Projects/multi_mount/src/skywatcher/skywatcher.py:475 start_tracking: Start tracking applied: rate=1.0
2026-02-15 23:00:23 [  INFO] 162576.437 SkyWatcherLX200  /Users/v-korovin/Projects/multi_mount/src/skywatcher/skywatcher_lx200.py:221 halt_all: Halt all RA movements done
2026-02-15 23:00:23 [  INFO] 162582.450 TMC2209LX200  /Users/v-korovin/Projects/multi_mount/src/tmc2209/tmc2209_lx200.py:181 halt_all: Halt all DEC movements
2026-02-15 23:00:23 [  INFO] 162588.847 tmc2209.adapter  /Users/v-korovin/Projects/multi_mount/src/tmc2209/tmc2209_adapter.py:308 halt: Halt request
2026-02-15 23:00:23 [  INFO] 162601.727 tmc2209.adapter  /Users/v-korovin/Projects/multi_mount/src/tmc2209/tmc2209_adapter.py:311 halt: Halt applied: stopping=True
2026-02-15 23:00:23 [  INFO] 162607.445 TMC2209LX200  /Users/v-korovin/Projects/multi_mount/src/tmc2209/tmc2209_lx200.py:183 halt_all: Halt all DEC movements done
2026-02-15 23:00:23 [WARNING] 162607.521 lx200  /Users/v-korovin/Projects/multi_mount/src/lx200/base.py:381 handle: Empty responce: Q HALT_ALL() -> ∅
2026-02-15 23:00:23 [  INFO] 162607.574 lx200  /Users/v-korovin/Projects/multi_mount/src/lx200/base.py:370 handle: Get command GR GET_TELECOPE_RA()
2026-02-15 23:00:23 [  INFO] 162607.664 lx200  /Users/v-korovin/Projects/multi_mount/src/lx200/base.py:379 handle: Answer command GR GET_TELECOPE_RA() -> 12:00:00
2026-02-15 23:00:23 [  INFO] 163003.495 TMC2209LX200.telemetry  /Users/v-korovin/Projects/multi_mount/src/tmc2209/tmc2209_lx200.py:146 _do_log_telemetry: DEC=+35*00:00 raw_steps=8750 phase=hold target_set=True enabled=True
2026-02-15 23:00:23 [  INFO] 163203.720 skywatcher  /Users/v-korovin/Projects/multi_mount/src/skywatcher/skywatcher.py:277 get_status: Mount status changed: raw 313130 -> 313131 running False -> True initialized True -> True slew_mode 0 -> 0 direction 1 -> 1 speed_mode 0 -> 0
2026-02-15 23:00:23 [  INFO] 163222.065 SkyWatcherLX200.telemetry  /Users/v-korovin/Projects/multi_mount/src/skywatcher/skywatcher_lx200.py:61 _do_log_telemetry: RA=12:00:00 running=True mode=0 direction=1 speed=0 goto_active=False
2026-02-15 23:00:24 [  INFO] 164097.513 TMC2209LX200.telemetry  /Users/v-korovin/Projects/multi_mount/src/tmc2209/tmc2209_lx200.py:146 _do_log_telemetry: DEC=+35*00:00 raw_steps=8750 phase=hold target_set=True enabled=True
2026-02-15 23:00:24 [  INFO] 164119.073 lx200  /Users/v-korovin/Projects/multi_mount/src/lx200/base.py:370 handle: Get command GR GET_TELECOPE_RA()
2026-02-15 23:00:24 [  INFO] 164125.447 lx200  /Users/v-korovin/Projects/multi_mount/src/lx200/base.py:379 handle: Answer command GR GET_TELECOPE_RA() -> 12:00:00
2026-02-15 23:00:24 [WARNING] 164176.072 root  /Users/v-korovin/Projects/multi_mount/src/tests/test_splitter_hw.py:131 _wait_until: 
================ POLLING START ================
TIMEOUT: 12.0s
CONDITION: DEC did not stop in time: phase=hold target_set=True speed=0.0
===============================================
2026-02-15 23:00:24 [WARNING] 164249.119 root  /Users/v-korovin/Projects/multi_mount/src/tests/test_splitter_hw.py:143 _wait_until: 
================ POLLING END ==================
RESULT: SUCCESS
ELAPSED: 0.07s
===============================================
2026-02-15 23:00:24 [  INFO] 164255.575 lx200  /Users/v-korovin/Projects/multi_mount/src/lx200/base.py:370 handle: Get command GD GET_TELESCOPE_DEC()
2026-02-15 23:00:25 [  INFO] 164349.123 SkyWatcherLX200.telemetry  /Users/v-korovin/Projects/multi_mount/src/skywatcher/skywatcher_lx200.py:61 _do_log_telemetry: RA=12:00:00 running=True mode=0 direction=1 speed=0 goto_active=False
2026-02-15 23:00:25 [  INFO] 164374.113 lx200  /Users/v-korovin/Projects/multi_mount/src/lx200/base.py:379 handle: Answer command GD GET_TELESCOPE_DEC() -> +35*00:00
2026-02-15 23:00:25 [  INFO] 165251.272 TMC2209LX200.telemetry  /Users/v-korovin/Projects/multi_mount/src/tmc2209/tmc2209_lx200.py:146 _do_log_telemetry: DEC=+35*00:00 raw_steps=8750 phase=hold target_set=True enabled=True
2026-02-15 23:00:26 [  INFO] 165506.910 SkyWatcherLX200.telemetry  /Users/v-korovin/Projects/multi_mount/src/skywatcher/skywatcher_lx200.py:61 _do_log_telemetry: RA=12:00:00 running=True mode=0 direction=1 speed=0 goto_active=False
2026-02-15 23:00:26 [  INFO] 165910.352 lx200  /Users/v-korovin/Projects/multi_mount/src/lx200/base.py:370 handle: Get command GD GET_TELESCOPE_DEC()
2026-02-15 23:00:26 [  INFO] 165967.746 lx200  /Users/v-korovin/Projects/multi_mount/src/lx200/base.py:379 handle: Answer command GD GET_TELESCOPE_DEC() -> +35*00:00
2026-02-15 23:00:26 [  INFO] 166305.523 TMC2209LX200.telemetry  /Users/v-korovin/Projects/multi_mount/src/tmc2209/tmc2209_lx200.py:146 _do_log_telemetry: DEC=+35*00:00 raw_steps=8750 phase=hold target_set=True enabled=True
2026-02-15 23:00:27 [  INFO] 166474.896 lx200  /Users/v-korovin/Projects/multi_mount/src/lx200/base.py:370 handle: Get command Sr SET_TELESCOPE_RA(12:00:00)
2026-02-15 23:00:27 [  INFO] 166487.705 lx200  /Users/v-korovin/Projects/multi_mount/src/lx200/base.py:379 handle: Answer command Sr SET_TELESCOPE_RA(12:00:00) -> True
2026-02-15 23:00:27 [  INFO] 166494.126 lx200  /Users/v-korovin/Projects/multi_mount/src/lx200/base.py:370 handle: Get command Sd SET_TELESCOPE_DEC(+35*00:00)
2026-02-15 23:00:27 [  INFO] 166506.866 lx200  /Users/v-korovin/Projects/multi_mount/src/lx200/base.py:379 handle: Answer command Sd SET_TELESCOPE_DEC(+35*00:00) -> True
2026-02-15 23:00:27 [  INFO] 166513.285 lx200  /Users/v-korovin/Projects/multi_mount/src/lx200/base.py:370 handle: Get command CM SYNC()
2026-02-15 23:00:27 [  INFO] 166531.629 SkyWatcherLX200  /Users/v-korovin/Projects/multi_mount/src/skywatcher/skywatcher_lx200.py:208 sync_telescope_ra: Sync RA to 12:00:00
2026-02-15 23:00:27 [  INFO] 166638.739 SkyWatcherLX200.telemetry  /Users/v-korovin/Projects/multi_mount/src/skywatcher/skywatcher_lx200.py:61 _do_log_telemetry: RA=12:00:00 running=True mode=0 direction=1 speed=0 goto_active=False
2026-02-15 23:00:27 [  INFO] 166681.214 TMC2209LX200  /Users/v-korovin/Projects/multi_mount/src/tmc2209/tmc2209_lx200.py:174 sync_telescope_dec: Sync DEC to +35*00:00
2026-02-15 23:00:27 [  INFO] 166681.408 tmc2209.adapter  /Users/v-korovin/Projects/multi_mount/src/tmc2209/tmc2209_adapter.py:250 set_position: Set position request: position=8750
2026-02-15 23:00:27 [  INFO] 166751.009 tmc2209.adapter  /Users/v-korovin/Projects/multi_mount/src/tmc2209/tmc2209_adapter.py:253 set_position: Set position applied: position=8750
2026-02-15 23:00:27 [  INFO] 166763.831 TMC2209LX200  /Users/v-korovin/Projects/multi_mount/src/tmc2209/tmc2209_lx200.py:177 sync_telescope_dec: Sync DEC applied: steps=8750
2026-02-15 23:00:27 [  INFO] 166763.909 lx200  /Users/v-korovin/Projects/multi_mount/src/lx200/base.py:379 handle: Answer command CM SYNC() -> OK
2026-02-15 23:00:27 [  INFO] 166763.974 lx200  /Users/v-korovin/Projects/multi_mount/src/lx200/base.py:370 handle: Get command GR GET_TELECOPE_RA()
2026-02-15 23:00:27 [  INFO] 166764.131 lx200  /Users/v-korovin/Projects/multi_mount/src/lx200/base.py:379 handle: Answer command GR GET_TELECOPE_RA() -> 12:00:00
2026-02-15 23:00:27 [WARNING] 166764.233 root  /Users/v-korovin/Projects/multi_mount/src/tests/test_splitter_hw.py:131 _wait_until: 
================ POLLING START ================
TIMEOUT: 10.0s
CONDITION: RA did not reach target in time: current=12:00:00 target=12:00:00 distance=0.00s
===============================================
2026-02-15 23:00:27 [  INFO] 166770.641 lx200  /Users/v-korovin/Projects/multi_mount/src/lx200/base.py:370 handle: Get command GR GET_TELECOPE_RA()
2026-02-15 23:00:27 [  INFO] 166782.416 lx200  /Users/v-korovin/Projects/multi_mount/src/lx200/base.py:379 handle: Answer command GR GET_TELECOPE_RA() -> 12:00:00
2026-02-15 23:00:27 [WARNING] 166788.878 root  /Users/v-korovin/Projects/multi_mount/src/tests/test_splitter_hw.py:143 _wait_until: 
================ POLLING END ==================
RESULT: SUCCESS
ELAPSED: 0.02s
===============================================
2026-02-15 23:00:27 [  INFO] 166801.601 lx200  /Users/v-korovin/Projects/multi_mount/src/lx200/base.py:370 handle: Get command GD GET_TELESCOPE_DEC()
2026-02-15 23:00:27 [  INFO] 166946.908 lx200  /Users/v-korovin/Projects/multi_mount/src/lx200/base.py:379 handle: Answer command GD GET_TELESCOPE_DEC() -> +35*00:00
2026-02-15 23:00:27 [WARNING] 166953.202 root  /Users/v-korovin/Projects/multi_mount/src/tests/test_splitter_hw.py:131 _wait_until: 
================ POLLING START ================
TIMEOUT: 10.0s
CONDITION: DEC did not reach target in time: current=+35*00:00 target=+35*00:00 distance=0.000deg
===============================================
2026-02-15 23:00:27 [  INFO] 166953.299 lx200  /Users/v-korovin/Projects/multi_mount/src/lx200/base.py:370 handle: Get command GD GET_TELESCOPE_DEC()
2026-02-15 23:00:27 [  INFO] 167040.887 lx200  /Users/v-korovin/Projects/multi_mount/src/lx200/base.py:379 handle: Answer command GD GET_TELESCOPE_DEC() -> +35*00:00
2026-02-15 23:00:27 [WARNING] 167047.465 root  /Users/v-korovin/Projects/multi_mount/src/tests/test_splitter_hw.py:143 _wait_until: 
================ POLLING END ==================
RESULT: SUCCESS
ELAPSED: 0.09s
===============================================
2026-02-15 23:00:27 [  INFO] 167065.488 lx200  /Users/v-korovin/Projects/multi_mount/src/lx200/base.py:370 handle: Get command GR GET_TELECOPE_RA()
2026-02-15 23:00:27 [  INFO] 167078.089 lx200  /Users/v-korovin/Projects/multi_mount/src/lx200/base.py:379 handle: Answer command GR GET_TELECOPE_RA() -> 12:00:00
2026-02-15 23:00:27 [  INFO] 167078.268 lx200  /Users/v-korovin/Projects/multi_mount/src/lx200/base.py:370 handle: Get command GD GET_TELESCOPE_DEC()
2026-02-15 23:00:27 [  INFO] 167178.953 lx200  /Users/v-korovin/Projects/multi_mount/src/lx200/base.py:379 handle: Answer command GD GET_TELESCOPE_DEC() -> +35*00:00
2026-02-15 23:00:27 [WARNING] 167185.488 root  /Users/v-korovin/Projects/multi_mount/src/tests/test_splitter_hw.py:218 sync_known_position: 
================ SYNC END =====================
RA: 12:00:00
DEC: +35*00:00
===============================================
2026-02-15 23:00:27 [  INFO] 167197.128 lx200  /Users/v-korovin/Projects/multi_mount/src/lx200/base.py:370 handle: Get command GR GET_TELECOPE_RA()
2026-02-15 23:00:27 [  INFO] 167203.602 lx200  /Users/v-korovin/Projects/multi_mount/src/lx200/base.py:379 handle: Answer command GR GET_TELECOPE_RA() -> 12:00:00
2026-02-15 23:00:27 [  INFO] 167210.096 lx200  /Users/v-korovin/Projects/multi_mount/src/lx200/base.py:370 handle: Get command GD GET_TELESCOPE_DEC()
2026-02-15 23:00:27 [  INFO] 167311.567 lx200  /Users/v-korovin/Projects/multi_mount/src/lx200/base.py:379 handle: Answer command GD GET_TELESCOPE_DEC() -> +35*00:00
2026-02-15 23:00:28 [  INFO] 167443.071 TMC2209LX200.telemetry  /Users/v-korovin/Projects/multi_mount/src/tmc2209/tmc2209_lx200.py:146 _do_log_telemetry: DEC=+35*00:00 raw_steps=8750 phase=hold target_set=True enabled=True
2026-02-15 23:00:28 [WARNING] 167606.815 root  /Users/v-korovin/Projects/multi_mount/src/tests/test_splitter_hw.py:919 test_hw_splitter_guiding_pulses_all_directions_vs_tracking: 
================ GUIDE START ==================
SEND GUIDE PULSE
===============================================
2026-02-15 23:00:28 [  INFO] 167613.313 lx200  /Users/v-korovin/Projects/multi_mount/src/lx200/base.py:370 handle: Get command Mg GUIDE(w2500)
2026-02-15 23:00:28 [WARNING] 167619.715 lx200  /Users/v-korovin/Projects/multi_mount/src/lx200/base.py:381 handle: Empty responce: Mg GUIDE(w2500) -> ∅
2026-02-15 23:00:28 [  INFO] 167622.821 skywatcher  /Users/v-korovin/Projects/multi_mount/src/skywatcher/skywatcher.py:459 set_ra_rate: Set RA rate: 0.5 * 1 (highspeed=False) mode=0 // period=220718
2026-02-15 23:00:28 [  INFO] 167622.896 skywatcher  /Users/v-korovin/Projects/multi_mount/src/skywatcher/skywatcher.py:332 gracefully_stop_motor: Stop motor
2026-02-15 23:00:28 [  INFO] 167625.512 skywatcher  /Users/v-korovin/Projects/multi_mount/src/skywatcher/skywatcher.py:277 get_status: Mount status changed: raw 313131 -> 313130 running True -> False initialized True -> True slew_mode 0 -> 0 direction 1 -> 1 speed_mode 0 -> 0
2026-02-15 23:00:28 [  INFO] 167625.593 skywatcher  /Users/v-korovin/Projects/multi_mount/src/skywatcher/skywatcher.py:371 _set_motion: Set motion mode: SkyWatcherStatus(raw=3223857, running=True, initialized=True, slew_mode=<SlewMode.SLEW: 0>, direction=<Direction.FORWARD: 1>, speed_mode=<SpeedMode.LOWSPEED: 0>)
2026-02-15 23:00:28 [  INFO] 167802.974 SkyWatcherLX200.telemetry  /Users/v-korovin/Projects/multi_mount/src/skywatcher/skywatcher_lx200.py:61 _do_log_telemetry: RA=12:00:00 running=False mode=0 direction=1 speed=0 goto_active=False
2026-02-15 23:00:29 [  INFO] 168473.537 TMC2209LX200.telemetry  /Users/v-korovin/Projects/multi_mount/src/tmc2209/tmc2209_lx200.py:146 _do_log_telemetry: DEC=+35*00:00 raw_steps=8750 phase=hold target_set=True enabled=True
2026-02-15 23:00:29 [  INFO] 168830.906 SkyWatcherLX200.telemetry  /Users/v-korovin/Projects/multi_mount/src/skywatcher/skywatcher_lx200.py:61 _do_log_telemetry: RA=12:00:01 running=False mode=0 direction=1 speed=0 goto_active=False
2026-02-15 23:00:30 [  INFO] 169492.837 TMC2209LX200.telemetry  /Users/v-korovin/Projects/multi_mount/src/tmc2209/tmc2209_lx200.py:146 _do_log_telemetry: DEC=+35*00:00 raw_steps=8750 phase=hold target_set=True enabled=True
2026-02-15 23:00:30 [  INFO] 169859.250 SkyWatcherLX200.telemetry  /Users/v-korovin/Projects/multi_mount/src/skywatcher/skywatcher_lx200.py:61 _do_log_telemetry: RA=12:00:02 running=False mode=0 direction=1 speed=0 goto_active=False
2026-02-15 23:00:30 [  INFO] 170133.470 skywatcher  /Users/v-korovin/Projects/multi_mount/src/skywatcher/skywatcher.py:459 set_ra_rate: Set RA rate: 1.0 * 1 (highspeed=False) mode=0 // period=110359
2026-02-15 23:00:30 [  INFO] 170133.762 skywatcher  /Users/v-korovin/Projects/multi_mount/src/skywatcher/skywatcher.py:332 gracefully_stop_motor: Stop motor
2026-02-15 23:00:30 [  INFO] 170138.309 skywatcher  /Users/v-korovin/Projects/multi_mount/src/skywatcher/skywatcher.py:371 _set_motion: Set motion mode: SkyWatcherStatus(raw=3223856, running=False, initialized=True, slew_mode=<SlewMode.SLEW: 0>, direction=<Direction.FORWARD: 1>, speed_mode=<SpeedMode.LOWSPEED: 0>)
2026-02-15 23:00:31 [  INFO] 170517.309 TMC2209LX200.telemetry  /Users/v-korovin/Projects/multi_mount/src/tmc2209/tmc2209_lx200.py:146 _do_log_telemetry: DEC=+35*00:00 raw_steps=8750 phase=hold target_set=True enabled=True
2026-02-15 23:00:31 [  INFO] 170885.529 SkyWatcherLX200.telemetry  /Users/v-korovin/Projects/multi_mount/src/skywatcher/skywatcher_lx200.py:61 _do_log_telemetry: RA=12:00:03 running=False mode=0 direction=1 speed=0 goto_active=False
2026-02-15 23:00:32 [  INFO] 171331.199 lx200  /Users/v-korovin/Projects/multi_mount/src/lx200/base.py:370 handle: Get command GR GET_TELECOPE_RA()
2026-02-15 23:00:32 [  INFO] 171337.774 lx200  /Users/v-korovin/Projects/multi_mount/src/lx200/base.py:379 handle: Answer command GR GET_TELECOPE_RA() -> 12:00:03
2026-02-15 23:00:32 [  INFO] 171343.148 lx200  /Users/v-korovin/Projects/multi_mount/src/lx200/base.py:370 handle: Get command GD GET_TELESCOPE_DEC()
2026-02-15 23:00:32 [  INFO] 171530.353 lx200  /Users/v-korovin/Projects/multi_mount/src/lx200/base.py:379 handle: Answer command GD GET_TELESCOPE_DEC() -> +35*00:00
2026-02-15 23:00:32 [  INFO] 171570.851 TMC2209LX200.telemetry  /Users/v-korovin/Projects/multi_mount/src/tmc2209/tmc2209_lx200.py:146 _do_log_telemetry: DEC=+35*00:00 raw_steps=8750 phase=hold target_set=True enabled=True
2026-02-15 23:00:32 [WARNING] 171634.486 root  /Users/v-korovin/Projects/multi_mount/src/tests/test_splitter_hw.py:933 test_hw_splitter_guiding_pulses_all_directions_vs_tracking: 
================ GUIDE RESULT =================
GUIDE RAW RATE RA: 0.075s/s
GUIDE RAW RATE DEC: 0.000deg/s
===============================================
2026-02-15 23:00:32 [WARNING] 171743.327 root  /Users/v-korovin/Projects/multi_mount/src/tests/test_splitter_hw.py:523 _ensure_halted: 
================ TEST CLEANUP START ===========
HALT AFTER TEST
===============================================
2026-02-15 23:00:32 [  INFO] 171755.594 lx200  /Users/v-korovin/Projects/multi_mount/src/lx200/base.py:370 handle: Get command Q HALT_ALL()
2026-02-15 23:00:32 [  INFO] 171761.244 SkyWatcherLX200  /Users/v-korovin/Projects/multi_mount/src/skywatcher/skywatcher_lx200.py:217 halt_all: Halt all RA movements
2026-02-15 23:00:32 [  INFO] 171761.329 skywatcher  /Users/v-korovin/Projects/multi_mount/src/skywatcher/skywatcher.py:332 gracefully_stop_motor: Stop motor
2026-02-15 23:00:32 [  INFO] 171830.280 skywatcher  /Users/v-korovin/Projects/multi_mount/src/skywatcher/skywatcher.py:479 resume_tracking: Resume tracking with last rate=1.0
2026-02-15 23:00:32 [  INFO] 171843.151 skywatcher  /Users/v-korovin/Projects/multi_mount/src/skywatcher/skywatcher.py:467 start_tracking: Start tracking request: rate=1.0
2026-02-15 23:00:32 [  INFO] 171887.979 skywatcher  /Users/v-korovin/Projects/multi_mount/src/skywatcher/skywatcher.py:459 set_ra_rate: Set RA rate: 1.0 * 1 (highspeed=False) mode=0 // period=110359
2026-02-15 23:00:32 [  INFO] 171900.238 skywatcher  /Users/v-korovin/Projects/multi_mount/src/skywatcher/skywatcher.py:332 gracefully_stop_motor: Stop motor
2026-02-15 23:00:32 [  INFO] 171938.812 skywatcher  /Users/v-korovin/Projects/multi_mount/src/skywatcher/skywatcher.py:371 _set_motion: Set motion mode: SkyWatcherStatus(raw=3223856, running=False, initialized=True, slew_mode=<SlewMode.SLEW: 0>, direction=<Direction.FORWARD: 1>, speed_mode=<SpeedMode.LOWSPEED: 0>)
2026-02-15 23:00:32 [  INFO] 171990.729 skywatcher  /Users/v-korovin/Projects/multi_mount/src/skywatcher/skywatcher.py:384 _start_motor: Start motor
2026-02-15 23:00:32 [  INFO] 172010.278 skywatcher  /Users/v-korovin/Projects/multi_mount/src/skywatcher/skywatcher.py:475 start_tracking: Start tracking applied: rate=1.0
2026-02-15 23:00:32 [  INFO] 172015.906 SkyWatcherLX200  /Users/v-korovin/Projects/multi_mount/src/skywatcher/skywatcher_lx200.py:221 halt_all: Halt all RA movements done
2026-02-15 23:00:32 [  INFO] 172016.018 TMC2209LX200  /Users/v-korovin/Projects/multi_mount/src/tmc2209/tmc2209_lx200.py:181 halt_all: Halt all DEC movements
2026-02-15 23:00:32 [  INFO] 172016.150 tmc2209.adapter  /Users/v-korovin/Projects/multi_mount/src/tmc2209/tmc2209_adapter.py:308 halt: Halt request
2026-02-15 23:00:32 [  INFO] 172084.064 skywatcher  /Users/v-korovin/Projects/multi_mount/src/skywatcher/skywatcher.py:277 get_status: Mount status changed: raw 313130 -> 313131 running False -> True initialized True -> True slew_mode 0 -> 0 direction 1 -> 1 speed_mode 0 -> 0
2026-02-15 23:00:32 [  INFO] 172089.808 SkyWatcherLX200.telemetry  /Users/v-korovin/Projects/multi_mount/src/skywatcher/skywatcher_lx200.py:61 _do_log_telemetry: RA=12:00:04 running=True mode=0 direction=1 speed=0 goto_active=False
2026-02-15 23:00:32 [  INFO] 172109.123 tmc2209.adapter  /Users/v-korovin/Projects/multi_mount/src/tmc2209/tmc2209_adapter.py:311 halt: Halt applied: stopping=True
2026-02-15 23:00:32 [  INFO] 172133.862 TMC2209LX200  /Users/v-korovin/Projects/multi_mount/src/tmc2209/tmc2209_lx200.py:183 halt_all: Halt all DEC movements done
2026-02-15 23:00:32 [WARNING] 172146.224 lx200  /Users/v-korovin/Projects/multi_mount/src/lx200/base.py:381 handle: Empty responce: Q HALT_ALL() -> ∅
2026-02-15 23:00:33 [WARNING] 172662.175 root  /Users/v-korovin/Projects/multi_mount/src/tests/test_splitter_hw.py:533 _ensure_halted: 
================ TEST CLEANUP END =============
HALT AFTER TEST DONE
===============================================
2026-02-15 23:00:33 [  INFO] 172693.100 TMC2209LX200.telemetry  /Users/v-korovin/Projects/multi_mount/src/tmc2209/tmc2209_lx200.py:146 _do_log_telemetry: DEC=+35*00:00 raw_steps=8750 phase=hold target_set=True enabled=True
2026-02-15 23:00:33 [WARNING] 172730.711 root  /Users/v-korovin/Projects/multi_mount/src/tests/test_splitter_hw.py:507 _ensure_halted: 
================ TEST PREP START ==============
ENSURE BOTH AXES HALTED
===============================================
2026-02-15 23:00:33 [  INFO] 172730.864 lx200  /Users/v-korovin/Projects/multi_mount/src/lx200/base.py:370 handle: Get command Q HALT_ALL()
2026-02-15 23:00:33 [  INFO] 172730.922 SkyWatcherLX200  /Users/v-korovin/Projects/multi_mount/src/skywatcher/skywatcher_lx200.py:217 halt_all: Halt all RA movements
2026-02-15 23:00:33 [  INFO] 172731.015 skywatcher  /Users/v-korovin/Projects/multi_mount/src/skywatcher/skywatcher.py:332 gracefully_stop_motor: Stop motor
2026-02-15 23:00:33 [  INFO] 172794.800 skywatcher  /Users/v-korovin/Projects/multi_mount/src/skywatcher/skywatcher.py:277 get_status: Mount status changed: raw 313131 -> 313130 running True -> False initialized True -> True slew_mode 0 -> 0 direction 1 -> 1 speed_mode 0 -> 0
2026-02-15 23:00:33 [  INFO] 172801.322 skywatcher  /Users/v-korovin/Projects/multi_mount/src/skywatcher/skywatcher.py:479 resume_tracking: Resume tracking with last rate=1.0
2026-02-15 23:00:33 [  INFO] 172825.749 skywatcher  /Users/v-korovin/Projects/multi_mount/src/skywatcher/skywatcher.py:467 start_tracking: Start tracking request: rate=1.0
2026-02-15 23:00:33 [  INFO] 172864.425 skywatcher  /Users/v-korovin/Projects/multi_mount/src/skywatcher/skywatcher.py:459 set_ra_rate: Set RA rate: 1.0 * 1 (highspeed=False) mode=0 // period=110359
2026-02-15 23:00:33 [  INFO] 172870.939 skywatcher  /Users/v-korovin/Projects/multi_mount/src/skywatcher/skywatcher.py:332 gracefully_stop_motor: Stop motor
2026-02-15 23:00:33 [  INFO] 172920.799 skywatcher  /Users/v-korovin/Projects/multi_mount/src/skywatcher/skywatcher.py:371 _set_motion: Set motion mode: SkyWatcherStatus(raw=3223856, running=False, initialized=True, slew_mode=<SlewMode.SLEW: 0>, direction=<Direction.FORWARD: 1>, speed_mode=<SpeedMode.LOWSPEED: 0>)
2026-02-15 23:00:33 [  INFO] 173033.228 skywatcher  /Users/v-korovin/Projects/multi_mount/src/skywatcher/skywatcher.py:384 _start_motor: Start motor
2026-02-15 23:00:33 [  INFO] 173064.947 skywatcher  /Users/v-korovin/Projects/multi_mount/src/skywatcher/skywatcher.py:475 start_tracking: Start tracking applied: rate=1.0
2026-02-15 23:00:33 [  INFO] 173065.189 SkyWatcherLX200  /Users/v-korovin/Projects/multi_mount/src/skywatcher/skywatcher_lx200.py:221 halt_all: Halt all RA movements done
2026-02-15 23:00:33 [  INFO] 173071.621 TMC2209LX200  /Users/v-korovin/Projects/multi_mount/src/tmc2209/tmc2209_lx200.py:181 halt_all: Halt all DEC movements
2026-02-15 23:00:33 [  INFO] 173078.122 tmc2209.adapter  /Users/v-korovin/Projects/multi_mount/src/tmc2209/tmc2209_adapter.py:308 halt: Halt request
2026-02-15 23:00:33 [  INFO] 173122.775 tmc2209.adapter  /Users/v-korovin/Projects/multi_mount/src/tmc2209/tmc2209_adapter.py:311 halt: Halt applied: stopping=True
2026-02-15 23:00:33 [  INFO] 173140.702 TMC2209LX200  /Users/v-korovin/Projects/multi_mount/src/tmc2209/tmc2209_lx200.py:183 halt_all: Halt all DEC movements done
2026-02-15 23:00:33 [WARNING] 173165.712 lx200  /Users/v-korovin/Projects/multi_mount/src/lx200/base.py:381 handle: Empty responce: Q HALT_ALL() -> ∅
2026-02-15 23:00:33 [  INFO] 173245.088 skywatcher  /Users/v-korovin/Projects/multi_mount/src/skywatcher/skywatcher.py:277 get_status: Mount status changed: raw 313130 -> 313131 running False -> True initialized True -> True slew_mode 0 -> 0 direction 1 -> 1 speed_mode 0 -> 0
2026-02-15 23:00:33 [  INFO] 173251.634 SkyWatcherLX200.telemetry  /Users/v-korovin/Projects/multi_mount/src/skywatcher/skywatcher_lx200.py:61 _do_log_telemetry: RA=12:00:04 running=True mode=0 direction=1 speed=0 goto_active=False
2026-02-15 23:00:34 [WARNING] 173694.977 root  /Users/v-korovin/Projects/multi_mount/src/tests/test_splitter_hw.py:517 _ensure_halted: 
================ TEST PREP END ================
AXES HALTED BEFORE TEST
===============================================
2026-02-15 23:00:34 [WARNING] 173744.021 root  /Users/v-korovin/Projects/multi_mount/src/tests/test_splitter_hw.py:869 test_hw_splitter_guiding_pulses_all_directions_vs_tracking: 
================ TEST START ===================
GUIDING PULSES VS TRACKING
DIRECTION: w
PULSE: 5000ms
AXIS: ra
===============================================
2026-02-15 23:00:34 [WARNING] 173756.939 root  /Users/v-korovin/Projects/multi_mount/src/tests/test_splitter_hw.py:201 sync_known_position: 
================ SYNC START ===================
TARGET RA: 12:00:00
TARGET DEC: +35*00:00
===============================================
2026-02-15 23:00:34 [  INFO] 173763.412 lx200  /Users/v-korovin/Projects/multi_mount/src/lx200/base.py:370 handle: Get command Q HALT_ALL()
2026-02-15 23:00:34 [  INFO] 173782.119 SkyWatcherLX200  /Users/v-korovin/Projects/multi_mount/src/skywatcher/skywatcher_lx200.py:217 halt_all: Halt all RA movements
2026-02-15 23:00:34 [  INFO] 173782.315 skywatcher  /Users/v-korovin/Projects/multi_mount/src/skywatcher/skywatcher.py:332 gracefully_stop_motor: Stop motor
2026-02-15 23:00:34 [  INFO] 173800.651 TMC2209LX200.telemetry  /Users/v-korovin/Projects/multi_mount/src/tmc2209/tmc2209_lx200.py:146 _do_log_telemetry: DEC=+35*00:00 raw_steps=8750 phase=hold target_set=True enabled=True
2026-02-15 23:00:34 [  INFO] 173850.052 skywatcher  /Users/v-korovin/Projects/multi_mount/src/skywatcher/skywatcher.py:277 get_status: Mount status changed: raw 313131 -> 313130 running True -> False initialized True -> True slew_mode 0 -> 0 direction 1 -> 1 speed_mode 0 -> 0
2026-02-15 23:00:34 [  INFO] 173862.750 skywatcher  /Users/v-korovin/Projects/multi_mount/src/skywatcher/skywatcher.py:479 resume_tracking: Resume tracking with last rate=1.0
2026-02-15 23:00:34 [  INFO] 173862.929 skywatcher  /Users/v-korovin/Projects/multi_mount/src/skywatcher/skywatcher.py:467 start_tracking: Start tracking request: rate=1.0
2026-02-15 23:00:34 [  INFO] 173920.006 skywatcher  /Users/v-korovin/Projects/multi_mount/src/skywatcher/skywatcher.py:459 set_ra_rate: Set RA rate: 1.0 * 1 (highspeed=False) mode=0 // period=110359
2026-02-15 23:00:34 [  INFO] 173925.913 skywatcher  /Users/v-korovin/Projects/multi_mount/src/skywatcher/skywatcher.py:332 gracefully_stop_motor: Stop motor
2026-02-15 23:00:34 [  INFO] 173981.949 skywatcher  /Users/v-korovin/Projects/multi_mount/src/skywatcher/skywatcher.py:371 _set_motion: Set motion mode: SkyWatcherStatus(raw=3223856, running=False, initialized=True, slew_mode=<SlewMode.SLEW: 0>, direction=<Direction.FORWARD: 1>, speed_mode=<SpeedMode.LOWSPEED: 0>)
2026-02-15 23:00:34 [  INFO] 174026.697 skywatcher  /Users/v-korovin/Projects/multi_mount/src/skywatcher/skywatcher.py:384 _start_motor: Start motor
2026-02-15 23:00:34 [  INFO] 174063.264 skywatcher  /Users/v-korovin/Projects/multi_mount/src/skywatcher/skywatcher.py:475 start_tracking: Start tracking applied: rate=1.0
2026-02-15 23:00:34 [  INFO] 174087.997 SkyWatcherLX200  /Users/v-korovin/Projects/multi_mount/src/skywatcher/skywatcher_lx200.py:221 halt_all: Halt all RA movements done
2026-02-15 23:00:34 [  INFO] 174094.001 TMC2209LX200  /Users/v-korovin/Projects/multi_mount/src/tmc2209/tmc2209_lx200.py:181 halt_all: Halt all DEC movements
2026-02-15 23:00:34 [  INFO] 174113.031 tmc2209.adapter  /Users/v-korovin/Projects/multi_mount/src/tmc2209/tmc2209_adapter.py:308 halt: Halt request
2026-02-15 23:00:34 [  INFO] 174131.624 tmc2209.adapter  /Users/v-korovin/Projects/multi_mount/src/tmc2209/tmc2209_adapter.py:311 halt: Halt applied: stopping=True
2026-02-15 23:00:34 [  INFO] 174137.921 TMC2209LX200  /Users/v-korovin/Projects/multi_mount/src/tmc2209/tmc2209_lx200.py:183 halt_all: Halt all DEC movements done
2026-02-15 23:00:34 [WARNING] 174138.001 lx200  /Users/v-korovin/Projects/multi_mount/src/lx200/base.py:381 handle: Empty responce: Q HALT_ALL() -> ∅
2026-02-15 23:00:34 [  INFO] 174143.945 lx200  /Users/v-korovin/Projects/multi_mount/src/lx200/base.py:370 handle: Get command GR GET_TELECOPE_RA()
2026-02-15 23:00:34 [  INFO] 174150.357 lx200  /Users/v-korovin/Projects/multi_mount/src/lx200/base.py:379 handle: Answer command GR GET_TELECOPE_RA() -> 12:00:05
2026-02-15 23:00:35 [  INFO] 174462.837 skywatcher  /Users/v-korovin/Projects/multi_mount/src/skywatcher/skywatcher.py:277 get_status: Mount status changed: raw 313130 -> 313131 running False -> True initialized True -> True slew_mode 0 -> 0 direction 1 -> 1 speed_mode 0 -> 0
2026-02-15 23:00:35 [  INFO] 174469.006 SkyWatcherLX200.telemetry  /Users/v-korovin/Projects/multi_mount/src/skywatcher/skywatcher_lx200.py:61 _do_log_telemetry: RA=12:00:05 running=True mode=0 direction=1 speed=0 goto_active=False
2026-02-15 23:00:35 [  INFO] 174907.050 TMC2209LX200.telemetry  /Users/v-korovin/Projects/multi_mount/src/tmc2209/tmc2209_lx200.py:146 _do_log_telemetry: DEC=+35*00:00 raw_steps=8750 phase=hold target_set=True enabled=True
2026-02-15 23:00:36 [  INFO] 175625.765 SkyWatcherLX200.telemetry  /Users/v-korovin/Projects/multi_mount/src/skywatcher/skywatcher_lx200.py:61 _do_log_telemetry: RA=12:00:05 running=True mode=0 direction=1 speed=0 goto_active=False
2026-02-15 23:00:36 [  INFO] 175660.576 lx200  /Users/v-korovin/Projects/multi_mount/src/lx200/base.py:370 handle: Get command GR GET_TELECOPE_RA()
2026-02-15 23:00:36 [  INFO] 175667.067 lx200  /Users/v-korovin/Projects/multi_mount/src/lx200/base.py:379 handle: Answer command GR GET_TELECOPE_RA() -> 12:00:05
2026-02-15 23:00:36 [WARNING] 175768.127 root  /Users/v-korovin/Projects/multi_mount/src/tests/test_splitter_hw.py:131 _wait_until: 
================ POLLING START ================
TIMEOUT: 12.0s
CONDITION: DEC did not stop in time: phase=hold target_set=True speed=0.0
===============================================
2026-02-15 23:00:36 [WARNING] 175892.693 root  /Users/v-korovin/Projects/multi_mount/src/tests/test_splitter_hw.py:143 _wait_until: 
================ POLLING END ==================
RESULT: SUCCESS
ELAPSED: 0.12s
===============================================
2026-02-15 23:00:36 [  INFO] 175898.130 lx200  /Users/v-korovin/Projects/multi_mount/src/lx200/base.py:370 handle: Get command GD GET_TELESCOPE_DEC()
2026-02-15 23:00:36 [  INFO] 176028.368 lx200  /Users/v-korovin/Projects/multi_mount/src/lx200/base.py:379 handle: Answer command GD GET_TELESCOPE_DEC() -> +35*00:00
2026-02-15 23:00:36 [  INFO] 176207.351 TMC2209LX200.telemetry  /Users/v-korovin/Projects/multi_mount/src/tmc2209/tmc2209_lx200.py:146 _do_log_telemetry: DEC=+35*00:00 raw_steps=8750 phase=hold target_set=True enabled=True
2026-02-15 23:00:37 [  INFO] 176787.996 SkyWatcherLX200.telemetry  /Users/v-korovin/Projects/multi_mount/src/skywatcher/skywatcher_lx200.py:61 _do_log_telemetry: RA=12:00:05 running=True mode=0 direction=1 speed=0 goto_active=False
2026-02-15 23:00:37 [  INFO] 177277.887 TMC2209LX200.telemetry  /Users/v-korovin/Projects/multi_mount/src/tmc2209/tmc2209_lx200.py:146 _do_log_telemetry: DEC=+35*00:00 raw_steps=8750 phase=hold target_set=True enabled=True
2026-02-15 23:00:38 [  INFO] 177538.590 lx200  /Users/v-korovin/Projects/multi_mount/src/lx200/base.py:370 handle: Get command GD GET_TELESCOPE_DEC()
2026-02-15 23:00:38 [  INFO] 177595.274 lx200  /Users/v-korovin/Projects/multi_mount/src/lx200/base.py:379 handle: Answer command GD GET_TELESCOPE_DEC() -> +35*00:00
2026-02-15 23:00:38 [  INFO] 177926.822 SkyWatcherLX200.telemetry  /Users/v-korovin/Projects/multi_mount/src/skywatcher/skywatcher_lx200.py:61 _do_log_telemetry: RA=12:00:05 running=True mode=0 direction=1 speed=0 goto_active=False
2026-02-15 23:00:38 [  INFO] 178113.133 lx200  /Users/v-korovin/Projects/multi_mount/src/lx200/base.py:370 handle: Get command Sr SET_TELESCOPE_RA(12:00:00)
2026-02-15 23:00:38 [  INFO] 178119.616 lx200  /Users/v-korovin/Projects/multi_mount/src/lx200/base.py:379 handle: Answer command Sr SET_TELESCOPE_RA(12:00:00) -> True
2026-02-15 23:00:38 [  INFO] 178126.077 lx200  /Users/v-korovin/Projects/multi_mount/src/lx200/base.py:370 handle: Get command Sd SET_TELESCOPE_DEC(+35*00:00)
2026-02-15 23:00:38 [  INFO] 178132.454 lx200  /Users/v-korovin/Projects/multi_mount/src/lx200/base.py:379 handle: Answer command Sd SET_TELESCOPE_DEC(+35*00:00) -> True
2026-02-15 23:00:38 [  INFO] 178138.856 lx200  /Users/v-korovin/Projects/multi_mount/src/lx200/base.py:370 handle: Get command CM SYNC()
2026-02-15 23:00:38 [  INFO] 178138.993 SkyWatcherLX200  /Users/v-korovin/Projects/multi_mount/src/skywatcher/skywatcher_lx200.py:208 sync_telescope_ra: Sync RA to 12:00:00
2026-02-15 23:00:38 [  INFO] 178203.782 TMC2209LX200  /Users/v-korovin/Projects/multi_mount/src/tmc2209/tmc2209_lx200.py:174 sync_telescope_dec: Sync DEC to +35*00:00
2026-02-15 23:00:38 [  INFO] 178222.726 tmc2209.adapter  /Users/v-korovin/Projects/multi_mount/src/tmc2209/tmc2209_adapter.py:250 set_position: Set position request: position=8750
2026-02-15 23:00:38 [  INFO] 178267.097 tmc2209.adapter  /Users/v-korovin/Projects/multi_mount/src/tmc2209/tmc2209_adapter.py:253 set_position: Set position applied: position=8750
2026-02-15 23:00:38 [  INFO] 178278.976 TMC2209LX200  /Users/v-korovin/Projects/multi_mount/src/tmc2209/tmc2209_lx200.py:177 sync_telescope_dec: Sync DEC applied: steps=8750
2026-02-15 23:00:38 [  INFO] 178291.658 lx200  /Users/v-korovin/Projects/multi_mount/src/lx200/base.py:379 handle: Answer command CM SYNC() -> OK
2026-02-15 23:00:38 [  INFO] 178304.216 lx200  /Users/v-korovin/Projects/multi_mount/src/lx200/base.py:370 handle: Get command GR GET_TELECOPE_RA()
2026-02-15 23:00:38 [  INFO] 178315.700 lx200  /Users/v-korovin/Projects/multi_mount/src/lx200/base.py:379 handle: Answer command GR GET_TELECOPE_RA() -> 12:00:00
2026-02-15 23:00:39 [WARNING] 178340.784 root  /Users/v-korovin/Projects/multi_mount/src/tests/test_splitter_hw.py:131 _wait_until: 
================ POLLING START ================
TIMEOUT: 10.0s
CONDITION: RA did not reach target in time: current=12:00:00 target=12:00:00 distance=0.00s
===============================================
2026-02-15 23:00:39 [  INFO] 178347.169 lx200  /Users/v-korovin/Projects/multi_mount/src/lx200/base.py:370 handle: Get command GR GET_TELECOPE_RA()
2026-02-15 23:00:39 [  INFO] 178353.656 lx200  /Users/v-korovin/Projects/multi_mount/src/lx200/base.py:379 handle: Answer command GR GET_TELECOPE_RA() -> 12:00:00
2026-02-15 23:00:39 [WARNING] 178365.745 root  /Users/v-korovin/Projects/multi_mount/src/tests/test_splitter_hw.py:143 _wait_until: 
================ POLLING END ==================
RESULT: SUCCESS
ELAPSED: 0.02s
===============================================
2026-02-15 23:00:39 [  INFO] 178365.903 lx200  /Users/v-korovin/Projects/multi_mount/src/lx200/base.py:370 handle: Get command GD GET_TELESCOPE_DEC()
2026-02-15 23:00:39 [  INFO] 178397.102 TMC2209LX200.telemetry  /Users/v-korovin/Projects/multi_mount/src/tmc2209/tmc2209_lx200.py:146 _do_log_telemetry: DEC=+35*00:00 raw_steps=8750 phase=hold target_set=True enabled=True
2026-02-15 23:00:39 [  INFO] 178435.633 lx200  /Users/v-korovin/Projects/multi_mount/src/lx200/base.py:379 handle: Answer command GD GET_TELESCOPE_DEC() -> +35*00:00
2026-02-15 23:00:39 [WARNING] 178442.149 root  /Users/v-korovin/Projects/multi_mount/src/tests/test_splitter_hw.py:131 _wait_until: 
================ POLLING START ================
TIMEOUT: 10.0s
CONDITION: DEC did not reach target in time: current=+35*00:00 target=+35*00:00 distance=0.000deg
===============================================
2026-02-15 23:00:39 [  INFO] 178448.157 lx200  /Users/v-korovin/Projects/multi_mount/src/lx200/base.py:370 handle: Get command GD GET_TELESCOPE_DEC()
2026-02-15 23:00:39 [  INFO] 178512.513 lx200  /Users/v-korovin/Projects/multi_mount/src/lx200/base.py:379 handle: Answer command GD GET_TELESCOPE_DEC() -> +35*00:00
2026-02-15 23:00:39 [WARNING] 178519.038 root  /Users/v-korovin/Projects/multi_mount/src/tests/test_splitter_hw.py:143 _wait_until: 
================ POLLING END ==================
RESULT: SUCCESS
ELAPSED: 0.07s
===============================================
2026-02-15 23:00:39 [  INFO] 178550.844 lx200  /Users/v-korovin/Projects/multi_mount/src/lx200/base.py:370 handle: Get command GR GET_TELECOPE_RA()
2026-02-15 23:00:39 [  INFO] 178562.764 lx200  /Users/v-korovin/Projects/multi_mount/src/lx200/base.py:379 handle: Answer command GR GET_TELECOPE_RA() -> 12:00:00
2026-02-15 23:00:39 [  INFO] 178575.533 lx200  /Users/v-korovin/Projects/multi_mount/src/lx200/base.py:370 handle: Get command GD GET_TELESCOPE_DEC()
2026-02-15 23:00:39 [  INFO] 178646.977 lx200  /Users/v-korovin/Projects/multi_mount/src/lx200/base.py:379 handle: Answer command GD GET_TELESCOPE_DEC() -> +35*00:00
2026-02-15 23:00:39 [WARNING] 178653.484 root  /Users/v-korovin/Projects/multi_mount/src/tests/test_splitter_hw.py:218 sync_known_position: 
================ SYNC END =====================
RA: 12:00:00
DEC: +35*00:00
===============================================
2026-02-15 23:00:39 [WARNING] 178660.068 root  /Users/v-korovin/Projects/multi_mount/src/tests/test_splitter_hw.py:885 test_hw_splitter_guiding_pulses_all_directions_vs_tracking: 
================ GUIDE BASELINE START =========
DURATION: 6.20s
===============================================
2026-02-15 23:00:39 [  INFO] 179095.081 SkyWatcherLX200.telemetry  /Users/v-korovin/Projects/multi_mount/src/skywatcher/skywatcher_lx200.py:61 _do_log_telemetry: RA=12:00:00 running=True mode=0 direction=1 speed=0 goto_active=False
2026-02-15 23:00:40 [  INFO] 179473.305 TMC2209LX200.telemetry  /Users/v-korovin/Projects/multi_mount/src/tmc2209/tmc2209_lx200.py:146 _do_log_telemetry: DEC=+35*00:00 raw_steps=8750 phase=hold target_set=True enabled=True
2026-02-15 23:00:40 [  INFO] 180194.936 SkyWatcherLX200.telemetry  /Users/v-korovin/Projects/multi_mount/src/skywatcher/skywatcher_lx200.py:61 _do_log_telemetry: RA=12:00:00 running=True mode=0 direction=1 speed=0 goto_active=False
2026-02-15 23:00:41 [  INFO] 180547.728 TMC2209LX200.telemetry  /Users/v-korovin/Projects/multi_mount/src/tmc2209/tmc2209_lx200.py:146 _do_log_telemetry: DEC=+35*00:00 raw_steps=8750 phase=hold target_set=True enabled=True
2026-02-15 23:00:42 [  INFO] 181345.703 SkyWatcherLX200.telemetry  /Users/v-korovin/Projects/multi_mount/src/skywatcher/skywatcher_lx200.py:61 _do_log_telemetry: RA=12:00:00 running=True mode=0 direction=1 speed=0 goto_active=False
2026-02-15 23:00:42 [  INFO] 181687.984 TMC2209LX200.telemetry  /Users/v-korovin/Projects/multi_mount/src/tmc2209/tmc2209_lx200.py:146 _do_log_telemetry: DEC=+35*00:00 raw_steps=8750 phase=hold target_set=True enabled=True
2026-02-15 23:00:43 [  INFO] 182487.950 SkyWatcherLX200.telemetry  /Users/v-korovin/Projects/multi_mount/src/skywatcher/skywatcher_lx200.py:61 _do_log_telemetry: RA=12:00:00 running=True mode=0 direction=1 speed=0 goto_active=False
2026-02-15 23:00:43 [  INFO] 182751.589 TMC2209LX200.telemetry  /Users/v-korovin/Projects/multi_mount/src/tmc2209/tmc2209_lx200.py:146 _do_log_telemetry: DEC=+35*00:00 raw_steps=8750 phase=hold target_set=True enabled=True
2026-02-15 23:00:44 [  INFO] 183630.238 SkyWatcherLX200.telemetry  /Users/v-korovin/Projects/multi_mount/src/skywatcher/skywatcher_lx200.py:61 _do_log_telemetry: RA=12:00:00 running=True mode=0 direction=1 speed=0 goto_active=False
2026-02-15 23:00:44 [  INFO] 183798.465 TMC2209LX200.telemetry  /Users/v-korovin/Projects/multi_mount/src/tmc2209/tmc2209_lx200.py:146 _do_log_telemetry: DEC=+35*00:00 raw_steps=8750 phase=hold target_set=True enabled=True
2026-02-15 23:00:45 [  INFO] 184811.522 SkyWatcherLX200.telemetry  /Users/v-korovin/Projects/multi_mount/src/skywatcher/skywatcher_lx200.py:61 _do_log_telemetry: RA=12:00:00 running=True mode=0 direction=1 speed=0 goto_active=False
2026-02-15 23:00:45 [  INFO] 184990.802 TMC2209LX200.telemetry  /Users/v-korovin/Projects/multi_mount/src/tmc2209/tmc2209_lx200.py:146 _do_log_telemetry: DEC=+35*00:00 raw_steps=8750 phase=hold target_set=True enabled=True
2026-02-15 23:00:45 [WARNING] 185070.552 root  /Users/v-korovin/Projects/multi_mount/src/tests/test_splitter_hw.py:902 test_hw_splitter_guiding_pulses_all_directions_vs_tracking: 
================ GUIDE BASELINE END ===========
BASELINE RAW RATE RA: 1.013s/s
BASELINE RAW RATE DEC: 0.000deg/s
===============================================
2026-02-15 23:00:45 [WARNING] 185076.925 root  /Users/v-korovin/Projects/multi_mount/src/tests/test_splitter_hw.py:201 sync_known_position: 
================ SYNC START ===================
TARGET RA: 12:00:00
TARGET DEC: +35*00:00
===============================================
2026-02-15 23:00:45 [  INFO] 185108.652 lx200  /Users/v-korovin/Projects/multi_mount/src/lx200/base.py:370 handle: Get command Q HALT_ALL()
2026-02-15 23:00:45 [  INFO] 185108.755 SkyWatcherLX200  /Users/v-korovin/Projects/multi_mount/src/skywatcher/skywatcher_lx200.py:217 halt_all: Halt all RA movements
2026-02-15 23:00:45 [  INFO] 185115.112 skywatcher  /Users/v-korovin/Projects/multi_mount/src/skywatcher/skywatcher.py:332 gracefully_stop_motor: Stop motor
2026-02-15 23:00:45 [  INFO] 185198.495 skywatcher  /Users/v-korovin/Projects/multi_mount/src/skywatcher/skywatcher.py:277 get_status: Mount status changed: raw 313131 -> 313130 running True -> False initialized True -> True slew_mode 0 -> 0 direction 1 -> 1 speed_mode 0 -> 0
2026-02-15 23:00:45 [  INFO] 185205.067 skywatcher  /Users/v-korovin/Projects/multi_mount/src/skywatcher/skywatcher.py:479 resume_tracking: Resume tracking with last rate=1.0
2026-02-15 23:00:45 [  INFO] 185211.514 skywatcher  /Users/v-korovin/Projects/multi_mount/src/skywatcher/skywatcher.py:467 start_tracking: Start tracking request: rate=1.0
2026-02-15 23:00:45 [  INFO] 185273.998 skywatcher  /Users/v-korovin/Projects/multi_mount/src/skywatcher/skywatcher.py:459 set_ra_rate: Set RA rate: 1.0 * 1 (highspeed=False) mode=0 // period=110359
2026-02-15 23:00:45 [  INFO] 185274.165 skywatcher  /Users/v-korovin/Projects/multi_mount/src/skywatcher/skywatcher.py:332 gracefully_stop_motor: Stop motor
2026-02-15 23:00:45 [  INFO] 185324.002 skywatcher  /Users/v-korovin/Projects/multi_mount/src/skywatcher/skywatcher.py:371 _set_motion: Set motion mode: SkyWatcherStatus(raw=3223856, running=False, initialized=True, slew_mode=<SlewMode.SLEW: 0>, direction=<Direction.FORWARD: 1>, speed_mode=<SpeedMode.LOWSPEED: 0>)
2026-02-15 23:00:46 [  INFO] 185436.038 skywatcher  /Users/v-korovin/Projects/multi_mount/src/skywatcher/skywatcher.py:384 _start_motor: Start motor
2026-02-15 23:00:46 [  INFO] 185505.737 skywatcher  /Users/v-korovin/Projects/multi_mount/src/skywatcher/skywatcher.py:475 start_tracking: Start tracking applied: rate=1.0
2026-02-15 23:00:46 [  INFO] 185512.219 SkyWatcherLX200  /Users/v-korovin/Projects/multi_mount/src/skywatcher/skywatcher_lx200.py:221 halt_all: Halt all RA movements done
2026-02-15 23:00:46 [  INFO] 185518.451 TMC2209LX200  /Users/v-korovin/Projects/multi_mount/src/tmc2209/tmc2209_lx200.py:181 halt_all: Halt all DEC movements
2026-02-15 23:00:46 [  INFO] 185531.242 tmc2209.adapter  /Users/v-korovin/Projects/multi_mount/src/tmc2209/tmc2209_adapter.py:308 halt: Halt request
2026-02-15 23:00:46 [  INFO] 185573.125 tmc2209.adapter  /Users/v-korovin/Projects/multi_mount/src/tmc2209/tmc2209_adapter.py:311 halt: Halt applied: stopping=True
2026-02-15 23:00:46 [  INFO] 185579.637 TMC2209LX200  /Users/v-korovin/Projects/multi_mount/src/tmc2209/tmc2209_lx200.py:183 halt_all: Halt all DEC movements done
2026-02-15 23:00:46 [WARNING] 185598.100 lx200  /Users/v-korovin/Projects/multi_mount/src/lx200/base.py:381 handle: Empty responce: Q HALT_ALL() -> ∅
2026-02-15 23:00:46 [  INFO] 185603.948 lx200  /Users/v-korovin/Projects/multi_mount/src/lx200/base.py:370 handle: Get command GR GET_TELECOPE_RA()
2026-02-15 23:00:46 [  INFO] 185616.619 lx200  /Users/v-korovin/Projects/multi_mount/src/lx200/base.py:379 handle: Answer command GR GET_TELECOPE_RA() -> 12:00:00
2026-02-15 23:00:46 [  INFO] 186018.561 skywatcher  /Users/v-korovin/Projects/multi_mount/src/skywatcher/skywatcher.py:277 get_status: Mount status changed: raw 313130 -> 313131 running False -> True initialized True -> True slew_mode 0 -> 0 direction 1 -> 1 speed_mode 0 -> 0
2026-02-15 23:00:46 [  INFO] 186031.420 SkyWatcherLX200.telemetry  /Users/v-korovin/Projects/multi_mount/src/skywatcher/skywatcher_lx200.py:61 _do_log_telemetry: RA=12:00:00 running=True mode=0 direction=1 speed=0 goto_active=False
2026-02-15 23:00:46 [  INFO] 186092.141 TMC2209LX200.telemetry  /Users/v-korovin/Projects/multi_mount/src/tmc2209/tmc2209_lx200.py:146 _do_log_telemetry: DEC=+35*00:00 raw_steps=8750 phase=hold target_set=True enabled=True
2026-02-15 23:00:47 [  INFO] 187124.000 lx200  /Users/v-korovin/Projects/multi_mount/src/lx200/base.py:370 handle: Get command GR GET_TELECOPE_RA()
2026-02-15 23:00:47 [  INFO] 187130.539 lx200  /Users/v-korovin/Projects/multi_mount/src/lx200/base.py:379 handle: Answer command GR GET_TELECOPE_RA() -> 12:00:00
2026-02-15 23:00:47 [  INFO] 187200.640 SkyWatcherLX200.telemetry  /Users/v-korovin/Projects/multi_mount/src/skywatcher/skywatcher_lx200.py:61 _do_log_telemetry: RA=12:00:00 running=True mode=0 direction=1 speed=0 goto_active=False
2026-02-15 23:00:47 [  INFO] 187213.742 TMC2209LX200.telemetry  /Users/v-korovin/Projects/multi_mount/src/tmc2209/tmc2209_lx200.py:146 _do_log_telemetry: DEC=+35*00:00 raw_steps=8750 phase=hold target_set=True enabled=True
2026-02-15 23:00:47 [WARNING] 187282.377 root  /Users/v-korovin/Projects/multi_mount/src/tests/test_splitter_hw.py:131 _wait_until: 
================ POLLING START ================
TIMEOUT: 12.0s
CONDITION: DEC did not stop in time: phase=hold target_set=True speed=0.0
===============================================
2026-02-15 23:00:48 [WARNING] 187351.828 root  /Users/v-korovin/Projects/multi_mount/src/tests/test_splitter_hw.py:143 _wait_until: 
================ POLLING END ==================
RESULT: SUCCESS
ELAPSED: 0.06s
===============================================
2026-02-15 23:00:48 [  INFO] 187358.325 lx200  /Users/v-korovin/Projects/multi_mount/src/lx200/base.py:370 handle: Get command GD GET_TELESCOPE_DEC()
2026-02-15 23:00:48 [  INFO] 187445.009 lx200  /Users/v-korovin/Projects/multi_mount/src/lx200/base.py:379 handle: Answer command GD GET_TELESCOPE_DEC() -> +35*00:00
2026-02-15 23:00:49 [  INFO] 188342.978 TMC2209LX200.telemetry  /Users/v-korovin/Projects/multi_mount/src/tmc2209/tmc2209_lx200.py:146 _do_log_telemetry: DEC=+35*00:00 raw_steps=8750 phase=hold target_set=True enabled=True
2026-02-15 23:00:49 [  INFO] 188362.080 SkyWatcherLX200.telemetry  /Users/v-korovin/Projects/multi_mount/src/skywatcher/skywatcher_lx200.py:61 _do_log_telemetry: RA=12:00:00 running=True mode=0 direction=1 speed=0 goto_active=False
2026-02-15 23:00:49 [  INFO] 188948.991 lx200  /Users/v-korovin/Projects/multi_mount/src/lx200/base.py:370 handle: Get command GD GET_TELESCOPE_DEC()
2026-02-15 23:00:49 [  INFO] 189024.186 lx200  /Users/v-korovin/Projects/multi_mount/src/lx200/base.py:379 handle: Answer command GD GET_TELESCOPE_DEC() -> +35*00:00
2026-02-15 23:00:50 [  INFO] 189447.085 TMC2209LX200.telemetry  /Users/v-korovin/Projects/multi_mount/src/tmc2209/tmc2209_lx200.py:146 _do_log_telemetry: DEC=+35*00:00 raw_steps=8750 phase=hold target_set=True enabled=True
2026-02-15 23:00:50 [  INFO] 189485.224 SkyWatcherLX200.telemetry  /Users/v-korovin/Projects/multi_mount/src/skywatcher/skywatcher_lx200.py:61 _do_log_telemetry: RA=12:00:00 running=True mode=0 direction=1 speed=0 goto_active=False
2026-02-15 23:00:50 [  INFO] 189539.166 lx200  /Users/v-korovin/Projects/multi_mount/src/lx200/base.py:370 handle: Get command Sr SET_TELESCOPE_RA(12:00:00)
2026-02-15 23:00:50 [  INFO] 189539.378 lx200  /Users/v-korovin/Projects/multi_mount/src/lx200/base.py:379 handle: Answer command Sr SET_TELESCOPE_RA(12:00:00) -> True
2026-02-15 23:00:50 [  INFO] 189552.055 lx200  /Users/v-korovin/Projects/multi_mount/src/lx200/base.py:370 handle: Get command Sd SET_TELESCOPE_DEC(+35*00:00)
2026-02-15 23:00:50 [  INFO] 189577.118 lx200  /Users/v-korovin/Projects/multi_mount/src/lx200/base.py:379 handle: Answer command Sd SET_TELESCOPE_DEC(+35*00:00) -> True
2026-02-15 23:00:50 [  INFO] 189583.100 lx200  /Users/v-korovin/Projects/multi_mount/src/lx200/base.py:370 handle: Get command CM SYNC()
2026-02-15 23:00:50 [  INFO] 189589.503 SkyWatcherLX200  /Users/v-korovin/Projects/multi_mount/src/skywatcher/skywatcher_lx200.py:208 sync_telescope_ra: Sync RA to 12:00:00
2026-02-15 23:00:50 [  INFO] 189776.326 TMC2209LX200  /Users/v-korovin/Projects/multi_mount/src/tmc2209/tmc2209_lx200.py:174 sync_telescope_dec: Sync DEC to +35*00:00
2026-02-15 23:00:50 [  INFO] 189788.686 tmc2209.adapter  /Users/v-korovin/Projects/multi_mount/src/tmc2209/tmc2209_adapter.py:250 set_position: Set position request: position=8750
2026-02-15 23:00:50 [  INFO] 189843.509 tmc2209.adapter  /Users/v-korovin/Projects/multi_mount/src/tmc2209/tmc2209_adapter.py:253 set_position: Set position applied: position=8750
2026-02-15 23:00:50 [  INFO] 189856.361 TMC2209LX200  /Users/v-korovin/Projects/multi_mount/src/tmc2209/tmc2209_lx200.py:177 sync_telescope_dec: Sync DEC applied: steps=8750
2026-02-15 23:00:50 [  INFO] 189869.152 lx200  /Users/v-korovin/Projects/multi_mount/src/lx200/base.py:379 handle: Answer command CM SYNC() -> OK
2026-02-15 23:00:50 [  INFO] 189887.820 lx200  /Users/v-korovin/Projects/multi_mount/src/lx200/base.py:370 handle: Get command GR GET_TELECOPE_RA()
2026-02-15 23:00:50 [  INFO] 189900.655 lx200  /Users/v-korovin/Projects/multi_mount/src/lx200/base.py:379 handle: Answer command GR GET_TELECOPE_RA() -> 12:00:00
2026-02-15 23:00:50 [WARNING] 189913.482 root  /Users/v-korovin/Projects/multi_mount/src/tests/test_splitter_hw.py:131 _wait_until: 
================ POLLING START ================
TIMEOUT: 10.0s
CONDITION: RA did not reach target in time: current=12:00:00 target=12:00:00 distance=0.00s
===============================================
2026-02-15 23:00:50 [  INFO] 189926.256 lx200  /Users/v-korovin/Projects/multi_mount/src/lx200/base.py:370 handle: Get command GR GET_TELECOPE_RA()
2026-02-15 23:00:50 [  INFO] 189932.313 lx200  /Users/v-korovin/Projects/multi_mount/src/lx200/base.py:379 handle: Answer command GR GET_TELECOPE_RA() -> 12:00:00
2026-02-15 23:00:50 [WARNING] 189932.394 root  /Users/v-korovin/Projects/multi_mount/src/tests/test_splitter_hw.py:143 _wait_until: 
================ POLLING END ==================
RESULT: SUCCESS
ELAPSED: 0.01s
===============================================
2026-02-15 23:00:50 [  INFO] 189938.775 lx200  /Users/v-korovin/Projects/multi_mount/src/lx200/base.py:370 handle: Get command GD GET_TELESCOPE_DEC()
2026-02-15 23:00:50 [  INFO] 190023.468 lx200  /Users/v-korovin/Projects/multi_mount/src/lx200/base.py:379 handle: Answer command GD GET_TELESCOPE_DEC() -> +35*00:00
2026-02-15 23:00:50 [WARNING] 190029.972 root  /Users/v-korovin/Projects/multi_mount/src/tests/test_splitter_hw.py:131 _wait_until: 
================ POLLING START ================
TIMEOUT: 10.0s
CONDITION: DEC did not reach target in time: current=+35*00:00 target=+35*00:00 distance=0.000deg
===============================================
2026-02-15 23:00:50 [  INFO] 190042.786 lx200  /Users/v-korovin/Projects/multi_mount/src/lx200/base.py:370 handle: Get command GD GET_TELESCOPE_DEC()
2026-02-15 23:00:50 [  INFO] 190121.015 lx200  /Users/v-korovin/Projects/multi_mount/src/lx200/base.py:379 handle: Answer command GD GET_TELESCOPE_DEC() -> +35*00:00
2026-02-15 23:00:50 [WARNING] 190127.230 root  /Users/v-korovin/Projects/multi_mount/src/tests/test_splitter_hw.py:143 _wait_until: 
================ POLLING END ==================
RESULT: SUCCESS
ELAPSED: 0.08s
===============================================
2026-02-15 23:00:50 [  INFO] 190127.385 lx200  /Users/v-korovin/Projects/multi_mount/src/lx200/base.py:370 handle: Get command GR GET_TELECOPE_RA()
2026-02-15 23:00:50 [  INFO] 190127.437 lx200  /Users/v-korovin/Projects/multi_mount/src/lx200/base.py:379 handle: Answer command GR GET_TELECOPE_RA() -> 12:00:00
2026-02-15 23:00:50 [  INFO] 190133.838 lx200  /Users/v-korovin/Projects/multi_mount/src/lx200/base.py:370 handle: Get command GD GET_TELESCOPE_DEC()
2026-02-15 23:00:50 [  INFO] 190216.393 lx200  /Users/v-korovin/Projects/multi_mount/src/lx200/base.py:379 handle: Answer command GD GET_TELESCOPE_DEC() -> +35*00:00
2026-02-15 23:00:50 [WARNING] 190222.867 root  /Users/v-korovin/Projects/multi_mount/src/tests/test_splitter_hw.py:218 sync_known_position: 
================ SYNC END =====================
RA: 12:00:00
DEC: +35*00:00
===============================================
2026-02-15 23:00:50 [  INFO] 190229.349 lx200  /Users/v-korovin/Projects/multi_mount/src/lx200/base.py:370 handle: Get command GR GET_TELECOPE_RA()
2026-02-15 23:00:50 [  INFO] 190242.135 lx200  /Users/v-korovin/Projects/multi_mount/src/lx200/base.py:379 handle: Answer command GR GET_TELECOPE_RA() -> 12:00:00
2026-02-15 23:00:50 [  INFO] 190248.597 lx200  /Users/v-korovin/Projects/multi_mount/src/lx200/base.py:370 handle: Get command GD GET_TELESCOPE_DEC()
2026-02-15 23:00:50 [  INFO] 190324.001 lx200  /Users/v-korovin/Projects/multi_mount/src/lx200/base.py:379 handle: Answer command GD GET_TELESCOPE_DEC() -> +35*00:00
2026-02-15 23:00:51 [WARNING] 190486.457 root  /Users/v-korovin/Projects/multi_mount/src/tests/test_splitter_hw.py:919 test_hw_splitter_guiding_pulses_all_directions_vs_tracking: 
================ GUIDE START ==================
SEND GUIDE PULSE
===============================================
2026-02-15 23:00:51 [  INFO] 190511.765 lx200  /Users/v-korovin/Projects/multi_mount/src/lx200/base.py:370 handle: Get command Mg GUIDE(w5000)
2026-02-15 23:00:51 [WARNING] 190511.954 lx200  /Users/v-korovin/Projects/multi_mount/src/lx200/base.py:381 handle: Empty responce: Mg GUIDE(w5000) -> ∅
2026-02-15 23:00:51 [  INFO] 190513.977 skywatcher  /Users/v-korovin/Projects/multi_mount/src/skywatcher/skywatcher.py:459 set_ra_rate: Set RA rate: 0.5 * 1 (highspeed=False) mode=0 // period=220718
2026-02-15 23:00:51 [  INFO] 190514.082 skywatcher  /Users/v-korovin/Projects/multi_mount/src/skywatcher/skywatcher.py:332 gracefully_stop_motor: Stop motor
2026-02-15 23:00:51 [  INFO] 190517.571 skywatcher  /Users/v-korovin/Projects/multi_mount/src/skywatcher/skywatcher.py:277 get_status: Mount status changed: raw 313131 -> 313130 running True -> False initialized True -> True slew_mode 0 -> 0 direction 1 -> 1 speed_mode 0 -> 0
2026-02-15 23:00:51 [  INFO] 190517.703 skywatcher  /Users/v-korovin/Projects/multi_mount/src/skywatcher/skywatcher.py:371 _set_motion: Set motion mode: SkyWatcherStatus(raw=3223857, running=True, initialized=True, slew_mode=<SlewMode.SLEW: 0>, direction=<Direction.FORWARD: 1>, speed_mode=<SpeedMode.LOWSPEED: 0>)
2026-02-15 23:00:51 [  INFO] 190517.967 TMC2209LX200.telemetry  /Users/v-korovin/Projects/multi_mount/src/tmc2209/tmc2209_lx200.py:146 _do_log_telemetry: DEC=+35*00:00 raw_steps=8750 phase=hold target_set=True enabled=True
2026-02-15 23:00:51 [  INFO] 190614.082 SkyWatcherLX200.telemetry  /Users/v-korovin/Projects/multi_mount/src/skywatcher/skywatcher_lx200.py:61 _do_log_telemetry: RA=12:00:00 running=False mode=0 direction=1 speed=0 goto_active=False
2026-02-15 23:00:52 [  INFO] 191542.881 TMC2209LX200.telemetry  /Users/v-korovin/Projects/multi_mount/src/tmc2209/tmc2209_lx200.py:146 _do_log_telemetry: DEC=+35*00:00 raw_steps=8750 phase=hold target_set=True enabled=True
2026-02-15 23:00:52 [  INFO] 191640.941 SkyWatcherLX200.telemetry  /Users/v-korovin/Projects/multi_mount/src/skywatcher/skywatcher_lx200.py:61 _do_log_telemetry: RA=12:00:01 running=False mode=0 direction=1 speed=0 goto_active=False
2026-02-15 23:00:53 [  INFO] 192567.677 TMC2209LX200.telemetry  /Users/v-korovin/Projects/multi_mount/src/tmc2209/tmc2209_lx200.py:146 _do_log_telemetry: DEC=+35*00:00 raw_steps=8750 phase=hold target_set=True enabled=True
2026-02-15 23:00:53 [  INFO] 192670.472 SkyWatcherLX200.telemetry  /Users/v-korovin/Projects/multi_mount/src/skywatcher/skywatcher_lx200.py:61 _do_log_telemetry: RA=12:00:02 running=False mode=0 direction=1 speed=0 goto_active=False
2026-02-15 23:00:54 [  INFO] 193592.935 TMC2209LX200.telemetry  /Users/v-korovin/Projects/multi_mount/src/tmc2209/tmc2209_lx200.py:146 _do_log_telemetry: DEC=+35*00:00 raw_steps=8750 phase=hold target_set=True enabled=True
2026-02-15 23:00:54 [  INFO] 193706.994 SkyWatcherLX200.telemetry  /Users/v-korovin/Projects/multi_mount/src/skywatcher/skywatcher_lx200.py:61 _do_log_telemetry: RA=12:00:03 running=False mode=0 direction=1 speed=0 goto_active=False
2026-02-15 23:00:55 [  INFO] 194618.014 TMC2209LX200.telemetry  /Users/v-korovin/Projects/multi_mount/src/tmc2209/tmc2209_lx200.py:146 _do_log_telemetry: DEC=+35*00:00 raw_steps=8750 phase=hold target_set=True enabled=True
2026-02-15 23:00:55 [  INFO] 194737.615 SkyWatcherLX200.telemetry  /Users/v-korovin/Projects/multi_mount/src/skywatcher/skywatcher_lx200.py:61 _do_log_telemetry: RA=12:00:04 running=False mode=0 direction=1 speed=0 goto_active=False
2026-02-15 23:00:56 [  INFO] 195526.193 skywatcher  /Users/v-korovin/Projects/multi_mount/src/skywatcher/skywatcher.py:459 set_ra_rate: Set RA rate: 1.0 * 1 (highspeed=False) mode=0 // period=110359
2026-02-15 23:00:56 [  INFO] 195526.634 skywatcher  /Users/v-korovin/Projects/multi_mount/src/skywatcher/skywatcher.py:332 gracefully_stop_motor: Stop motor
2026-02-15 23:00:56 [  INFO] 195530.785 skywatcher  /Users/v-korovin/Projects/multi_mount/src/skywatcher/skywatcher.py:371 _set_motion: Set motion mode: SkyWatcherStatus(raw=3223856, running=False, initialized=True, slew_mode=<SlewMode.SLEW: 0>, direction=<Direction.FORWARD: 1>, speed_mode=<SpeedMode.LOWSPEED: 0>)
2026-02-15 23:00:56 [  INFO] 195643.024 TMC2209LX200.telemetry  /Users/v-korovin/Projects/multi_mount/src/tmc2209/tmc2209_lx200.py:146 _do_log_telemetry: DEC=+35*00:00 raw_steps=8750 phase=hold target_set=True enabled=True
2026-02-15 23:00:56 [  INFO] 195766.705 SkyWatcherLX200.telemetry  /Users/v-korovin/Projects/multi_mount/src/skywatcher/skywatcher_lx200.py:61 _do_log_telemetry: RA=12:00:05 running=False mode=0 direction=1 speed=0 goto_active=False
2026-02-15 23:00:57 [  INFO] 196713.480 TMC2209LX200.telemetry  /Users/v-korovin/Projects/multi_mount/src/tmc2209/tmc2209_lx200.py:146 _do_log_telemetry: DEC=+35*00:00 raw_steps=8750 phase=hold target_set=True enabled=True
2026-02-15 23:00:57 [  INFO] 196719.949 lx200  /Users/v-korovin/Projects/multi_mount/src/lx200/base.py:370 handle: Get command GR GET_TELECOPE_RA()
2026-02-15 23:00:57 [  INFO] 196744.912 lx200  /Users/v-korovin/Projects/multi_mount/src/lx200/base.py:379 handle: Answer command GR GET_TELECOPE_RA() -> 12:00:06
2026-02-15 23:00:57 [  INFO] 196751.413 lx200  /Users/v-korovin/Projects/multi_mount/src/lx200/base.py:370 handle: Get command GD GET_TELESCOPE_DEC()
2026-02-15 23:00:57 [  INFO] 196831.213 SkyWatcherLX200.telemetry  /Users/v-korovin/Projects/multi_mount/src/skywatcher/skywatcher_lx200.py:61 _do_log_telemetry: RA=12:00:06 running=False mode=0 direction=1 speed=0 goto_active=False
2026-02-15 23:00:57 [  INFO] 196886.670 lx200  /Users/v-korovin/Projects/multi_mount/src/lx200/base.py:379 handle: Answer command GD GET_TELESCOPE_DEC() -> +35*00:00
2026-02-15 23:00:57 [WARNING] 197002.876 root  /Users/v-korovin/Projects/multi_mount/src/tests/test_splitter_hw.py:933 test_hw_splitter_guiding_pulses_all_directions_vs_tracking: 
================ GUIDE RESULT =================
GUIDE RAW RATE RA: 0.026s/s
GUIDE RAW RATE DEC: 0.000deg/s
===============================================
2026-02-15 23:00:57 [WARNING] 197054.141 root  /Users/v-korovin/Projects/multi_mount/src/tests/test_splitter_hw.py:523 _ensure_halted: 
================ TEST CLEANUP START ===========
HALT AFTER TEST
===============================================
2026-02-15 23:00:57 [  INFO] 197066.914 lx200  /Users/v-korovin/Projects/multi_mount/src/lx200/base.py:370 handle: Get command Q HALT_ALL()
2026-02-15 23:00:57 [  INFO] 197073.369 SkyWatcherLX200  /Users/v-korovin/Projects/multi_mount/src/skywatcher/skywatcher_lx200.py:217 halt_all: Halt all RA movements
2026-02-15 23:00:57 [  INFO] 197079.848 skywatcher  /Users/v-korovin/Projects/multi_mount/src/skywatcher/skywatcher.py:332 gracefully_stop_motor: Stop motor
2026-02-15 23:00:57 [  INFO] 197173.922 skywatcher  /Users/v-korovin/Projects/multi_mount/src/skywatcher/skywatcher.py:479 resume_tracking: Resume tracking with last rate=1.0
2026-02-15 23:00:57 [  INFO] 197174.097 skywatcher  /Users/v-korovin/Projects/multi_mount/src/skywatcher/skywatcher.py:467 start_tracking: Start tracking request: rate=1.0
2026-02-15 23:00:57 [  INFO] 197185.577 skywatcher  /Users/v-korovin/Projects/multi_mount/src/skywatcher/skywatcher.py:459 set_ra_rate: Set RA rate: 1.0 * 1 (highspeed=False) mode=0 // period=110359
2026-02-15 23:00:57 [  INFO] 197192.070 skywatcher  /Users/v-korovin/Projects/multi_mount/src/skywatcher/skywatcher.py:332 gracefully_stop_motor: Stop motor
2026-02-15 23:00:57 [  INFO] 197242.318 skywatcher  /Users/v-korovin/Projects/multi_mount/src/skywatcher/skywatcher.py:371 _set_motion: Set motion mode: SkyWatcherStatus(raw=3223856, running=False, initialized=True, slew_mode=<SlewMode.SLEW: 0>, direction=<Direction.FORWARD: 1>, speed_mode=<SpeedMode.LOWSPEED: 0>)
2026-02-15 23:00:57 [  INFO] 197286.219 skywatcher  /Users/v-korovin/Projects/multi_mount/src/skywatcher/skywatcher.py:384 _start_motor: Start motor
2026-02-15 23:00:57 [  INFO] 197310.975 skywatcher  /Users/v-korovin/Projects/multi_mount/src/skywatcher/skywatcher.py:475 start_tracking: Start tracking applied: rate=1.0
2026-02-15 23:00:57 [  INFO] 197317.298 SkyWatcherLX200  /Users/v-korovin/Projects/multi_mount/src/skywatcher/skywatcher_lx200.py:221 halt_all: Halt all RA movements done
2026-02-15 23:00:57 [  INFO] 197317.416 TMC2209LX200  /Users/v-korovin/Projects/multi_mount/src/tmc2209/tmc2209_lx200.py:181 halt_all: Halt all DEC movements
2026-02-15 23:00:57 [  INFO] 197317.667 tmc2209.adapter  /Users/v-korovin/Projects/multi_mount/src/tmc2209/tmc2209_adapter.py:308 halt: Halt request
2026-02-15 23:00:58 [  INFO] 197342.353 tmc2209.adapter  /Users/v-korovin/Projects/multi_mount/src/tmc2209/tmc2209_adapter.py:311 halt: Halt applied: stopping=True
2026-02-15 23:00:58 [  INFO] 197348.504 TMC2209LX200  /Users/v-korovin/Projects/multi_mount/src/tmc2209/tmc2209_lx200.py:183 halt_all: Halt all DEC movements done
2026-02-15 23:00:58 [WARNING] 197348.569 lx200  /Users/v-korovin/Projects/multi_mount/src/lx200/base.py:381 handle: Empty responce: Q HALT_ALL() -> ∅
2026-02-15 23:00:58 [  INFO] 197788.019 TMC2209LX200.telemetry  /Users/v-korovin/Projects/multi_mount/src/tmc2209/tmc2209_lx200.py:146 _do_log_telemetry: DEC=+35*00:00 raw_steps=8750 phase=hold target_set=True enabled=True
2026-02-15 23:00:58 [WARNING] 197859.938 root  /Users/v-korovin/Projects/multi_mount/src/tests/test_splitter_hw.py:533 _ensure_halted: 
================ TEST CLEANUP END =============
HALT AFTER TEST DONE
===============================================
2026-02-15 23:00:58 [WARNING] 197890.871 root  /Users/v-korovin/Projects/multi_mount/src/tests/test_splitter_hw.py:507 _ensure_halted: 
================ TEST PREP START ==============
ENSURE BOTH AXES HALTED
===============================================
2026-02-15 23:00:58 [  INFO] 197897.351 lx200  /Users/v-korovin/Projects/multi_mount/src/lx200/base.py:370 handle: Get command Q HALT_ALL()
2026-02-15 23:00:58 [  INFO] 197903.807 SkyWatcherLX200  /Users/v-korovin/Projects/multi_mount/src/skywatcher/skywatcher_lx200.py:217 halt_all: Halt all RA movements
2026-02-15 23:00:58 [  INFO] 197916.589 skywatcher  /Users/v-korovin/Projects/multi_mount/src/skywatcher/skywatcher.py:332 gracefully_stop_motor: Stop motor
2026-02-15 23:00:58 [  INFO] 197992.969 skywatcher  /Users/v-korovin/Projects/multi_mount/src/skywatcher/skywatcher.py:479 resume_tracking: Resume tracking with last rate=1.0
2026-02-15 23:00:58 [  INFO] 197993.075 skywatcher  /Users/v-korovin/Projects/multi_mount/src/skywatcher/skywatcher.py:467 start_tracking: Start tracking request: rate=1.0
2026-02-15 23:00:58 [  INFO] 198024.010 SkyWatcherLX200.telemetry  /Users/v-korovin/Projects/multi_mount/src/skywatcher/skywatcher_lx200.py:61 _do_log_telemetry: RA=12:00:07 running=False mode=0 direction=1 speed=0 goto_active=False
2026-02-15 23:00:58 [  INFO] 198078.220 skywatcher  /Users/v-korovin/Projects/multi_mount/src/skywatcher/skywatcher.py:459 set_ra_rate: Set RA rate: 1.0 * 1 (highspeed=False) mode=0 // period=110359
2026-02-15 23:00:58 [  INFO] 198084.714 skywatcher  /Users/v-korovin/Projects/multi_mount/src/skywatcher/skywatcher.py:332 gracefully_stop_motor: Stop motor
2026-02-15 23:00:58 [  INFO] 198141.225 skywatcher  /Users/v-korovin/Projects/multi_mount/src/skywatcher/skywatcher.py:371 _set_motion: Set motion mode: SkyWatcherStatus(raw=3223856, running=False, initialized=True, slew_mode=<SlewMode.SLEW: 0>, direction=<Direction.FORWARD: 1>, speed_mode=<SpeedMode.LOWSPEED: 0>)
2026-02-15 23:00:58 [  INFO] 198191.349 skywatcher  /Users/v-korovin/Projects/multi_mount/src/skywatcher/skywatcher.py:384 _start_motor: Start motor
2026-02-15 23:00:58 [  INFO] 198210.269 skywatcher  /Users/v-korovin/Projects/multi_mount/src/skywatcher/skywatcher.py:475 start_tracking: Start tracking applied: rate=1.0
2026-02-15 23:00:58 [  INFO] 198215.576 SkyWatcherLX200  /Users/v-korovin/Projects/multi_mount/src/skywatcher/skywatcher_lx200.py:221 halt_all: Halt all RA movements done
2026-02-15 23:00:58 [  INFO] 198215.658 TMC2209LX200  /Users/v-korovin/Projects/multi_mount/src/tmc2209/tmc2209_lx200.py:181 halt_all: Halt all DEC movements
2026-02-15 23:00:58 [  INFO] 198215.702 tmc2209.adapter  /Users/v-korovin/Projects/multi_mount/src/tmc2209/tmc2209_adapter.py:308 halt: Halt request
2026-02-15 23:00:58 [  INFO] 198234.875 tmc2209.adapter  /Users/v-korovin/Projects/multi_mount/src/tmc2209/tmc2209_adapter.py:311 halt: Halt applied: stopping=True
2026-02-15 23:00:58 [  INFO] 198240.697 TMC2209LX200  /Users/v-korovin/Projects/multi_mount/src/tmc2209/tmc2209_lx200.py:183 halt_all: Halt all DEC movements done
2026-02-15 23:00:58 [WARNING] 198264.663 lx200  /Users/v-korovin/Projects/multi_mount/src/lx200/base.py:381 handle: Empty responce: Q HALT_ALL() -> ∅
2026-02-15 23:00:59 [WARNING] 198792.146 root  /Users/v-korovin/Projects/multi_mount/src/tests/test_splitter_hw.py:517 _ensure_halted: 
================ TEST PREP END ================
AXES HALTED BEFORE TEST
===============================================
2026-02-15 23:00:59 [WARNING] 198817.065 root  /Users/v-korovin/Projects/multi_mount/src/tests/test_splitter_hw.py:869 test_hw_splitter_guiding_pulses_all_directions_vs_tracking: 
================ TEST START ===================
GUIDING PULSES VS TRACKING
DIRECTION: e
PULSE: 2500ms
AXIS: ra
===============================================
2026-02-15 23:00:59 [WARNING] 198829.740 root  /Users/v-korovin/Projects/multi_mount/src/tests/test_splitter_hw.py:201 sync_known_position: 
================ SYNC START ===================
TARGET RA: 12:00:00
TARGET DEC: +35*00:00
===============================================
2026-02-15 23:00:59 [  INFO] 198836.411 lx200  /Users/v-korovin/Projects/multi_mount/src/lx200/base.py:370 handle: Get command Q HALT_ALL()
2026-02-15 23:00:59 [  INFO] 198836.482 SkyWatcherLX200  /Users/v-korovin/Projects/multi_mount/src/skywatcher/skywatcher_lx200.py:217 halt_all: Halt all RA movements
2026-02-15 23:00:59 [  INFO] 198848.872 skywatcher  /Users/v-korovin/Projects/multi_mount/src/skywatcher/skywatcher.py:332 gracefully_stop_motor: Stop motor
2026-02-15 23:00:59 [  INFO] 198891.612 TMC2209LX200.telemetry  /Users/v-korovin/Projects/multi_mount/src/tmc2209/tmc2209_lx200.py:146 _do_log_telemetry: DEC=+35*00:00 raw_steps=8750 phase=hold target_set=True enabled=True
2026-02-15 23:00:59 [  INFO] 198904.090 skywatcher  /Users/v-korovin/Projects/multi_mount/src/skywatcher/skywatcher.py:479 resume_tracking: Resume tracking with last rate=1.0
2026-02-15 23:00:59 [  INFO] 198916.381 skywatcher  /Users/v-korovin/Projects/multi_mount/src/skywatcher/skywatcher.py:467 start_tracking: Start tracking request: rate=1.0
2026-02-15 23:00:59 [  INFO] 198960.486 skywatcher  /Users/v-korovin/Projects/multi_mount/src/skywatcher/skywatcher.py:459 set_ra_rate: Set RA rate: 1.0 * 1 (highspeed=False) mode=0 // period=110359
2026-02-15 23:00:59 [  INFO] 198966.965 skywatcher  /Users/v-korovin/Projects/multi_mount/src/skywatcher/skywatcher.py:332 gracefully_stop_motor: Stop motor
2026-02-15 23:00:59 [  INFO] 199005.938 skywatcher  /Users/v-korovin/Projects/multi_mount/src/skywatcher/skywatcher.py:371 _set_motion: Set motion mode: SkyWatcherStatus(raw=3223856, running=False, initialized=True, slew_mode=<SlewMode.SLEW: 0>, direction=<Direction.FORWARD: 1>, speed_mode=<SpeedMode.LOWSPEED: 0>)
2026-02-15 23:00:59 [  INFO] 199051.123 skywatcher  /Users/v-korovin/Projects/multi_mount/src/skywatcher/skywatcher.py:384 _start_motor: Start motor
2026-02-15 23:00:59 [  INFO] 199069.904 skywatcher  /Users/v-korovin/Projects/multi_mount/src/skywatcher/skywatcher.py:475 start_tracking: Start tracking applied: rate=1.0
2026-02-15 23:00:59 [  INFO] 199082.743 SkyWatcherLX200  /Users/v-korovin/Projects/multi_mount/src/skywatcher/skywatcher_lx200.py:221 halt_all: Halt all RA movements done
2026-02-15 23:00:59 [  INFO] 199082.867 TMC2209LX200  /Users/v-korovin/Projects/multi_mount/src/tmc2209/tmc2209_lx200.py:181 halt_all: Halt all DEC movements
2026-02-15 23:00:59 [  INFO] 199082.950 tmc2209.adapter  /Users/v-korovin/Projects/multi_mount/src/tmc2209/tmc2209_adapter.py:308 halt: Halt request
2026-02-15 23:00:59 [  INFO] 199114.196 tmc2209.adapter  /Users/v-korovin/Projects/multi_mount/src/tmc2209/tmc2209_adapter.py:311 halt: Halt applied: stopping=True
2026-02-15 23:00:59 [  INFO] 199114.435 skywatcher  /Users/v-korovin/Projects/multi_mount/src/skywatcher/skywatcher.py:277 get_status: Mount status changed: raw 313130 -> 313131 running False -> True initialized True -> True slew_mode 0 -> 0 direction 1 -> 1 speed_mode 0 -> 0
2026-02-15 23:00:59 [  INFO] 199125.920 TMC2209LX200  /Users/v-korovin/Projects/multi_mount/src/tmc2209/tmc2209_lx200.py:183 halt_all: Halt all DEC movements done
2026-02-15 23:00:59 [WARNING] 199132.411 lx200  /Users/v-korovin/Projects/multi_mount/src/lx200/base.py:381 handle: Empty responce: Q HALT_ALL() -> ∅
2026-02-15 23:00:59 [  INFO] 199132.312 SkyWatcherLX200.telemetry  /Users/v-korovin/Projects/multi_mount/src/skywatcher/skywatcher_lx200.py:61 _do_log_telemetry: RA=12:00:07 running=True mode=0 direction=1 speed=0 goto_active=False
2026-02-15 23:00:59 [  INFO] 199157.833 lx200  /Users/v-korovin/Projects/multi_mount/src/lx200/base.py:370 handle: Get command GR GET_TELECOPE_RA()
2026-02-15 23:00:59 [  INFO] 199188.176 lx200  /Users/v-korovin/Projects/multi_mount/src/lx200/base.py:379 handle: Answer command GR GET_TELECOPE_RA() -> 12:00:07
2026-02-15 23:01:00 [  INFO] 199988.695 TMC2209LX200.telemetry  /Users/v-korovin/Projects/multi_mount/src/tmc2209/tmc2209_lx200.py:146 _do_log_telemetry: DEC=+35*00:00 raw_steps=8750 phase=hold target_set=True enabled=True
2026-02-15 23:01:00 [  INFO] 200260.295 SkyWatcherLX200.telemetry  /Users/v-korovin/Projects/multi_mount/src/skywatcher/skywatcher_lx200.py:61 _do_log_telemetry: RA=12:00:07 running=True mode=0 direction=1 speed=0 goto_active=False
2026-02-15 23:01:01 [  INFO] 200712.061 lx200  /Users/v-korovin/Projects/multi_mount/src/lx200/base.py:370 handle: Get command GR GET_TELECOPE_RA()
2026-02-15 23:01:01 [  INFO] 200718.623 lx200  /Users/v-korovin/Projects/multi_mount/src/lx200/base.py:379 handle: Answer command GR GET_TELECOPE_RA() -> 12:00:07
2026-02-15 23:01:01 [WARNING] 200931.727 root  /Users/v-korovin/Projects/multi_mount/src/tests/test_splitter_hw.py:131 _wait_until: 
================ POLLING START ================
TIMEOUT: 12.0s
CONDITION: DEC did not stop in time: phase=hold target_set=True speed=0.0
===============================================
2026-02-15 23:01:01 [WARNING] 200989.011 root  /Users/v-korovin/Projects/multi_mount/src/tests/test_splitter_hw.py:143 _wait_until: 
================ POLLING END ==================
RESULT: SUCCESS
ELAPSED: 0.05s
===============================================
2026-02-15 23:01:01 [  INFO] 200995.506 lx200  /Users/v-korovin/Projects/multi_mount/src/lx200/base.py:370 handle: Get command GD GET_TELESCOPE_DEC()
2026-02-15 23:01:01 [  INFO] 201069.922 TMC2209LX200.telemetry  /Users/v-korovin/Projects/multi_mount/src/tmc2209/tmc2209_lx200.py:146 _do_log_telemetry: DEC=+35*00:00 raw_steps=8750 phase=hold target_set=True enabled=True
2026-02-15 23:01:01 [  INFO] 201137.795 lx200  /Users/v-korovin/Projects/multi_mount/src/lx200/base.py:379 handle: Answer command GD GET_TELESCOPE_DEC() -> +35*00:00
2026-02-15 23:01:02 [  INFO] 201418.944 SkyWatcherLX200.telemetry  /Users/v-korovin/Projects/multi_mount/src/skywatcher/skywatcher_lx200.py:61 _do_log_telemetry: RA=12:00:07 running=True mode=0 direction=1 speed=0 goto_active=False
2026-02-15 23:01:02 [  INFO] 202120.138 TMC2209LX200.telemetry  /Users/v-korovin/Projects/multi_mount/src/tmc2209/tmc2209_lx200.py:146 _do_log_telemetry: DEC=+35*00:00 raw_steps=8750 phase=hold target_set=True enabled=True
2026-02-15 23:01:03 [  INFO] 202541.879 SkyWatcherLX200.telemetry  /Users/v-korovin/Projects/multi_mount/src/skywatcher/skywatcher_lx200.py:61 _do_log_telemetry: RA=12:00:07 running=True mode=0 direction=1 speed=0 goto_active=False
2026-02-15 23:01:03 [  INFO] 202651.894 lx200  /Users/v-korovin/Projects/multi_mount/src/lx200/base.py:370 handle: Get command GD GET_TELESCOPE_DEC()
2026-02-15 23:01:03 [  INFO] 202722.295 lx200  /Users/v-korovin/Projects/multi_mount/src/lx200/base.py:379 handle: Answer command GD GET_TELESCOPE_DEC() -> +35*00:00
2026-02-15 23:01:03 [  INFO] 203234.540 lx200  /Users/v-korovin/Projects/multi_mount/src/lx200/base.py:370 handle: Get command Sr SET_TELESCOPE_RA(12:00:00)
2026-02-15 23:01:03 [  INFO] 203253.618 lx200  /Users/v-korovin/Projects/multi_mount/src/lx200/base.py:379 handle: Answer command Sr SET_TELESCOPE_RA(12:00:00) -> True
2026-02-15 23:01:03 [  INFO] 203253.778 lx200  /Users/v-korovin/Projects/multi_mount/src/lx200/base.py:370 handle: Get command Sd SET_TELESCOPE_DEC(+35*00:00)
2026-02-15 23:01:03 [  INFO] 203260.218 lx200  /Users/v-korovin/Projects/multi_mount/src/lx200/base.py:379 handle: Answer command Sd SET_TELESCOPE_DEC(+35*00:00) -> True
2026-02-15 23:01:03 [  INFO] 203260.294 lx200  /Users/v-korovin/Projects/multi_mount/src/lx200/base.py:370 handle: Get command CM SYNC()
2026-02-15 23:01:03 [  INFO] 203260.338 SkyWatcherLX200  /Users/v-korovin/Projects/multi_mount/src/skywatcher/skywatcher_lx200.py:208 sync_telescope_ra: Sync RA to 12:00:00
2026-02-15 23:01:03 [  INFO] 203285.644 TMC2209LX200.telemetry  /Users/v-korovin/Projects/multi_mount/src/tmc2209/tmc2209_lx200.py:146 _do_log_telemetry: DEC=+35*00:00 raw_steps=8750 phase=hold target_set=True enabled=True
2026-02-15 23:01:04 [  INFO] 203443.987 TMC2209LX200  /Users/v-korovin/Projects/multi_mount/src/tmc2209/tmc2209_lx200.py:174 sync_telescope_dec: Sync DEC to +35*00:00
2026-02-15 23:01:04 [  INFO] 203449.812 tmc2209.adapter  /Users/v-korovin/Projects/multi_mount/src/tmc2209/tmc2209_adapter.py:250 set_position: Set position request: position=8750
2026-02-15 23:01:04 [  INFO] 203486.490 tmc2209.adapter  /Users/v-korovin/Projects/multi_mount/src/tmc2209/tmc2209_adapter.py:253 set_position: Set position applied: position=8750
2026-02-15 23:01:04 [  INFO] 203493.000 TMC2209LX200  /Users/v-korovin/Projects/multi_mount/src/tmc2209/tmc2209_lx200.py:177 sync_telescope_dec: Sync DEC applied: steps=8750
2026-02-15 23:01:04 [  INFO] 203505.789 lx200  /Users/v-korovin/Projects/multi_mount/src/lx200/base.py:379 handle: Answer command CM SYNC() -> OK
2026-02-15 23:01:04 [  INFO] 203517.819 lx200  /Users/v-korovin/Projects/multi_mount/src/lx200/base.py:370 handle: Get command GR GET_TELECOPE_RA()
2026-02-15 23:01:04 [  INFO] 203530.621 lx200  /Users/v-korovin/Projects/multi_mount/src/lx200/base.py:379 handle: Answer command GR GET_TELECOPE_RA() -> 12:00:00
2026-02-15 23:01:04 [WARNING] 203543.487 root  /Users/v-korovin/Projects/multi_mount/src/tests/test_splitter_hw.py:131 _wait_until: 
================ POLLING START ================
TIMEOUT: 10.0s
CONDITION: RA did not reach target in time: current=12:00:00 target=12:00:00 distance=0.00s
===============================================
2026-02-15 23:01:04 [  INFO] 203567.884 lx200  /Users/v-korovin/Projects/multi_mount/src/lx200/base.py:370 handle: Get command GR GET_TELECOPE_RA()
2026-02-15 23:01:04 [  INFO] 203586.503 lx200  /Users/v-korovin/Projects/multi_mount/src/lx200/base.py:379 handle: Answer command GR GET_TELECOPE_RA() -> 12:00:00
2026-02-15 23:01:04 [WARNING] 203599.309 root  /Users/v-korovin/Projects/multi_mount/src/tests/test_splitter_hw.py:143 _wait_until: 
================ POLLING END ==================
RESULT: SUCCESS
ELAPSED: 0.03s
===============================================
2026-02-15 23:01:04 [  INFO] 203612.189 lx200  /Users/v-korovin/Projects/multi_mount/src/lx200/base.py:370 handle: Get command GD GET_TELESCOPE_DEC()
2026-02-15 23:01:04 [  INFO] 203775.935 SkyWatcherLX200.telemetry  /Users/v-korovin/Projects/multi_mount/src/skywatcher/skywatcher_lx200.py:61 _do_log_telemetry: RA=12:00:00 running=True mode=0 direction=1 speed=0 goto_active=False
2026-02-15 23:01:04 [  INFO] 203849.112 lx200  /Users/v-korovin/Projects/multi_mount/src/lx200/base.py:379 handle: Answer command GD GET_TELESCOPE_DEC() -> +35*00:00
2026-02-15 23:01:04 [WARNING] 203849.300 root  /Users/v-korovin/Projects/multi_mount/src/tests/test_splitter_hw.py:131 _wait_until: 
================ POLLING START ================
TIMEOUT: 10.0s
CONDITION: DEC did not reach target in time: current=+35*00:00 target=+35*00:00 distance=0.000deg
===============================================
2026-02-15 23:01:04 [  INFO] 203855.714 lx200  /Users/v-korovin/Projects/multi_mount/src/lx200/base.py:370 handle: Get command GD GET_TELESCOPE_DEC()
2026-02-15 23:01:04 [  INFO] 203936.155 lx200  /Users/v-korovin/Projects/multi_mount/src/lx200/base.py:379 handle: Answer command GD GET_TELESCOPE_DEC() -> +35*00:00
2026-02-15 23:01:04 [WARNING] 203942.157 root  /Users/v-korovin/Projects/multi_mount/src/tests/test_splitter_hw.py:143 _wait_until: 
================ POLLING END ==================
RESULT: SUCCESS
ELAPSED: 0.09s
===============================================
2026-02-15 23:01:04 [  INFO] 203948.638 lx200  /Users/v-korovin/Projects/multi_mount/src/lx200/base.py:370 handle: Get command GR GET_TELECOPE_RA()
2026-02-15 23:01:04 [  INFO] 203955.068 lx200  /Users/v-korovin/Projects/multi_mount/src/lx200/base.py:379 handle: Answer command GR GET_TELECOPE_RA() -> 12:00:00
2026-02-15 23:01:04 [  INFO] 203967.822 lx200  /Users/v-korovin/Projects/multi_mount/src/lx200/base.py:370 handle: Get command GD GET_TELESCOPE_DEC()
2026-02-15 23:01:04 [  INFO] 204049.089 lx200  /Users/v-korovin/Projects/multi_mount/src/lx200/base.py:379 handle: Answer command GD GET_TELESCOPE_DEC() -> +35*00:00
2026-02-15 23:01:04 [WARNING] 204049.285 root  /Users/v-korovin/Projects/multi_mount/src/tests/test_splitter_hw.py:218 sync_known_position: 
================ SYNC END =====================
RA: 12:00:00
DEC: +35*00:00
===============================================
2026-02-15 23:01:04 [WARNING] 204049.360 root  /Users/v-korovin/Projects/multi_mount/src/tests/test_splitter_hw.py:885 test_hw_splitter_guiding_pulses_all_directions_vs_tracking: 
================ GUIDE BASELINE START =========
DURATION: 3.70s
===============================================
2026-02-15 23:01:05 [  INFO] 204377.161 TMC2209LX200.telemetry  /Users/v-korovin/Projects/multi_mount/src/tmc2209/tmc2209_lx200.py:146 _do_log_telemetry: DEC=+35*00:00 raw_steps=8750 phase=hold target_set=True enabled=True
2026-02-15 23:01:05 [ ERROR] 204935.706 skywatcher  /Users/v-korovin/Projects/multi_mount/src/skywatcher/skywatcher.py:225 _transact: While quering, 3 last
Traceback (most recent call last):
  File "/Users/v-korovin/Projects/multi_mount/src/skywatcher/skywatcher.py", line 210, in _transact
    raise SkyWatcherWrongResponce(response)
skywatcher.skywatcher.SkyWatcherWrongResponce: =0B28
2026-02-15 23:01:05 [  INFO] 205005.161 SkyWatcherLX200.telemetry  /Users/v-korovin/Projects/multi_mount/src/skywatcher/skywatcher_lx200.py:61 _do_log_telemetry: RA=12:00:00 running=True mode=0 direction=1 speed=0 goto_active=False
2026-02-15 23:01:06 [  INFO] 205574.037 TMC2209LX200.telemetry  /Users/v-korovin/Projects/multi_mount/src/tmc2209/tmc2209_lx200.py:146 _do_log_telemetry: DEC=+35*00:00 raw_steps=8750 phase=hold target_set=True enabled=True
2026-02-15 23:01:06 [  INFO] 206191.134 SkyWatcherLX200.telemetry  /Users/v-korovin/Projects/multi_mount/src/skywatcher/skywatcher_lx200.py:61 _do_log_telemetry: RA=12:00:00 running=True mode=0 direction=1 speed=0 goto_active=False
2026-02-15 23:01:07 [  INFO] 206669.833 TMC2209LX200.telemetry  /Users/v-korovin/Projects/multi_mount/src/tmc2209/tmc2209_lx200.py:146 _do_log_telemetry: DEC=+35*00:00 raw_steps=8750 phase=hold target_set=True enabled=True
2026-02-15 23:01:08 [  INFO] 207405.966 SkyWatcherLX200.telemetry  /Users/v-korovin/Projects/multi_mount/src/skywatcher/skywatcher_lx200.py:61 _do_log_telemetry: RA=12:00:00 running=True mode=0 direction=1 speed=0 goto_active=False
2026-02-15 23:01:08 [  INFO] 207744.572 TMC2209LX200.telemetry  /Users/v-korovin/Projects/multi_mount/src/tmc2209/tmc2209_lx200.py:146 _do_log_telemetry: DEC=+35*00:00 raw_steps=8750 phase=hold target_set=True enabled=True
2026-02-15 23:01:08 [WARNING] 208047.126 root  /Users/v-korovin/Projects/multi_mount/src/tests/test_splitter_hw.py:902 test_hw_splitter_guiding_pulses_all_directions_vs_tracking: 
================ GUIDE BASELINE END ===========
BASELINE RAW RATE RA: 1.056s/s
BASELINE RAW RATE DEC: 0.000deg/s
===============================================
2026-02-15 23:01:08 [WARNING] 208053.419 root  /Users/v-korovin/Projects/multi_mount/src/tests/test_splitter_hw.py:201 sync_known_position: 
================ SYNC START ===================
TARGET RA: 12:00:00
TARGET DEC: +35*00:00
===============================================
2026-02-15 23:01:08 [  INFO] 208059.760 lx200  /Users/v-korovin/Projects/multi_mount/src/lx200/base.py:370 handle: Get command Q HALT_ALL()
2026-02-15 23:01:08 [  INFO] 208059.855 SkyWatcherLX200  /Users/v-korovin/Projects/multi_mount/src/skywatcher/skywatcher_lx200.py:217 halt_all: Halt all RA movements
2026-02-15 23:01:08 [  INFO] 208059.923 skywatcher  /Users/v-korovin/Projects/multi_mount/src/skywatcher/skywatcher.py:332 gracefully_stop_motor: Stop motor
2026-02-15 23:01:08 [  INFO] 208092.713 skywatcher  /Users/v-korovin/Projects/multi_mount/src/skywatcher/skywatcher.py:277 get_status: Mount status changed: raw 313131 -> 313130 running True -> False initialized True -> True slew_mode 0 -> 0 direction 1 -> 1 speed_mode 0 -> 0
2026-02-15 23:01:08 [  INFO] 208099.213 skywatcher  /Users/v-korovin/Projects/multi_mount/src/skywatcher/skywatcher.py:479 resume_tracking: Resume tracking with last rate=1.0
2026-02-15 23:01:08 [  INFO] 208117.760 skywatcher  /Users/v-korovin/Projects/multi_mount/src/skywatcher/skywatcher.py:467 start_tracking: Start tracking request: rate=1.0
2026-02-15 23:01:08 [  INFO] 208143.794 skywatcher  /Users/v-korovin/Projects/multi_mount/src/skywatcher/skywatcher.py:459 set_ra_rate: Set RA rate: 1.0 * 1 (highspeed=False) mode=0 // period=110359
2026-02-15 23:01:08 [  INFO] 208150.255 skywatcher  /Users/v-korovin/Projects/multi_mount/src/skywatcher/skywatcher.py:332 gracefully_stop_motor: Stop motor
2026-02-15 23:01:08 [  INFO] 208220.745 skywatcher  /Users/v-korovin/Projects/multi_mount/src/skywatcher/skywatcher.py:371 _set_motion: Set motion mode: SkyWatcherStatus(raw=3223856, running=False, initialized=True, slew_mode=<SlewMode.SLEW: 0>, direction=<Direction.FORWARD: 1>, speed_mode=<SpeedMode.LOWSPEED: 0>)
2026-02-15 23:01:08 [  INFO] 208303.046 skywatcher  /Users/v-korovin/Projects/multi_mount/src/skywatcher/skywatcher.py:384 _start_motor: Start motor
2026-02-15 23:01:08 [  INFO] 208328.131 skywatcher  /Users/v-korovin/Projects/multi_mount/src/skywatcher/skywatcher.py:475 start_tracking: Start tracking applied: rate=1.0
2026-02-15 23:01:09 [  INFO] 208328.310 SkyWatcherLX200  /Users/v-korovin/Projects/multi_mount/src/skywatcher/skywatcher_lx200.py:221 halt_all: Halt all RA movements done
2026-02-15 23:01:09 [  INFO] 208328.386 TMC2209LX200  /Users/v-korovin/Projects/multi_mount/src/tmc2209/tmc2209_lx200.py:181 halt_all: Halt all DEC movements
2026-02-15 23:01:09 [  INFO] 208328.429 tmc2209.adapter  /Users/v-korovin/Projects/multi_mount/src/tmc2209/tmc2209_adapter.py:308 halt: Halt request
2026-02-15 23:01:09 [  INFO] 208359.430 tmc2209.adapter  /Users/v-korovin/Projects/multi_mount/src/tmc2209/tmc2209_adapter.py:311 halt: Halt applied: stopping=True
2026-02-15 23:01:09 [  INFO] 208365.938 TMC2209LX200  /Users/v-korovin/Projects/multi_mount/src/tmc2209/tmc2209_lx200.py:183 halt_all: Halt all DEC movements done
2026-02-15 23:01:09 [WARNING] 208378.669 lx200  /Users/v-korovin/Projects/multi_mount/src/lx200/base.py:381 handle: Empty responce: Q HALT_ALL() -> ∅
2026-02-15 23:01:09 [  INFO] 208378.735 lx200  /Users/v-korovin/Projects/multi_mount/src/lx200/base.py:370 handle: Get command GR GET_TELECOPE_RA()
2026-02-15 23:01:09 [  INFO] 208378.783 lx200  /Users/v-korovin/Projects/multi_mount/src/lx200/base.py:379 handle: Answer command GR GET_TELECOPE_RA() -> 12:00:00
2026-02-15 23:01:09 [  INFO] 208511.426 skywatcher  /Users/v-korovin/Projects/multi_mount/src/skywatcher/skywatcher.py:277 get_status: Mount status changed: raw 313130 -> 313131 running False -> True initialized True -> True slew_mode 0 -> 0 direction 1 -> 1 speed_mode 0 -> 0
2026-02-15 23:01:09 [  INFO] 208524.245 SkyWatcherLX200.telemetry  /Users/v-korovin/Projects/multi_mount/src/skywatcher/skywatcher_lx200.py:61 _do_log_telemetry: RA=12:00:00 running=True mode=0 direction=1 speed=0 goto_active=False
2026-02-15 23:01:09 [  INFO] 208834.138 TMC2209LX200.telemetry  /Users/v-korovin/Projects/multi_mount/src/tmc2209/tmc2209_lx200.py:146 _do_log_telemetry: DEC=+35*00:00 raw_steps=8750 phase=hold target_set=True enabled=True
2026-02-15 23:01:10 [  INFO] 209701.086 SkyWatcherLX200.telemetry  /Users/v-korovin/Projects/multi_mount/src/skywatcher/skywatcher_lx200.py:61 _do_log_telemetry: RA=12:00:00 running=True mode=0 direction=1 speed=0 goto_active=False
2026-02-15 23:01:10 [  INFO] 209886.393 lx200  /Users/v-korovin/Projects/multi_mount/src/lx200/base.py:370 handle: Get command GR GET_TELECOPE_RA()
2026-02-15 23:01:10 [  INFO] 209918.572 lx200  /Users/v-korovin/Projects/multi_mount/src/lx200/base.py:379 handle: Answer command GR GET_TELECOPE_RA() -> 12:00:00
2026-02-15 23:01:10 [  INFO] 209925.169 TMC2209LX200.telemetry  /Users/v-korovin/Projects/multi_mount/src/tmc2209/tmc2209_lx200.py:146 _do_log_telemetry: DEC=+35*00:00 raw_steps=8750 phase=hold target_set=True enabled=True
2026-02-15 23:01:10 [WARNING] 210049.072 root  /Users/v-korovin/Projects/multi_mount/src/tests/test_splitter_hw.py:131 _wait_until: 
================ POLLING START ================
TIMEOUT: 12.0s
CONDITION: DEC did not stop in time: phase=hold target_set=True speed=0.0
===============================================
2026-02-15 23:01:10 [WARNING] 210149.783 root  /Users/v-korovin/Projects/multi_mount/src/tests/test_splitter_hw.py:143 _wait_until: 
================ POLLING END ==================
RESULT: SUCCESS
ELAPSED: 0.09s
===============================================
2026-02-15 23:01:10 [  INFO] 210156.271 lx200  /Users/v-korovin/Projects/multi_mount/src/lx200/base.py:370 handle: Get command GD GET_TELESCOPE_DEC()
2026-02-15 23:01:10 [  INFO] 210215.920 lx200  /Users/v-korovin/Projects/multi_mount/src/lx200/base.py:379 handle: Answer command GD GET_TELESCOPE_DEC() -> +35*00:00
2026-02-15 23:01:11 [  INFO] 210832.428 SkyWatcherLX200.telemetry  /Users/v-korovin/Projects/multi_mount/src/skywatcher/skywatcher_lx200.py:61 _do_log_telemetry: RA=12:00:00 running=True mode=0 direction=1 speed=0 goto_active=False
2026-02-15 23:01:11 [  INFO] 210990.736 TMC2209LX200.telemetry  /Users/v-korovin/Projects/multi_mount/src/tmc2209/tmc2209_lx200.py:146 _do_log_telemetry: DEC=+35*00:00 raw_steps=8750 phase=hold target_set=True enabled=True
2026-02-15 23:01:12 [  INFO] 211733.705 lx200  /Users/v-korovin/Projects/multi_mount/src/lx200/base.py:370 handle: Get command GD GET_TELESCOPE_DEC()
2026-02-15 23:01:12 [  INFO] 211828.158 lx200  /Users/v-korovin/Projects/multi_mount/src/lx200/base.py:379 handle: Answer command GD GET_TELESCOPE_DEC() -> +35*00:00
2026-02-15 23:01:12 [  INFO] 211972.833 SkyWatcherLX200.telemetry  /Users/v-korovin/Projects/multi_mount/src/skywatcher/skywatcher_lx200.py:61 _do_log_telemetry: RA=12:00:00 running=True mode=0 direction=1 speed=0 goto_active=False
2026-02-15 23:01:12 [  INFO] 212072.303 TMC2209LX200.telemetry  /Users/v-korovin/Projects/multi_mount/src/tmc2209/tmc2209_lx200.py:146 _do_log_telemetry: DEC=+35*00:00 raw_steps=8750 phase=hold target_set=True enabled=True
2026-02-15 23:01:13 [  INFO] 212342.689 lx200  /Users/v-korovin/Projects/multi_mount/src/lx200/base.py:370 handle: Get command Sr SET_TELESCOPE_RA(12:00:00)
2026-02-15 23:01:13 [  INFO] 212348.033 lx200  /Users/v-korovin/Projects/multi_mount/src/lx200/base.py:379 handle: Answer command Sr SET_TELESCOPE_RA(12:00:00) -> True
2026-02-15 23:01:13 [  INFO] 212360.869 lx200  /Users/v-korovin/Projects/multi_mount/src/lx200/base.py:370 handle: Get command Sd SET_TELESCOPE_DEC(+35*00:00)
2026-02-15 23:01:13 [  INFO] 212367.323 lx200  /Users/v-korovin/Projects/multi_mount/src/lx200/base.py:379 handle: Answer command Sd SET_TELESCOPE_DEC(+35*00:00) -> True
2026-02-15 23:01:13 [  INFO] 212373.752 lx200  /Users/v-korovin/Projects/multi_mount/src/lx200/base.py:370 handle: Get command CM SYNC()
2026-02-15 23:01:13 [  INFO] 212386.546 SkyWatcherLX200  /Users/v-korovin/Projects/multi_mount/src/skywatcher/skywatcher_lx200.py:208 sync_telescope_ra: Sync RA to 12:00:00
2026-02-15 23:01:13 [  INFO] 212563.883 TMC2209LX200  /Users/v-korovin/Projects/multi_mount/src/tmc2209/tmc2209_lx200.py:174 sync_telescope_dec: Sync DEC to +35*00:00
2026-02-15 23:01:13 [  INFO] 212581.928 tmc2209.adapter  /Users/v-korovin/Projects/multi_mount/src/tmc2209/tmc2209_adapter.py:250 set_position: Set position request: position=8750
2026-02-15 23:01:13 [  INFO] 212625.630 tmc2209.adapter  /Users/v-korovin/Projects/multi_mount/src/tmc2209/tmc2209_adapter.py:253 set_position: Set position applied: position=8750
2026-02-15 23:01:13 [  INFO] 212632.149 TMC2209LX200  /Users/v-korovin/Projects/multi_mount/src/tmc2209/tmc2209_lx200.py:177 sync_telescope_dec: Sync DEC applied: steps=8750
2026-02-15 23:01:13 [  INFO] 212632.268 lx200  /Users/v-korovin/Projects/multi_mount/src/lx200/base.py:379 handle: Answer command CM SYNC() -> OK
2026-02-15 23:01:13 [  INFO] 212632.321 lx200  /Users/v-korovin/Projects/multi_mount/src/lx200/base.py:370 handle: Get command GR GET_TELECOPE_RA()
2026-02-15 23:01:13 [  INFO] 212632.498 lx200  /Users/v-korovin/Projects/multi_mount/src/lx200/base.py:379 handle: Answer command GR GET_TELECOPE_RA() -> 12:00:00
2026-02-15 23:01:13 [WARNING] 212632.643 root  /Users/v-korovin/Projects/multi_mount/src/tests/test_splitter_hw.py:131 _wait_until: 
================ POLLING START ================
TIMEOUT: 10.0s
CONDITION: RA did not reach target in time: current=12:00:00 target=12:00:00 distance=0.00s
===============================================
2026-02-15 23:01:13 [  INFO] 212639.084 lx200  /Users/v-korovin/Projects/multi_mount/src/lx200/base.py:370 handle: Get command GR GET_TELECOPE_RA()
2026-02-15 23:01:13 [  INFO] 212645.513 lx200  /Users/v-korovin/Projects/multi_mount/src/lx200/base.py:379 handle: Answer command GR GET_TELECOPE_RA() -> 12:00:00
2026-02-15 23:01:13 [WARNING] 212658.347 root  /Users/v-korovin/Projects/multi_mount/src/tests/test_splitter_hw.py:143 _wait_until: 
================ POLLING END ==================
RESULT: SUCCESS
ELAPSED: 0.02s
===============================================
2026-02-15 23:01:13 [  INFO] 212670.457 lx200  /Users/v-korovin/Projects/multi_mount/src/lx200/base.py:370 handle: Get command GD GET_TELESCOPE_DEC()
2026-02-15 23:01:13 [  INFO] 212765.482 lx200  /Users/v-korovin/Projects/multi_mount/src/lx200/base.py:379 handle: Answer command GD GET_TELESCOPE_DEC() -> +35*00:00
2026-02-15 23:01:13 [WARNING] 212771.993 root  /Users/v-korovin/Projects/multi_mount/src/tests/test_splitter_hw.py:131 _wait_until: 
================ POLLING START ================
TIMEOUT: 10.0s
CONDITION: DEC did not reach target in time: current=+35*00:00 target=+35*00:00 distance=0.000deg
===============================================
2026-02-15 23:01:13 [  INFO] 212778.419 lx200  /Users/v-korovin/Projects/multi_mount/src/lx200/base.py:370 handle: Get command GD GET_TELESCOPE_DEC()
2026-02-15 23:01:13 [  INFO] 212965.786 lx200  /Users/v-korovin/Projects/multi_mount/src/lx200/base.py:379 handle: Answer command GD GET_TELESCOPE_DEC() -> +35*00:00
2026-02-15 23:01:13 [WARNING] 212971.861 root  /Users/v-korovin/Projects/multi_mount/src/tests/test_splitter_hw.py:143 _wait_until: 
================ POLLING END ==================
RESULT: SUCCESS
ELAPSED: 0.19s
===============================================
2026-02-15 23:01:13 [  INFO] 212978.050 lx200  /Users/v-korovin/Projects/multi_mount/src/lx200/base.py:370 handle: Get command GR GET_TELECOPE_RA()
2026-02-15 23:01:13 [  INFO] 212978.107 lx200  /Users/v-korovin/Projects/multi_mount/src/lx200/base.py:379 handle: Answer command GR GET_TELECOPE_RA() -> 12:00:00
2026-02-15 23:01:13 [  INFO] 212990.789 lx200  /Users/v-korovin/Projects/multi_mount/src/lx200/base.py:370 handle: Get command GD GET_TELESCOPE_DEC()
2026-02-15 23:01:13 [  INFO] 213143.389 lx200  /Users/v-korovin/Projects/multi_mount/src/lx200/base.py:379 handle: Answer command GD GET_TELESCOPE_DEC() -> +35*00:00
2026-02-15 23:01:13 [WARNING] 213143.596 root  /Users/v-korovin/Projects/multi_mount/src/tests/test_splitter_hw.py:218 sync_known_position: 
================ SYNC END =====================
RA: 12:00:00
DEC: +35*00:00
===============================================
2026-02-15 23:01:13 [  INFO] 213150.031 lx200  /Users/v-korovin/Projects/multi_mount/src/lx200/base.py:370 handle: Get command GR GET_TELECOPE_RA()
2026-02-15 23:01:13 [  INFO] 213155.724 lx200  /Users/v-korovin/Projects/multi_mount/src/lx200/base.py:379 handle: Answer command GR GET_TELECOPE_RA() -> 12:00:00
2026-02-15 23:01:13 [  INFO] 213168.493 lx200  /Users/v-korovin/Projects/multi_mount/src/lx200/base.py:370 handle: Get command GD GET_TELESCOPE_DEC()
2026-02-15 23:01:13 [  INFO] 213262.710 SkyWatcherLX200.telemetry  /Users/v-korovin/Projects/multi_mount/src/skywatcher/skywatcher_lx200.py:61 _do_log_telemetry: RA=12:00:00 running=True mode=0 direction=1 speed=0 goto_active=False
2026-02-15 23:01:13 [  INFO] 213311.691 TMC2209LX200.telemetry  /Users/v-korovin/Projects/multi_mount/src/tmc2209/tmc2209_lx200.py:146 _do_log_telemetry: DEC=+35*00:00 raw_steps=8750 phase=hold target_set=True enabled=True
2026-02-15 23:01:14 [  INFO] 213355.146 lx200  /Users/v-korovin/Projects/multi_mount/src/lx200/base.py:379 handle: Answer command GD GET_TELESCOPE_DEC() -> +35*00:00
2026-02-15 23:01:14 [WARNING] 213479.418 root  /Users/v-korovin/Projects/multi_mount/src/tests/test_splitter_hw.py:919 test_hw_splitter_guiding_pulses_all_directions_vs_tracking: 
================ GUIDE START ==================
SEND GUIDE PULSE
===============================================
2026-02-15 23:01:14 [  INFO] 213485.907 lx200  /Users/v-korovin/Projects/multi_mount/src/lx200/base.py:370 handle: Get command Mg GUIDE(e2500)
2026-02-15 23:01:14 [WARNING] 213498.707 lx200  /Users/v-korovin/Projects/multi_mount/src/lx200/base.py:381 handle: Empty responce: Mg GUIDE(e2500) -> ∅
2026-02-15 23:01:14 [  INFO] 213500.842 skywatcher  /Users/v-korovin/Projects/multi_mount/src/skywatcher/skywatcher.py:459 set_ra_rate: Set RA rate: 1.5 * 1 (highspeed=False) mode=0 // period=73572
2026-02-15 23:01:14 [  INFO] 213501.023 skywatcher  /Users/v-korovin/Projects/multi_mount/src/skywatcher/skywatcher.py:332 gracefully_stop_motor: Stop motor
2026-02-15 23:01:14 [  INFO] 213504.345 skywatcher  /Users/v-korovin/Projects/multi_mount/src/skywatcher/skywatcher.py:277 get_status: Mount status changed: raw 313131 -> 313130 running True -> False initialized True -> True slew_mode 0 -> 0 direction 1 -> 1 speed_mode 0 -> 0
2026-02-15 23:01:14 [  INFO] 213504.463 skywatcher  /Users/v-korovin/Projects/multi_mount/src/skywatcher/skywatcher.py:371 _set_motion: Set motion mode: SkyWatcherStatus(raw=3223857, running=True, initialized=True, slew_mode=<SlewMode.SLEW: 0>, direction=<Direction.FORWARD: 1>, speed_mode=<SpeedMode.LOWSPEED: 0>)
2026-02-15 23:01:15 [  INFO] 214337.369 SkyWatcherLX200.telemetry  /Users/v-korovin/Projects/multi_mount/src/skywatcher/skywatcher_lx200.py:61 _do_log_telemetry: RA=12:00:01 running=False mode=0 direction=1 speed=0 goto_active=False
2026-02-15 23:01:15 [  INFO] 214348.150 TMC2209LX200.telemetry  /Users/v-korovin/Projects/multi_mount/src/tmc2209/tmc2209_lx200.py:146 _do_log_telemetry: DEC=+35*00:00 raw_steps=8750 phase=hold target_set=True enabled=True
2026-02-15 23:01:16 [  INFO] 215357.429 SkyWatcherLX200.telemetry  /Users/v-korovin/Projects/multi_mount/src/skywatcher/skywatcher_lx200.py:61 _do_log_telemetry: RA=12:00:02 running=False mode=0 direction=1 speed=0 goto_active=False
2026-02-15 23:01:16 [  INFO] 215370.936 TMC2209LX200.telemetry  /Users/v-korovin/Projects/multi_mount/src/tmc2209/tmc2209_lx200.py:146 _do_log_telemetry: DEC=+35*00:00 raw_steps=8750 phase=hold target_set=True enabled=True
2026-02-15 23:01:16 [  INFO] 216013.186 skywatcher  /Users/v-korovin/Projects/multi_mount/src/skywatcher/skywatcher.py:459 set_ra_rate: Set RA rate: 1.0 * 1 (highspeed=False) mode=0 // period=110359
2026-02-15 23:01:16 [  INFO] 216013.392 skywatcher  /Users/v-korovin/Projects/multi_mount/src/skywatcher/skywatcher.py:332 gracefully_stop_motor: Stop motor
2026-02-15 23:01:16 [  INFO] 216016.675 skywatcher  /Users/v-korovin/Projects/multi_mount/src/skywatcher/skywatcher.py:371 _set_motion: Set motion mode: SkyWatcherStatus(raw=3223856, running=False, initialized=True, slew_mode=<SlewMode.SLEW: 0>, direction=<Direction.FORWARD: 1>, speed_mode=<SpeedMode.LOWSPEED: 0>)
2026-02-15 23:01:17 [  INFO] 216382.227 SkyWatcherLX200.telemetry  /Users/v-korovin/Projects/multi_mount/src/skywatcher/skywatcher_lx200.py:61 _do_log_telemetry: RA=12:00:03 running=False mode=0 direction=1 speed=0 goto_active=False
2026-02-15 23:01:17 [  INFO] 216395.515 TMC2209LX200.telemetry  /Users/v-korovin/Projects/multi_mount/src/tmc2209/tmc2209_lx200.py:146 _do_log_telemetry: DEC=+35*00:00 raw_steps=8750 phase=hold target_set=True enabled=True
2026-02-15 23:01:17 [  INFO] 217210.287 lx200  /Users/v-korovin/Projects/multi_mount/src/lx200/base.py:370 handle: Get command GR GET_TELECOPE_RA()
2026-02-15 23:01:17 [  INFO] 217216.868 lx200  /Users/v-korovin/Projects/multi_mount/src/lx200/base.py:379 handle: Answer command GR GET_TELECOPE_RA() -> 12:00:04
2026-02-15 23:01:17 [  INFO] 217242.313 lx200  /Users/v-korovin/Projects/multi_mount/src/lx200/base.py:370 handle: Get command GD GET_TELESCOPE_DEC()
2026-02-15 23:01:18 [  INFO] 217392.287 lx200  /Users/v-korovin/Projects/multi_mount/src/lx200/base.py:379 handle: Answer command GD GET_TELESCOPE_DEC() -> +35*00:00
2026-02-15 23:01:18 [ ERROR] 217479.867 skywatcher  /Users/v-korovin/Projects/multi_mount/src/skywatcher/skywatcher.py:225 _transact: While quering, 3 last
Traceback (most recent call last):
  File "/Users/v-korovin/Projects/multi_mount/src/skywatcher/skywatcher.py", line 210, in _transact
    raise SkyWatcherWrongResponce(response)
skywatcher.skywatcher.SkyWatcherWrongResponce: =CB2C23
2026-02-15 23:01:18 [ ERROR] 217555.397 skywatcher  /Users/v-korovin/Projects/multi_mount/src/skywatcher/skywatcher.py:225 _transact: While quering, 3 last
Traceback (most recent call last):
  File "/Users/v-korovin/Projects/multi_mount/src/skywatcher/skywatcher.py", line 210, in _transact
    raise SkyWatcherWrongResponce(response)
skywatcher.skywatcher.SkyWatcherWrongResponce: =CB2C2
2026-02-15 23:01:18 [  INFO] 217580.986 TMC2209LX200.telemetry  /Users/v-korovin/Projects/multi_mount/src/tmc2209/tmc2209_lx200.py:146 _do_log_telemetry: DEC=+35*00:00 raw_steps=8750 phase=hold target_set=True enabled=True
2026-02-15 23:01:18 [  INFO] 217657.685 SkyWatcherLX200.telemetry  /Users/v-korovin/Projects/multi_mount/src/skywatcher/skywatcher_lx200.py:61 _do_log_telemetry: RA=12:00:04 running=False mode=0 direction=1 speed=0 goto_active=False
2026-02-15 23:01:18 [WARNING] 217731.438 root  /Users/v-korovin/Projects/multi_mount/src/tests/test_splitter_hw.py:933 test_hw_splitter_guiding_pulses_all_directions_vs_tracking: 
================ GUIDE RESULT =================
GUIDE RAW RATE RA: 0.039s/s
GUIDE RAW RATE DEC: 0.000deg/s
===============================================
2026-02-15 23:01:18 [WARNING] 217853.331 root  /Users/v-korovin/Projects/multi_mount/src/tests/test_splitter_hw.py:523 _ensure_halted: 
================ TEST CLEANUP START ===========
HALT AFTER TEST
===============================================
2026-02-15 23:01:18 [  INFO] 217872.244 lx200  /Users/v-korovin/Projects/multi_mount/src/lx200/base.py:370 handle: Get command Q HALT_ALL()
2026-02-15 23:01:18 [  INFO] 217878.080 SkyWatcherLX200  /Users/v-korovin/Projects/multi_mount/src/skywatcher/skywatcher_lx200.py:217 halt_all: Halt all RA movements
2026-02-15 23:01:18 [  INFO] 217883.350 skywatcher  /Users/v-korovin/Projects/multi_mount/src/skywatcher/skywatcher.py:332 gracefully_stop_motor: Stop motor
2026-02-15 23:01:18 [ ERROR] 217989.849 skywatcher  /Users/v-korovin/Projects/multi_mount/src/skywatcher/skywatcher.py:225 _transact: While quering, 3 last
Traceback (most recent call last):
  File "/Users/v-korovin/Projects/multi_mount/src/skywatcher/skywatcher.py", line 210, in _transact
    raise SkyWatcherWrongResponce(response)
skywatcher.skywatcher.SkyWatcherWrongResponce: =101
2026-02-15 23:01:18 [  INFO] 218047.929 skywatcher  /Users/v-korovin/Projects/multi_mount/src/skywatcher/skywatcher.py:479 resume_tracking: Resume tracking with last rate=1.0
2026-02-15 23:01:18 [  INFO] 218054.499 skywatcher  /Users/v-korovin/Projects/multi_mount/src/skywatcher/skywatcher.py:467 start_tracking: Start tracking request: rate=1.0
2026-02-15 23:01:18 [  INFO] 218098.392 skywatcher  /Users/v-korovin/Projects/multi_mount/src/skywatcher/skywatcher.py:459 set_ra_rate: Set RA rate: 1.0 * 1 (highspeed=False) mode=0 // period=110359
2026-02-15 23:01:18 [  INFO] 218111.348 skywatcher  /Users/v-korovin/Projects/multi_mount/src/skywatcher/skywatcher.py:332 gracefully_stop_motor: Stop motor
2026-02-15 23:01:18 [  INFO] 218232.006 skywatcher  /Users/v-korovin/Projects/multi_mount/src/skywatcher/skywatcher.py:371 _set_motion: Set motion mode: SkyWatcherStatus(raw=3223856, running=False, initialized=True, slew_mode=<SlewMode.SLEW: 0>, direction=<Direction.FORWARD: 1>, speed_mode=<SpeedMode.LOWSPEED: 0>)
2026-02-15 23:01:18 [  INFO] 218259.332 skywatcher  /Users/v-korovin/Projects/multi_mount/src/skywatcher/skywatcher.py:384 _start_motor: Start motor
2026-02-15 23:01:18 [  INFO] 218279.015 skywatcher  /Users/v-korovin/Projects/multi_mount/src/skywatcher/skywatcher.py:475 start_tracking: Start tracking applied: rate=1.0
2026-02-15 23:01:18 [  INFO] 218298.217 SkyWatcherLX200  /Users/v-korovin/Projects/multi_mount/src/skywatcher/skywatcher_lx200.py:221 halt_all: Halt all RA movements done
2026-02-15 23:01:19 [  INFO] 218330.097 TMC2209LX200  /Users/v-korovin/Projects/multi_mount/src/tmc2209/tmc2209_lx200.py:181 halt_all: Halt all DEC movements
2026-02-15 23:01:19 [  INFO] 218343.057 tmc2209.adapter  /Users/v-korovin/Projects/multi_mount/src/tmc2209/tmc2209_adapter.py:308 halt: Halt request
2026-02-15 23:01:19 [  INFO] 218423.126 tmc2209.adapter  /Users/v-korovin/Projects/multi_mount/src/tmc2209/tmc2209_adapter.py:311 halt: Halt applied: stopping=True
2026-02-15 23:01:19 [  INFO] 218423.340 TMC2209LX200  /Users/v-korovin/Projects/multi_mount/src/tmc2209/tmc2209_lx200.py:183 halt_all: Halt all DEC movements done
2026-02-15 23:01:19 [WARNING] 218429.505 lx200  /Users/v-korovin/Projects/multi_mount/src/lx200/base.py:381 handle: Empty responce: Q HALT_ALL() -> ∅
2026-02-15 23:01:19 [  INFO] 218773.267 TMC2209LX200.telemetry  /Users/v-korovin/Projects/multi_mount/src/tmc2209/tmc2209_lx200.py:146 _do_log_telemetry: DEC=+35*00:00 raw_steps=8750 phase=hold target_set=True enabled=True
2026-02-15 23:01:19 [  INFO] 218817.016 skywatcher  /Users/v-korovin/Projects/multi_mount/src/skywatcher/skywatcher.py:277 get_status: Mount status changed: raw 313130 -> 313131 running False -> True initialized True -> True slew_mode 0 -> 0 direction 1 -> 1 speed_mode 0 -> 0
2026-02-15 23:01:19 [  INFO] 218823.556 SkyWatcherLX200.telemetry  /Users/v-korovin/Projects/multi_mount/src/skywatcher/skywatcher_lx200.py:61 _do_log_telemetry: RA=12:00:05 running=True mode=0 direction=1 speed=0 goto_active=False
2026-02-15 23:01:19 [WARNING] 218942.606 root  /Users/v-korovin/Projects/multi_mount/src/tests/test_splitter_hw.py:533 _ensure_halted: 
================ TEST CLEANUP END =============
HALT AFTER TEST DONE
===============================================
2026-02-15 23:01:19 [WARNING] 218973.666 root  /Users/v-korovin/Projects/multi_mount/src/tests/test_splitter_hw.py:507 _ensure_halted: 
================ TEST PREP START ==============
ENSURE BOTH AXES HALTED
===============================================
2026-02-15 23:01:19 [  INFO] 218992.866 lx200  /Users/v-korovin/Projects/multi_mount/src/lx200/base.py:370 handle: Get command Q HALT_ALL()
2026-02-15 23:01:19 [  INFO] 218999.127 SkyWatcherLX200  /Users/v-korovin/Projects/multi_mount/src/skywatcher/skywatcher_lx200.py:217 halt_all: Halt all RA movements
2026-02-15 23:01:19 [  INFO] 219011.969 skywatcher  /Users/v-korovin/Projects/multi_mount/src/skywatcher/skywatcher.py:332 gracefully_stop_motor: Stop motor
2026-02-15 23:01:19 [  INFO] 219079.246 skywatcher  /Users/v-korovin/Projects/multi_mount/src/skywatcher/skywatcher.py:277 get_status: Mount status changed: raw 313131 -> 313130 running True -> False initialized True -> True slew_mode 0 -> 0 direction 1 -> 1 speed_mode 0 -> 0
2026-02-15 23:01:19 [  INFO] 219079.481 skywatcher  /Users/v-korovin/Projects/multi_mount/src/skywatcher/skywatcher.py:479 resume_tracking: Resume tracking with last rate=1.0
2026-02-15 23:01:19 [  INFO] 219079.553 skywatcher  /Users/v-korovin/Projects/multi_mount/src/skywatcher/skywatcher.py:467 start_tracking: Start tracking request: rate=1.0
2026-02-15 23:01:19 [  INFO] 219141.756 skywatcher  /Users/v-korovin/Projects/multi_mount/src/skywatcher/skywatcher.py:459 set_ra_rate: Set RA rate: 1.0 * 1 (highspeed=False) mode=0 // period=110359
2026-02-15 23:01:19 [  INFO] 219148.245 skywatcher  /Users/v-korovin/Projects/multi_mount/src/skywatcher/skywatcher.py:332 gracefully_stop_motor: Stop motor
2026-02-15 23:01:19 [  INFO] 219211.016 skywatcher  /Users/v-korovin/Projects/multi_mount/src/skywatcher/skywatcher.py:371 _set_motion: Set motion mode: SkyWatcherStatus(raw=3223856, running=False, initialized=True, slew_mode=<SlewMode.SLEW: 0>, direction=<Direction.FORWARD: 1>, speed_mode=<SpeedMode.LOWSPEED: 0>)
2026-02-15 23:01:19 [  INFO] 219264.565 skywatcher  /Users/v-korovin/Projects/multi_mount/src/skywatcher/skywatcher.py:384 _start_motor: Start motor
2026-02-15 23:01:19 [  INFO] 219291.288 skywatcher  /Users/v-korovin/Projects/multi_mount/src/skywatcher/skywatcher.py:475 start_tracking: Start tracking applied: rate=1.0
2026-02-15 23:01:19 [  INFO] 219297.195 SkyWatcherLX200  /Users/v-korovin/Projects/multi_mount/src/skywatcher/skywatcher_lx200.py:221 halt_all: Halt all RA movements done
2026-02-15 23:01:19 [  INFO] 219297.344 TMC2209LX200  /Users/v-korovin/Projects/multi_mount/src/tmc2209/tmc2209_lx200.py:181 halt_all: Halt all DEC movements
2026-02-15 23:01:19 [  INFO] 219297.496 tmc2209.adapter  /Users/v-korovin/Projects/multi_mount/src/tmc2209/tmc2209_adapter.py:308 halt: Halt request
2026-02-15 23:01:20 [  INFO] 219341.878 tmc2209.adapter  /Users/v-korovin/Projects/multi_mount/src/tmc2209/tmc2209_adapter.py:311 halt: Halt applied: stopping=True
2026-02-15 23:01:20 [  INFO] 219348.335 TMC2209LX200  /Users/v-korovin/Projects/multi_mount/src/tmc2209/tmc2209_lx200.py:183 halt_all: Halt all DEC movements done
2026-02-15 23:01:20 [WARNING] 219361.103 lx200  /Users/v-korovin/Projects/multi_mount/src/lx200/base.py:381 handle: Empty responce: Q HALT_ALL() -> ∅
2026-02-15 23:01:20 [WARNING] 219890.320 root  /Users/v-korovin/Projects/multi_mount/src/tests/test_splitter_hw.py:517 _ensure_halted: 
================ TEST PREP END ================
AXES HALTED BEFORE TEST
===============================================
2026-02-15 23:01:20 [WARNING] 219897.621 root  /Users/v-korovin/Projects/multi_mount/src/tests/test_splitter_hw.py:869 test_hw_splitter_guiding_pulses_all_directions_vs_tracking: 
================ TEST START ===================
GUIDING PULSES VS TRACKING
DIRECTION: e
PULSE: 5000ms
AXIS: ra
===============================================
2026-02-15 23:01:20 [WARNING] 219897.845 root  /Users/v-korovin/Projects/multi_mount/src/tests/test_splitter_hw.py:201 sync_known_position: 
================ SYNC START ===================
TARGET RA: 12:00:00
TARGET DEC: +35*00:00
===============================================
2026-02-15 23:01:20 [  INFO] 219897.936 lx200  /Users/v-korovin/Projects/multi_mount/src/lx200/base.py:370 handle: Get command Q HALT_ALL()
2026-02-15 23:01:20 [  INFO] 219898.001 SkyWatcherLX200  /Users/v-korovin/Projects/multi_mount/src/skywatcher/skywatcher_lx200.py:217 halt_all: Halt all RA movements
2026-02-15 23:01:20 [  INFO] 219898.148 skywatcher  /Users/v-korovin/Projects/multi_mount/src/skywatcher/skywatcher.py:332 gracefully_stop_motor: Stop motor
2026-02-15 23:01:20 [  INFO] 219943.191 TMC2209LX200.telemetry  /Users/v-korovin/Projects/multi_mount/src/tmc2209/tmc2209_lx200.py:146 _do_log_telemetry: DEC=+35*00:00 raw_steps=8750 phase=hold target_set=True enabled=True
2026-02-15 23:01:20 [  INFO] 219956.043 skywatcher  /Users/v-korovin/Projects/multi_mount/src/skywatcher/skywatcher.py:479 resume_tracking: Resume tracking with last rate=1.0
2026-02-15 23:01:20 [  INFO] 219967.952 skywatcher  /Users/v-korovin/Projects/multi_mount/src/skywatcher/skywatcher.py:467 start_tracking: Start tracking request: rate=1.0
2026-02-15 23:01:20 [  INFO] 220016.689 skywatcher  /Users/v-korovin/Projects/multi_mount/src/skywatcher/skywatcher.py:459 set_ra_rate: Set RA rate: 1.0 * 1 (highspeed=False) mode=0 // period=110359
2026-02-15 23:01:20 [  INFO] 220029.109 skywatcher  /Users/v-korovin/Projects/multi_mount/src/skywatcher/skywatcher.py:332 gracefully_stop_motor: Stop motor
2026-02-15 23:01:20 [  INFO] 220035.769 SkyWatcherLX200.telemetry  /Users/v-korovin/Projects/multi_mount/src/skywatcher/skywatcher_lx200.py:61 _do_log_telemetry: RA=12:00:05 running=False mode=0 direction=1 speed=0 goto_active=False
2026-02-15 23:01:20 [  INFO] 220092.686 skywatcher  /Users/v-korovin/Projects/multi_mount/src/skywatcher/skywatcher.py:371 _set_motion: Set motion mode: SkyWatcherStatus(raw=3223856, running=False, initialized=True, slew_mode=<SlewMode.SLEW: 0>, direction=<Direction.FORWARD: 1>, speed_mode=<SpeedMode.LOWSPEED: 0>)
2026-02-15 23:01:20 [  INFO] 220142.645 skywatcher  /Users/v-korovin/Projects/multi_mount/src/skywatcher/skywatcher.py:384 _start_motor: Start motor
2026-02-15 23:01:20 [  INFO] 220167.620 skywatcher  /Users/v-korovin/Projects/multi_mount/src/skywatcher/skywatcher.py:475 start_tracking: Start tracking applied: rate=1.0
2026-02-15 23:01:20 [  INFO] 220180.361 SkyWatcherLX200  /Users/v-korovin/Projects/multi_mount/src/skywatcher/skywatcher_lx200.py:221 halt_all: Halt all RA movements done
2026-02-15 23:01:20 [  INFO] 220192.739 TMC2209LX200  /Users/v-korovin/Projects/multi_mount/src/tmc2209/tmc2209_lx200.py:181 halt_all: Halt all DEC movements
2026-02-15 23:01:20 [  INFO] 220199.192 tmc2209.adapter  /Users/v-korovin/Projects/multi_mount/src/tmc2209/tmc2209_adapter.py:308 halt: Halt request
2026-02-15 23:01:20 [  INFO] 220211.388 tmc2209.adapter  /Users/v-korovin/Projects/multi_mount/src/tmc2209/tmc2209_adapter.py:311 halt: Halt applied: stopping=True
2026-02-15 23:01:20 [  INFO] 220217.838 TMC2209LX200  /Users/v-korovin/Projects/multi_mount/src/tmc2209/tmc2209_lx200.py:183 halt_all: Halt all DEC movements done
2026-02-15 23:01:20 [WARNING] 220224.314 lx200  /Users/v-korovin/Projects/multi_mount/src/lx200/base.py:381 handle: Empty responce: Q HALT_ALL() -> ∅
2026-02-15 23:01:20 [  INFO] 220237.071 lx200  /Users/v-korovin/Projects/multi_mount/src/lx200/base.py:370 handle: Get command GR GET_TELECOPE_RA()
2026-02-15 23:01:20 [  INFO] 220249.783 lx200  /Users/v-korovin/Projects/multi_mount/src/lx200/base.py:379 handle: Answer command GR GET_TELECOPE_RA() -> 12:00:05
2026-02-15 23:01:21 [  INFO] 221027.576 TMC2209LX200.telemetry  /Users/v-korovin/Projects/multi_mount/src/tmc2209/tmc2209_lx200.py:146 _do_log_telemetry: DEC=+35*00:00 raw_steps=8750 phase=hold target_set=True enabled=True
2026-02-15 23:01:21 [  INFO] 221167.654 skywatcher  /Users/v-korovin/Projects/multi_mount/src/skywatcher/skywatcher.py:277 get_status: Mount status changed: raw 313130 -> 313131 running False -> True initialized True -> True slew_mode 0 -> 0 direction 1 -> 1 speed_mode 0 -> 0
2026-02-15 23:01:21 [  INFO] 221173.966 SkyWatcherLX200.telemetry  /Users/v-korovin/Projects/multi_mount/src/skywatcher/skywatcher_lx200.py:61 _do_log_telemetry: RA=12:00:05 running=True mode=0 direction=1 speed=0 goto_active=False
2026-02-15 23:01:22 [  INFO] 221775.895 lx200  /Users/v-korovin/Projects/multi_mount/src/lx200/base.py:370 handle: Get command GR GET_TELECOPE_RA()
2026-02-15 23:01:22 [  INFO] 221782.403 lx200  /Users/v-korovin/Projects/multi_mount/src/lx200/base.py:379 handle: Answer command GR GET_TELECOPE_RA() -> 12:00:05
2026-02-15 23:01:22 [WARNING] 221876.403 root  /Users/v-korovin/Projects/multi_mount/src/tests/test_splitter_hw.py:131 _wait_until: 
================ POLLING START ================
TIMEOUT: 12.0s
CONDITION: DEC did not stop in time: phase=hold target_set=True speed=0.0
===============================================
2026-02-15 23:01:22 [WARNING] 221950.373 root  /Users/v-korovin/Projects/multi_mount/src/tests/test_splitter_hw.py:143 _wait_until: 
================ POLLING END ==================
RESULT: SUCCESS
ELAPSED: 0.07s
===============================================
2026-02-15 23:01:22 [  INFO] 221956.843 lx200  /Users/v-korovin/Projects/multi_mount/src/lx200/base.py:370 handle: Get command GD GET_TELESCOPE_DEC()
2026-02-15 23:01:22 [  INFO] 222037.811 lx200  /Users/v-korovin/Projects/multi_mount/src/lx200/base.py:379 handle: Answer command GD GET_TELESCOPE_DEC() -> +35*00:00
2026-02-15 23:01:22 [  INFO] 222112.679 TMC2209LX200.telemetry  /Users/v-korovin/Projects/multi_mount/src/tmc2209/tmc2209_lx200.py:146 _do_log_telemetry: DEC=+35*00:00 raw_steps=8750 phase=hold target_set=True enabled=True
2026-02-15 23:01:22 [  INFO] 222290.812 SkyWatcherLX200.telemetry  /Users/v-korovin/Projects/multi_mount/src/skywatcher/skywatcher_lx200.py:61 _do_log_telemetry: RA=12:00:05 running=True mode=0 direction=1 speed=0 goto_active=False
2026-02-15 23:01:23 [  INFO] 223259.823 TMC2209LX200.telemetry  /Users/v-korovin/Projects/multi_mount/src/tmc2209/tmc2209_lx200.py:146 _do_log_telemetry: DEC=+35*00:00 raw_steps=8750 phase=hold target_set=True enabled=True
2026-02-15 23:01:24 [  INFO] 223507.303 SkyWatcherLX200.telemetry  /Users/v-korovin/Projects/multi_mount/src/skywatcher/skywatcher_lx200.py:61 _do_log_telemetry: RA=12:00:05 running=True mode=0 direction=1 speed=0 goto_active=False
2026-02-15 23:01:24 [  INFO] 223555.022 lx200  /Users/v-korovin/Projects/multi_mount/src/lx200/base.py:370 handle: Get command GD GET_TELESCOPE_DEC()
2026-02-15 23:01:24 [  INFO] 223672.373 lx200  /Users/v-korovin/Projects/multi_mount/src/lx200/base.py:379 handle: Answer command GD GET_TELESCOPE_DEC() -> +35*00:00
2026-02-15 23:01:24 [  INFO] 224192.074 lx200  /Users/v-korovin/Projects/multi_mount/src/lx200/base.py:370 handle: Get command Sr SET_TELESCOPE_RA(12:00:00)
2026-02-15 23:01:24 [  INFO] 224197.425 lx200  /Users/v-korovin/Projects/multi_mount/src/lx200/base.py:379 handle: Answer command Sr SET_TELESCOPE_RA(12:00:00) -> True
2026-02-15 23:01:24 [  INFO] 224197.541 lx200  /Users/v-korovin/Projects/multi_mount/src/lx200/base.py:370 handle: Get command Sd SET_TELESCOPE_DEC(+35*00:00)
2026-02-15 23:01:24 [  INFO] 224204.025 lx200  /Users/v-korovin/Projects/multi_mount/src/lx200/base.py:379 handle: Answer command Sd SET_TELESCOPE_DEC(+35*00:00) -> True
2026-02-15 23:01:24 [  INFO] 224210.483 lx200  /Users/v-korovin/Projects/multi_mount/src/lx200/base.py:370 handle: Get command CM SYNC()
2026-02-15 23:01:24 [  INFO] 224210.564 SkyWatcherLX200  /Users/v-korovin/Projects/multi_mount/src/skywatcher/skywatcher_lx200.py:208 sync_telescope_ra: Sync RA to 12:00:00
2026-02-15 23:01:25 [  INFO] 224368.944 TMC2209LX200  /Users/v-korovin/Projects/multi_mount/src/tmc2209/tmc2209_lx200.py:174 sync_telescope_dec: Sync DEC to +35*00:00
2026-02-15 23:01:25 [  INFO] 224380.636 tmc2209.adapter  /Users/v-korovin/Projects/multi_mount/src/tmc2209/tmc2209_adapter.py:250 set_position: Set position request: position=8750
2026-02-15 23:01:25 [  INFO] 224393.514 TMC2209LX200.telemetry  /Users/v-korovin/Projects/multi_mount/src/tmc2209/tmc2209_lx200.py:146 _do_log_telemetry: DEC=+35*00:00 raw_steps=8750 phase=hold target_set=True enabled=True
2026-02-15 23:01:25 [  INFO] 224436.315 tmc2209.adapter  /Users/v-korovin/Projects/multi_mount/src/tmc2209/tmc2209_adapter.py:253 set_position: Set position applied: position=8750
2026-02-15 23:01:25 [  INFO] 224442.824 TMC2209LX200  /Users/v-korovin/Projects/multi_mount/src/tmc2209/tmc2209_lx200.py:177 sync_telescope_dec: Sync DEC applied: steps=8750
2026-02-15 23:01:25 [  INFO] 224449.323 lx200  /Users/v-korovin/Projects/multi_mount/src/lx200/base.py:379 handle: Answer command CM SYNC() -> OK
2026-02-15 23:01:25 [  INFO] 224455.703 lx200  /Users/v-korovin/Projects/multi_mount/src/lx200/base.py:370 handle: Get command GR GET_TELECOPE_RA()
2026-02-15 23:01:25 [  INFO] 224462.145 lx200  /Users/v-korovin/Projects/multi_mount/src/lx200/base.py:379 handle: Answer command GR GET_TELECOPE_RA() -> 12:00:00
2026-02-15 23:01:25 [WARNING] 224468.618 root  /Users/v-korovin/Projects/multi_mount/src/tests/test_splitter_hw.py:131 _wait_until: 
================ POLLING START ================
TIMEOUT: 10.0s
CONDITION: RA did not reach target in time: current=12:00:00 target=12:00:00 distance=0.00s
===============================================
2026-02-15 23:01:25 [  INFO] 224475.064 lx200  /Users/v-korovin/Projects/multi_mount/src/lx200/base.py:370 handle: Get command GR GET_TELECOPE_RA()
2026-02-15 23:01:25 [  INFO] 224481.537 lx200  /Users/v-korovin/Projects/multi_mount/src/lx200/base.py:379 handle: Answer command GR GET_TELECOPE_RA() -> 12:00:00
2026-02-15 23:01:25 [WARNING] 224494.339 root  /Users/v-korovin/Projects/multi_mount/src/tests/test_splitter_hw.py:143 _wait_until: 
================ POLLING END ==================
RESULT: SUCCESS
ELAPSED: 0.02s
===============================================
2026-02-15 23:01:25 [  INFO] 224500.805 lx200  /Users/v-korovin/Projects/multi_mount/src/lx200/base.py:370 handle: Get command GD GET_TELESCOPE_DEC()
2026-02-15 23:01:25 [  INFO] 224616.842 lx200  /Users/v-korovin/Projects/multi_mount/src/lx200/base.py:379 handle: Answer command GD GET_TELESCOPE_DEC() -> +35*00:00
2026-02-15 23:01:25 [WARNING] 224617.030 root  /Users/v-korovin/Projects/multi_mount/src/tests/test_splitter_hw.py:131 _wait_until: 
================ POLLING START ================
TIMEOUT: 10.0s
CONDITION: DEC did not reach target in time: current=+35*00:00 target=+35*00:00 distance=0.000deg
===============================================
2026-02-15 23:01:25 [  INFO] 224623.121 lx200  /Users/v-korovin/Projects/multi_mount/src/lx200/base.py:370 handle: Get command GD GET_TELESCOPE_DEC()
2026-02-15 23:01:25 [  INFO] 224679.425 SkyWatcherLX200.telemetry  /Users/v-korovin/Projects/multi_mount/src/skywatcher/skywatcher_lx200.py:61 _do_log_telemetry: RA=12:00:00 running=True mode=0 direction=1 speed=0 goto_active=False
2026-02-15 23:01:25 [  INFO] 224704.614 lx200  /Users/v-korovin/Projects/multi_mount/src/lx200/base.py:379 handle: Answer command GD GET_TELESCOPE_DEC() -> +35*00:00
2026-02-15 23:01:25 [WARNING] 224710.894 root  /Users/v-korovin/Projects/multi_mount/src/tests/test_splitter_hw.py:143 _wait_until: 
================ POLLING END ==================
RESULT: SUCCESS
ELAPSED: 0.09s
===============================================
2026-02-15 23:01:25 [  INFO] 224717.350 lx200  /Users/v-korovin/Projects/multi_mount/src/lx200/base.py:370 handle: Get command GR GET_TELECOPE_RA()
2026-02-15 23:01:25 [  INFO] 224729.244 lx200  /Users/v-korovin/Projects/multi_mount/src/lx200/base.py:379 handle: Answer command GR GET_TELECOPE_RA() -> 12:00:00
2026-02-15 23:01:25 [  INFO] 224735.649 lx200  /Users/v-korovin/Projects/multi_mount/src/lx200/base.py:370 handle: Get command GD GET_TELESCOPE_DEC()
2026-02-15 23:01:25 [  INFO] 224835.553 lx200  /Users/v-korovin/Projects/multi_mount/src/lx200/base.py:379 handle: Answer command GD GET_TELESCOPE_DEC() -> +35*00:00
2026-02-15 23:01:25 [WARNING] 224842.060 root  /Users/v-korovin/Projects/multi_mount/src/tests/test_splitter_hw.py:218 sync_known_position: 
================ SYNC END =====================
RA: 12:00:00
DEC: +35*00:00
===============================================
2026-02-15 23:01:25 [WARNING] 224854.860 root  /Users/v-korovin/Projects/multi_mount/src/tests/test_splitter_hw.py:885 test_hw_splitter_guiding_pulses_all_directions_vs_tracking: 
================ GUIDE BASELINE START =========
DURATION: 6.20s
===============================================
2026-02-15 23:01:26 [  INFO] 225490.427 TMC2209LX200.telemetry  /Users/v-korovin/Projects/multi_mount/src/tmc2209/tmc2209_lx200.py:146 _do_log_telemetry: DEC=+35*00:00 raw_steps=8750 phase=hold target_set=True enabled=True
2026-02-15 23:01:26 [  INFO] 225842.811 SkyWatcherLX200.telemetry  /Users/v-korovin/Projects/multi_mount/src/skywatcher/skywatcher_lx200.py:61 _do_log_telemetry: RA=12:00:00 running=True mode=0 direction=1 speed=0 goto_active=False
2026-02-15 23:01:27 [  INFO] 226615.304 TMC2209LX200.telemetry  /Users/v-korovin/Projects/multi_mount/src/tmc2209/tmc2209_lx200.py:146 _do_log_telemetry: DEC=+35*00:00 raw_steps=8750 phase=hold target_set=True enabled=True
2026-02-15 23:01:27 [  INFO] 227058.611 SkyWatcherLX200.telemetry  /Users/v-korovin/Projects/multi_mount/src/skywatcher/skywatcher_lx200.py:61 _do_log_telemetry: RA=12:00:00 running=True mode=0 direction=1 speed=0 goto_active=False
2026-02-15 23:01:28 [  INFO] 227754.350 TMC2209LX200.telemetry  /Users/v-korovin/Projects/multi_mount/src/tmc2209/tmc2209_lx200.py:146 _do_log_telemetry: DEC=+35*00:00 raw_steps=8750 phase=hold target_set=True enabled=True
2026-02-15 23:01:28 [  INFO] 228185.973 SkyWatcherLX200.telemetry  /Users/v-korovin/Projects/multi_mount/src/skywatcher/skywatcher_lx200.py:61 _do_log_telemetry: RA=12:00:00 running=True mode=0 direction=1 speed=0 goto_active=False
2026-02-15 23:01:29 [  INFO] 228923.880 TMC2209LX200.telemetry  /Users/v-korovin/Projects/multi_mount/src/tmc2209/tmc2209_lx200.py:146 _do_log_telemetry: DEC=+35*00:00 raw_steps=8750 phase=hold target_set=True enabled=True
2026-02-15 23:01:29 [ ERROR] 229065.590 skywatcher  /Users/v-korovin/Projects/multi_mount/src/skywatcher/skywatcher.py:225 _transact: While quering, 3 last
Traceback (most recent call last):
  File "/Users/v-korovin/Projects/multi_mount/src/skywatcher/skywatcher.py", line 210, in _transact
    raise SkyWatcherWrongResponce(response)
skywatcher.skywatcher.SkyWatcherWrongResponce: =963223
2026-02-15 23:01:30 [  INFO] 229421.850 SkyWatcherLX200.telemetry  /Users/v-korovin/Projects/multi_mount/src/skywatcher/skywatcher_lx200.py:61 _do_log_telemetry: RA=12:00:00 running=True mode=0 direction=1 speed=0 goto_active=False
2026-02-15 23:01:30 [  INFO] 229976.067 TMC2209LX200.telemetry  /Users/v-korovin/Projects/multi_mount/src/tmc2209/tmc2209_lx200.py:146 _do_log_telemetry: DEC=+35*00:00 raw_steps=8750 phase=hold target_set=True enabled=True
2026-02-15 23:01:31 [  INFO] 230567.673 SkyWatcherLX200.telemetry  /Users/v-korovin/Projects/multi_mount/src/skywatcher/skywatcher_lx200.py:61 _do_log_telemetry: RA=12:00:00 running=True mode=0 direction=1 speed=0 goto_active=False
2026-02-15 23:01:31 [  INFO] 231154.260 TMC2209LX200.telemetry  /Users/v-korovin/Projects/multi_mount/src/tmc2209/tmc2209_lx200.py:146 _do_log_telemetry: DEC=+35*00:00 raw_steps=8750 phase=hold target_set=True enabled=True
2026-02-15 23:01:32 [WARNING] 231388.514 root  /Users/v-korovin/Projects/multi_mount/src/tests/test_splitter_hw.py:902 test_hw_splitter_guiding_pulses_all_directions_vs_tracking: 
================ GUIDE BASELINE END ===========
BASELINE RAW RATE RA: 1.030s/s
BASELINE RAW RATE DEC: 0.000deg/s
===============================================
2026-02-15 23:01:32 [WARNING] 231388.756 root  /Users/v-korovin/Projects/multi_mount/src/tests/test_splitter_hw.py:201 sync_known_position: 
================ SYNC START ===================
TARGET RA: 12:00:00
TARGET DEC: +35*00:00
===============================================
2026-02-15 23:01:32 [  INFO] 231388.926 lx200  /Users/v-korovin/Projects/multi_mount/src/lx200/base.py:370 handle: Get command Q HALT_ALL()
2026-02-15 23:01:32 [  INFO] 231394.855 SkyWatcherLX200  /Users/v-korovin/Projects/multi_mount/src/skywatcher/skywatcher_lx200.py:217 halt_all: Halt all RA movements
2026-02-15 23:01:32 [  INFO] 231394.931 skywatcher  /Users/v-korovin/Projects/multi_mount/src/skywatcher/skywatcher.py:332 gracefully_stop_motor: Stop motor
2026-02-15 23:01:32 [  INFO] 231464.271 skywatcher  /Users/v-korovin/Projects/multi_mount/src/skywatcher/skywatcher.py:277 get_status: Mount status changed: raw 313131 -> 313130 running True -> False initialized True -> True slew_mode 0 -> 0 direction 1 -> 1 speed_mode 0 -> 0
2026-02-15 23:01:32 [  INFO] 231477.032 skywatcher  /Users/v-korovin/Projects/multi_mount/src/skywatcher/skywatcher.py:479 resume_tracking: Resume tracking with last rate=1.0
2026-02-15 23:01:32 [  INFO] 231483.628 skywatcher  /Users/v-korovin/Projects/multi_mount/src/skywatcher/skywatcher.py:467 start_tracking: Start tracking request: rate=1.0
2026-02-15 23:01:32 [  INFO] 231528.704 skywatcher  /Users/v-korovin/Projects/multi_mount/src/skywatcher/skywatcher.py:459 set_ra_rate: Set RA rate: 1.0 * 1 (highspeed=False) mode=0 // period=110359
2026-02-15 23:01:32 [  INFO] 231528.892 skywatcher  /Users/v-korovin/Projects/multi_mount/src/skywatcher/skywatcher.py:332 gracefully_stop_motor: Stop motor
2026-02-15 23:01:32 [  INFO] 231567.616 skywatcher  /Users/v-korovin/Projects/multi_mount/src/skywatcher/skywatcher.py:371 _set_motion: Set motion mode: SkyWatcherStatus(raw=3223856, running=False, initialized=True, slew_mode=<SlewMode.SLEW: 0>, direction=<Direction.FORWARD: 1>, speed_mode=<SpeedMode.LOWSPEED: 0>)
2026-02-15 23:01:32 [  INFO] 231606.148 skywatcher  /Users/v-korovin/Projects/multi_mount/src/skywatcher/skywatcher.py:384 _start_motor: Start motor
2026-02-15 23:01:32 [  INFO] 231631.465 skywatcher  /Users/v-korovin/Projects/multi_mount/src/skywatcher/skywatcher.py:475 start_tracking: Start tracking applied: rate=1.0
2026-02-15 23:01:32 [  INFO] 231637.719 SkyWatcherLX200  /Users/v-korovin/Projects/multi_mount/src/skywatcher/skywatcher_lx200.py:221 halt_all: Halt all RA movements done
2026-02-15 23:01:32 [  INFO] 231644.164 TMC2209LX200  /Users/v-korovin/Projects/multi_mount/src/tmc2209/tmc2209_lx200.py:181 halt_all: Halt all DEC movements
2026-02-15 23:01:32 [  INFO] 231650.598 tmc2209.adapter  /Users/v-korovin/Projects/multi_mount/src/tmc2209/tmc2209_adapter.py:308 halt: Halt request
2026-02-15 23:01:32 [  INFO] 231669.604 tmc2209.adapter  /Users/v-korovin/Projects/multi_mount/src/tmc2209/tmc2209_adapter.py:311 halt: Halt applied: stopping=True
2026-02-15 23:01:32 [  INFO] 231682.437 TMC2209LX200  /Users/v-korovin/Projects/multi_mount/src/tmc2209/tmc2209_lx200.py:183 halt_all: Halt all DEC movements done
2026-02-15 23:01:32 [WARNING] 231688.873 lx200  /Users/v-korovin/Projects/multi_mount/src/lx200/base.py:381 handle: Empty responce: Q HALT_ALL() -> ∅
2026-02-15 23:01:32 [  INFO] 231719.598 lx200  /Users/v-korovin/Projects/multi_mount/src/lx200/base.py:370 handle: Get command GR GET_TELECOPE_RA()
2026-02-15 23:01:32 [  INFO] 231732.444 lx200  /Users/v-korovin/Projects/multi_mount/src/lx200/base.py:379 handle: Answer command GR GET_TELECOPE_RA() -> 12:00:00
2026-02-15 23:01:32 [  INFO] 231732.591 skywatcher  /Users/v-korovin/Projects/multi_mount/src/skywatcher/skywatcher.py:277 get_status: Mount status changed: raw 313130 -> 313131 running False -> True initialized True -> True slew_mode 0 -> 0 direction 1 -> 1 speed_mode 0 -> 0
2026-02-15 23:01:32 [  INFO] 231738.920 SkyWatcherLX200.telemetry  /Users/v-korovin/Projects/multi_mount/src/skywatcher/skywatcher_lx200.py:61 _do_log_telemetry: RA=12:00:00 running=True mode=0 direction=1 speed=0 goto_active=False
2026-02-15 23:01:32 [  INFO] 232227.257 TMC2209LX200.telemetry  /Users/v-korovin/Projects/multi_mount/src/tmc2209/tmc2209_lx200.py:146 _do_log_telemetry: DEC=+35*00:00 raw_steps=8750 phase=hold target_set=True enabled=True
2026-02-15 23:01:33 [  INFO] 232934.727 SkyWatcherLX200.telemetry  /Users/v-korovin/Projects/multi_mount/src/skywatcher/skywatcher_lx200.py:61 _do_log_telemetry: RA=12:00:00 running=True mode=0 direction=1 speed=0 goto_active=False
2026-02-15 23:01:33 [  INFO] 233242.340 lx200  /Users/v-korovin/Projects/multi_mount/src/lx200/base.py:370 handle: Get command GR GET_TELECOPE_RA()
2026-02-15 23:01:33 [  INFO] 233248.446 lx200  /Users/v-korovin/Projects/multi_mount/src/lx200/base.py:379 handle: Answer command GR GET_TELECOPE_RA() -> 12:00:00
2026-02-15 23:01:34 [  INFO] 233460.303 TMC2209LX200.telemetry  /Users/v-korovin/Projects/multi_mount/src/tmc2209/tmc2209_lx200.py:146 _do_log_telemetry: DEC=+35*00:00 raw_steps=8750 phase=hold target_set=True enabled=True
2026-02-15 23:01:34 [WARNING] 233616.909 root  /Users/v-korovin/Projects/multi_mount/src/tests/test_splitter_hw.py:131 _wait_until: 
================ POLLING START ================
TIMEOUT: 12.0s
CONDITION: DEC did not stop in time: phase=hold target_set=True speed=0.0
===============================================
2026-02-15 23:01:34 [WARNING] 233767.505 root  /Users/v-korovin/Projects/multi_mount/src/tests/test_splitter_hw.py:143 _wait_until: 
================ POLLING END ==================
RESULT: SUCCESS
ELAPSED: 0.15s
===============================================
2026-02-15 23:01:34 [  INFO] 233780.307 lx200  /Users/v-korovin/Projects/multi_mount/src/lx200/base.py:370 handle: Get command GD GET_TELESCOPE_DEC()
2026-02-15 23:01:34 [  INFO] 233973.985 lx200  /Users/v-korovin/Projects/multi_mount/src/lx200/base.py:379 handle: Answer command GD GET_TELESCOPE_DEC() -> +35*00:00
2026-02-15 23:01:34 [  INFO] 234069.237 SkyWatcherLX200.telemetry  /Users/v-korovin/Projects/multi_mount/src/skywatcher/skywatcher_lx200.py:61 _do_log_telemetry: RA=12:00:00 running=True mode=0 direction=1 speed=0 goto_active=False
2026-02-15 23:01:35 [  INFO] 234543.225 TMC2209LX200.telemetry  /Users/v-korovin/Projects/multi_mount/src/tmc2209/tmc2209_lx200.py:146 _do_log_telemetry: DEC=+35*00:00 raw_steps=8750 phase=hold target_set=True enabled=True
2026-02-15 23:01:35 [  INFO] 235200.870 SkyWatcherLX200.telemetry  /Users/v-korovin/Projects/multi_mount/src/skywatcher/skywatcher_lx200.py:61 _do_log_telemetry: RA=12:00:00 running=True mode=0 direction=1 speed=0 goto_active=False
2026-02-15 23:01:36 [  INFO] 235498.234 lx200  /Users/v-korovin/Projects/multi_mount/src/lx200/base.py:370 handle: Get command GD GET_TELESCOPE_DEC()
2026-02-15 23:01:36 [  INFO] 235648.366 lx200  /Users/v-korovin/Projects/multi_mount/src/lx200/base.py:379 handle: Answer command GD GET_TELESCOPE_DEC() -> +35*00:00
2026-02-15 23:01:36 [  INFO] 235765.077 TMC2209LX200.telemetry  /Users/v-korovin/Projects/multi_mount/src/tmc2209/tmc2209_lx200.py:146 _do_log_telemetry: DEC=+35*00:00 raw_steps=8750 phase=hold target_set=True enabled=True
2026-02-15 23:01:36 [  INFO] 236161.785 lx200  /Users/v-korovin/Projects/multi_mount/src/lx200/base.py:370 handle: Get command Sr SET_TELESCOPE_RA(12:00:00)
2026-02-15 23:01:36 [  INFO] 236168.075 lx200  /Users/v-korovin/Projects/multi_mount/src/lx200/base.py:379 handle: Answer command Sr SET_TELESCOPE_RA(12:00:00) -> True
2026-02-15 23:01:36 [  INFO] 236180.907 lx200  /Users/v-korovin/Projects/multi_mount/src/lx200/base.py:370 handle: Get command Sd SET_TELESCOPE_DEC(+35*00:00)
2026-02-15 23:01:36 [  INFO] 236205.552 lx200  /Users/v-korovin/Projects/multi_mount/src/lx200/base.py:379 handle: Answer command Sd SET_TELESCOPE_DEC(+35*00:00) -> True
2026-02-15 23:01:36 [  INFO] 236222.677 lx200  /Users/v-korovin/Projects/multi_mount/src/lx200/base.py:370 handle: Get command CM SYNC()
2026-02-15 23:01:36 [  INFO] 236228.171 SkyWatcherLX200  /Users/v-korovin/Projects/multi_mount/src/skywatcher/skywatcher_lx200.py:208 sync_telescope_ra: Sync RA to 12:00:00
2026-02-15 23:01:36 [  INFO] 236319.628 SkyWatcherLX200.telemetry  /Users/v-korovin/Projects/multi_mount/src/skywatcher/skywatcher_lx200.py:61 _do_log_telemetry: RA=12:00:00 running=True mode=0 direction=1 speed=0 goto_active=False
2026-02-15 23:01:37 [  INFO] 236350.945 TMC2209LX200  /Users/v-korovin/Projects/multi_mount/src/tmc2209/tmc2209_lx200.py:174 sync_telescope_dec: Sync DEC to +35*00:00
2026-02-15 23:01:37 [  INFO] 236351.051 tmc2209.adapter  /Users/v-korovin/Projects/multi_mount/src/tmc2209/tmc2209_adapter.py:250 set_position: Set position request: position=8750
2026-02-15 23:01:37 [  INFO] 236375.910 tmc2209.adapter  /Users/v-korovin/Projects/multi_mount/src/tmc2209/tmc2209_adapter.py:253 set_position: Set position applied: position=8750
2026-02-15 23:01:37 [  INFO] 236382.381 TMC2209LX200  /Users/v-korovin/Projects/multi_mount/src/tmc2209/tmc2209_lx200.py:177 sync_telescope_dec: Sync DEC applied: steps=8750
2026-02-15 23:01:37 [  INFO] 236395.161 lx200  /Users/v-korovin/Projects/multi_mount/src/lx200/base.py:379 handle: Answer command CM SYNC() -> OK
2026-02-15 23:01:37 [  INFO] 236414.177 lx200  /Users/v-korovin/Projects/multi_mount/src/lx200/base.py:370 handle: Get command GR GET_TELECOPE_RA()
2026-02-15 23:01:37 [  INFO] 236420.634 lx200  /Users/v-korovin/Projects/multi_mount/src/lx200/base.py:379 handle: Answer command GR GET_TELECOPE_RA() -> 12:00:00
2026-02-15 23:01:37 [WARNING] 236427.070 root  /Users/v-korovin/Projects/multi_mount/src/tests/test_splitter_hw.py:131 _wait_until: 
================ POLLING START ================
TIMEOUT: 10.0s
CONDITION: RA did not reach target in time: current=12:00:00 target=12:00:00 distance=0.00s
===============================================
2026-02-15 23:01:37 [  INFO] 236439.778 lx200  /Users/v-korovin/Projects/multi_mount/src/lx200/base.py:370 handle: Get command GR GET_TELECOPE_RA()
2026-02-15 23:01:37 [  INFO] 236446.231 lx200  /Users/v-korovin/Projects/multi_mount/src/lx200/base.py:379 handle: Answer command GR GET_TELECOPE_RA() -> 12:00:00
2026-02-15 23:01:37 [WARNING] 236458.998 root  /Users/v-korovin/Projects/multi_mount/src/tests/test_splitter_hw.py:143 _wait_until: 
================ POLLING END ==================
RESULT: SUCCESS
ELAPSED: 0.02s
===============================================
2026-02-15 23:01:37 [  INFO] 236465.007 lx200  /Users/v-korovin/Projects/multi_mount/src/lx200/base.py:370 handle: Get command GD GET_TELESCOPE_DEC()
2026-02-15 23:01:37 [  INFO] 236514.529 lx200  /Users/v-korovin/Projects/multi_mount/src/lx200/base.py:379 handle: Answer command GD GET_TELESCOPE_DEC() -> +35*00:00
2026-02-15 23:01:37 [WARNING] 236514.721 root  /Users/v-korovin/Projects/multi_mount/src/tests/test_splitter_hw.py:131 _wait_until: 
================ POLLING START ================
TIMEOUT: 10.0s
CONDITION: DEC did not reach target in time: current=+35*00:00 target=+35*00:00 distance=0.000deg
===============================================
2026-02-15 23:01:37 [  INFO] 236521.077 lx200  /Users/v-korovin/Projects/multi_mount/src/lx200/base.py:370 handle: Get command GD GET_TELESCOPE_DEC()
2026-02-15 23:01:37 [  INFO] 236608.357 lx200  /Users/v-korovin/Projects/multi_mount/src/lx200/base.py:379 handle: Answer command GD GET_TELESCOPE_DEC() -> +35*00:00
2026-02-15 23:01:37 [WARNING] 236608.547 root  /Users/v-korovin/Projects/multi_mount/src/tests/test_splitter_hw.py:143 _wait_until: 
================ POLLING END ==================
RESULT: SUCCESS
ELAPSED: 0.09s
===============================================
2026-02-15 23:01:37 [  INFO] 236608.607 lx200  /Users/v-korovin/Projects/multi_mount/src/lx200/base.py:370 handle: Get command GR GET_TELECOPE_RA()
2026-02-15 23:01:37 [  INFO] 236615.002 lx200  /Users/v-korovin/Projects/multi_mount/src/lx200/base.py:379 handle: Answer command GR GET_TELECOPE_RA() -> 12:00:00
2026-02-15 23:01:37 [  INFO] 236621.487 lx200  /Users/v-korovin/Projects/multi_mount/src/lx200/base.py:370 handle: Get command GD GET_TELESCOPE_DEC()
2026-02-15 23:01:37 [  INFO] 236691.526 lx200  /Users/v-korovin/Projects/multi_mount/src/lx200/base.py:379 handle: Answer command GD GET_TELESCOPE_DEC() -> +35*00:00
2026-02-15 23:01:37 [WARNING] 236698.000 root  /Users/v-korovin/Projects/multi_mount/src/tests/test_splitter_hw.py:218 sync_known_position: 
================ SYNC END =====================
RA: 12:00:00
DEC: +35*00:00
===============================================
2026-02-15 23:01:37 [  INFO] 236723.678 lx200  /Users/v-korovin/Projects/multi_mount/src/lx200/base.py:370 handle: Get command GR GET_TELECOPE_RA()
2026-02-15 23:01:37 [  INFO] 236736.528 lx200  /Users/v-korovin/Projects/multi_mount/src/lx200/base.py:379 handle: Answer command GR GET_TELECOPE_RA() -> 12:00:00
2026-02-15 23:01:37 [  INFO] 236742.960 lx200  /Users/v-korovin/Projects/multi_mount/src/lx200/base.py:370 handle: Get command GD GET_TELESCOPE_DEC()
2026-02-15 23:01:37 [  INFO] 236824.225 lx200  /Users/v-korovin/Projects/multi_mount/src/lx200/base.py:379 handle: Answer command GD GET_TELESCOPE_DEC() -> +35*00:00
2026-02-15 23:01:37 [  INFO] 236966.938 TMC2209LX200.telemetry  /Users/v-korovin/Projects/multi_mount/src/tmc2209/tmc2209_lx200.py:146 _do_log_telemetry: DEC=+35*00:00 raw_steps=8750 phase=hold target_set=True enabled=True
2026-02-15 23:01:37 [WARNING] 237058.239 root  /Users/v-korovin/Projects/multi_mount/src/tests/test_splitter_hw.py:919 test_hw_splitter_guiding_pulses_all_directions_vs_tracking: 
================ GUIDE START ==================
SEND GUIDE PULSE
===============================================
2026-02-15 23:01:37 [  INFO] 237058.430 lx200  /Users/v-korovin/Projects/multi_mount/src/lx200/base.py:370 handle: Get command Mg GUIDE(e5000)
2026-02-15 23:01:37 [WARNING] 237064.854 lx200  /Users/v-korovin/Projects/multi_mount/src/lx200/base.py:381 handle: Empty responce: Mg GUIDE(e5000) -> ∅
2026-02-15 23:01:37 [  INFO] 237066.612 skywatcher  /Users/v-korovin/Projects/multi_mount/src/skywatcher/skywatcher.py:459 set_ra_rate: Set RA rate: 1.5 * 1 (highspeed=False) mode=0 // period=73572
2026-02-15 23:01:37 [  INFO] 237066.723 skywatcher  /Users/v-korovin/Projects/multi_mount/src/skywatcher/skywatcher.py:332 gracefully_stop_motor: Stop motor
2026-02-15 23:01:37 [  INFO] 237069.541 skywatcher  /Users/v-korovin/Projects/multi_mount/src/skywatcher/skywatcher.py:277 get_status: Mount status changed: raw 313131 -> 313130 running True -> False initialized True -> True slew_mode 0 -> 0 direction 1 -> 1 speed_mode 0 -> 0
2026-02-15 23:01:37 [  INFO] 237069.635 skywatcher  /Users/v-korovin/Projects/multi_mount/src/skywatcher/skywatcher.py:371 _set_motion: Set motion mode: SkyWatcherStatus(raw=3223857, running=True, initialized=True, slew_mode=<SlewMode.SLEW: 0>, direction=<Direction.FORWARD: 1>, speed_mode=<SpeedMode.LOWSPEED: 0>)
2026-02-15 23:01:38 [  INFO] 237452.496 SkyWatcherLX200.telemetry  /Users/v-korovin/Projects/multi_mount/src/skywatcher/skywatcher_lx200.py:61 _do_log_telemetry: RA=12:00:00 running=False mode=0 direction=1 speed=0 goto_active=False
2026-02-15 23:01:38 [  INFO] 237991.695 TMC2209LX200.telemetry  /Users/v-korovin/Projects/multi_mount/src/tmc2209/tmc2209_lx200.py:146 _do_log_telemetry: DEC=+35*00:00 raw_steps=8750 phase=hold target_set=True enabled=True
2026-02-15 23:01:39 [  INFO] 238482.153 SkyWatcherLX200.telemetry  /Users/v-korovin/Projects/multi_mount/src/skywatcher/skywatcher_lx200.py:61 _do_log_telemetry: RA=12:00:01 running=False mode=0 direction=1 speed=0 goto_active=False
2026-02-15 23:01:39 [  INFO] 239016.494 TMC2209LX200.telemetry  /Users/v-korovin/Projects/multi_mount/src/tmc2209/tmc2209_lx200.py:146 _do_log_telemetry: DEC=+35*00:00 raw_steps=8750 phase=hold target_set=True enabled=True
2026-02-15 23:01:40 [  INFO] 239507.785 SkyWatcherLX200.telemetry  /Users/v-korovin/Projects/multi_mount/src/skywatcher/skywatcher_lx200.py:61 _do_log_telemetry: RA=12:00:02 running=False mode=0 direction=1 speed=0 goto_active=False
2026-02-15 23:01:40 [  INFO] 240040.783 TMC2209LX200.telemetry  /Users/v-korovin/Projects/multi_mount/src/tmc2209/tmc2209_lx200.py:146 _do_log_telemetry: DEC=+35*00:00 raw_steps=8750 phase=hold target_set=True enabled=True
2026-02-15 23:01:41 [  INFO] 240537.989 SkyWatcherLX200.telemetry  /Users/v-korovin/Projects/multi_mount/src/skywatcher/skywatcher_lx200.py:61 _do_log_telemetry: RA=12:00:03 running=False mode=0 direction=1 speed=0 goto_active=False
2026-02-15 23:01:41 [  INFO] 241063.702 TMC2209LX200.telemetry  /Users/v-korovin/Projects/multi_mount/src/tmc2209/tmc2209_lx200.py:146 _do_log_telemetry: DEC=+35*00:00 raw_steps=8750 phase=hold target_set=True enabled=True
2026-02-15 23:01:42 [  INFO] 241557.414 SkyWatcherLX200.telemetry  /Users/v-korovin/Projects/multi_mount/src/skywatcher/skywatcher_lx200.py:61 _do_log_telemetry: RA=12:00:04 running=False mode=0 direction=1 speed=0 goto_active=False
2026-02-15 23:01:42 [  INFO] 242079.991 skywatcher  /Users/v-korovin/Projects/multi_mount/src/skywatcher/skywatcher.py:459 set_ra_rate: Set RA rate: 1.0 * 1 (highspeed=False) mode=0 // period=110359
2026-02-15 23:01:42 [  INFO] 242080.324 skywatcher  /Users/v-korovin/Projects/multi_mount/src/skywatcher/skywatcher.py:332 gracefully_stop_motor: Stop motor
2026-02-15 23:01:42 [  INFO] 242083.969 skywatcher  /Users/v-korovin/Projects/multi_mount/src/skywatcher/skywatcher.py:371 _set_motion: Set motion mode: SkyWatcherStatus(raw=3223856, running=False, initialized=True, slew_mode=<SlewMode.SLEW: 0>, direction=<Direction.FORWARD: 1>, speed_mode=<SpeedMode.LOWSPEED: 0>)
2026-02-15 23:01:42 [  INFO] 242088.101 TMC2209LX200.telemetry  /Users/v-korovin/Projects/multi_mount/src/tmc2209/tmc2209_lx200.py:146 _do_log_telemetry: DEC=+35*00:00 raw_steps=8750 phase=hold target_set=True enabled=True
2026-02-15 23:01:43 [  INFO] 242582.404 SkyWatcherLX200.telemetry  /Users/v-korovin/Projects/multi_mount/src/skywatcher/skywatcher_lx200.py:61 _do_log_telemetry: RA=12:00:05 running=False mode=0 direction=1 speed=0 goto_active=False
2026-02-15 23:01:43 [  INFO] 243177.721 TMC2209LX200.telemetry  /Users/v-korovin/Projects/multi_mount/src/tmc2209/tmc2209_lx200.py:146 _do_log_telemetry: DEC=+35*00:00 raw_steps=8750 phase=hold target_set=True enabled=True
2026-02-15 23:01:43 [  INFO] 243275.742 lx200  /Users/v-korovin/Projects/multi_mount/src/lx200/base.py:370 handle: Get command GR GET_TELECOPE_RA()
2026-02-15 23:01:43 [  INFO] 243275.928 lx200  /Users/v-korovin/Projects/multi_mount/src/lx200/base.py:379 handle: Answer command GR GET_TELECOPE_RA() -> 12:00:06
2026-02-15 23:01:43 [  INFO] 243276.067 lx200  /Users/v-korovin/Projects/multi_mount/src/lx200/base.py:370 handle: Get command GD GET_TELESCOPE_DEC()
2026-02-15 23:01:44 [  INFO] 243373.074 lx200  /Users/v-korovin/Projects/multi_mount/src/lx200/base.py:379 handle: Answer command GD GET_TELESCOPE_DEC() -> +35*00:00
2026-02-15 23:01:44 [WARNING] 243496.369 root  /Users/v-korovin/Projects/multi_mount/src/tests/test_splitter_hw.py:933 test_hw_splitter_guiding_pulses_all_directions_vs_tracking: 
================ GUIDE RESULT =================
GUIDE RAW RATE RA: 0.033s/s
GUIDE RAW RATE DEC: 0.000deg/s
===============================================
2026-02-15 23:01:44 [WARNING] 243554.528 root  /Users/v-korovin/Projects/multi_mount/src/tests/test_splitter_hw.py:523 _ensure_halted: 
================ TEST CLEANUP START ===========
HALT AFTER TEST
===============================================
2026-02-15 23:01:44 [  INFO] 243561.079 lx200  /Users/v-korovin/Projects/multi_mount/src/lx200/base.py:370 handle: Get command Q HALT_ALL()
2026-02-15 23:01:44 [  INFO] 243573.850 SkyWatcherLX200  /Users/v-korovin/Projects/multi_mount/src/skywatcher/skywatcher_lx200.py:217 halt_all: Halt all RA movements
2026-02-15 23:01:44 [  INFO] 243580.313 skywatcher  /Users/v-korovin/Projects/multi_mount/src/skywatcher/skywatcher.py:332 gracefully_stop_motor: Stop motor
2026-02-15 23:01:44 [  INFO] 243644.397 skywatcher  /Users/v-korovin/Projects/multi_mount/src/skywatcher/skywatcher.py:479 resume_tracking: Resume tracking with last rate=1.0
2026-02-15 23:01:44 [  INFO] 243651.482 skywatcher  /Users/v-korovin/Projects/multi_mount/src/skywatcher/skywatcher.py:467 start_tracking: Start tracking request: rate=1.0
2026-02-15 23:01:44 [  INFO] 243677.449 SkyWatcherLX200.telemetry  /Users/v-korovin/Projects/multi_mount/src/skywatcher/skywatcher_lx200.py:61 _do_log_telemetry: RA=12:00:06 running=False mode=0 direction=1 speed=0 goto_active=False
2026-02-15 23:01:44 [  INFO] 243703.295 skywatcher  /Users/v-korovin/Projects/multi_mount/src/skywatcher/skywatcher.py:459 set_ra_rate: Set RA rate: 1.0 * 1 (highspeed=False) mode=0 // period=110359
2026-02-15 23:01:44 [  INFO] 243721.764 skywatcher  /Users/v-korovin/Projects/multi_mount/src/skywatcher/skywatcher.py:332 gracefully_stop_motor: Stop motor
2026-02-15 23:01:44 [  INFO] 243789.837 skywatcher  /Users/v-korovin/Projects/multi_mount/src/skywatcher/skywatcher.py:371 _set_motion: Set motion mode: SkyWatcherStatus(raw=3223856, running=False, initialized=True, slew_mode=<SlewMode.SLEW: 0>, direction=<Direction.FORWARD: 1>, speed_mode=<SpeedMode.LOWSPEED: 0>)
2026-02-15 23:01:44 [  INFO] 243834.185 skywatcher  /Users/v-korovin/Projects/multi_mount/src/skywatcher/skywatcher.py:384 _start_motor: Start motor
2026-02-15 23:01:44 [  INFO] 243871.886 skywatcher  /Users/v-korovin/Projects/multi_mount/src/skywatcher/skywatcher.py:475 start_tracking: Start tracking applied: rate=1.0
2026-02-15 23:01:44 [  INFO] 243877.892 SkyWatcherLX200  /Users/v-korovin/Projects/multi_mount/src/skywatcher/skywatcher_lx200.py:221 halt_all: Halt all RA movements done
2026-02-15 23:01:44 [  INFO] 243884.333 TMC2209LX200  /Users/v-korovin/Projects/multi_mount/src/tmc2209/tmc2209_lx200.py:181 halt_all: Halt all DEC movements
2026-02-15 23:01:44 [  INFO] 243884.466 tmc2209.adapter  /Users/v-korovin/Projects/multi_mount/src/tmc2209/tmc2209_adapter.py:308 halt: Halt request
2026-02-15 23:01:44 [  INFO] 243915.656 tmc2209.adapter  /Users/v-korovin/Projects/multi_mount/src/tmc2209/tmc2209_adapter.py:311 halt: Halt applied: stopping=True
2026-02-15 23:01:44 [  INFO] 243922.194 TMC2209LX200  /Users/v-korovin/Projects/multi_mount/src/tmc2209/tmc2209_lx200.py:183 halt_all: Halt all DEC movements done
2026-02-15 23:01:44 [WARNING] 243970.955 lx200  /Users/v-korovin/Projects/multi_mount/src/lx200/base.py:381 handle: Empty responce: Q HALT_ALL() -> ∅
2026-02-15 23:01:44 [  INFO] 244269.676 TMC2209LX200.telemetry  /Users/v-korovin/Projects/multi_mount/src/tmc2209/tmc2209_lx200.py:146 _do_log_telemetry: DEC=+35*00:00 raw_steps=8750 phase=hold target_set=True enabled=True
2026-02-15 23:01:45 [WARNING] 244492.490 root  /Users/v-korovin/Projects/multi_mount/src/tests/test_splitter_hw.py:533 _ensure_halted: 
================ TEST CLEANUP END =============
HALT AFTER TEST DONE
===============================================
2026-02-15 23:01:45 [WARNING] 244530.564 root  /Users/v-korovin/Projects/multi_mount/src/tests/test_splitter_hw.py:507 _ensure_halted: 
================ TEST PREP START ==============
ENSURE BOTH AXES HALTED
===============================================
2026-02-15 23:01:45 [  INFO] 244530.870 lx200  /Users/v-korovin/Projects/multi_mount/src/lx200/base.py:370 handle: Get command Q HALT_ALL()
2026-02-15 23:01:45 [  INFO] 244542.783 SkyWatcherLX200  /Users/v-korovin/Projects/multi_mount/src/skywatcher/skywatcher_lx200.py:217 halt_all: Halt all RA movements
2026-02-15 23:01:45 [  INFO] 244542.852 skywatcher  /Users/v-korovin/Projects/multi_mount/src/skywatcher/skywatcher.py:332 gracefully_stop_motor: Stop motor
2026-02-15 23:01:45 [  INFO] 244644.667 skywatcher  /Users/v-korovin/Projects/multi_mount/src/skywatcher/skywatcher.py:479 resume_tracking: Resume tracking with last rate=1.0
2026-02-15 23:01:45 [  INFO] 244644.829 skywatcher  /Users/v-korovin/Projects/multi_mount/src/skywatcher/skywatcher.py:467 start_tracking: Start tracking request: rate=1.0
2026-02-15 23:01:45 [  INFO] 244681.636 skywatcher  /Users/v-korovin/Projects/multi_mount/src/skywatcher/skywatcher.py:459 set_ra_rate: Set RA rate: 1.0 * 1 (highspeed=False) mode=0 // period=110359
2026-02-15 23:01:45 [  INFO] 244688.099 skywatcher  /Users/v-korovin/Projects/multi_mount/src/skywatcher/skywatcher.py:332 gracefully_stop_motor: Stop motor
2026-02-15 23:01:45 [  INFO] 244732.057 skywatcher  /Users/v-korovin/Projects/multi_mount/src/skywatcher/skywatcher.py:371 _set_motion: Set motion mode: SkyWatcherStatus(raw=3223856, running=False, initialized=True, slew_mode=<SlewMode.SLEW: 0>, direction=<Direction.FORWARD: 1>, speed_mode=<SpeedMode.LOWSPEED: 0>)
2026-02-15 23:01:45 [  INFO] 244787.947 skywatcher  /Users/v-korovin/Projects/multi_mount/src/skywatcher/skywatcher.py:384 _start_motor: Start motor
2026-02-15 23:01:45 [  INFO] 244842.645 SkyWatcherLX200.telemetry  /Users/v-korovin/Projects/multi_mount/src/skywatcher/skywatcher_lx200.py:61 _do_log_telemetry: RA=12:00:07 running=False mode=0 direction=1 speed=0 goto_active=False
2026-02-15 23:01:45 [  INFO] 244862.352 skywatcher  /Users/v-korovin/Projects/multi_mount/src/skywatcher/skywatcher.py:475 start_tracking: Start tracking applied: rate=1.0
2026-02-15 23:01:45 [  INFO] 244875.178 SkyWatcherLX200  /Users/v-korovin/Projects/multi_mount/src/skywatcher/skywatcher_lx200.py:221 halt_all: Halt all RA movements done
2026-02-15 23:01:45 [  INFO] 244881.145 TMC2209LX200  /Users/v-korovin/Projects/multi_mount/src/tmc2209/tmc2209_lx200.py:181 halt_all: Halt all DEC movements
2026-02-15 23:01:45 [  INFO] 244887.633 tmc2209.adapter  /Users/v-korovin/Projects/multi_mount/src/tmc2209/tmc2209_adapter.py:308 halt: Halt request
2026-02-15 23:01:45 [  INFO] 244950.001 tmc2209.adapter  /Users/v-korovin/Projects/multi_mount/src/tmc2209/tmc2209_adapter.py:311 halt: Halt applied: stopping=True
2026-02-15 23:01:45 [  INFO] 244956.452 TMC2209LX200  /Users/v-korovin/Projects/multi_mount/src/tmc2209/tmc2209_lx200.py:183 halt_all: Halt all DEC movements done
2026-02-15 23:01:45 [WARNING] 244968.615 lx200  /Users/v-korovin/Projects/multi_mount/src/lx200/base.py:381 handle: Empty responce: Q HALT_ALL() -> ∅
2026-02-15 23:01:46 [  INFO] 245417.654 TMC2209LX200.telemetry  /Users/v-korovin/Projects/multi_mount/src/tmc2209/tmc2209_lx200.py:146 _do_log_telemetry: DEC=+35*00:00 raw_steps=8750 phase=hold target_set=True enabled=True
2026-02-15 23:01:46 [WARNING] 245485.686 root  /Users/v-korovin/Projects/multi_mount/src/tests/test_splitter_hw.py:517 _ensure_halted: 
================ TEST PREP END ================
AXES HALTED BEFORE TEST
===============================================
2026-02-15 23:01:46 [WARNING] 245522.871 root  /Users/v-korovin/Projects/multi_mount/src/tests/test_splitter_hw.py:869 test_hw_splitter_guiding_pulses_all_directions_vs_tracking: 
================ TEST START ===================
GUIDING PULSES VS TRACKING
DIRECTION: n
PULSE: 2500ms
AXIS: dec
===============================================
2026-02-15 23:01:46 [WARNING] 245547.321 root  /Users/v-korovin/Projects/multi_mount/src/tests/test_splitter_hw.py:201 sync_known_position: 
================ SYNC START ===================
TARGET RA: 12:00:00
TARGET DEC: +35*00:00
===============================================
2026-02-15 23:01:46 [  INFO] 245553.813 lx200  /Users/v-korovin/Projects/multi_mount/src/lx200/base.py:370 handle: Get command Q HALT_ALL()
2026-02-15 23:01:46 [  INFO] 245560.246 SkyWatcherLX200  /Users/v-korovin/Projects/multi_mount/src/skywatcher/skywatcher_lx200.py:217 halt_all: Halt all RA movements
2026-02-15 23:01:46 [  INFO] 245585.299 skywatcher  /Users/v-korovin/Projects/multi_mount/src/skywatcher/skywatcher.py:332 gracefully_stop_motor: Stop motor
2026-02-15 23:01:46 [  INFO] 245683.401 skywatcher  /Users/v-korovin/Projects/multi_mount/src/skywatcher/skywatcher.py:479 resume_tracking: Resume tracking with last rate=1.0
2026-02-15 23:01:46 [  INFO] 245689.791 skywatcher  /Users/v-korovin/Projects/multi_mount/src/skywatcher/skywatcher.py:467 start_tracking: Start tracking request: rate=1.0
2026-02-15 23:01:46 [  INFO] 245752.605 skywatcher  /Users/v-korovin/Projects/multi_mount/src/skywatcher/skywatcher.py:459 set_ra_rate: Set RA rate: 1.0 * 1 (highspeed=False) mode=0 // period=110359
2026-02-15 23:01:46 [  INFO] 245759.067 skywatcher  /Users/v-korovin/Projects/multi_mount/src/skywatcher/skywatcher.py:332 gracefully_stop_motor: Stop motor
2026-02-15 23:01:46 [  INFO] 245790.539 skywatcher  /Users/v-korovin/Projects/multi_mount/src/skywatcher/skywatcher.py:371 _set_motion: Set motion mode: SkyWatcherStatus(raw=3223856, running=False, initialized=True, slew_mode=<SlewMode.SLEW: 0>, direction=<Direction.FORWARD: 1>, speed_mode=<SpeedMode.LOWSPEED: 0>)
2026-02-15 23:01:46 [  INFO] 245877.894 skywatcher  /Users/v-korovin/Projects/multi_mount/src/skywatcher/skywatcher.py:384 _start_motor: Start motor
2026-02-15 23:01:46 [  INFO] 245915.574 skywatcher  /Users/v-korovin/Projects/multi_mount/src/skywatcher/skywatcher.py:475 start_tracking: Start tracking applied: rate=1.0
2026-02-15 23:01:46 [  INFO] 245928.398 SkyWatcherLX200  /Users/v-korovin/Projects/multi_mount/src/skywatcher/skywatcher_lx200.py:221 halt_all: Halt all RA movements done
2026-02-15 23:01:46 [  INFO] 245934.743 TMC2209LX200  /Users/v-korovin/Projects/multi_mount/src/tmc2209/tmc2209_lx200.py:181 halt_all: Halt all DEC movements
2026-02-15 23:01:46 [  INFO] 245952.924 tmc2209.adapter  /Users/v-korovin/Projects/multi_mount/src/tmc2209/tmc2209_adapter.py:308 halt: Halt request
2026-02-15 23:01:46 [  INFO] 245996.334 tmc2209.adapter  /Users/v-korovin/Projects/multi_mount/src/tmc2209/tmc2209_adapter.py:311 halt: Halt applied: stopping=True
2026-02-15 23:01:46 [  INFO] 246001.953 TMC2209LX200  /Users/v-korovin/Projects/multi_mount/src/tmc2209/tmc2209_lx200.py:183 halt_all: Halt all DEC movements done
2026-02-15 23:01:46 [WARNING] 246008.535 lx200  /Users/v-korovin/Projects/multi_mount/src/lx200/base.py:381 handle: Empty responce: Q HALT_ALL() -> ∅
2026-02-15 23:01:46 [  INFO] 246021.084 lx200  /Users/v-korovin/Projects/multi_mount/src/lx200/base.py:370 handle: Get command GR GET_TELECOPE_RA()
2026-02-15 23:01:46 [  INFO] 246021.199 lx200  /Users/v-korovin/Projects/multi_mount/src/lx200/base.py:379 handle: Answer command GR GET_TELECOPE_RA() -> 12:00:07
2026-02-15 23:01:46 [  INFO] 246027.613 skywatcher  /Users/v-korovin/Projects/multi_mount/src/skywatcher/skywatcher.py:277 get_status: Mount status changed: raw 313130 -> 313131 running False -> True initialized True -> True slew_mode 0 -> 0 direction 1 -> 1 speed_mode 0 -> 0
2026-02-15 23:01:46 [  INFO] 246027.814 SkyWatcherLX200.telemetry  /Users/v-korovin/Projects/multi_mount/src/skywatcher/skywatcher_lx200.py:61 _do_log_telemetry: RA=12:00:07 running=True mode=0 direction=1 speed=0 goto_active=False
2026-02-15 23:01:47 [  INFO] 246501.257 TMC2209LX200.telemetry  /Users/v-korovin/Projects/multi_mount/src/tmc2209/tmc2209_lx200.py:146 _do_log_telemetry: DEC=+35*00:00 raw_steps=8750 phase=hold target_set=True enabled=True
2026-02-15 23:01:47 [  INFO] 247242.616 SkyWatcherLX200.telemetry  /Users/v-korovin/Projects/multi_mount/src/skywatcher/skywatcher_lx200.py:61 _do_log_telemetry: RA=12:00:07 running=True mode=0 direction=1 speed=0 goto_active=False
2026-02-15 23:01:48 [  INFO] 247529.223 lx200  /Users/v-korovin/Projects/multi_mount/src/lx200/base.py:370 handle: Get command GR GET_TELECOPE_RA()
2026-02-15 23:01:48 [  INFO] 247535.751 lx200  /Users/v-korovin/Projects/multi_mount/src/lx200/base.py:379 handle: Answer command GR GET_TELECOPE_RA() -> 12:00:07
2026-02-15 23:01:48 [  INFO] 247690.302 TMC2209LX200.telemetry  /Users/v-korovin/Projects/multi_mount/src/tmc2209/tmc2209_lx200.py:146 _do_log_telemetry: DEC=+35*00:00 raw_steps=8750 phase=hold target_set=True enabled=True
2026-02-15 23:01:48 [WARNING] 247781.869 root  /Users/v-korovin/Projects/multi_mount/src/tests/test_splitter_hw.py:131 _wait_until: 
================ POLLING START ================
TIMEOUT: 12.0s
CONDITION: DEC did not stop in time: phase=hold target_set=True speed=0.0
===============================================
2026-02-15 23:01:48 [WARNING] 247921.703 root  /Users/v-korovin/Projects/multi_mount/src/tests/test_splitter_hw.py:143 _wait_until: 
================ POLLING END ==================
RESULT: SUCCESS
ELAPSED: 0.13s
===============================================
2026-02-15 23:01:48 [  INFO] 247927.984 lx200  /Users/v-korovin/Projects/multi_mount/src/lx200/base.py:370 handle: Get command GD GET_TELESCOPE_DEC()
2026-02-15 23:01:48 [  INFO] 248003.246 lx200  /Users/v-korovin/Projects/multi_mount/src/lx200/base.py:379 handle: Answer command GD GET_TELESCOPE_DEC() -> +35*00:00
2026-02-15 23:01:49 [  INFO] 248367.532 SkyWatcherLX200.telemetry  /Users/v-korovin/Projects/multi_mount/src/skywatcher/skywatcher_lx200.py:61 _do_log_telemetry: RA=12:00:07 running=True mode=0 direction=1 speed=0 goto_active=False
2026-02-15 23:01:49 [  INFO] 248759.106 TMC2209LX200.telemetry  /Users/v-korovin/Projects/multi_mount/src/tmc2209/tmc2209_lx200.py:146 _do_log_telemetry: DEC=+35*00:00 raw_steps=8750 phase=hold target_set=True enabled=True
2026-02-15 23:01:50 [  INFO] 249514.877 lx200  /Users/v-korovin/Projects/multi_mount/src/lx200/base.py:370 handle: Get command GD GET_TELESCOPE_DEC()
2026-02-15 23:01:50 [  INFO] 249552.027 SkyWatcherLX200.telemetry  /Users/v-korovin/Projects/multi_mount/src/skywatcher/skywatcher_lx200.py:61 _do_log_telemetry: RA=12:00:07 running=True mode=0 direction=1 speed=0 goto_active=False
2026-02-15 23:01:50 [  INFO] 249657.402 lx200  /Users/v-korovin/Projects/multi_mount/src/lx200/base.py:379 handle: Answer command GD GET_TELESCOPE_DEC() -> +35*00:00
2026-02-15 23:01:50 [ ERROR] 249851.018 skywatcher  /Users/v-korovin/Projects/multi_mount/src/skywatcher/skywatcher.py:225 _transact: While quering, 3 last
Traceback (most recent call last):
  File "/Users/v-korovin/Projects/multi_mount/src/skywatcher/skywatcher.py", line 210, in _transact
    raise SkyWatcherWrongResponce(response)
skywatcher.skywatcher.SkyWatcherWrongResponce: =123A
2026-02-15 23:01:50 [  INFO] 249864.158 TMC2209LX200.telemetry  /Users/v-korovin/Projects/multi_mount/src/tmc2209/tmc2209_lx200.py:146 _do_log_telemetry: DEC=+35*00:00 raw_steps=8750 phase=hold target_set=True enabled=True
2026-02-15 23:01:50 [  INFO] 250169.513 lx200  /Users/v-korovin/Projects/multi_mount/src/lx200/base.py:370 handle: Get command Sr SET_TELESCOPE_RA(12:00:00)
2026-02-15 23:01:50 [  INFO] 250194.916 lx200  /Users/v-korovin/Projects/multi_mount/src/lx200/base.py:379 handle: Answer command Sr SET_TELESCOPE_RA(12:00:00) -> True
2026-02-15 23:01:50 [  INFO] 250200.858 lx200  /Users/v-korovin/Projects/multi_mount/src/lx200/base.py:370 handle: Get command Sd SET_TELESCOPE_DEC(+35*00:00)
2026-02-15 23:01:50 [  INFO] 250207.279 lx200  /Users/v-korovin/Projects/multi_mount/src/lx200/base.py:379 handle: Answer command Sd SET_TELESCOPE_DEC(+35*00:00) -> True
2026-02-15 23:01:50 [  INFO] 250207.410 lx200  /Users/v-korovin/Projects/multi_mount/src/lx200/base.py:370 handle: Get command CM SYNC()
2026-02-15 23:01:50 [  INFO] 250220.066 SkyWatcherLX200  /Users/v-korovin/Projects/multi_mount/src/skywatcher/skywatcher_lx200.py:208 sync_telescope_ra: Sync RA to 12:00:00
2026-02-15 23:01:50 [ ERROR] 250226.485 skywatcher  /Users/v-korovin/Projects/multi_mount/src/skywatcher/skywatcher.py:225 _transact: While quering, 3 last
Traceback (most recent call last):
  File "/Users/v-korovin/Projects/multi_mount/src/skywatcher/skywatcher.py", line 210, in _transact
    raise SkyWatcherWrongResponce(response)
skywatcher.skywatcher.SkyWatcherWrongResponce: =473A2
2026-02-15 23:01:50 [  INFO] 250281.301 TMC2209LX200  /Users/v-korovin/Projects/multi_mount/src/tmc2209/tmc2209_lx200.py:174 sync_telescope_dec: Sync DEC to +35*00:00
2026-02-15 23:01:50 [  INFO] 250287.762 tmc2209.adapter  /Users/v-korovin/Projects/multi_mount/src/tmc2209/tmc2209_adapter.py:250 set_position: Set position request: position=8750
2026-02-15 23:01:50 [  INFO] 250319.450 tmc2209.adapter  /Users/v-korovin/Projects/multi_mount/src/tmc2209/tmc2209_adapter.py:253 set_position: Set position applied: position=8750
2026-02-15 23:01:50 [  INFO] 250325.750 TMC2209LX200  /Users/v-korovin/Projects/multi_mount/src/tmc2209/tmc2209_lx200.py:177 sync_telescope_dec: Sync DEC applied: steps=8750
2026-02-15 23:01:50 [  INFO] 250325.834 lx200  /Users/v-korovin/Projects/multi_mount/src/lx200/base.py:379 handle: Answer command CM SYNC() -> OK
2026-02-15 23:01:50 [  INFO] 250325.930 lx200  /Users/v-korovin/Projects/multi_mount/src/lx200/base.py:370 handle: Get command GR GET_TELECOPE_RA()
2026-02-15 23:01:51 [  INFO] 250332.348 lx200  /Users/v-korovin/Projects/multi_mount/src/lx200/base.py:379 handle: Answer command GR GET_TELECOPE_RA() -> 12:00:00
2026-02-15 23:01:51 [WARNING] 250344.570 root  /Users/v-korovin/Projects/multi_mount/src/tests/test_splitter_hw.py:131 _wait_until: 
================ POLLING START ================
TIMEOUT: 10.0s
CONDITION: RA did not reach target in time: current=12:00:00 target=12:00:00 distance=0.00s
===============================================
2026-02-15 23:01:51 [  INFO] 250350.996 lx200  /Users/v-korovin/Projects/multi_mount/src/lx200/base.py:370 handle: Get command GR GET_TELECOPE_RA()
2026-02-15 23:01:51 [  INFO] 250357.443 lx200  /Users/v-korovin/Projects/multi_mount/src/lx200/base.py:379 handle: Answer command GR GET_TELECOPE_RA() -> 12:00:00
2026-02-15 23:01:51 [WARNING] 250363.865 root  /Users/v-korovin/Projects/multi_mount/src/tests/test_splitter_hw.py:143 _wait_until: 
================ POLLING END ==================
RESULT: SUCCESS
ELAPSED: 0.01s
===============================================
2026-02-15 23:01:51 [  INFO] 250370.348 lx200  /Users/v-korovin/Projects/multi_mount/src/lx200/base.py:370 handle: Get command GD GET_TELESCOPE_DEC()
2026-02-15 23:01:51 [  INFO] 250452.856 lx200  /Users/v-korovin/Projects/multi_mount/src/lx200/base.py:379 handle: Answer command GD GET_TELESCOPE_DEC() -> +35*00:00
2026-02-15 23:01:51 [WARNING] 250459.225 root  /Users/v-korovin/Projects/multi_mount/src/tests/test_splitter_hw.py:131 _wait_until: 
================ POLLING START ================
TIMEOUT: 10.0s
CONDITION: DEC did not reach target in time: current=+35*00:00 target=+35*00:00 distance=0.000deg
===============================================
2026-02-15 23:01:51 [  INFO] 250465.688 lx200  /Users/v-korovin/Projects/multi_mount/src/lx200/base.py:370 handle: Get command GD GET_TELESCOPE_DEC()
2026-02-15 23:01:51 [  INFO] 250595.940 lx200  /Users/v-korovin/Projects/multi_mount/src/lx200/base.py:379 handle: Answer command GD GET_TELESCOPE_DEC() -> +35*00:00
2026-02-15 23:01:51 [WARNING] 250602.260 root  /Users/v-korovin/Projects/multi_mount/src/tests/test_splitter_hw.py:143 _wait_until: 
================ POLLING END ==================
RESULT: SUCCESS
ELAPSED: 0.14s
===============================================
2026-02-15 23:01:51 [  INFO] 250602.384 lx200  /Users/v-korovin/Projects/multi_mount/src/lx200/base.py:370 handle: Get command GR GET_TELECOPE_RA()
2026-02-15 23:01:51 [  INFO] 250602.436 lx200  /Users/v-korovin/Projects/multi_mount/src/lx200/base.py:379 handle: Answer command GR GET_TELECOPE_RA() -> 12:00:00
2026-02-15 23:01:51 [  INFO] 250602.485 lx200  /Users/v-korovin/Projects/multi_mount/src/lx200/base.py:370 handle: Get command GD GET_TELESCOPE_DEC()
2026-02-15 23:01:51 [  INFO] 250658.424 SkyWatcherLX200.telemetry  /Users/v-korovin/Projects/multi_mount/src/skywatcher/skywatcher_lx200.py:61 _do_log_telemetry: RA=12:00:00 running=True mode=0 direction=1 speed=0 goto_active=False
2026-02-15 23:01:51 [  INFO] 250677.145 lx200  /Users/v-korovin/Projects/multi_mount/src/lx200/base.py:379 handle: Answer command GD GET_TELESCOPE_DEC() -> +35*00:00
2026-02-15 23:01:51 [WARNING] 250683.592 root  /Users/v-korovin/Projects/multi_mount/src/tests/test_splitter_hw.py:218 sync_known_position: 
================ SYNC END =====================
RA: 12:00:00
DEC: +35*00:00
===============================================
2026-02-15 23:01:51 [WARNING] 250683.676 root  /Users/v-korovin/Projects/multi_mount/src/tests/test_splitter_hw.py:885 test_hw_splitter_guiding_pulses_all_directions_vs_tracking: 
================ GUIDE BASELINE START =========
DURATION: 3.70s
===============================================
2026-02-15 23:01:51 [  INFO] 250915.263 TMC2209LX200.telemetry  /Users/v-korovin/Projects/multi_mount/src/tmc2209/tmc2209_lx200.py:146 _do_log_telemetry: DEC=+35*00:00 raw_steps=8750 phase=hold target_set=True enabled=True
2026-02-15 23:01:52 [  INFO] 251712.635 SkyWatcherLX200.telemetry  /Users/v-korovin/Projects/multi_mount/src/skywatcher/skywatcher_lx200.py:61 _do_log_telemetry: RA=12:00:00 running=True mode=0 direction=1 speed=0 goto_active=False
2026-02-15 23:01:52 [  INFO] 252058.915 TMC2209LX200.telemetry  /Users/v-korovin/Projects/multi_mount/src/tmc2209/tmc2209_lx200.py:146 _do_log_telemetry: DEC=+35*00:00 raw_steps=8750 phase=hold target_set=True enabled=True
2026-02-15 23:01:53 [  INFO] 252866.939 SkyWatcherLX200.telemetry  /Users/v-korovin/Projects/multi_mount/src/skywatcher/skywatcher_lx200.py:61 _do_log_telemetry: RA=12:00:00 running=True mode=0 direction=1 speed=0 goto_active=False
2026-02-15 23:01:53 [  INFO] 253126.289 TMC2209LX200.telemetry  /Users/v-korovin/Projects/multi_mount/src/tmc2209/tmc2209_lx200.py:146 _do_log_telemetry: DEC=+35*00:00 raw_steps=8750 phase=hold target_set=True enabled=True
2026-02-15 23:01:54 [  INFO] 253972.244 SkyWatcherLX200.telemetry  /Users/v-korovin/Projects/multi_mount/src/skywatcher/skywatcher_lx200.py:61 _do_log_telemetry: RA=12:00:00 running=True mode=0 direction=1 speed=0 goto_active=False
2026-02-15 23:01:54 [  INFO] 254204.169 TMC2209LX200.telemetry  /Users/v-korovin/Projects/multi_mount/src/tmc2209/tmc2209_lx200.py:146 _do_log_telemetry: DEC=+35*00:00 raw_steps=8750 phase=hold target_set=True enabled=True
2026-02-15 23:01:55 [WARNING] 254486.399 root  /Users/v-korovin/Projects/multi_mount/src/tests/test_splitter_hw.py:902 test_hw_splitter_guiding_pulses_all_directions_vs_tracking: 
================ GUIDE BASELINE END ===========
BASELINE RAW RATE RA: 1.015s/s
BASELINE RAW RATE DEC: 0.000deg/s
===============================================
2026-02-15 23:01:55 [WARNING] 254486.612 root  /Users/v-korovin/Projects/multi_mount/src/tests/test_splitter_hw.py:201 sync_known_position: 
================ SYNC START ===================
TARGET RA: 12:00:00
TARGET DEC: +35*00:00
===============================================
2026-02-15 23:01:55 [  INFO] 254492.527 lx200  /Users/v-korovin/Projects/multi_mount/src/lx200/base.py:370 handle: Get command Q HALT_ALL()
2026-02-15 23:01:55 [  INFO] 254492.601 SkyWatcherLX200  /Users/v-korovin/Projects/multi_mount/src/skywatcher/skywatcher_lx200.py:217 halt_all: Halt all RA movements
2026-02-15 23:01:55 [  INFO] 254492.648 skywatcher  /Users/v-korovin/Projects/multi_mount/src/skywatcher/skywatcher.py:332 gracefully_stop_motor: Stop motor
2026-02-15 23:01:55 [  INFO] 254568.206 skywatcher  /Users/v-korovin/Projects/multi_mount/src/skywatcher/skywatcher.py:277 get_status: Mount status changed: raw 313131 -> 313130 running True -> False initialized True -> True slew_mode 0 -> 0 direction 1 -> 1 speed_mode 0 -> 0
2026-02-15 23:01:55 [  INFO] 254592.585 skywatcher  /Users/v-korovin/Projects/multi_mount/src/skywatcher/skywatcher.py:479 resume_tracking: Resume tracking with last rate=1.0
2026-02-15 23:01:55 [  INFO] 254604.672 skywatcher  /Users/v-korovin/Projects/multi_mount/src/skywatcher/skywatcher.py:467 start_tracking: Start tracking request: rate=1.0
2026-02-15 23:01:55 [  INFO] 254648.683 skywatcher  /Users/v-korovin/Projects/multi_mount/src/skywatcher/skywatcher.py:459 set_ra_rate: Set RA rate: 1.0 * 1 (highspeed=False) mode=0 // period=110359
2026-02-15 23:01:55 [  INFO] 254648.848 skywatcher  /Users/v-korovin/Projects/multi_mount/src/skywatcher/skywatcher.py:332 gracefully_stop_motor: Stop motor
2026-02-15 23:01:55 [  INFO] 254680.596 skywatcher  /Users/v-korovin/Projects/multi_mount/src/skywatcher/skywatcher.py:371 _set_motion: Set motion mode: SkyWatcherStatus(raw=3223856, running=False, initialized=True, slew_mode=<SlewMode.SLEW: 0>, direction=<Direction.FORWARD: 1>, speed_mode=<SpeedMode.LOWSPEED: 0>)
2026-02-15 23:01:55 [  INFO] 254719.534 skywatcher  /Users/v-korovin/Projects/multi_mount/src/skywatcher/skywatcher.py:384 _start_motor: Start motor
2026-02-15 23:01:55 [  INFO] 254732.924 skywatcher  /Users/v-korovin/Projects/multi_mount/src/skywatcher/skywatcher.py:475 start_tracking: Start tracking applied: rate=1.0
2026-02-15 23:01:55 [  INFO] 254739.433 SkyWatcherLX200  /Users/v-korovin/Projects/multi_mount/src/skywatcher/skywatcher_lx200.py:221 halt_all: Halt all RA movements done
2026-02-15 23:01:55 [  INFO] 254752.049 TMC2209LX200  /Users/v-korovin/Projects/multi_mount/src/tmc2209/tmc2209_lx200.py:181 halt_all: Halt all DEC movements
2026-02-15 23:01:55 [  INFO] 254764.765 tmc2209.adapter  /Users/v-korovin/Projects/multi_mount/src/tmc2209/tmc2209_adapter.py:308 halt: Halt request
2026-02-15 23:01:55 [  INFO] 254826.398 tmc2209.adapter  /Users/v-korovin/Projects/multi_mount/src/tmc2209/tmc2209_adapter.py:311 halt: Halt applied: stopping=True
2026-02-15 23:01:55 [  INFO] 254832.895 TMC2209LX200  /Users/v-korovin/Projects/multi_mount/src/tmc2209/tmc2209_lx200.py:183 halt_all: Halt all DEC movements done
2026-02-15 23:01:55 [WARNING] 254844.566 lx200  /Users/v-korovin/Projects/multi_mount/src/lx200/base.py:381 handle: Empty responce: Q HALT_ALL() -> ∅
2026-02-15 23:01:55 [  INFO] 254857.357 lx200  /Users/v-korovin/Projects/multi_mount/src/lx200/base.py:370 handle: Get command GR GET_TELECOPE_RA()
2026-02-15 23:01:55 [  INFO] 254870.160 lx200  /Users/v-korovin/Projects/multi_mount/src/lx200/base.py:379 handle: Answer command GR GET_TELECOPE_RA() -> 12:00:00
2026-02-15 23:01:55 [  INFO] 255088.571 skywatcher  /Users/v-korovin/Projects/multi_mount/src/skywatcher/skywatcher.py:277 get_status: Mount status changed: raw 313130 -> 313131 running False -> True initialized True -> True slew_mode 0 -> 0 direction 1 -> 1 speed_mode 0 -> 0
2026-02-15 23:01:55 [  INFO] 255094.507 SkyWatcherLX200.telemetry  /Users/v-korovin/Projects/multi_mount/src/skywatcher/skywatcher_lx200.py:61 _do_log_telemetry: RA=12:00:00 running=True mode=0 direction=1 speed=0 goto_active=False
2026-02-15 23:01:55 [  INFO] 255269.607 TMC2209LX200.telemetry  /Users/v-korovin/Projects/multi_mount/src/tmc2209/tmc2209_lx200.py:146 _do_log_telemetry: DEC=+35*00:00 raw_steps=8750 phase=hold target_set=True enabled=True
2026-02-15 23:01:56 [  INFO] 256226.028 SkyWatcherLX200.telemetry  /Users/v-korovin/Projects/multi_mount/src/skywatcher/skywatcher_lx200.py:61 _do_log_telemetry: RA=12:00:00 running=True mode=0 direction=1 speed=0 goto_active=False
2026-02-15 23:01:57 [  INFO] 256390.377 lx200  /Users/v-korovin/Projects/multi_mount/src/lx200/base.py:370 handle: Get command GR GET_TELECOPE_RA()
2026-02-15 23:01:57 [  INFO] 256402.358 lx200  /Users/v-korovin/Projects/multi_mount/src/lx200/base.py:379 handle: Answer command GR GET_TELECOPE_RA() -> 12:00:00
2026-02-15 23:01:57 [  INFO] 256421.518 TMC2209LX200.telemetry  /Users/v-korovin/Projects/multi_mount/src/tmc2209/tmc2209_lx200.py:146 _do_log_telemetry: DEC=+35*00:00 raw_steps=8750 phase=hold target_set=True enabled=True
2026-02-15 23:01:57 [WARNING] 256505.325 root  /Users/v-korovin/Projects/multi_mount/src/tests/test_splitter_hw.py:131 _wait_until: 
================ POLLING START ================
TIMEOUT: 12.0s
CONDITION: DEC did not stop in time: phase=hold target_set=True speed=0.0
===============================================
2026-02-15 23:01:57 [WARNING] 256617.619 root  /Users/v-korovin/Projects/multi_mount/src/tests/test_splitter_hw.py:143 _wait_until: 
================ POLLING END ==================
RESULT: SUCCESS
ELAPSED: 0.11s
===============================================
2026-02-15 23:01:57 [  INFO] 256617.840 lx200  /Users/v-korovin/Projects/multi_mount/src/lx200/base.py:370 handle: Get command GD GET_TELESCOPE_DEC()
2026-02-15 23:01:57 [  INFO] 256674.056 lx200  /Users/v-korovin/Projects/multi_mount/src/lx200/base.py:379 handle: Answer command GD GET_TELESCOPE_DEC() -> +35*00:00
2026-02-15 23:01:58 [  INFO] 257384.109 SkyWatcherLX200.telemetry  /Users/v-korovin/Projects/multi_mount/src/skywatcher/skywatcher_lx200.py:61 _do_log_telemetry: RA=12:00:00 running=True mode=0 direction=1 speed=0 goto_active=False
2026-02-15 23:01:58 [  INFO] 257519.630 TMC2209LX200.telemetry  /Users/v-korovin/Projects/multi_mount/src/tmc2209/tmc2209_lx200.py:146 _do_log_telemetry: DEC=+35*00:00 raw_steps=8750 phase=hold target_set=True enabled=True
2026-02-15 23:01:58 [  INFO] 258191.924 lx200  /Users/v-korovin/Projects/multi_mount/src/lx200/base.py:370 handle: Get command GD GET_TELESCOPE_DEC()
2026-02-15 23:01:58 [  INFO] 258323.865 lx200  /Users/v-korovin/Projects/multi_mount/src/lx200/base.py:379 handle: Answer command GD GET_TELESCOPE_DEC() -> +35*00:00
2026-02-15 23:01:59 [  INFO] 258567.600 SkyWatcherLX200.telemetry  /Users/v-korovin/Projects/multi_mount/src/skywatcher/skywatcher_lx200.py:61 _do_log_telemetry: RA=12:00:00 running=True mode=0 direction=1 speed=0 goto_active=False
2026-02-15 23:01:59 [  INFO] 258580.863 TMC2209LX200.telemetry  /Users/v-korovin/Projects/multi_mount/src/tmc2209/tmc2209_lx200.py:146 _do_log_telemetry: DEC=+35*00:00 raw_steps=8750 phase=hold target_set=True enabled=True
2026-02-15 23:01:59 [  INFO] 258834.086 lx200  /Users/v-korovin/Projects/multi_mount/src/lx200/base.py:370 handle: Get command Sr SET_TELESCOPE_RA(12:00:00)
2026-02-15 23:01:59 [  INFO] 258846.872 lx200  /Users/v-korovin/Projects/multi_mount/src/lx200/base.py:379 handle: Answer command Sr SET_TELESCOPE_RA(12:00:00) -> True
2026-02-15 23:01:59 [  INFO] 258846.966 lx200  /Users/v-korovin/Projects/multi_mount/src/lx200/base.py:370 handle: Get command Sd SET_TELESCOPE_DEC(+35*00:00)
2026-02-15 23:01:59 [  INFO] 258852.909 lx200  /Users/v-korovin/Projects/multi_mount/src/lx200/base.py:379 handle: Answer command Sd SET_TELESCOPE_DEC(+35*00:00) -> True
2026-02-15 23:01:59 [  INFO] 258859.348 lx200  /Users/v-korovin/Projects/multi_mount/src/lx200/base.py:370 handle: Get command CM SYNC()
2026-02-15 23:01:59 [  INFO] 258872.085 SkyWatcherLX200  /Users/v-korovin/Projects/multi_mount/src/skywatcher/skywatcher_lx200.py:208 sync_telescope_ra: Sync RA to 12:00:00
2026-02-15 23:01:59 [  INFO] 258928.536 TMC2209LX200  /Users/v-korovin/Projects/multi_mount/src/tmc2209/tmc2209_lx200.py:174 sync_telescope_dec: Sync DEC to +35*00:00
2026-02-15 23:01:59 [  INFO] 258941.330 tmc2209.adapter  /Users/v-korovin/Projects/multi_mount/src/tmc2209/tmc2209_adapter.py:250 set_position: Set position request: position=8750
2026-02-15 23:01:59 [  INFO] 258998.354 tmc2209.adapter  /Users/v-korovin/Projects/multi_mount/src/tmc2209/tmc2209_adapter.py:253 set_position: Set position applied: position=8750
2026-02-15 23:01:59 [  INFO] 259011.154 TMC2209LX200  /Users/v-korovin/Projects/multi_mount/src/tmc2209/tmc2209_lx200.py:177 sync_telescope_dec: Sync DEC applied: steps=8750
2026-02-15 23:01:59 [  INFO] 259023.859 lx200  /Users/v-korovin/Projects/multi_mount/src/lx200/base.py:379 handle: Answer command CM SYNC() -> OK
2026-02-15 23:01:59 [  INFO] 259036.167 lx200  /Users/v-korovin/Projects/multi_mount/src/lx200/base.py:370 handle: Get command GR GET_TELECOPE_RA()
2026-02-15 23:01:59 [  INFO] 259042.555 lx200  /Users/v-korovin/Projects/multi_mount/src/lx200/base.py:379 handle: Answer command GR GET_TELECOPE_RA() -> 12:00:00
2026-02-15 23:01:59 [WARNING] 259048.946 root  /Users/v-korovin/Projects/multi_mount/src/tests/test_splitter_hw.py:131 _wait_until: 
================ POLLING START ================
TIMEOUT: 10.0s
CONDITION: RA did not reach target in time: current=12:00:00 target=12:00:00 distance=0.00s
===============================================
2026-02-15 23:01:59 [  INFO] 259055.410 lx200  /Users/v-korovin/Projects/multi_mount/src/lx200/base.py:370 handle: Get command GR GET_TELECOPE_RA()
2026-02-15 23:01:59 [  INFO] 259067.526 lx200  /Users/v-korovin/Projects/multi_mount/src/lx200/base.py:379 handle: Answer command GR GET_TELECOPE_RA() -> 12:00:00
2026-02-15 23:01:59 [WARNING] 259080.305 root  /Users/v-korovin/Projects/multi_mount/src/tests/test_splitter_hw.py:143 _wait_until: 
================ POLLING END ==================
RESULT: SUCCESS
ELAPSED: 0.02s
===============================================
2026-02-15 23:01:59 [  INFO] 259093.055 lx200  /Users/v-korovin/Projects/multi_mount/src/lx200/base.py:370 handle: Get command GD GET_TELESCOPE_DEC()
2026-02-15 23:01:59 [  INFO] 259149.379 lx200  /Users/v-korovin/Projects/multi_mount/src/lx200/base.py:379 handle: Answer command GD GET_TELESCOPE_DEC() -> +35*00:00
2026-02-15 23:01:59 [WARNING] 259161.225 root  /Users/v-korovin/Projects/multi_mount/src/tests/test_splitter_hw.py:131 _wait_until: 
================ POLLING START ================
TIMEOUT: 10.0s
CONDITION: DEC did not reach target in time: current=+35*00:00 target=+35*00:00 distance=0.000deg
===============================================
2026-02-15 23:01:59 [  INFO] 259167.638 lx200  /Users/v-korovin/Projects/multi_mount/src/lx200/base.py:370 handle: Get command GD GET_TELESCOPE_DEC()
2026-02-15 23:01:59 [  INFO] 259242.531 lx200  /Users/v-korovin/Projects/multi_mount/src/lx200/base.py:379 handle: Answer command GD GET_TELESCOPE_DEC() -> +35*00:00
2026-02-15 23:01:59 [WARNING] 259242.730 root  /Users/v-korovin/Projects/multi_mount/src/tests/test_splitter_hw.py:143 _wait_until: 
================ POLLING END ==================
RESULT: SUCCESS
ELAPSED: 0.08s
===============================================
2026-02-15 23:01:59 [  INFO] 259242.908 lx200  /Users/v-korovin/Projects/multi_mount/src/lx200/base.py:370 handle: Get command GR GET_TELECOPE_RA()
2026-02-15 23:01:59 [  INFO] 259249.313 lx200  /Users/v-korovin/Projects/multi_mount/src/lx200/base.py:379 handle: Answer command GR GET_TELECOPE_RA() -> 12:00:00
2026-02-15 23:01:59 [  INFO] 259261.955 lx200  /Users/v-korovin/Projects/multi_mount/src/lx200/base.py:370 handle: Get command GD GET_TELESCOPE_DEC()
2026-02-15 23:01:59 [  INFO] 259312.960 lx200  /Users/v-korovin/Projects/multi_mount/src/lx200/base.py:379 handle: Answer command GD GET_TELESCOPE_DEC() -> +35*00:00
2026-02-15 23:01:59 [WARNING] 259319.434 root  /Users/v-korovin/Projects/multi_mount/src/tests/test_splitter_hw.py:218 sync_known_position: 
================ SYNC END =====================
RA: 12:00:00
DEC: +35*00:00
===============================================
2026-02-15 23:01:59 [  INFO] 259324.696 lx200  /Users/v-korovin/Projects/multi_mount/src/lx200/base.py:370 handle: Get command GR GET_TELECOPE_RA()
2026-02-15 23:02:00 [  INFO] 259331.086 lx200  /Users/v-korovin/Projects/multi_mount/src/lx200/base.py:379 handle: Answer command GR GET_TELECOPE_RA() -> 12:00:00
2026-02-15 23:02:00 [  INFO] 259337.505 lx200  /Users/v-korovin/Projects/multi_mount/src/lx200/base.py:370 handle: Get command GD GET_TELESCOPE_DEC()
2026-02-15 23:02:00 [  INFO] 259467.619 lx200  /Users/v-korovin/Projects/multi_mount/src/lx200/base.py:379 handle: Answer command GD GET_TELESCOPE_DEC() -> +35*00:00
2026-02-15 23:02:00 [WARNING] 259610.004 root  /Users/v-korovin/Projects/multi_mount/src/tests/test_splitter_hw.py:919 test_hw_splitter_guiding_pulses_all_directions_vs_tracking: 
================ GUIDE START ==================
SEND GUIDE PULSE
===============================================
2026-02-15 23:02:00 [  INFO] 259616.262 lx200  /Users/v-korovin/Projects/multi_mount/src/lx200/base.py:370 handle: Get command Mg GUIDE(n2500)
2026-02-15 23:02:00 [WARNING] 259622.751 lx200  /Users/v-korovin/Projects/multi_mount/src/lx200/base.py:381 handle: Empty responce: Mg GUIDE(n2500) -> ∅
2026-02-15 23:02:00 [  INFO] 259622.814 TMC2209LX200  /Users/v-korovin/Projects/multi_mount/src/tmc2209/tmc2209_lx200.py:259 guide_north: Guide north start
2026-02-15 23:02:00 [  INFO] 259623.018 TMC2209LX200  /Users/v-korovin/Projects/multi_mount/src/tmc2209/tmc2209_lx200.py:295 _apply_profile: Apply profile: microsteps=128 speed=1000 accel=10000
2026-02-15 23:02:00 [  INFO] 259623.215 tmc2209.adapter  /Users/v-korovin/Projects/multi_mount/src/tmc2209/tmc2209_adapter.py:275 set_speed_sps: Set speed request: speed_sps=1000
2026-02-15 23:02:00 [  INFO] 259634.961 TMC2209LX200.telemetry  /Users/v-korovin/Projects/multi_mount/src/tmc2209/tmc2209_lx200.py:146 _do_log_telemetry: DEC=+35*00:00 raw_steps=8750 phase=hold target_set=True enabled=True
2026-02-15 23:02:00 [  INFO] 259641.070 tmc2209.adapter  /Users/v-korovin/Projects/multi_mount/src/tmc2209/tmc2209_adapter.py:278 set_speed_sps: Set speed applied: speed_sps=1000.0
2026-02-15 23:02:00 [  INFO] 259641.190 tmc2209.adapter  /Users/v-korovin/Projects/multi_mount/src/tmc2209/tmc2209_adapter.py:286 set_acceleration_steps_per_ms: Set acceleration request: accel_steps_per_ms=10000
2026-02-15 23:02:00 [  INFO] 259648.277 tmc2209.adapter  /Users/v-korovin/Projects/multi_mount/src/tmc2209/tmc2209_adapter.py:289 set_acceleration_steps_per_ms: Set acceleration applied: accel_steps_per_ms=10000.0
2026-02-15 23:02:00 [  INFO] 259648.425 tmc2209.adapter  /Users/v-korovin/Projects/multi_mount/src/tmc2209/tmc2209_adapter.py:265 set_direction: Set direction request: backward=False
2026-02-15 23:02:00 [  INFO] 259654.286 tmc2209.adapter  /Users/v-korovin/Projects/multi_mount/src/tmc2209/tmc2209_adapter.py:269 set_direction: Set direction applied: backward=False
2026-02-15 23:02:00 [  INFO] 259654.380 tmc2209.adapter  /Users/v-korovin/Projects/multi_mount/src/tmc2209/tmc2209_adapter.py:301 run: Run request
2026-02-15 23:02:00 [  INFO] 259660.707 tmc2209.adapter  /Users/v-korovin/Projects/multi_mount/src/tmc2209/tmc2209_adapter.py:304 run: Run applied: running=True
2026-02-15 23:02:00 [  INFO] 259660.828 TMC2209LX200  /Users/v-korovin/Projects/multi_mount/src/tmc2209/tmc2209_lx200.py:263 guide_north: Guide north applied
2026-02-15 23:02:00 [  INFO] 259745.125 SkyWatcherLX200.telemetry  /Users/v-korovin/Projects/multi_mount/src/skywatcher/skywatcher_lx200.py:61 _do_log_telemetry: RA=12:00:00 running=True mode=0 direction=1 speed=0 goto_active=False
2026-02-15 23:02:01 [  INFO] 260675.651 tmc2209.adapter  /Users/v-korovin/Projects/multi_mount/src/tmc2209/tmc2209_adapter.py:206 status: Status changed: initialised True -> True enabled True -> True phase hold -> running target_set True -> True
2026-02-15 23:02:01 [  INFO] 260676.600 TMC2209LX200.telemetry  /Users/v-korovin/Projects/multi_mount/src/tmc2209/tmc2209_lx200.py:146 _do_log_telemetry: DEC=+38*44:53 raw_steps=9687 phase=running target_set=True enabled=True
2026-02-15 23:02:01 [  INFO] 260773.366 SkyWatcherLX200.telemetry  /Users/v-korovin/Projects/multi_mount/src/skywatcher/skywatcher_lx200.py:61 _do_log_telemetry: RA=12:00:00 running=True mode=0 direction=1 speed=0 goto_active=False
2026-02-15 23:02:02 [  INFO] 261701.445 tmc2209.adapter  /Users/v-korovin/Projects/multi_mount/src/tmc2209/tmc2209_adapter.py:206 status: Status changed: initialised True -> True enabled True -> True phase running -> hold target_set True -> False
2026-02-15 23:02:02 [  INFO] 261701.775 TMC2209LX200.telemetry  /Users/v-korovin/Projects/multi_mount/src/tmc2209/tmc2209_lx200.py:146 _do_log_telemetry: DEC=+40*00:00 raw_steps=10000 phase=hold target_set=False enabled=True
2026-02-15 23:02:02 [  INFO] 261806.066 SkyWatcherLX200.telemetry  /Users/v-korovin/Projects/multi_mount/src/skywatcher/skywatcher_lx200.py:61 _do_log_telemetry: RA=12:00:00 running=True mode=0 direction=1 speed=0 goto_active=False
2026-02-15 23:02:02 [  INFO] 262164.949 TMC2209LX200  /Users/v-korovin/Projects/multi_mount/src/tmc2209/tmc2209_lx200.py:278 guide_reset: Guide reset
2026-02-15 23:02:02 [  INFO] 262165.463 TMC2209LX200  /Users/v-korovin/Projects/multi_mount/src/tmc2209/tmc2209_lx200.py:181 halt_all: Halt all DEC movements
2026-02-15 23:02:02 [  INFO] 262165.598 tmc2209.adapter  /Users/v-korovin/Projects/multi_mount/src/tmc2209/tmc2209_adapter.py:308 halt: Halt request
2026-02-15 23:02:02 [  INFO] 262170.993 tmc2209.adapter  /Users/v-korovin/Projects/multi_mount/src/tmc2209/tmc2209_adapter.py:311 halt: Halt applied: stopping=True
2026-02-15 23:02:02 [  INFO] 262171.336 TMC2209LX200  /Users/v-korovin/Projects/multi_mount/src/tmc2209/tmc2209_lx200.py:183 halt_all: Halt all DEC movements done
2026-02-15 23:02:02 [  INFO] 262173.751 skywatcher  /Users/v-korovin/Projects/multi_mount/src/skywatcher/skywatcher.py:459 set_ra_rate: Set RA rate: 1.0 * 1 (highspeed=False) mode=0 // period=110359
2026-02-15 23:02:02 [  INFO] 262173.950 skywatcher  /Users/v-korovin/Projects/multi_mount/src/skywatcher/skywatcher.py:332 gracefully_stop_motor: Stop motor
2026-02-15 23:02:02 [  INFO] 262177.501 skywatcher  /Users/v-korovin/Projects/multi_mount/src/skywatcher/skywatcher.py:277 get_status: Mount status changed: raw 313131 -> 313130 running True -> False initialized True -> True slew_mode 0 -> 0 direction 1 -> 1 speed_mode 0 -> 0
2026-02-15 23:02:02 [  INFO] 262177.826 skywatcher  /Users/v-korovin/Projects/multi_mount/src/skywatcher/skywatcher.py:371 _set_motion: Set motion mode: SkyWatcherStatus(raw=3223857, running=True, initialized=True, slew_mode=<SlewMode.SLEW: 0>, direction=<Direction.FORWARD: 1>, speed_mode=<SpeedMode.LOWSPEED: 0>)
2026-02-15 23:02:03 [  INFO] 262728.025 TMC2209LX200.telemetry  /Users/v-korovin/Projects/multi_mount/src/tmc2209/tmc2209_lx200.py:146 _do_log_telemetry: DEC=+40*00:00 raw_steps=10000 phase=hold target_set=False enabled=True
2026-02-15 23:02:03 [  INFO] 262839.202 SkyWatcherLX200.telemetry  /Users/v-korovin/Projects/multi_mount/src/skywatcher/skywatcher_lx200.py:61 _do_log_telemetry: RA=12:00:00 running=False mode=0 direction=1 speed=0 goto_active=False
2026-02-15 23:02:04 [  INFO] 263334.257 lx200  /Users/v-korovin/Projects/multi_mount/src/lx200/base.py:370 handle: Get command GR GET_TELECOPE_RA()
2026-02-15 23:02:04 [  INFO] 263340.600 lx200  /Users/v-korovin/Projects/multi_mount/src/lx200/base.py:379 handle: Answer command GR GET_TELECOPE_RA() -> 12:00:01
2026-02-15 23:02:04 [  INFO] 263365.618 lx200  /Users/v-korovin/Projects/multi_mount/src/lx200/base.py:370 handle: Get command GD GET_TELESCOPE_DEC()
2026-02-15 23:02:04 [  INFO] 263452.374 lx200  /Users/v-korovin/Projects/multi_mount/src/lx200/base.py:379 handle: Answer command GD GET_TELESCOPE_DEC() -> +40*00:00
2026-02-15 23:02:04 [WARNING] 263596.316 root  /Users/v-korovin/Projects/multi_mount/src/tests/test_splitter_hw.py:933 test_hw_splitter_guiding_pulses_all_directions_vs_tracking: 
================ GUIDE RESULT =================
GUIDE RAW RATE RA: 0.718s/s
GUIDE RAW RATE DEC: 1.351deg/s
===============================================
2026-02-15 23:02:04 [WARNING] 263700.239 root  /Users/v-korovin/Projects/multi_mount/src/tests/test_splitter_hw.py:523 _ensure_halted: 
================ TEST CLEANUP START ===========
HALT AFTER TEST
===============================================
2026-02-15 23:02:04 [  INFO] 263711.328 lx200  /Users/v-korovin/Projects/multi_mount/src/lx200/base.py:370 handle: Get command Q HALT_ALL()
2026-02-15 23:02:04 [  INFO] 263716.636 SkyWatcherLX200  /Users/v-korovin/Projects/multi_mount/src/skywatcher/skywatcher_lx200.py:217 halt_all: Halt all RA movements
2026-02-15 23:02:04 [  INFO] 263716.716 skywatcher  /Users/v-korovin/Projects/multi_mount/src/skywatcher/skywatcher.py:332 gracefully_stop_motor: Stop motor
2026-02-15 23:02:04 [  INFO] 263772.931 skywatcher  /Users/v-korovin/Projects/multi_mount/src/skywatcher/skywatcher.py:479 resume_tracking: Resume tracking with last rate=1.0
2026-02-15 23:02:04 [  INFO] 263791.580 skywatcher  /Users/v-korovin/Projects/multi_mount/src/skywatcher/skywatcher.py:467 start_tracking: Start tracking request: rate=1.0
2026-02-15 23:02:04 [  INFO] 263823.950 TMC2209LX200.telemetry  /Users/v-korovin/Projects/multi_mount/src/tmc2209/tmc2209_lx200.py:146 _do_log_telemetry: DEC=+40*00:00 raw_steps=10000 phase=hold target_set=False enabled=True
2026-02-15 23:02:04 [  INFO] 263836.228 skywatcher  /Users/v-korovin/Projects/multi_mount/src/skywatcher/skywatcher.py:459 set_ra_rate: Set RA rate: 1.0 * 1 (highspeed=False) mode=0 // period=110359
2026-02-15 23:02:04 [  INFO] 263836.418 skywatcher  /Users/v-korovin/Projects/multi_mount/src/skywatcher/skywatcher.py:332 gracefully_stop_motor: Stop motor
2026-02-15 23:02:04 [  INFO] 263916.750 skywatcher  /Users/v-korovin/Projects/multi_mount/src/skywatcher/skywatcher.py:371 _set_motion: Set motion mode: SkyWatcherStatus(raw=3223856, running=False, initialized=True, slew_mode=<SlewMode.SLEW: 0>, direction=<Direction.FORWARD: 1>, speed_mode=<SpeedMode.LOWSPEED: 0>)
2026-02-15 23:02:04 [  INFO] 264041.467 skywatcher  /Users/v-korovin/Projects/multi_mount/src/skywatcher/skywatcher.py:384 _start_motor: Start motor
2026-02-15 23:02:04 [  INFO] 264066.584 SkyWatcherLX200.telemetry  /Users/v-korovin/Projects/multi_mount/src/skywatcher/skywatcher_lx200.py:61 _do_log_telemetry: RA=12:00:02 running=False mode=0 direction=1 speed=0 goto_active=False
2026-02-15 23:02:04 [  INFO] 264111.132 skywatcher  /Users/v-korovin/Projects/multi_mount/src/skywatcher/skywatcher.py:475 start_tracking: Start tracking applied: rate=1.0
2026-02-15 23:02:04 [  INFO] 264117.628 SkyWatcherLX200  /Users/v-korovin/Projects/multi_mount/src/skywatcher/skywatcher_lx200.py:221 halt_all: Halt all RA movements done
2026-02-15 23:02:04 [  INFO] 264117.716 TMC2209LX200  /Users/v-korovin/Projects/multi_mount/src/tmc2209/tmc2209_lx200.py:181 halt_all: Halt all DEC movements
2026-02-15 23:02:04 [  INFO] 264117.765 tmc2209.adapter  /Users/v-korovin/Projects/multi_mount/src/tmc2209/tmc2209_adapter.py:308 halt: Halt request
2026-02-15 23:02:04 [  INFO] 264161.198 tmc2209.adapter  /Users/v-korovin/Projects/multi_mount/src/tmc2209/tmc2209_adapter.py:311 halt: Halt applied: stopping=True
2026-02-15 23:02:04 [  INFO] 264180.072 TMC2209LX200  /Users/v-korovin/Projects/multi_mount/src/tmc2209/tmc2209_lx200.py:183 halt_all: Halt all DEC movements done
2026-02-15 23:02:04 [WARNING] 264186.500 lx200  /Users/v-korovin/Projects/multi_mount/src/lx200/base.py:381 handle: Empty responce: Q HALT_ALL() -> ∅
2026-02-15 23:02:05 [WARNING] 264704.268 root  /Users/v-korovin/Projects/multi_mount/src/tests/test_splitter_hw.py:533 _ensure_halted: 
================ TEST CLEANUP END =============
HALT AFTER TEST DONE
===============================================
2026-02-15 23:02:05 [WARNING] 264736.369 root  /Users/v-korovin/Projects/multi_mount/src/tests/test_splitter_hw.py:507 _ensure_halted: 
================ TEST PREP START ==============
ENSURE BOTH AXES HALTED
===============================================
2026-02-15 23:02:05 [  INFO] 264761.267 lx200  /Users/v-korovin/Projects/multi_mount/src/lx200/base.py:370 handle: Get command Q HALT_ALL()
2026-02-15 23:02:05 [  INFO] 264774.063 SkyWatcherLX200  /Users/v-korovin/Projects/multi_mount/src/skywatcher/skywatcher_lx200.py:217 halt_all: Halt all RA movements
2026-02-15 23:02:05 [  INFO] 264786.133 skywatcher  /Users/v-korovin/Projects/multi_mount/src/skywatcher/skywatcher.py:332 gracefully_stop_motor: Stop motor
2026-02-15 23:02:05 [  INFO] 264849.211 skywatcher  /Users/v-korovin/Projects/multi_mount/src/skywatcher/skywatcher.py:479 resume_tracking: Resume tracking with last rate=1.0
2026-02-15 23:02:05 [  INFO] 264849.407 skywatcher  /Users/v-korovin/Projects/multi_mount/src/skywatcher/skywatcher.py:467 start_tracking: Start tracking request: rate=1.0
2026-02-15 23:02:05 [  INFO] 265000.400 skywatcher  /Users/v-korovin/Projects/multi_mount/src/skywatcher/skywatcher.py:459 set_ra_rate: Set RA rate: 1.0 * 1 (highspeed=False) mode=0 // period=110359
2026-02-15 23:02:05 [  INFO] 265019.564 skywatcher  /Users/v-korovin/Projects/multi_mount/src/skywatcher/skywatcher.py:332 gracefully_stop_motor: Stop motor
2026-02-15 23:02:05 [  INFO] 265056.496 TMC2209LX200.telemetry  /Users/v-korovin/Projects/multi_mount/src/tmc2209/tmc2209_lx200.py:146 _do_log_telemetry: DEC=+40*00:00 raw_steps=10000 phase=hold target_set=False enabled=True
2026-02-15 23:02:05 [  INFO] 265095.150 skywatcher  /Users/v-korovin/Projects/multi_mount/src/skywatcher/skywatcher.py:371 _set_motion: Set motion mode: SkyWatcherStatus(raw=3223856, running=False, initialized=True, slew_mode=<SlewMode.SLEW: 0>, direction=<Direction.FORWARD: 1>, speed_mode=<SpeedMode.LOWSPEED: 0>)
2026-02-15 23:02:05 [  INFO] 265133.942 skywatcher  /Users/v-korovin/Projects/multi_mount/src/skywatcher/skywatcher.py:384 _start_motor: Start motor
2026-02-15 23:02:05 [  INFO] 265165.332 skywatcher  /Users/v-korovin/Projects/multi_mount/src/skywatcher/skywatcher.py:475 start_tracking: Start tracking applied: rate=1.0
2026-02-15 23:02:05 [  INFO] 265165.558 SkyWatcherLX200  /Users/v-korovin/Projects/multi_mount/src/skywatcher/skywatcher_lx200.py:221 halt_all: Halt all RA movements done
2026-02-15 23:02:05 [  INFO] 265171.992 TMC2209LX200  /Users/v-korovin/Projects/multi_mount/src/tmc2209/tmc2209_lx200.py:181 halt_all: Halt all DEC movements
2026-02-15 23:02:05 [  INFO] 265172.046 tmc2209.adapter  /Users/v-korovin/Projects/multi_mount/src/tmc2209/tmc2209_adapter.py:308 halt: Halt request
2026-02-15 23:02:05 [  INFO] 265195.754 tmc2209.adapter  /Users/v-korovin/Projects/multi_mount/src/tmc2209/tmc2209_adapter.py:311 halt: Halt applied: stopping=True
2026-02-15 23:02:05 [  INFO] 265201.980 TMC2209LX200  /Users/v-korovin/Projects/multi_mount/src/tmc2209/tmc2209_lx200.py:183 halt_all: Halt all DEC movements done
2026-02-15 23:02:05 [WARNING] 265214.744 lx200  /Users/v-korovin/Projects/multi_mount/src/lx200/base.py:381 handle: Empty responce: Q HALT_ALL() -> ∅
2026-02-15 23:02:05 [  INFO] 265233.752 skywatcher  /Users/v-korovin/Projects/multi_mount/src/skywatcher/skywatcher.py:277 get_status: Mount status changed: raw 313130 -> 313131 running False -> True initialized True -> True slew_mode 0 -> 0 direction 1 -> 1 speed_mode 0 -> 0
2026-02-15 23:02:05 [  INFO] 265239.781 SkyWatcherLX200.telemetry  /Users/v-korovin/Projects/multi_mount/src/skywatcher/skywatcher_lx200.py:61 _do_log_telemetry: RA=12:00:02 running=True mode=0 direction=1 speed=0 goto_active=False
2026-02-15 23:02:06 [WARNING] 265738.179 root  /Users/v-korovin/Projects/multi_mount/src/tests/test_splitter_hw.py:517 _ensure_halted: 
================ TEST PREP END ================
AXES HALTED BEFORE TEST
===============================================
2026-02-15 23:02:06 [WARNING] 265763.396 root  /Users/v-korovin/Projects/multi_mount/src/tests/test_splitter_hw.py:869 test_hw_splitter_guiding_pulses_all_directions_vs_tracking: 
================ TEST START ===================
GUIDING PULSES VS TRACKING
DIRECTION: n
PULSE: 5000ms
AXIS: dec
===============================================
2026-02-15 23:02:06 [WARNING] 265769.934 root  /Users/v-korovin/Projects/multi_mount/src/tests/test_splitter_hw.py:201 sync_known_position: 
================ SYNC START ===================
TARGET RA: 12:00:00
TARGET DEC: +35*00:00
===============================================
2026-02-15 23:02:06 [  INFO] 265782.527 lx200  /Users/v-korovin/Projects/multi_mount/src/lx200/base.py:370 handle: Get command Q HALT_ALL()
2026-02-15 23:02:06 [  INFO] 265782.678 SkyWatcherLX200  /Users/v-korovin/Projects/multi_mount/src/skywatcher/skywatcher_lx200.py:217 halt_all: Halt all RA movements
2026-02-15 23:02:06 [  INFO] 265782.813 skywatcher  /Users/v-korovin/Projects/multi_mount/src/skywatcher/skywatcher.py:332 gracefully_stop_motor: Stop motor
2026-02-15 23:02:06 [  INFO] 265846.462 skywatcher  /Users/v-korovin/Projects/multi_mount/src/skywatcher/skywatcher.py:277 get_status: Mount status changed: raw 313131 -> 313130 running True -> False initialized True -> True slew_mode 0 -> 0 direction 1 -> 1 speed_mode 0 -> 0
2026-02-15 23:02:06 [  INFO] 265851.813 skywatcher  /Users/v-korovin/Projects/multi_mount/src/skywatcher/skywatcher.py:479 resume_tracking: Resume tracking with last rate=1.0
2026-02-15 23:02:06 [  INFO] 265871.515 skywatcher  /Users/v-korovin/Projects/multi_mount/src/skywatcher/skywatcher.py:467 start_tracking: Start tracking request: rate=1.0
2026-02-15 23:02:06 [  INFO] 265915.368 skywatcher  /Users/v-korovin/Projects/multi_mount/src/skywatcher/skywatcher.py:459 set_ra_rate: Set RA rate: 1.0 * 1 (highspeed=False) mode=0 // period=110359
2026-02-15 23:02:06 [  INFO] 265920.771 skywatcher  /Users/v-korovin/Projects/multi_mount/src/skywatcher/skywatcher.py:332 gracefully_stop_motor: Stop motor
2026-02-15 23:02:06 [  INFO] 265964.913 skywatcher  /Users/v-korovin/Projects/multi_mount/src/skywatcher/skywatcher.py:371 _set_motion: Set motion mode: SkyWatcherStatus(raw=3223856, running=False, initialized=True, slew_mode=<SlewMode.SLEW: 0>, direction=<Direction.FORWARD: 1>, speed_mode=<SpeedMode.LOWSPEED: 0>)
2026-02-15 23:02:06 [  INFO] 266009.719 skywatcher  /Users/v-korovin/Projects/multi_mount/src/skywatcher/skywatcher.py:384 _start_motor: Start motor
2026-02-15 23:02:06 [  INFO] 266029.009 skywatcher  /Users/v-korovin/Projects/multi_mount/src/skywatcher/skywatcher.py:475 start_tracking: Start tracking applied: rate=1.0
2026-02-15 23:02:06 [  INFO] 266035.168 SkyWatcherLX200  /Users/v-korovin/Projects/multi_mount/src/skywatcher/skywatcher_lx200.py:221 halt_all: Halt all RA movements done
2026-02-15 23:02:06 [  INFO] 266035.234 TMC2209LX200  /Users/v-korovin/Projects/multi_mount/src/tmc2209/tmc2209_lx200.py:181 halt_all: Halt all DEC movements
2026-02-15 23:02:06 [  INFO] 266035.279 tmc2209.adapter  /Users/v-korovin/Projects/multi_mount/src/tmc2209/tmc2209_adapter.py:308 halt: Halt request
2026-02-15 23:02:06 [  INFO] 266073.748 tmc2209.adapter  /Users/v-korovin/Projects/multi_mount/src/tmc2209/tmc2209_adapter.py:311 halt: Halt applied: stopping=True
2026-02-15 23:02:06 [  INFO] 266073.963 TMC2209LX200  /Users/v-korovin/Projects/multi_mount/src/tmc2209/tmc2209_lx200.py:183 halt_all: Halt all DEC movements done
2026-02-15 23:02:06 [WARNING] 266074.038 lx200  /Users/v-korovin/Projects/multi_mount/src/lx200/base.py:381 handle: Empty responce: Q HALT_ALL() -> ∅
2026-02-15 23:02:06 [  INFO] 266074.193 lx200  /Users/v-korovin/Projects/multi_mount/src/lx200/base.py:370 handle: Get command GR GET_TELECOPE_RA()
2026-02-15 23:02:06 [  INFO] 266080.069 lx200  /Users/v-korovin/Projects/multi_mount/src/lx200/base.py:379 handle: Answer command GR GET_TELECOPE_RA() -> 12:00:02
2026-02-15 23:02:06 [  INFO] 266180.256 TMC2209LX200.telemetry  /Users/v-korovin/Projects/multi_mount/src/tmc2209/tmc2209_lx200.py:146 _do_log_telemetry: DEC=+40*00:00 raw_steps=10000 phase=hold target_set=False enabled=True
2026-02-15 23:02:07 [  INFO] 266388.363 skywatcher  /Users/v-korovin/Projects/multi_mount/src/skywatcher/skywatcher.py:277 get_status: Mount status changed: raw 313130 -> 313131 running False -> True initialized True -> True slew_mode 0 -> 0 direction 1 -> 1 speed_mode 0 -> 0
2026-02-15 23:02:07 [  INFO] 266394.829 SkyWatcherLX200.telemetry  /Users/v-korovin/Projects/multi_mount/src/skywatcher/skywatcher_lx200.py:61 _do_log_telemetry: RA=12:00:02 running=True mode=0 direction=1 speed=0 goto_active=False
2026-02-15 23:02:07 [  INFO] 267284.289 TMC2209LX200.telemetry  /Users/v-korovin/Projects/multi_mount/src/tmc2209/tmc2209_lx200.py:146 _do_log_telemetry: DEC=+40*00:00 raw_steps=10000 phase=hold target_set=False enabled=True
2026-02-15 23:02:08 [  INFO] 267579.326 SkyWatcherLX200.telemetry  /Users/v-korovin/Projects/multi_mount/src/skywatcher/skywatcher_lx200.py:61 _do_log_telemetry: RA=12:00:02 running=True mode=0 direction=1 speed=0 goto_active=False
2026-02-15 23:02:08 [  INFO] 267585.671 lx200  /Users/v-korovin/Projects/multi_mount/src/lx200/base.py:370 handle: Get command GR GET_TELECOPE_RA()
2026-02-15 23:02:08 [  INFO] 267597.776 lx200  /Users/v-korovin/Projects/multi_mount/src/lx200/base.py:379 handle: Answer command GR GET_TELECOPE_RA() -> 12:00:02
2026-02-15 23:02:08 [WARNING] 267717.371 root  /Users/v-korovin/Projects/multi_mount/src/tests/test_splitter_hw.py:131 _wait_until: 
================ POLLING START ================
TIMEOUT: 12.0s
CONDITION: DEC did not stop in time: phase=hold target_set=False speed=0.0
===============================================
2026-02-15 23:02:08 [WARNING] 267755.899 root  /Users/v-korovin/Projects/multi_mount/src/tests/test_splitter_hw.py:143 _wait_until: 
================ POLLING END ==================
RESULT: SUCCESS
ELAPSED: 0.03s
===============================================
2026-02-15 23:02:08 [  INFO] 267768.698 lx200  /Users/v-korovin/Projects/multi_mount/src/lx200/base.py:370 handle: Get command GD GET_TELESCOPE_DEC()
2026-02-15 23:02:08 [  INFO] 267944.132 lx200  /Users/v-korovin/Projects/multi_mount/src/lx200/base.py:379 handle: Answer command GD GET_TELESCOPE_DEC() -> +40*00:00
2026-02-15 23:02:09 [  INFO] 268378.031 TMC2209LX200.telemetry  /Users/v-korovin/Projects/multi_mount/src/tmc2209/tmc2209_lx200.py:146 _do_log_telemetry: DEC=+40*00:00 raw_steps=10000 phase=hold target_set=False enabled=True
2026-02-15 23:02:09 [  INFO] 268736.701 SkyWatcherLX200.telemetry  /Users/v-korovin/Projects/multi_mount/src/skywatcher/skywatcher_lx200.py:61 _do_log_telemetry: RA=12:00:02 running=True mode=0 direction=1 speed=0 goto_active=False
2026-02-15 23:02:10 [  INFO] 269456.913 lx200  /Users/v-korovin/Projects/multi_mount/src/lx200/base.py:370 handle: Get command GD GET_TELESCOPE_DEC()
2026-02-15 23:02:10 [  INFO] 269549.832 TMC2209LX200.telemetry  /Users/v-korovin/Projects/multi_mount/src/tmc2209/tmc2209_lx200.py:146 _do_log_telemetry: DEC=+40*00:00 raw_steps=10000 phase=hold target_set=False enabled=True
2026-02-15 23:02:10 [  INFO] 269776.085 lx200  /Users/v-korovin/Projects/multi_mount/src/lx200/base.py:379 handle: Answer command GD GET_TELESCOPE_DEC() -> +40*00:00
2026-02-15 23:02:10 [  INFO] 269941.737 SkyWatcherLX200.telemetry  /Users/v-korovin/Projects/multi_mount/src/skywatcher/skywatcher_lx200.py:61 _do_log_telemetry: RA=12:00:02 running=True mode=0 direction=1 speed=0 goto_active=False
2026-02-15 23:02:10 [ ERROR] 270018.587 skywatcher  /Users/v-korovin/Projects/multi_mount/src/skywatcher/skywatcher.py:225 _transact: While quering, 3 last
Traceback (most recent call last):
  File "/Users/v-korovin/Projects/multi_mount/src/skywatcher/skywatcher.py", line 210, in _transact
    raise SkyWatcherWrongResponce(response)
skywatcher.skywatcher.SkyWatcherWrongResponce: =F343
2026-02-15 23:02:10 [  INFO] 270299.729 lx200  /Users/v-korovin/Projects/multi_mount/src/lx200/base.py:370 handle: Get command Sr SET_TELESCOPE_RA(12:00:00)
2026-02-15 23:02:10 [  INFO] 270306.726 lx200  /Users/v-korovin/Projects/multi_mount/src/lx200/base.py:379 handle: Answer command Sr SET_TELESCOPE_RA(12:00:00) -> True
2026-02-15 23:02:10 [  INFO] 270319.584 lx200  /Users/v-korovin/Projects/multi_mount/src/lx200/base.py:370 handle: Get command Sd SET_TELESCOPE_DEC(+35*00:00)
2026-02-15 23:02:10 [  INFO] 270326.095 lx200  /Users/v-korovin/Projects/multi_mount/src/lx200/base.py:379 handle: Answer command Sd SET_TELESCOPE_DEC(+35*00:00) -> True
2026-02-15 23:02:11 [  INFO] 270339.069 lx200  /Users/v-korovin/Projects/multi_mount/src/lx200/base.py:370 handle: Get command CM SYNC()
2026-02-15 23:02:11 [  INFO] 270339.261 SkyWatcherLX200  /Users/v-korovin/Projects/multi_mount/src/skywatcher/skywatcher_lx200.py:208 sync_telescope_ra: Sync RA to 12:00:00
2026-02-15 23:02:11 [  INFO] 270545.808 TMC2209LX200  /Users/v-korovin/Projects/multi_mount/src/tmc2209/tmc2209_lx200.py:174 sync_telescope_dec: Sync DEC to +35*00:00
2026-02-15 23:02:11 [  INFO] 270564.126 tmc2209.adapter  /Users/v-korovin/Projects/multi_mount/src/tmc2209/tmc2209_adapter.py:250 set_position: Set position request: position=8750
2026-02-15 23:02:11 [  INFO] 270611.678 TMC2209LX200.telemetry  /Users/v-korovin/Projects/multi_mount/src/tmc2209/tmc2209_lx200.py:146 _do_log_telemetry: DEC=+40*00:00 raw_steps=10000 phase=hold target_set=False enabled=True
2026-02-15 23:02:11 [  INFO] 270643.289 tmc2209.adapter  /Users/v-korovin/Projects/multi_mount/src/tmc2209/tmc2209_adapter.py:253 set_position: Set position applied: position=8750
2026-02-15 23:02:11 [  INFO] 270649.525 TMC2209LX200  /Users/v-korovin/Projects/multi_mount/src/tmc2209/tmc2209_lx200.py:177 sync_telescope_dec: Sync DEC applied: steps=8750
2026-02-15 23:02:11 [  INFO] 270655.364 lx200  /Users/v-korovin/Projects/multi_mount/src/lx200/base.py:379 handle: Answer command CM SYNC() -> OK
2026-02-15 23:02:11 [  INFO] 270673.601 lx200  /Users/v-korovin/Projects/multi_mount/src/lx200/base.py:370 handle: Get command GR GET_TELECOPE_RA()
2026-02-15 23:02:11 [  INFO] 270680.042 lx200  /Users/v-korovin/Projects/multi_mount/src/lx200/base.py:379 handle: Answer command GR GET_TELECOPE_RA() -> 12:00:00
2026-02-15 23:02:11 [WARNING] 270698.660 root  /Users/v-korovin/Projects/multi_mount/src/tests/test_splitter_hw.py:131 _wait_until: 
================ POLLING START ================
TIMEOUT: 10.0s
CONDITION: RA did not reach target in time: current=12:00:00 target=12:00:00 distance=0.00s
===============================================
2026-02-15 23:02:11 [  INFO] 270705.061 lx200  /Users/v-korovin/Projects/multi_mount/src/lx200/base.py:370 handle: Get command GR GET_TELECOPE_RA()
2026-02-15 23:02:11 [  INFO] 270705.158 lx200  /Users/v-korovin/Projects/multi_mount/src/lx200/base.py:379 handle: Answer command GR GET_TELECOPE_RA() -> 12:00:00
2026-02-15 23:02:11 [WARNING] 270711.704 root  /Users/v-korovin/Projects/multi_mount/src/tests/test_splitter_hw.py:143 _wait_until: 
================ POLLING END ==================
RESULT: SUCCESS
ELAPSED: 0.01s
===============================================
2026-02-15 23:02:11 [  INFO] 270724.470 lx200  /Users/v-korovin/Projects/multi_mount/src/lx200/base.py:370 handle: Get command GD GET_TELESCOPE_DEC()
2026-02-15 23:02:11 [  INFO] 270873.639 lx200  /Users/v-korovin/Projects/multi_mount/src/lx200/base.py:379 handle: Answer command GD GET_TELESCOPE_DEC() -> +35*00:00
2026-02-15 23:02:11 [WARNING] 270880.094 root  /Users/v-korovin/Projects/multi_mount/src/tests/test_splitter_hw.py:131 _wait_until: 
================ POLLING START ================
TIMEOUT: 10.0s
CONDITION: DEC did not reach target in time: current=+35*00:00 target=+35*00:00 distance=0.000deg
===============================================
2026-02-15 23:02:11 [  INFO] 270880.193 lx200  /Users/v-korovin/Projects/multi_mount/src/lx200/base.py:370 handle: Get command GD GET_TELESCOPE_DEC()
2026-02-15 23:02:11 [  INFO] 270942.555 lx200  /Users/v-korovin/Projects/multi_mount/src/lx200/base.py:379 handle: Answer command GD GET_TELESCOPE_DEC() -> +35*00:00
2026-02-15 23:02:11 [WARNING] 270948.995 root  /Users/v-korovin/Projects/multi_mount/src/tests/test_splitter_hw.py:143 _wait_until: 
================ POLLING END ==================
RESULT: SUCCESS
ELAPSED: 0.07s
===============================================
2026-02-15 23:02:11 [  INFO] 270961.759 lx200  /Users/v-korovin/Projects/multi_mount/src/lx200/base.py:370 handle: Get command GR GET_TELECOPE_RA()
2026-02-15 23:02:11 [  INFO] 270974.543 lx200  /Users/v-korovin/Projects/multi_mount/src/lx200/base.py:379 handle: Answer command GR GET_TELECOPE_RA() -> 12:00:00
2026-02-15 23:02:11 [  INFO] 270987.252 lx200  /Users/v-korovin/Projects/multi_mount/src/lx200/base.py:370 handle: Get command GD GET_TELESCOPE_DEC()
2026-02-15 23:02:11 [  INFO] 271035.965 lx200  /Users/v-korovin/Projects/multi_mount/src/lx200/base.py:379 handle: Answer command GD GET_TELESCOPE_DEC() -> +35*00:00
2026-02-15 23:02:11 [WARNING] 271042.476 root  /Users/v-korovin/Projects/multi_mount/src/tests/test_splitter_hw.py:218 sync_known_position: 
================ SYNC END =====================
RA: 12:00:00
DEC: +35*00:00
===============================================
2026-02-15 23:02:11 [WARNING] 271055.238 root  /Users/v-korovin/Projects/multi_mount/src/tests/test_splitter_hw.py:885 test_hw_splitter_guiding_pulses_all_directions_vs_tracking: 
================ GUIDE BASELINE START =========
DURATION: 6.20s
===============================================
2026-02-15 23:02:11 [  INFO] 271124.913 SkyWatcherLX200.telemetry  /Users/v-korovin/Projects/multi_mount/src/skywatcher/skywatcher_lx200.py:61 _do_log_telemetry: RA=12:00:00 running=True mode=0 direction=1 speed=0 goto_active=False
2026-02-15 23:02:12 [  INFO] 271759.430 TMC2209LX200.telemetry  /Users/v-korovin/Projects/multi_mount/src/tmc2209/tmc2209_lx200.py:146 _do_log_telemetry: DEC=+35*00:00 raw_steps=8750 phase=hold target_set=False enabled=True
2026-02-15 23:02:12 [  INFO] 272273.637 SkyWatcherLX200.telemetry  /Users/v-korovin/Projects/multi_mount/src/skywatcher/skywatcher_lx200.py:61 _do_log_telemetry: RA=12:00:00 running=True mode=0 direction=1 speed=0 goto_active=False
2026-02-15 23:02:13 [  INFO] 272914.729 TMC2209LX200.telemetry  /Users/v-korovin/Projects/multi_mount/src/tmc2209/tmc2209_lx200.py:146 _do_log_telemetry: DEC=+35*00:00 raw_steps=8750 phase=hold target_set=False enabled=True
2026-02-15 23:02:14 [  INFO] 273413.241 SkyWatcherLX200.telemetry  /Users/v-korovin/Projects/multi_mount/src/skywatcher/skywatcher_lx200.py:61 _do_log_telemetry: RA=12:00:00 running=True mode=0 direction=1 speed=0 goto_active=False
2026-02-15 23:02:14 [  INFO] 274100.476 TMC2209LX200.telemetry  /Users/v-korovin/Projects/multi_mount/src/tmc2209/tmc2209_lx200.py:146 _do_log_telemetry: DEC=+35*00:00 raw_steps=8750 phase=hold target_set=False enabled=True
2026-02-15 23:02:15 [  INFO] 274584.131 SkyWatcherLX200.telemetry  /Users/v-korovin/Projects/multi_mount/src/skywatcher/skywatcher_lx200.py:61 _do_log_telemetry: RA=12:00:00 running=True mode=0 direction=1 speed=0 goto_active=False
2026-02-15 23:02:15 [  INFO] 275287.513 TMC2209LX200.telemetry  /Users/v-korovin/Projects/multi_mount/src/tmc2209/tmc2209_lx200.py:146 _do_log_telemetry: DEC=+35*00:00 raw_steps=8750 phase=hold target_set=False enabled=True
2026-02-15 23:02:16 [  INFO] 275775.563 SkyWatcherLX200.telemetry  /Users/v-korovin/Projects/multi_mount/src/skywatcher/skywatcher_lx200.py:61 _do_log_telemetry: RA=12:00:00 running=True mode=0 direction=1 speed=0 goto_active=False
2026-02-15 23:02:17 [  INFO] 276452.771 TMC2209LX200.telemetry  /Users/v-korovin/Projects/multi_mount/src/tmc2209/tmc2209_lx200.py:146 _do_log_telemetry: DEC=+35*00:00 raw_steps=8750 phase=hold target_set=False enabled=True
2026-02-15 23:02:17 [  INFO] 276996.662 SkyWatcherLX200.telemetry  /Users/v-korovin/Projects/multi_mount/src/skywatcher/skywatcher_lx200.py:61 _do_log_telemetry: RA=12:00:00 running=True mode=0 direction=1 speed=0 goto_active=False
2026-02-15 23:02:18 [WARNING] 277596.252 root  /Users/v-korovin/Projects/multi_mount/src/tests/test_splitter_hw.py:902 test_hw_splitter_guiding_pulses_all_directions_vs_tracking: 
================ GUIDE BASELINE END ===========
BASELINE RAW RATE RA: 1.027s/s
BASELINE RAW RATE DEC: 0.000deg/s
===============================================
2026-02-15 23:02:18 [WARNING] 277621.580 root  /Users/v-korovin/Projects/multi_mount/src/tests/test_splitter_hw.py:201 sync_known_position: 
================ SYNC START ===================
TARGET RA: 12:00:00
TARGET DEC: +35*00:00
===============================================
2026-02-15 23:02:18 [  INFO] 277640.382 lx200  /Users/v-korovin/Projects/multi_mount/src/lx200/base.py:370 handle: Get command Q HALT_ALL()
2026-02-15 23:02:18 [  INFO] 277646.846 SkyWatcherLX200  /Users/v-korovin/Projects/multi_mount/src/skywatcher/skywatcher_lx200.py:217 halt_all: Halt all RA movements
2026-02-15 23:02:18 [  INFO] 277653.246 skywatcher  /Users/v-korovin/Projects/multi_mount/src/skywatcher/skywatcher.py:332 gracefully_stop_motor: Stop motor
2026-02-15 23:02:18 [  INFO] 277711.371 TMC2209LX200.telemetry  /Users/v-korovin/Projects/multi_mount/src/tmc2209/tmc2209_lx200.py:146 _do_log_telemetry: DEC=+35*00:00 raw_steps=8750 phase=hold target_set=False enabled=True
2026-02-15 23:02:18 [  INFO] 277717.904 skywatcher  /Users/v-korovin/Projects/multi_mount/src/skywatcher/skywatcher.py:277 get_status: Mount status changed: raw 313131 -> 313130 running True -> False initialized True -> True slew_mode 0 -> 0 direction 1 -> 1 speed_mode 0 -> 0
2026-02-15 23:02:18 [  INFO] 277729.506 skywatcher  /Users/v-korovin/Projects/multi_mount/src/skywatcher/skywatcher.py:479 resume_tracking: Resume tracking with last rate=1.0
2026-02-15 23:02:18 [  INFO] 277748.597 skywatcher  /Users/v-korovin/Projects/multi_mount/src/skywatcher/skywatcher.py:467 start_tracking: Start tracking request: rate=1.0
2026-02-15 23:02:18 [  INFO] 277780.364 skywatcher  /Users/v-korovin/Projects/multi_mount/src/skywatcher/skywatcher.py:459 set_ra_rate: Set RA rate: 1.0 * 1 (highspeed=False) mode=0 // period=110359
2026-02-15 23:02:18 [  INFO] 277786.857 skywatcher  /Users/v-korovin/Projects/multi_mount/src/skywatcher/skywatcher.py:332 gracefully_stop_motor: Stop motor
2026-02-15 23:02:18 [  INFO] 277881.989 skywatcher  /Users/v-korovin/Projects/multi_mount/src/skywatcher/skywatcher.py:371 _set_motion: Set motion mode: SkyWatcherStatus(raw=3223856, running=False, initialized=True, slew_mode=<SlewMode.SLEW: 0>, direction=<Direction.FORWARD: 1>, speed_mode=<SpeedMode.LOWSPEED: 0>)
2026-02-15 23:02:18 [  INFO] 277913.344 skywatcher  /Users/v-korovin/Projects/multi_mount/src/skywatcher/skywatcher.py:384 _start_motor: Start motor
2026-02-15 23:02:18 [  INFO] 277964.517 skywatcher  /Users/v-korovin/Projects/multi_mount/src/skywatcher/skywatcher.py:475 start_tracking: Start tracking applied: rate=1.0
2026-02-15 23:02:18 [  INFO] 277977.378 SkyWatcherLX200  /Users/v-korovin/Projects/multi_mount/src/skywatcher/skywatcher_lx200.py:221 halt_all: Halt all RA movements done
2026-02-15 23:02:18 [  INFO] 277983.372 TMC2209LX200  /Users/v-korovin/Projects/multi_mount/src/tmc2209/tmc2209_lx200.py:181 halt_all: Halt all DEC movements
2026-02-15 23:02:18 [  INFO] 277989.340 tmc2209.adapter  /Users/v-korovin/Projects/multi_mount/src/tmc2209/tmc2209_adapter.py:308 halt: Halt request
2026-02-15 23:02:18 [  INFO] 278026.875 tmc2209.adapter  /Users/v-korovin/Projects/multi_mount/src/tmc2209/tmc2209_adapter.py:311 halt: Halt applied: stopping=True
2026-02-15 23:02:18 [  INFO] 278033.453 TMC2209LX200  /Users/v-korovin/Projects/multi_mount/src/tmc2209/tmc2209_lx200.py:183 halt_all: Halt all DEC movements done
2026-02-15 23:02:18 [WARNING] 278046.256 lx200  /Users/v-korovin/Projects/multi_mount/src/lx200/base.py:381 handle: Empty responce: Q HALT_ALL() -> ∅
2026-02-15 23:02:18 [  INFO] 278064.300 lx200  /Users/v-korovin/Projects/multi_mount/src/lx200/base.py:370 handle: Get command GR GET_TELECOPE_RA()
2026-02-15 23:02:18 [  INFO] 278083.436 lx200  /Users/v-korovin/Projects/multi_mount/src/lx200/base.py:379 handle: Answer command GR GET_TELECOPE_RA() -> 12:00:00
2026-02-15 23:02:18 [  INFO] 278127.327 skywatcher  /Users/v-korovin/Projects/multi_mount/src/skywatcher/skywatcher.py:277 get_status: Mount status changed: raw 313130 -> 313131 running False -> True initialized True -> True slew_mode 0 -> 0 direction 1 -> 1 speed_mode 0 -> 0
2026-02-15 23:02:18 [  INFO] 278133.850 SkyWatcherLX200.telemetry  /Users/v-korovin/Projects/multi_mount/src/skywatcher/skywatcher_lx200.py:61 _do_log_telemetry: RA=12:00:00 running=True mode=0 direction=1 speed=0 goto_active=False
2026-02-15 23:02:19 [ ERROR] 279007.254 skywatcher  /Users/v-korovin/Projects/multi_mount/src/skywatcher/skywatcher.py:225 _transact: While quering, 3 last
Traceback (most recent call last):
  File "/Users/v-korovin/Projects/multi_mount/src/skywatcher/skywatcher.py", line 210, in _transact
    raise SkyWatcherWrongResponce(response)
skywatcher.skywatcher.SkyWatcherWrongResponce: =E14823
2026-02-15 23:02:19 [  INFO] 279230.091 TMC2209LX200.telemetry  /Users/v-korovin/Projects/multi_mount/src/tmc2209/tmc2209_lx200.py:146 _do_log_telemetry: DEC=+35*00:00 raw_steps=8750 phase=hold target_set=False enabled=True
2026-02-15 23:02:19 [  INFO] 279230.162 SkyWatcherLX200.telemetry  /Users/v-korovin/Projects/multi_mount/src/skywatcher/skywatcher_lx200.py:61 _do_log_telemetry: RA=12:00:00 running=True mode=0 direction=1 speed=0 goto_active=False
2026-02-15 23:02:20 [ ERROR] 279441.355 skywatcher  /Users/v-korovin/Projects/multi_mount/src/skywatcher/skywatcher.py:225 _transact: While quering, 3 last
Traceback (most recent call last):
  File "/Users/v-korovin/Projects/multi_mount/src/skywatcher/skywatcher.py", line 210, in _transact
    raise SkyWatcherWrongResponce(response)
skywatcher.skywatcher.SkyWatcherWrongResponce: =1F49
2026-02-15 23:02:20 [ ERROR] 279547.966 skywatcher  /Users/v-korovin/Projects/multi_mount/src/skywatcher/skywatcher.py:225 _transact: While quering, 2 last
Traceback (most recent call last):
  File "/Users/v-korovin/Projects/multi_mount/src/skywatcher/skywatcher.py", line 210, in _transact
    raise SkyWatcherWrongResponce(response)
skywatcher.skywatcher.SkyWatcherWrongResponce: =2E49
2026-02-15 23:02:20 [  INFO] 279592.473 lx200  /Users/v-korovin/Projects/multi_mount/src/lx200/base.py:370 handle: Get command GR GET_TELECOPE_RA()
2026-02-15 23:02:20 [  INFO] 279605.364 lx200  /Users/v-korovin/Projects/multi_mount/src/lx200/base.py:379 handle: Answer command GR GET_TELECOPE_RA() -> 12:00:00
2026-02-15 23:02:20 [ ERROR] 279649.100 skywatcher  /Users/v-korovin/Projects/multi_mount/src/skywatcher/skywatcher.py:225 _transact: While quering, 1 last
Traceback (most recent call last):
  File "/Users/v-korovin/Projects/multi_mount/src/skywatcher/skywatcher.py", line 210, in _transact
    raise SkyWatcherWrongResponce(response)
skywatcher.skywatcher.SkyWatcherWrongResponce: =3F49
2026-02-15 23:02:20 [ ERROR] 280084.582 skywatcher  /Users/v-korovin/Projects/multi_mount/src/skywatcher/skywatcher.py:225 _transact: While quering, 3 last
Traceback (most recent call last):
  File "/Users/v-korovin/Projects/multi_mount/src/skywatcher/skywatcher.py", line 210, in _transact
    raise SkyWatcherWrongResponce(response)
skywatcher.skywatcher.SkyWatcherWrongResponce: =7B4923
2026-02-15 23:02:20 [WARNING] 280134.972 root  /Users/v-korovin/Projects/multi_mount/src/tests/test_splitter_hw.py:131 _wait_until: 
================ POLLING START ================
TIMEOUT: 12.0s
CONDITION: DEC did not stop in time: phase=hold target_set=False speed=0.0
===============================================
2026-02-15 23:02:20 [WARNING] 280195.822 root  /Users/v-korovin/Projects/multi_mount/src/tests/test_splitter_hw.py:143 _wait_until: 
================ POLLING END ==================
RESULT: SUCCESS
ELAPSED: 0.06s
===============================================
2026-02-15 23:02:20 [  INFO] 280196.007 lx200  /Users/v-korovin/Projects/multi_mount/src/lx200/base.py:370 handle: Get command GD GET_TELESCOPE_DEC()
2026-02-15 23:02:20 [  INFO] 280283.914 lx200  /Users/v-korovin/Projects/multi_mount/src/lx200/base.py:379 handle: Answer command GD GET_TELESCOPE_DEC() -> +35*00:00
2026-02-15 23:02:21 [  INFO] 280352.148 TMC2209LX200.telemetry  /Users/v-korovin/Projects/multi_mount/src/tmc2209/tmc2209_lx200.py:146 _do_log_telemetry: DEC=+35*00:00 raw_steps=8750 phase=hold target_set=False enabled=True
2026-02-15 23:02:21 [  INFO] 280502.833 SkyWatcherLX200.telemetry  /Users/v-korovin/Projects/multi_mount/src/skywatcher/skywatcher_lx200.py:61 _do_log_telemetry: RA=12:00:00 running=True mode=0 direction=1 speed=0 goto_active=False
2026-02-15 23:02:22 [  INFO] 281448.237 TMC2209LX200.telemetry  /Users/v-korovin/Projects/multi_mount/src/tmc2209/tmc2209_lx200.py:146 _do_log_telemetry: DEC=+35*00:00 raw_steps=8750 phase=hold target_set=False enabled=True
2026-02-15 23:02:22 [  INFO] 281652.857 SkyWatcherLX200.telemetry  /Users/v-korovin/Projects/multi_mount/src/skywatcher/skywatcher_lx200.py:61 _do_log_telemetry: RA=12:00:00 running=True mode=0 direction=1 speed=0 goto_active=False
2026-02-15 23:02:22 [  INFO] 281814.577 lx200  /Users/v-korovin/Projects/multi_mount/src/lx200/base.py:370 handle: Get command GD GET_TELESCOPE_DEC()
2026-02-15 23:02:22 [  INFO] 281893.564 lx200  /Users/v-korovin/Projects/multi_mount/src/lx200/base.py:379 handle: Answer command GD GET_TELESCOPE_DEC() -> +35*00:00
2026-02-15 23:02:23 [  INFO] 282424.085 lx200  /Users/v-korovin/Projects/multi_mount/src/lx200/base.py:370 handle: Get command Sr SET_TELESCOPE_RA(12:00:00)
2026-02-15 23:02:23 [  INFO] 282430.603 lx200  /Users/v-korovin/Projects/multi_mount/src/lx200/base.py:379 handle: Answer command Sr SET_TELESCOPE_RA(12:00:00) -> True
2026-02-15 23:02:23 [  INFO] 282441.445 lx200  /Users/v-korovin/Projects/multi_mount/src/lx200/base.py:370 handle: Get command Sd SET_TELESCOPE_DEC(+35*00:00)
2026-02-15 23:02:23 [  INFO] 282460.305 lx200  /Users/v-korovin/Projects/multi_mount/src/lx200/base.py:379 handle: Answer command Sd SET_TELESCOPE_DEC(+35*00:00) -> True
2026-02-15 23:02:23 [  INFO] 282466.480 lx200  /Users/v-korovin/Projects/multi_mount/src/lx200/base.py:370 handle: Get command CM SYNC()
2026-02-15 23:02:23 [  INFO] 282491.470 SkyWatcherLX200  /Users/v-korovin/Projects/multi_mount/src/skywatcher/skywatcher_lx200.py:208 sync_telescope_ra: Sync RA to 12:00:00
2026-02-15 23:02:23 [  INFO] 282585.535 TMC2209LX200  /Users/v-korovin/Projects/multi_mount/src/tmc2209/tmc2209_lx200.py:174 sync_telescope_dec: Sync DEC to +35*00:00
2026-02-15 23:02:23 [  INFO] 282592.073 TMC2209LX200.telemetry  /Users/v-korovin/Projects/multi_mount/src/tmc2209/tmc2209_lx200.py:146 _do_log_telemetry: DEC=+35*00:00 raw_steps=8750 phase=hold target_set=False enabled=True
2026-02-15 23:02:23 [  INFO] 282592.201 tmc2209.adapter  /Users/v-korovin/Projects/multi_mount/src/tmc2209/tmc2209_adapter.py:250 set_position: Set position request: position=8750
2026-02-15 23:02:23 [  INFO] 282673.754 tmc2209.adapter  /Users/v-korovin/Projects/multi_mount/src/tmc2209/tmc2209_adapter.py:253 set_position: Set position applied: position=8750
2026-02-15 23:02:23 [  INFO] 282680.322 TMC2209LX200  /Users/v-korovin/Projects/multi_mount/src/tmc2209/tmc2209_lx200.py:177 sync_telescope_dec: Sync DEC applied: steps=8750
2026-02-15 23:02:23 [  INFO] 282686.828 lx200  /Users/v-korovin/Projects/multi_mount/src/lx200/base.py:379 handle: Answer command CM SYNC() -> OK
2026-02-15 23:02:23 [  INFO] 282705.882 lx200  /Users/v-korovin/Projects/multi_mount/src/lx200/base.py:370 handle: Get command GR GET_TELECOPE_RA()
2026-02-15 23:02:23 [  INFO] 282717.523 lx200  /Users/v-korovin/Projects/multi_mount/src/lx200/base.py:379 handle: Answer command GR GET_TELECOPE_RA() -> 12:00:00
2026-02-15 23:02:23 [WARNING] 282724.049 root  /Users/v-korovin/Projects/multi_mount/src/tests/test_splitter_hw.py:131 _wait_until: 
================ POLLING START ================
TIMEOUT: 10.0s
CONDITION: RA did not reach target in time: current=12:00:00 target=12:00:00 distance=0.00s
===============================================
2026-02-15 23:02:23 [  INFO] 282730.504 lx200  /Users/v-korovin/Projects/multi_mount/src/lx200/base.py:370 handle: Get command GR GET_TELECOPE_RA()
2026-02-15 23:02:23 [  INFO] 282743.251 lx200  /Users/v-korovin/Projects/multi_mount/src/lx200/base.py:379 handle: Answer command GR GET_TELECOPE_RA() -> 12:00:00
2026-02-15 23:02:23 [WARNING] 282749.765 root  /Users/v-korovin/Projects/multi_mount/src/tests/test_splitter_hw.py:143 _wait_until: 
================ POLLING END ==================
RESULT: SUCCESS
ELAPSED: 0.02s
===============================================
2026-02-15 23:02:23 [  INFO] 282762.613 lx200  /Users/v-korovin/Projects/multi_mount/src/lx200/base.py:370 handle: Get command GD GET_TELESCOPE_DEC()
2026-02-15 23:02:23 [  INFO] 282910.179 SkyWatcherLX200.telemetry  /Users/v-korovin/Projects/multi_mount/src/skywatcher/skywatcher_lx200.py:61 _do_log_telemetry: RA=12:00:00 running=True mode=0 direction=1 speed=0 goto_active=False
2026-02-15 23:02:23 [  INFO] 282964.831 lx200  /Users/v-korovin/Projects/multi_mount/src/lx200/base.py:379 handle: Answer command GD GET_TELESCOPE_DEC() -> +35*00:00
2026-02-15 23:02:23 [WARNING] 282971.305 root  /Users/v-korovin/Projects/multi_mount/src/tests/test_splitter_hw.py:131 _wait_until: 
================ POLLING START ================
TIMEOUT: 10.0s
CONDITION: DEC did not reach target in time: current=+35*00:00 target=+35*00:00 distance=0.000deg
===============================================
2026-02-15 23:02:23 [  INFO] 282977.822 lx200  /Users/v-korovin/Projects/multi_mount/src/lx200/base.py:370 handle: Get command GD GET_TELESCOPE_DEC()
2026-02-15 23:02:23 [  INFO] 283071.824 lx200  /Users/v-korovin/Projects/multi_mount/src/lx200/base.py:379 handle: Answer command GD GET_TELESCOPE_DEC() -> +35*00:00
2026-02-15 23:02:23 [WARNING] 283077.800 root  /Users/v-korovin/Projects/multi_mount/src/tests/test_splitter_hw.py:143 _wait_until: 
================ POLLING END ==================
RESULT: SUCCESS
ELAPSED: 0.10s
===============================================
2026-02-15 23:02:23 [  INFO] 283084.041 lx200  /Users/v-korovin/Projects/multi_mount/src/lx200/base.py:370 handle: Get command GR GET_TELECOPE_RA()
2026-02-15 23:02:23 [  INFO] 283095.779 lx200  /Users/v-korovin/Projects/multi_mount/src/lx200/base.py:379 handle: Answer command GR GET_TELECOPE_RA() -> 12:00:00
2026-02-15 23:02:23 [  INFO] 283102.262 lx200  /Users/v-korovin/Projects/multi_mount/src/lx200/base.py:370 handle: Get command GD GET_TELESCOPE_DEC()
2026-02-15 23:02:23 [  INFO] 283190.426 lx200  /Users/v-korovin/Projects/multi_mount/src/lx200/base.py:379 handle: Answer command GD GET_TELESCOPE_DEC() -> +35*00:00
2026-02-15 23:02:23 [WARNING] 283196.945 root  /Users/v-korovin/Projects/multi_mount/src/tests/test_splitter_hw.py:218 sync_known_position: 
================ SYNC END =====================
RA: 12:00:00
DEC: +35*00:00
===============================================
2026-02-15 23:02:23 [  INFO] 283209.201 lx200  /Users/v-korovin/Projects/multi_mount/src/lx200/base.py:370 handle: Get command GR GET_TELECOPE_RA()
2026-02-15 23:02:23 [  INFO] 283209.326 lx200  /Users/v-korovin/Projects/multi_mount/src/lx200/base.py:379 handle: Answer command GR GET_TELECOPE_RA() -> 12:00:00
2026-02-15 23:02:23 [  INFO] 283215.818 lx200  /Users/v-korovin/Projects/multi_mount/src/lx200/base.py:370 handle: Get command GD GET_TELESCOPE_DEC()
2026-02-15 23:02:23 [ ERROR] 283283.948 skywatcher  /Users/v-korovin/Projects/multi_mount/src/skywatcher/skywatcher.py:225 _transact: While quering, 3 last
Traceback (most recent call last):
  File "/Users/v-korovin/Projects/multi_mount/src/skywatcher/skywatcher.py", line 210, in _transact
    raise SkyWatcherWrongResponce(response)
skywatcher.skywatcher.SkyWatcherWrongResponce: =4C
2026-02-15 23:02:24 [  INFO] 283352.895 lx200  /Users/v-korovin/Projects/multi_mount/src/lx200/base.py:379 handle: Answer command GD GET_TELESCOPE_DEC() -> +35*00:00
2026-02-15 23:02:24 [WARNING] 283521.474 root  /Users/v-korovin/Projects/multi_mount/src/tests/test_splitter_hw.py:919 test_hw_splitter_guiding_pulses_all_directions_vs_tracking: 
================ GUIDE START ==================
SEND GUIDE PULSE
===============================================
2026-02-15 23:02:24 [  INFO] 283533.113 lx200  /Users/v-korovin/Projects/multi_mount/src/lx200/base.py:370 handle: Get command Mg GUIDE(n5000)
2026-02-15 23:02:24 [WARNING] 283545.942 lx200  /Users/v-korovin/Projects/multi_mount/src/lx200/base.py:381 handle: Empty responce: Mg GUIDE(n5000) -> ∅
2026-02-15 23:02:24 [  INFO] 283546.029 TMC2209LX200  /Users/v-korovin/Projects/multi_mount/src/tmc2209/tmc2209_lx200.py:259 guide_north: Guide north start
2026-02-15 23:02:24 [  INFO] 283546.217 TMC2209LX200  /Users/v-korovin/Projects/multi_mount/src/tmc2209/tmc2209_lx200.py:295 _apply_profile: Apply profile: microsteps=128 speed=1000 accel=10000
2026-02-15 23:02:24 [  INFO] 283546.266 tmc2209.adapter  /Users/v-korovin/Projects/multi_mount/src/tmc2209/tmc2209_adapter.py:275 set_speed_sps: Set speed request: speed_sps=1000
2026-02-15 23:02:24 [  INFO] 283552.507 tmc2209.adapter  /Users/v-korovin/Projects/multi_mount/src/tmc2209/tmc2209_adapter.py:278 set_speed_sps: Set speed applied: speed_sps=1000.0
2026-02-15 23:02:24 [  INFO] 283552.590 tmc2209.adapter  /Users/v-korovin/Projects/multi_mount/src/tmc2209/tmc2209_adapter.py:286 set_acceleration_steps_per_ms: Set acceleration request: accel_steps_per_ms=10000
2026-02-15 23:02:24 [  INFO] 283559.564 tmc2209.adapter  /Users/v-korovin/Projects/multi_mount/src/tmc2209/tmc2209_adapter.py:289 set_acceleration_steps_per_ms: Set acceleration applied: accel_steps_per_ms=10000.0
2026-02-15 23:02:24 [  INFO] 283559.720 tmc2209.adapter  /Users/v-korovin/Projects/multi_mount/src/tmc2209/tmc2209_adapter.py:265 set_direction: Set direction request: backward=False
2026-02-15 23:02:24 [  INFO] 283565.261 tmc2209.adapter  /Users/v-korovin/Projects/multi_mount/src/tmc2209/tmc2209_adapter.py:269 set_direction: Set direction applied: backward=False
2026-02-15 23:02:24 [  INFO] 283565.457 tmc2209.adapter  /Users/v-korovin/Projects/multi_mount/src/tmc2209/tmc2209_adapter.py:301 run: Run request
2026-02-15 23:02:24 [  INFO] 283570.755 tmc2209.adapter  /Users/v-korovin/Projects/multi_mount/src/tmc2209/tmc2209_adapter.py:304 run: Run applied: running=True
2026-02-15 23:02:24 [  INFO] 283570.811 TMC2209LX200  /Users/v-korovin/Projects/multi_mount/src/tmc2209/tmc2209_lx200.py:263 guide_north: Guide north applied
2026-02-15 23:02:24 [  INFO] 283633.506 tmc2209.adapter  /Users/v-korovin/Projects/multi_mount/src/tmc2209/tmc2209_adapter.py:206 status: Status changed: initialised True -> True enabled True -> True phase hold -> acceleration target_set False -> False
2026-02-15 23:02:24 [  INFO] 283635.653 TMC2209LX200.telemetry  /Users/v-korovin/Projects/multi_mount/src/tmc2209/tmc2209_lx200.py:146 _do_log_telemetry: DEC=+35*01:41 raw_steps=8757 phase=acceleration target_set=False enabled=True
2026-02-15 23:02:24 [  INFO] 283960.724 SkyWatcherLX200.telemetry  /Users/v-korovin/Projects/multi_mount/src/skywatcher/skywatcher_lx200.py:61 _do_log_telemetry: RA=12:00:00 running=True mode=0 direction=1 speed=0 goto_active=False
2026-02-15 23:02:25 [  INFO] 284667.179 tmc2209.adapter  /Users/v-korovin/Projects/multi_mount/src/tmc2209/tmc2209_adapter.py:206 status: Status changed: initialised True -> True enabled True -> True phase acceleration -> running target_set False -> False
2026-02-15 23:02:25 [  INFO] 284667.602 TMC2209LX200.telemetry  /Users/v-korovin/Projects/multi_mount/src/tmc2209/tmc2209_lx200.py:146 _do_log_telemetry: DEC=+39*06:00 raw_steps=9775 phase=running target_set=False enabled=True
2026-02-15 23:02:25 [  INFO] 284982.383 SkyWatcherLX200.telemetry  /Users/v-korovin/Projects/multi_mount/src/skywatcher/skywatcher_lx200.py:61 _do_log_telemetry: RA=12:00:00 running=True mode=0 direction=1 speed=0 goto_active=False
2026-02-15 23:02:26 [  INFO] 285700.269 TMC2209LX200.telemetry  /Users/v-korovin/Projects/multi_mount/src/tmc2209/tmc2209_lx200.py:146 _do_log_telemetry: DEC=+43*13:55 raw_steps=10808 phase=running target_set=False enabled=True
2026-02-15 23:02:26 [  INFO] 286015.394 SkyWatcherLX200.telemetry  /Users/v-korovin/Projects/multi_mount/src/skywatcher/skywatcher_lx200.py:61 _do_log_telemetry: RA=12:00:00 running=True mode=0 direction=1 speed=0 goto_active=False
2026-02-15 23:02:27 [  INFO] 286731.918 TMC2209LX200.telemetry  /Users/v-korovin/Projects/multi_mount/src/tmc2209/tmc2209_lx200.py:146 _do_log_telemetry: DEC=+47*21:50 raw_steps=11841 phase=running target_set=False enabled=True
2026-02-15 23:02:27 [  INFO] 287034.399 SkyWatcherLX200.telemetry  /Users/v-korovin/Projects/multi_mount/src/skywatcher/skywatcher_lx200.py:61 _do_log_telemetry: RA=12:00:00 running=True mode=0 direction=1 speed=0 goto_active=False
2026-02-15 23:02:28 [  INFO] 287764.360 TMC2209LX200.telemetry  /Users/v-korovin/Projects/multi_mount/src/tmc2209/tmc2209_lx200.py:146 _do_log_telemetry: DEC=+51*29:31 raw_steps=12873 phase=running target_set=False enabled=True
2026-02-15 23:02:28 [  INFO] 288061.280 SkyWatcherLX200.telemetry  /Users/v-korovin/Projects/multi_mount/src/skywatcher/skywatcher_lx200.py:61 _do_log_telemetry: RA=12:00:00 running=True mode=0 direction=1 speed=0 goto_active=False
2026-02-15 23:02:29 [  INFO] 288575.913 TMC2209LX200  /Users/v-korovin/Projects/multi_mount/src/tmc2209/tmc2209_lx200.py:278 guide_reset: Guide reset
2026-02-15 23:02:29 [  INFO] 288576.090 TMC2209LX200  /Users/v-korovin/Projects/multi_mount/src/tmc2209/tmc2209_lx200.py:181 halt_all: Halt all DEC movements
2026-02-15 23:02:29 [  INFO] 288576.137 tmc2209.adapter  /Users/v-korovin/Projects/multi_mount/src/tmc2209/tmc2209_adapter.py:308 halt: Halt request
2026-02-15 23:02:29 [  INFO] 288581.656 tmc2209.adapter  /Users/v-korovin/Projects/multi_mount/src/tmc2209/tmc2209_adapter.py:311 halt: Halt applied: stopping=True
2026-02-15 23:02:29 [  INFO] 288581.794 TMC2209LX200  /Users/v-korovin/Projects/multi_mount/src/tmc2209/tmc2209_lx200.py:183 halt_all: Halt all DEC movements done
2026-02-15 23:02:29 [  INFO] 288583.604 skywatcher  /Users/v-korovin/Projects/multi_mount/src/skywatcher/skywatcher.py:459 set_ra_rate: Set RA rate: 1.0 * 1 (highspeed=False) mode=0 // period=110359
2026-02-15 23:02:29 [  INFO] 288583.695 skywatcher  /Users/v-korovin/Projects/multi_mount/src/skywatcher/skywatcher.py:332 gracefully_stop_motor: Stop motor
2026-02-15 23:02:29 [  INFO] 288586.632 skywatcher  /Users/v-korovin/Projects/multi_mount/src/skywatcher/skywatcher.py:277 get_status: Mount status changed: raw 313131 -> 313130 running True -> False initialized True -> True slew_mode 0 -> 0 direction 1 -> 1 speed_mode 0 -> 0
2026-02-15 23:02:29 [  INFO] 288586.724 skywatcher  /Users/v-korovin/Projects/multi_mount/src/skywatcher/skywatcher.py:371 _set_motion: Set motion mode: SkyWatcherStatus(raw=3223857, running=True, initialized=True, slew_mode=<SlewMode.SLEW: 0>, direction=<Direction.FORWARD: 1>, speed_mode=<SpeedMode.LOWSPEED: 0>)
2026-02-15 23:02:29 [  INFO] 288789.758 tmc2209.adapter  /Users/v-korovin/Projects/multi_mount/src/tmc2209/tmc2209_adapter.py:206 status: Status changed: initialised True -> True enabled True -> True phase running -> hold target_set False -> False
2026-02-15 23:02:29 [  INFO] 288790.215 TMC2209LX200.telemetry  /Users/v-korovin/Projects/multi_mount/src/tmc2209/tmc2209_lx200.py:146 _do_log_telemetry: DEC=+55*02:53 raw_steps=13762 phase=hold target_set=False enabled=True
2026-02-15 23:02:29 [  INFO] 289089.810 SkyWatcherLX200.telemetry  /Users/v-korovin/Projects/multi_mount/src/skywatcher/skywatcher_lx200.py:61 _do_log_telemetry: RA=12:00:00 running=False mode=0 direction=1 speed=0 goto_active=False
2026-02-15 23:02:30 [  INFO] 289757.526 lx200  /Users/v-korovin/Projects/multi_mount/src/lx200/base.py:370 handle: Get command GR GET_TELECOPE_RA()
2026-02-15 23:02:30 [  INFO] 289764.061 lx200  /Users/v-korovin/Projects/multi_mount/src/lx200/base.py:379 handle: Answer command GR GET_TELECOPE_RA() -> 12:00:01
2026-02-15 23:02:30 [  INFO] 289776.710 lx200  /Users/v-korovin/Projects/multi_mount/src/lx200/base.py:370 handle: Get command GD GET_TELESCOPE_DEC()
2026-02-15 23:02:30 [  INFO] 289875.794 TMC2209LX200.telemetry  /Users/v-korovin/Projects/multi_mount/src/tmc2209/tmc2209_lx200.py:146 _do_log_telemetry: DEC=+55*02:53 raw_steps=13762 phase=hold target_set=False enabled=True
2026-02-15 23:02:30 [  INFO] 289945.631 lx200  /Users/v-korovin/Projects/multi_mount/src/lx200/base.py:379 handle: Answer command GD GET_TELESCOPE_DEC() -> +55*02:53
2026-02-15 23:02:30 [WARNING] 290016.179 root  /Users/v-korovin/Projects/multi_mount/src/tests/test_splitter_hw.py:933 test_hw_splitter_guiding_pulses_all_directions_vs_tracking: 
================ GUIDE RESULT =================
GUIDE RAW RATE RA: 0.843s/s
GUIDE RAW RATE DEC: 3.234deg/s
===============================================
2026-02-15 23:02:30 [WARNING] 290094.140 root  /Users/v-korovin/Projects/multi_mount/src/tests/test_splitter_hw.py:523 _ensure_halted: 
================ TEST CLEANUP START ===========
HALT AFTER TEST
===============================================
2026-02-15 23:02:30 [  INFO] 290106.912 lx200  /Users/v-korovin/Projects/multi_mount/src/lx200/base.py:370 handle: Get command Q HALT_ALL()
2026-02-15 23:02:30 [  INFO] 290124.746 SkyWatcherLX200  /Users/v-korovin/Projects/multi_mount/src/skywatcher/skywatcher_lx200.py:217 halt_all: Halt all RA movements
2026-02-15 23:02:30 [  INFO] 290124.840 skywatcher  /Users/v-korovin/Projects/multi_mount/src/skywatcher/skywatcher.py:332 gracefully_stop_motor: Stop motor
2026-02-15 23:02:30 [  INFO] 290190.959 skywatcher  /Users/v-korovin/Projects/multi_mount/src/skywatcher/skywatcher.py:479 resume_tracking: Resume tracking with last rate=1.0
2026-02-15 23:02:30 [  INFO] 290197.493 skywatcher  /Users/v-korovin/Projects/multi_mount/src/skywatcher/skywatcher.py:467 start_tracking: Start tracking request: rate=1.0
2026-02-15 23:02:30 [  INFO] 290223.086 SkyWatcherLX200.telemetry  /Users/v-korovin/Projects/multi_mount/src/skywatcher/skywatcher_lx200.py:61 _do_log_telemetry: RA=12:00:01 running=False mode=0 direction=1 speed=0 goto_active=False
2026-02-15 23:02:30 [  INFO] 290248.502 skywatcher  /Users/v-korovin/Projects/multi_mount/src/skywatcher/skywatcher.py:459 set_ra_rate: Set RA rate: 1.0 * 1 (highspeed=False) mode=0 // period=110359
2026-02-15 23:02:30 [  INFO] 290261.339 skywatcher  /Users/v-korovin/Projects/multi_mount/src/skywatcher/skywatcher.py:332 gracefully_stop_motor: Stop motor
2026-02-15 23:02:31 [  INFO] 290342.369 skywatcher  /Users/v-korovin/Projects/multi_mount/src/skywatcher/skywatcher.py:371 _set_motion: Set motion mode: SkyWatcherStatus(raw=3223856, running=False, initialized=True, slew_mode=<SlewMode.SLEW: 0>, direction=<Direction.FORWARD: 1>, speed_mode=<SpeedMode.LOWSPEED: 0>)
2026-02-15 23:02:31 [  INFO] 290386.073 skywatcher  /Users/v-korovin/Projects/multi_mount/src/skywatcher/skywatcher.py:384 _start_motor: Start motor
2026-02-15 23:02:31 [  INFO] 290419.377 skywatcher  /Users/v-korovin/Projects/multi_mount/src/skywatcher/skywatcher.py:475 start_tracking: Start tracking applied: rate=1.0
2026-02-15 23:02:31 [  INFO] 290419.457 SkyWatcherLX200  /Users/v-korovin/Projects/multi_mount/src/skywatcher/skywatcher_lx200.py:221 halt_all: Halt all RA movements done
2026-02-15 23:02:31 [  INFO] 290419.573 TMC2209LX200  /Users/v-korovin/Projects/multi_mount/src/tmc2209/tmc2209_lx200.py:181 halt_all: Halt all DEC movements
2026-02-15 23:02:31 [  INFO] 290432.336 tmc2209.adapter  /Users/v-korovin/Projects/multi_mount/src/tmc2209/tmc2209_adapter.py:308 halt: Halt request
2026-02-15 23:02:31 [  INFO] 290463.430 tmc2209.adapter  /Users/v-korovin/Projects/multi_mount/src/tmc2209/tmc2209_adapter.py:311 halt: Halt applied: stopping=True
2026-02-15 23:02:31 [  INFO] 290475.825 TMC2209LX200  /Users/v-korovin/Projects/multi_mount/src/tmc2209/tmc2209_lx200.py:183 halt_all: Halt all DEC movements done
2026-02-15 23:02:31 [WARNING] 290475.929 lx200  /Users/v-korovin/Projects/multi_mount/src/lx200/base.py:381 handle: Empty responce: Q HALT_ALL() -> ∅
2026-02-15 23:02:31 [  INFO] 290968.441 TMC2209LX200.telemetry  /Users/v-korovin/Projects/multi_mount/src/tmc2209/tmc2209_lx200.py:146 _do_log_telemetry: DEC=+55*02:53 raw_steps=13762 phase=hold target_set=False enabled=True
2026-02-15 23:02:31 [WARNING] 290987.350 root  /Users/v-korovin/Projects/multi_mount/src/tests/test_splitter_hw.py:533 _ensure_halted: 
================ TEST CLEANUP END =============
HALT AFTER TEST DONE
===============================================
2026-02-15 23:02:31 [WARNING] 291031.469 root  /Users/v-korovin/Projects/multi_mount/src/tests/test_splitter_hw.py:507 _ensure_halted: 
================ TEST PREP START ==============
ENSURE BOTH AXES HALTED
===============================================
2026-02-15 23:02:31 [  INFO] 291044.184 lx200  /Users/v-korovin/Projects/multi_mount/src/lx200/base.py:370 handle: Get command Q HALT_ALL()
2026-02-15 23:02:31 [  INFO] 291044.324 SkyWatcherLX200  /Users/v-korovin/Projects/multi_mount/src/skywatcher/skywatcher_lx200.py:217 halt_all: Halt all RA movements
2026-02-15 23:02:31 [  INFO] 291063.406 skywatcher  /Users/v-korovin/Projects/multi_mount/src/skywatcher/skywatcher.py:332 gracefully_stop_motor: Stop motor
2026-02-15 23:02:31 [  INFO] 291100.697 skywatcher  /Users/v-korovin/Projects/multi_mount/src/skywatcher/skywatcher.py:479 resume_tracking: Resume tracking with last rate=1.0
2026-02-15 23:02:31 [  INFO] 291107.148 skywatcher  /Users/v-korovin/Projects/multi_mount/src/skywatcher/skywatcher.py:467 start_tracking: Start tracking request: rate=1.0
2026-02-15 23:02:31 [  INFO] 291138.982 skywatcher  /Users/v-korovin/Projects/multi_mount/src/skywatcher/skywatcher.py:459 set_ra_rate: Set RA rate: 1.0 * 1 (highspeed=False) mode=0 // period=110359
2026-02-15 23:02:31 [  INFO] 291182.083 skywatcher  /Users/v-korovin/Projects/multi_mount/src/skywatcher/skywatcher.py:332 gracefully_stop_motor: Stop motor
2026-02-15 23:02:31 [  INFO] 291220.074 skywatcher  /Users/v-korovin/Projects/multi_mount/src/skywatcher/skywatcher.py:371 _set_motion: Set motion mode: SkyWatcherStatus(raw=3223856, running=False, initialized=True, slew_mode=<SlewMode.SLEW: 0>, direction=<Direction.FORWARD: 1>, speed_mode=<SpeedMode.LOWSPEED: 0>)
2026-02-15 23:02:31 [  INFO] 291276.063 skywatcher  /Users/v-korovin/Projects/multi_mount/src/skywatcher/skywatcher.py:384 _start_motor: Start motor
2026-02-15 23:02:31 [  INFO] 291320.536 skywatcher  /Users/v-korovin/Projects/multi_mount/src/skywatcher/skywatcher.py:475 start_tracking: Start tracking applied: rate=1.0
2026-02-15 23:02:32 [  INFO] 291351.961 SkyWatcherLX200  /Users/v-korovin/Projects/multi_mount/src/skywatcher/skywatcher_lx200.py:221 halt_all: Halt all RA movements done
2026-02-15 23:02:32 [  INFO] 291358.439 TMC2209LX200  /Users/v-korovin/Projects/multi_mount/src/tmc2209/tmc2209_lx200.py:181 halt_all: Halt all DEC movements
2026-02-15 23:02:32 [  INFO] 291358.540 skywatcher  /Users/v-korovin/Projects/multi_mount/src/skywatcher/skywatcher.py:277 get_status: Mount status changed: raw 313130 -> 313131 running False -> True initialized True -> True slew_mode 0 -> 0 direction 1 -> 1 speed_mode 0 -> 0
2026-02-15 23:02:32 [  INFO] 291383.764 tmc2209.adapter  /Users/v-korovin/Projects/multi_mount/src/tmc2209/tmc2209_adapter.py:308 halt: Halt request
2026-02-15 23:02:32 [  INFO] 291402.074 SkyWatcherLX200.telemetry  /Users/v-korovin/Projects/multi_mount/src/skywatcher/skywatcher_lx200.py:61 _do_log_telemetry: RA=12:00:02 running=True mode=0 direction=1 speed=0 goto_active=False
2026-02-15 23:02:32 [  INFO] 291436.168 tmc2209.adapter  /Users/v-korovin/Projects/multi_mount/src/tmc2209/tmc2209_adapter.py:311 halt: Halt applied: stopping=True
2026-02-15 23:02:32 [  INFO] 291442.589 TMC2209LX200  /Users/v-korovin/Projects/multi_mount/src/tmc2209/tmc2209_lx200.py:183 halt_all: Halt all DEC movements done
2026-02-15 23:02:32 [WARNING] 291442.656 lx200  /Users/v-korovin/Projects/multi_mount/src/lx200/base.py:381 handle: Empty responce: Q HALT_ALL() -> ∅
2026-02-15 23:02:32 [WARNING] 291951.060 root  /Users/v-korovin/Projects/multi_mount/src/tests/test_splitter_hw.py:517 _ensure_halted: 
================ TEST PREP END ================
AXES HALTED BEFORE TEST
===============================================
2026-02-15 23:02:32 [WARNING] 291975.838 root  /Users/v-korovin/Projects/multi_mount/src/tests/test_splitter_hw.py:869 test_hw_splitter_guiding_pulses_all_directions_vs_tracking: 
================ TEST START ===================
GUIDING PULSES VS TRACKING
DIRECTION: s
PULSE: 2500ms
AXIS: dec
===============================================
2026-02-15 23:02:32 [WARNING] 291988.688 root  /Users/v-korovin/Projects/multi_mount/src/tests/test_splitter_hw.py:201 sync_known_position: 
================ SYNC START ===================
TARGET RA: 12:00:00
TARGET DEC: +35*00:00
===============================================
2026-02-15 23:02:32 [  INFO] 292025.758 lx200  /Users/v-korovin/Projects/multi_mount/src/lx200/base.py:370 handle: Get command Q HALT_ALL()
2026-02-15 23:02:32 [  INFO] 292025.889 SkyWatcherLX200  /Users/v-korovin/Projects/multi_mount/src/skywatcher/skywatcher_lx200.py:217 halt_all: Halt all RA movements
2026-02-15 23:02:32 [  INFO] 292032.316 skywatcher  /Users/v-korovin/Projects/multi_mount/src/skywatcher/skywatcher.py:332 gracefully_stop_motor: Stop motor
2026-02-15 23:02:32 [  INFO] 292119.348 skywatcher  /Users/v-korovin/Projects/multi_mount/src/skywatcher/skywatcher.py:277 get_status: Mount status changed: raw 313131 -> 313130 running True -> False initialized True -> True slew_mode 0 -> 0 direction 1 -> 1 speed_mode 0 -> 0
2026-02-15 23:02:32 [  INFO] 292125.900 skywatcher  /Users/v-korovin/Projects/multi_mount/src/skywatcher/skywatcher.py:479 resume_tracking: Resume tracking with last rate=1.0
2026-02-15 23:02:32 [  INFO] 292132.290 skywatcher  /Users/v-korovin/Projects/multi_mount/src/skywatcher/skywatcher.py:467 start_tracking: Start tracking request: rate=1.0
2026-02-15 23:02:32 [  INFO] 292163.247 TMC2209LX200.telemetry  /Users/v-korovin/Projects/multi_mount/src/tmc2209/tmc2209_lx200.py:146 _do_log_telemetry: DEC=+55*02:53 raw_steps=13762 phase=hold target_set=False enabled=True
2026-02-15 23:02:32 [  INFO] 292206.985 skywatcher  /Users/v-korovin/Projects/multi_mount/src/skywatcher/skywatcher.py:459 set_ra_rate: Set RA rate: 1.0 * 1 (highspeed=False) mode=0 // period=110359
2026-02-15 23:02:32 [  INFO] 292213.457 skywatcher  /Users/v-korovin/Projects/multi_mount/src/skywatcher/skywatcher.py:332 gracefully_stop_motor: Stop motor
2026-02-15 23:02:32 [  INFO] 292251.927 skywatcher  /Users/v-korovin/Projects/multi_mount/src/skywatcher/skywatcher.py:371 _set_motion: Set motion mode: SkyWatcherStatus(raw=3223856, running=False, initialized=True, slew_mode=<SlewMode.SLEW: 0>, direction=<Direction.FORWARD: 1>, speed_mode=<SpeedMode.LOWSPEED: 0>)
2026-02-15 23:02:32 [  INFO] 292301.781 skywatcher  /Users/v-korovin/Projects/multi_mount/src/skywatcher/skywatcher.py:384 _start_motor: Start motor
2026-02-15 23:02:32 [  INFO] 292327.639 skywatcher  /Users/v-korovin/Projects/multi_mount/src/skywatcher/skywatcher.py:475 start_tracking: Start tracking applied: rate=1.0
2026-02-15 23:02:33 [  INFO] 292334.073 SkyWatcherLX200  /Users/v-korovin/Projects/multi_mount/src/skywatcher/skywatcher_lx200.py:221 halt_all: Halt all RA movements done
2026-02-15 23:02:33 [  INFO] 292340.329 TMC2209LX200  /Users/v-korovin/Projects/multi_mount/src/tmc2209/tmc2209_lx200.py:181 halt_all: Halt all DEC movements
2026-02-15 23:02:33 [  INFO] 292359.047 tmc2209.adapter  /Users/v-korovin/Projects/multi_mount/src/tmc2209/tmc2209_adapter.py:308 halt: Halt request
2026-02-15 23:02:33 [  INFO] 292378.164 tmc2209.adapter  /Users/v-korovin/Projects/multi_mount/src/tmc2209/tmc2209_adapter.py:311 halt: Halt applied: stopping=True
2026-02-15 23:02:33 [  INFO] 292390.889 TMC2209LX200  /Users/v-korovin/Projects/multi_mount/src/tmc2209/tmc2209_lx200.py:183 halt_all: Halt all DEC movements done
2026-02-15 23:02:33 [WARNING] 292403.724 lx200  /Users/v-korovin/Projects/multi_mount/src/lx200/base.py:381 handle: Empty responce: Q HALT_ALL() -> ∅
2026-02-15 23:02:33 [  INFO] 292416.553 lx200  /Users/v-korovin/Projects/multi_mount/src/lx200/base.py:370 handle: Get command GR GET_TELECOPE_RA()
2026-02-15 23:02:33 [  INFO] 292435.574 lx200  /Users/v-korovin/Projects/multi_mount/src/lx200/base.py:379 handle: Answer command GR GET_TELECOPE_RA() -> 12:00:02
2026-02-15 23:02:33 [  INFO] 292479.399 skywatcher  /Users/v-korovin/Projects/multi_mount/src/skywatcher/skywatcher.py:277 get_status: Mount status changed: raw 313130 -> 313131 running False -> True initialized True -> True slew_mode 0 -> 0 direction 1 -> 1 speed_mode 0 -> 0
2026-02-15 23:02:33 [  INFO] 292485.867 SkyWatcherLX200.telemetry  /Users/v-korovin/Projects/multi_mount/src/skywatcher/skywatcher_lx200.py:61 _do_log_telemetry: RA=12:00:02 running=True mode=0 direction=1 speed=0 goto_active=False
2026-02-15 23:02:33 [  INFO] 293253.226 TMC2209LX200.telemetry  /Users/v-korovin/Projects/multi_mount/src/tmc2209/tmc2209_lx200.py:146 _do_log_telemetry: DEC=+55*02:53 raw_steps=13762 phase=hold target_set=False enabled=True
2026-02-15 23:02:34 [  INFO] 293543.549 SkyWatcherLX200.telemetry  /Users/v-korovin/Projects/multi_mount/src/skywatcher/skywatcher_lx200.py:61 _do_log_telemetry: RA=12:00:02 running=True mode=0 direction=1 speed=0 goto_active=False
2026-02-15 23:02:34 [  INFO] 293953.337 lx200  /Users/v-korovin/Projects/multi_mount/src/lx200/base.py:370 handle: Get command GR GET_TELECOPE_RA()
2026-02-15 23:02:34 [  INFO] 293953.555 lx200  /Users/v-korovin/Projects/multi_mount/src/lx200/base.py:379 handle: Answer command GR GET_TELECOPE_RA() -> 12:00:02
2026-02-15 23:02:34 [WARNING] 294004.781 root  /Users/v-korovin/Projects/multi_mount/src/tests/test_splitter_hw.py:131 _wait_until: 
================ POLLING START ================
TIMEOUT: 12.0s
CONDITION: DEC did not stop in time: phase=hold target_set=False speed=0.0
===============================================
2026-02-15 23:02:34 [WARNING] 294096.082 root  /Users/v-korovin/Projects/multi_mount/src/tests/test_splitter_hw.py:143 _wait_until: 
================ POLLING END ==================
RESULT: SUCCESS
ELAPSED: 0.08s
===============================================
2026-02-15 23:02:34 [  INFO] 294102.558 lx200  /Users/v-korovin/Projects/multi_mount/src/lx200/base.py:370 handle: Get command GD GET_TELESCOPE_DEC()
2026-02-15 23:02:34 [  INFO] 294184.210 lx200  /Users/v-korovin/Projects/multi_mount/src/lx200/base.py:379 handle: Answer command GD GET_TELESCOPE_DEC() -> +55*02:53
2026-02-15 23:02:35 [  INFO] 294403.019 TMC2209LX200.telemetry  /Users/v-korovin/Projects/multi_mount/src/tmc2209/tmc2209_lx200.py:146 _do_log_telemetry: DEC=+55*02:53 raw_steps=13762 phase=hold target_set=False enabled=True
2026-02-15 23:02:35 [  INFO] 294699.915 SkyWatcherLX200.telemetry  /Users/v-korovin/Projects/multi_mount/src/skywatcher/skywatcher_lx200.py:61 _do_log_telemetry: RA=12:00:02 running=True mode=0 direction=1 speed=0 goto_active=False
